MIF/HEX Update report for Lab4
Thu Nov 19 00:31:54 2020
Quartus II Version 9.1 Build 222 10/21/2009 SJ Web Edition


---------------------
; Table of Contents ;
---------------------
  1. Legal Notice
  2. MIF/HEX Update Summary
  3. MIF/HEX Update Processed Files
  4. MIF/HEX Update Messages



----------------
; Legal Notice ;
----------------
Copyright (C) 1991-2009 Altera Corporation
Your use of Altera Corporation's design tools, logic functions 
and other software and tools, and its AMPP partner logic 
functions, and any output files from any of the foregoing 
(including device programming or simulation files), and any 
associated documentation or information are expressly subject 
to the terms and conditions of the Altera Program License 
Subscription Agreement, Altera MegaCore Function License 
Agreement, or other applicable license agreement, including, 
without limitation, that your use is for the sole purpose of 
programming logic devices manufactured by Altera and sold by 
Altera or its authorized distributors.  Please refer to the 
applicable agreement for further details.



+---------------------------------------------------------------+
; MIF/HEX Update Summary                                        ;
+-----------------------+---------------------------------------+
; MIF/HEX Update Status ; Successful - Thu Nov 19 00:31:54 2020 ;
; Revision Name         ; Lab4                                  ;
; Top-level Entity Name ; Lab4                                  ;
; Family                ; Stratix II                            ;
+-----------------------+---------------------------------------+


+---------------------------------------------------+
; MIF/HEX Update Processed Files                    ;
+---------------------------------------------------+
; File Name                                         ;
+---------------------------------------------------+
; C:/Users/maxim/OneDrive/Рабочий стол/Lab4/ram.hex ;
; C:/Users/maxim/OneDrive/Рабочий стол/Lab4/rom.hex ;
+---------------------------------------------------+


+-------------------------+
; MIF/HEX Update Messages ;
+-------------------------+
Info: *******************************************************************
Info: Running Quartus II MIF/HEX Update
    Info: Version 9.1 Build 222 10/21/2009 SJ Web Edition
    Info: Processing started: Thu Nov 19 00:31:54 2020
Info: Command: quartus_cdb Lab4 -c Lab4 --update_mif
Info: Processed the following Memory Initialization File(s)
    Info: Processed Memory Initialization File C:/Users/maxim/OneDrive/Рабочий стол/Lab4/ram.hex
    Info: Processed Memory Initialization File C:/Users/maxim/OneDrive/Рабочий стол/Lab4/rom.hex
Info: Quartus II MIF/HEX Update was successful. 0 errors, 0 warnings
    Info: Peak virtual memory: 234 megabytes
    Info: Processing ended: Thu Nov 19 00:31:54 2020
    Info: Elapsed time: 00:00:00
    Info: Total CPU time (on all processors): 00:00:00


