Classic Timing Analyzer report for mod11_counter
Tue Jun 09 18:37:59 2026
Quartus II Version 9.1 Build 222 10/21/2009 SJ Web Edition


---------------------
; Table of Contents ;
---------------------
  1. Legal Notice
  2. Timing Analyzer Summary
  3. Timing Analyzer Settings
  4. Clock Settings Summary
  5. Parallel Compilation
  6. Clock Setup: 'CLOCK'
  7. tsu
  8. tco
  9. tpd
 10. th
 11. Timing Analyzer Messages



----------------
; Legal Notice ;
----------------
Copyright (C) 1991-2009 Altera Corporation
Your use of Altera Corporation's design tools, logic functions 
and other software and tools, and its AMPP partner logic 
functions, and any output files from any of the foregoing 
(including device programming or simulation files), and any 
associated documentation or information are expressly subject 
to the terms and conditions of the Altera Program License 
Subscription Agreement, Altera MegaCore Function License 
Agreement, or other applicable license agreement, including, 
without limitation, that your use is for the sole purpose of 
programming logic devices manufactured by Altera and sold by 
Altera or its authorized distributors.  Please refer to the 
applicable agreement for further details.



+--------------------------------------------------------------------------------------------------------------------------------------------------------------------------------------------------------------------------------------+
; Timing Analyzer Summary                                                                                                                                                                                                              ;
+------------------------------+-------+---------------+------------------------------------------------+--------------------------------------+------------------------------------------------+------------+----------+--------------+
; Type                         ; Slack ; Required Time ; Actual Time                                    ; From                                 ; To                                             ; From Clock ; To Clock ; Failed Paths ;
+------------------------------+-------+---------------+------------------------------------------------+--------------------------------------+------------------------------------------------+------------+----------+--------------+
; Worst-case tsu               ; N/A   ; None          ; 4.478 ns                                       ; EN                                   ; mod11_counter:U_COUNTER|count_reg[2]~DUPLICATE ; --         ; CLOCK    ; 0            ;
; Worst-case tco               ; N/A   ; None          ; 7.957 ns                                       ; mod11_counter:U_COUNTER|count_reg[2] ; Q2                                             ; CLOCK      ; --       ; 0            ;
; Worst-case tpd               ; N/A   ; None          ; 8.309 ns                                       ; EN                                   ; TC                                             ; --         ; --       ; 0            ;
; Worst-case th                ; N/A   ; None          ; -2.606 ns                                      ; RST                                  ; mod11_counter:U_COUNTER|count_reg[0]~DUPLICATE ; --         ; CLOCK    ; 0            ;
; Clock Setup: 'CLOCK'         ; N/A   ; None          ; Restricted to 500.00 MHz ( period = 2.000 ns ) ; mod11_counter:U_COUNTER|count_reg[1] ; mod11_counter:U_COUNTER|count_reg[2]~DUPLICATE ; CLOCK      ; CLOCK    ; 0            ;
; Total number of failed paths ;       ;               ;                                                ;                                      ;                                                ;            ;          ; 0            ;
+------------------------------+-------+---------------+------------------------------------------------+--------------------------------------+------------------------------------------------+------------+----------+--------------+


+-----------------------------------------------------------------------------------------------------------------------------------------------------+
; Timing Analyzer Settings                                                                                                                            ;
+------------------------------------------------------------------------------------------------------+--------------------+------+----+-------------+
; Option                                                                                               ; Setting            ; From ; To ; Entity Name ;
+------------------------------------------------------------------------------------------------------+--------------------+------+----+-------------+
; Device Name                                                                                          ; EP2S15F484C3       ;      ;    ;             ;
; Timing Models                                                                                        ; Final              ;      ;    ;             ;
; Default hold multicycle                                                                              ; Same as Multicycle ;      ;    ;             ;
; Cut paths between unrelated clock domains                                                            ; On                 ;      ;    ;             ;
; Cut off read during write signal paths                                                               ; On                 ;      ;    ;             ;
; Cut off feedback from I/O pins                                                                       ; On                 ;      ;    ;             ;
; Report Combined Fast/Slow Timing                                                                     ; Off                ;      ;    ;             ;
; Ignore Clock Settings                                                                                ; Off                ;      ;    ;             ;
; Analyze latches as synchronous elements                                                              ; On                 ;      ;    ;             ;
; Enable Recovery/Removal analysis                                                                     ; Off                ;      ;    ;             ;
; Enable Clock Latency                                                                                 ; Off                ;      ;    ;             ;
; Use TimeQuest Timing Analyzer                                                                        ; Off                ;      ;    ;             ;
; Number of source nodes to report per destination node                                                ; 10                 ;      ;    ;             ;
; Number of destination nodes to report                                                                ; 10                 ;      ;    ;             ;
; Number of paths to report                                                                            ; 200                ;      ;    ;             ;
; Report Minimum Timing Checks                                                                         ; Off                ;      ;    ;             ;
; Use Fast Timing Models                                                                               ; Off                ;      ;    ;             ;
; Report IO Paths Separately                                                                           ; Off                ;      ;    ;             ;
; Perform Multicorner Analysis                                                                         ; On                 ;      ;    ;             ;
; Reports the worst-case path for each clock domain and analysis                                       ; Off                ;      ;    ;             ;
; Reports worst-case timing paths for each clock domain and analysis                                   ; Off                ;      ;    ;             ;
; Specifies the maximum number of worst-case timing paths to report for each clock domain and analysis ; 100                ;      ;    ;             ;
; Removes common clock path pessimism (CCPP) during slack computation                                  ; Off                ;      ;    ;             ;
; Output I/O Timing Endpoint                                                                           ; Near End           ;      ;    ;             ;
+------------------------------------------------------------------------------------------------------+--------------------+------+----+-------------+


+------------------------------------------------------------------------------------------------------------------------------------------------------------------------------------+
; Clock Settings Summary                                                                                                                                                             ;
+-----------------+--------------------+----------+------------------+---------------+--------------+----------+-----------------------+---------------------+--------+--------------+
; Clock Node Name ; Clock Setting Name ; Type     ; Fmax Requirement ; Early Latency ; Late Latency ; Based on ; Multiply Base Fmax by ; Divide Base Fmax by ; Offset ; Phase offset ;
+-----------------+--------------------+----------+------------------+---------------+--------------+----------+-----------------------+---------------------+--------+--------------+
; CLOCK           ;                    ; User Pin ; None             ; 0.000 ns      ; 0.000 ns     ; --       ; N/A                   ; N/A                 ; N/A    ;              ;
+-----------------+--------------------+----------+------------------+---------------+--------------+----------+-----------------------+---------------------+--------+--------------+


Parallel compilation was disabled, but you have multiple processors available. Enable parallel compilation to reduce compilation time.
+-------------------------------------+
; Parallel Compilation                ;
+----------------------------+--------+
; Processors                 ; Number ;
+----------------------------+--------+
; Number detected on machine ; 12     ;
; Maximum allowed            ; 1      ;
+----------------------------+--------+


+----------------------------------------------------------------------------------------------------------------------------------------------------------------------------------------------------------------------------------------------------------------------+
; Clock Setup: 'CLOCK'                                                                                                                                                                                                                                                 ;
+-------+------------------------------------------------+------------------------------------------------+------------------------------------------------+------------+----------+-----------------------------+---------------------------+-------------------------+
; Slack ; Actual fmax (period)                           ; From                                           ; To                                             ; From Clock ; To Clock ; Required Setup Relationship ; Required Longest P2P Time ; Actual Longest P2P Time ;
+-------+------------------------------------------------+------------------------------------------------+------------------------------------------------+------------+----------+-----------------------------+---------------------------+-------------------------+
; N/A   ; Restricted to 500.00 MHz ( period = 2.000 ns ) ; mod11_counter:U_COUNTER|count_reg[1]           ; mod11_counter:U_COUNTER|count_reg[2]           ; CLOCK      ; CLOCK    ; None                        ; None                      ; 0.689 ns                ;
; N/A   ; Restricted to 500.00 MHz ( period = 2.000 ns ) ; mod11_counter:U_COUNTER|count_reg[1]           ; mod11_counter:U_COUNTER|count_reg[2]~DUPLICATE ; CLOCK      ; CLOCK    ; None                        ; None                      ; 0.689 ns                ;
; N/A   ; Restricted to 500.00 MHz ( period = 2.000 ns ) ; mod11_counter:U_COUNTER|count_reg[2]           ; mod11_counter:U_COUNTER|count_reg[0]           ; CLOCK      ; CLOCK    ; None                        ; None                      ; 0.686 ns                ;
; N/A   ; Restricted to 500.00 MHz ( period = 2.000 ns ) ; mod11_counter:U_COUNTER|count_reg[2]           ; mod11_counter:U_COUNTER|count_reg[0]~DUPLICATE ; CLOCK      ; CLOCK    ; None                        ; None                      ; 0.686 ns                ;
; N/A   ; Restricted to 500.00 MHz ( period = 2.000 ns ) ; mod11_counter:U_COUNTER|count_reg[1]           ; mod11_counter:U_COUNTER|count_reg[3]           ; CLOCK      ; CLOCK    ; None                        ; None                      ; 0.685 ns                ;
; N/A   ; Restricted to 500.00 MHz ( period = 2.000 ns ) ; mod11_counter:U_COUNTER|count_reg[1]~DUPLICATE ; mod11_counter:U_COUNTER|count_reg[0]           ; CLOCK      ; CLOCK    ; None                        ; None                      ; 0.681 ns                ;
; N/A   ; Restricted to 500.00 MHz ( period = 2.000 ns ) ; mod11_counter:U_COUNTER|count_reg[1]~DUPLICATE ; mod11_counter:U_COUNTER|count_reg[0]~DUPLICATE ; CLOCK      ; CLOCK    ; None                        ; None                      ; 0.681 ns                ;
; N/A   ; Restricted to 500.00 MHz ( period = 2.000 ns ) ; mod11_counter:U_COUNTER|count_reg[0]~DUPLICATE ; mod11_counter:U_COUNTER|count_reg[2]           ; CLOCK      ; CLOCK    ; None                        ; None                      ; 0.680 ns                ;
; N/A   ; Restricted to 500.00 MHz ( period = 2.000 ns ) ; mod11_counter:U_COUNTER|count_reg[0]~DUPLICATE ; mod11_counter:U_COUNTER|count_reg[2]~DUPLICATE ; CLOCK      ; CLOCK    ; None                        ; None                      ; 0.680 ns                ;
; N/A   ; Restricted to 500.00 MHz ( period = 2.000 ns ) ; mod11_counter:U_COUNTER|count_reg[2]~DUPLICATE ; mod11_counter:U_COUNTER|count_reg[3]           ; CLOCK      ; CLOCK    ; None                        ; None                      ; 0.668 ns                ;
; N/A   ; Restricted to 500.00 MHz ( period = 2.000 ns ) ; mod11_counter:U_COUNTER|count_reg[3]           ; mod11_counter:U_COUNTER|count_reg[2]           ; CLOCK      ; CLOCK    ; None                        ; None                      ; 0.452 ns                ;
; N/A   ; Restricted to 500.00 MHz ( period = 2.000 ns ) ; mod11_counter:U_COUNTER|count_reg[3]           ; mod11_counter:U_COUNTER|count_reg[0]           ; CLOCK      ; CLOCK    ; None                        ; None                      ; 0.451 ns                ;
; N/A   ; Restricted to 500.00 MHz ( period = 2.000 ns ) ; mod11_counter:U_COUNTER|count_reg[3]           ; mod11_counter:U_COUNTER|count_reg[2]~DUPLICATE ; CLOCK      ; CLOCK    ; None                        ; None                      ; 0.450 ns                ;
; N/A   ; Restricted to 500.00 MHz ( period = 2.000 ns ) ; mod11_counter:U_COUNTER|count_reg[3]           ; mod11_counter:U_COUNTER|count_reg[0]~DUPLICATE ; CLOCK      ; CLOCK    ; None                        ; None                      ; 0.449 ns                ;
; N/A   ; Restricted to 500.00 MHz ( period = 2.000 ns ) ; mod11_counter:U_COUNTER|count_reg[0]           ; mod11_counter:U_COUNTER|count_reg[3]           ; CLOCK      ; CLOCK    ; None                        ; None                      ; 0.436 ns                ;
; N/A   ; Restricted to 500.00 MHz ( period = 2.000 ns ) ; mod11_counter:U_COUNTER|count_reg[0]           ; mod11_counter:U_COUNTER|count_reg[1]           ; CLOCK      ; CLOCK    ; None                        ; None                      ; 0.434 ns                ;
; N/A   ; Restricted to 500.00 MHz ( period = 2.000 ns ) ; mod11_counter:U_COUNTER|count_reg[0]           ; mod11_counter:U_COUNTER|count_reg[1]~DUPLICATE ; CLOCK      ; CLOCK    ; None                        ; None                      ; 0.433 ns                ;
; N/A   ; Restricted to 500.00 MHz ( period = 2.000 ns ) ; mod11_counter:U_COUNTER|count_reg[0]           ; mod11_counter:U_COUNTER|count_reg[0]           ; CLOCK      ; CLOCK    ; None                        ; None                      ; 0.396 ns                ;
; N/A   ; Restricted to 500.00 MHz ( period = 2.000 ns ) ; mod11_counter:U_COUNTER|count_reg[1]~DUPLICATE ; mod11_counter:U_COUNTER|count_reg[1]~DUPLICATE ; CLOCK      ; CLOCK    ; None                        ; None                      ; 0.396 ns                ;
; N/A   ; Restricted to 500.00 MHz ( period = 2.000 ns ) ; mod11_counter:U_COUNTER|count_reg[2]           ; mod11_counter:U_COUNTER|count_reg[2]           ; CLOCK      ; CLOCK    ; None                        ; None                      ; 0.396 ns                ;
; N/A   ; Restricted to 500.00 MHz ( period = 2.000 ns ) ; mod11_counter:U_COUNTER|count_reg[3]           ; mod11_counter:U_COUNTER|count_reg[3]           ; CLOCK      ; CLOCK    ; None                        ; None                      ; 0.396 ns                ;
; N/A   ; Restricted to 500.00 MHz ( period = 2.000 ns ) ; mod11_counter:U_COUNTER|count_reg[0]~DUPLICATE ; mod11_counter:U_COUNTER|count_reg[0]~DUPLICATE ; CLOCK      ; CLOCK    ; None                        ; None                      ; 0.396 ns                ;
; N/A   ; Restricted to 500.00 MHz ( period = 2.000 ns ) ; mod11_counter:U_COUNTER|count_reg[1]           ; mod11_counter:U_COUNTER|count_reg[1]           ; CLOCK      ; CLOCK    ; None                        ; None                      ; 0.396 ns                ;
; N/A   ; Restricted to 500.00 MHz ( period = 2.000 ns ) ; mod11_counter:U_COUNTER|count_reg[2]~DUPLICATE ; mod11_counter:U_COUNTER|count_reg[2]~DUPLICATE ; CLOCK      ; CLOCK    ; None                        ; None                      ; 0.396 ns                ;
+-------+------------------------------------------------+------------------------------------------------+------------------------------------------------+------------+----------+-----------------------------+---------------------------+-------------------------+


+------------------------------------------------------------------------------------------------------+
; tsu                                                                                                  ;
+-------+--------------+------------+------+------------------------------------------------+----------+
; Slack ; Required tsu ; Actual tsu ; From ; To                                             ; To Clock ;
+-------+--------------+------------+------+------------------------------------------------+----------+
; N/A   ; None         ; 4.478 ns   ; EN   ; mod11_counter:U_COUNTER|count_reg[0]           ; CLOCK    ;
; N/A   ; None         ; 4.478 ns   ; EN   ; mod11_counter:U_COUNTER|count_reg[1]~DUPLICATE ; CLOCK    ;
; N/A   ; None         ; 4.478 ns   ; EN   ; mod11_counter:U_COUNTER|count_reg[2]           ; CLOCK    ;
; N/A   ; None         ; 4.478 ns   ; EN   ; mod11_counter:U_COUNTER|count_reg[3]           ; CLOCK    ;
; N/A   ; None         ; 4.478 ns   ; EN   ; mod11_counter:U_COUNTER|count_reg[0]~DUPLICATE ; CLOCK    ;
; N/A   ; None         ; 4.478 ns   ; EN   ; mod11_counter:U_COUNTER|count_reg[1]           ; CLOCK    ;
; N/A   ; None         ; 4.478 ns   ; EN   ; mod11_counter:U_COUNTER|count_reg[2]~DUPLICATE ; CLOCK    ;
; N/A   ; None         ; 3.714 ns   ; LOAD ; mod11_counter:U_COUNTER|count_reg[0]           ; CLOCK    ;
; N/A   ; None         ; 3.714 ns   ; LOAD ; mod11_counter:U_COUNTER|count_reg[1]~DUPLICATE ; CLOCK    ;
; N/A   ; None         ; 3.714 ns   ; LOAD ; mod11_counter:U_COUNTER|count_reg[2]           ; CLOCK    ;
; N/A   ; None         ; 3.714 ns   ; LOAD ; mod11_counter:U_COUNTER|count_reg[3]           ; CLOCK    ;
; N/A   ; None         ; 3.714 ns   ; LOAD ; mod11_counter:U_COUNTER|count_reg[0]~DUPLICATE ; CLOCK    ;
; N/A   ; None         ; 3.714 ns   ; LOAD ; mod11_counter:U_COUNTER|count_reg[1]           ; CLOCK    ;
; N/A   ; None         ; 3.714 ns   ; LOAD ; mod11_counter:U_COUNTER|count_reg[2]~DUPLICATE ; CLOCK    ;
; N/A   ; None         ; 3.403 ns   ; RST  ; mod11_counter:U_COUNTER|count_reg[0]           ; CLOCK    ;
; N/A   ; None         ; 3.403 ns   ; RST  ; mod11_counter:U_COUNTER|count_reg[1]~DUPLICATE ; CLOCK    ;
; N/A   ; None         ; 3.403 ns   ; RST  ; mod11_counter:U_COUNTER|count_reg[2]           ; CLOCK    ;
; N/A   ; None         ; 3.403 ns   ; RST  ; mod11_counter:U_COUNTER|count_reg[3]           ; CLOCK    ;
; N/A   ; None         ; 3.403 ns   ; RST  ; mod11_counter:U_COUNTER|count_reg[0]~DUPLICATE ; CLOCK    ;
; N/A   ; None         ; 3.403 ns   ; RST  ; mod11_counter:U_COUNTER|count_reg[1]           ; CLOCK    ;
; N/A   ; None         ; 3.403 ns   ; RST  ; mod11_counter:U_COUNTER|count_reg[2]~DUPLICATE ; CLOCK    ;
+-------+--------------+------------+------+------------------------------------------------+----------+


+------------------------------------------------------------------------------------------------------+
; tco                                                                                                  ;
+-------+--------------+------------+------------------------------------------------+----+------------+
; Slack ; Required tco ; Actual tco ; From                                           ; To ; From Clock ;
+-------+--------------+------------+------------------------------------------------+----+------------+
; N/A   ; None         ; 7.957 ns   ; mod11_counter:U_COUNTER|count_reg[2]           ; Q2 ; CLOCK      ;
; N/A   ; None         ; 6.926 ns   ; mod11_counter:U_COUNTER|count_reg[3]           ; Q3 ; CLOCK      ;
; N/A   ; None         ; 5.832 ns   ; mod11_counter:U_COUNTER|count_reg[3]           ; TC ; CLOCK      ;
; N/A   ; None         ; 5.706 ns   ; mod11_counter:U_COUNTER|count_reg[0]~DUPLICATE ; TC ; CLOCK      ;
; N/A   ; None         ; 5.674 ns   ; mod11_counter:U_COUNTER|count_reg[0]           ; Q0 ; CLOCK      ;
; N/A   ; None         ; 5.592 ns   ; mod11_counter:U_COUNTER|count_reg[1]~DUPLICATE ; Q1 ; CLOCK      ;
; N/A   ; None         ; 5.517 ns   ; mod11_counter:U_COUNTER|count_reg[1]~DUPLICATE ; TC ; CLOCK      ;
; N/A   ; None         ; 5.427 ns   ; mod11_counter:U_COUNTER|count_reg[2]           ; TC ; CLOCK      ;
+-------+--------------+------------+------------------------------------------------+----+------------+


+---------------------------------------------------------+
; tpd                                                     ;
+-------+-------------------+-----------------+------+----+
; Slack ; Required P2P Time ; Actual P2P Time ; From ; To ;
+-------+-------------------+-----------------+------+----+
; N/A   ; None              ; 8.309 ns        ; EN   ; TC ;
+-------+-------------------+-----------------+------+----+


+------------------------------------------------------------------------------------------------------------+
; th                                                                                                         ;
+---------------+-------------+-----------+------+------------------------------------------------+----------+
; Minimum Slack ; Required th ; Actual th ; From ; To                                             ; To Clock ;
+---------------+-------------+-----------+------+------------------------------------------------+----------+
; N/A           ; None        ; -2.606 ns ; RST  ; mod11_counter:U_COUNTER|count_reg[0]           ; CLOCK    ;
; N/A           ; None        ; -2.606 ns ; RST  ; mod11_counter:U_COUNTER|count_reg[0]~DUPLICATE ; CLOCK    ;
; N/A           ; None        ; -2.609 ns ; RST  ; mod11_counter:U_COUNTER|count_reg[1]~DUPLICATE ; CLOCK    ;
; N/A           ; None        ; -2.609 ns ; RST  ; mod11_counter:U_COUNTER|count_reg[1]           ; CLOCK    ;
; N/A           ; None        ; -2.614 ns ; RST  ; mod11_counter:U_COUNTER|count_reg[3]           ; CLOCK    ;
; N/A           ; None        ; -2.618 ns ; RST  ; mod11_counter:U_COUNTER|count_reg[2]           ; CLOCK    ;
; N/A           ; None        ; -2.618 ns ; RST  ; mod11_counter:U_COUNTER|count_reg[2]~DUPLICATE ; CLOCK    ;
; N/A           ; None        ; -2.639 ns ; LOAD ; mod11_counter:U_COUNTER|count_reg[1]~DUPLICATE ; CLOCK    ;
; N/A           ; None        ; -2.639 ns ; LOAD ; mod11_counter:U_COUNTER|count_reg[1]           ; CLOCK    ;
; N/A           ; None        ; -2.758 ns ; LOAD ; mod11_counter:U_COUNTER|count_reg[2]           ; CLOCK    ;
; N/A           ; None        ; -2.758 ns ; LOAD ; mod11_counter:U_COUNTER|count_reg[2]~DUPLICATE ; CLOCK    ;
; N/A           ; None        ; -2.764 ns ; LOAD ; mod11_counter:U_COUNTER|count_reg[3]           ; CLOCK    ;
; N/A           ; None        ; -2.766 ns ; LOAD ; mod11_counter:U_COUNTER|count_reg[0]           ; CLOCK    ;
; N/A           ; None        ; -2.766 ns ; LOAD ; mod11_counter:U_COUNTER|count_reg[0]~DUPLICATE ; CLOCK    ;
; N/A           ; None        ; -4.239 ns ; EN   ; mod11_counter:U_COUNTER|count_reg[0]           ; CLOCK    ;
; N/A           ; None        ; -4.239 ns ; EN   ; mod11_counter:U_COUNTER|count_reg[1]~DUPLICATE ; CLOCK    ;
; N/A           ; None        ; -4.239 ns ; EN   ; mod11_counter:U_COUNTER|count_reg[2]           ; CLOCK    ;
; N/A           ; None        ; -4.239 ns ; EN   ; mod11_counter:U_COUNTER|count_reg[3]           ; CLOCK    ;
; N/A           ; None        ; -4.239 ns ; EN   ; mod11_counter:U_COUNTER|count_reg[0]~DUPLICATE ; CLOCK    ;
; N/A           ; None        ; -4.239 ns ; EN   ; mod11_counter:U_COUNTER|count_reg[1]           ; CLOCK    ;
; N/A           ; None        ; -4.239 ns ; EN   ; mod11_counter:U_COUNTER|count_reg[2]~DUPLICATE ; CLOCK    ;
+---------------+-------------+-----------+------+------------------------------------------------+----------+


+--------------------------+
; Timing Analyzer Messages ;
+--------------------------+
Info: *******************************************************************
Info: Running Quartus II Classic Timing Analyzer
    Info: Version 9.1 Build 222 10/21/2009 SJ Web Edition
    Info: Processing started: Tue Jun 09 18:37:59 2026
Info: Command: quartus_tan --read_settings_files=off --write_settings_files=off mod11_counter -c mod11_counter --timing_analysis_only
Warning: Found pins functioning as undefined clocks and/or memory enables
    Info: Assuming node "CLOCK" is an undefined clock
Info: Clock "CLOCK" Internal fmax is restricted to 500.0 MHz between source register "mod11_counter:U_COUNTER|count_reg[1]" and destination register "mod11_counter:U_COUNTER|count_reg[2]"
    Info: fmax restricted to clock pin edge rate 2.0 ns. Expand message to see actual delay path.
        Info: + Longest register to register delay is 0.689 ns
            Info: 1: + IC(0.000 ns) + CELL(0.000 ns) = 0.000 ns; Loc. = LCFF_X23_Y1_N5; Fanout = 4; REG Node = 'mod11_counter:U_COUNTER|count_reg[1]'
            Info: 2: + IC(0.262 ns) + CELL(0.272 ns) = 0.534 ns; Loc. = LCCOMB_X23_Y1_N24; Fanout = 1; COMB Node = 'mod11_counter:U_COUNTER|count_reg~3'
            Info: 3: + IC(0.000 ns) + CELL(0.155 ns) = 0.689 ns; Loc. = LCFF_X23_Y1_N25; Fanout = 5; REG Node = 'mod11_counter:U_COUNTER|count_reg[2]'
            Info: Total cell delay = 0.427 ns ( 61.97 % )
            Info: Total interconnect delay = 0.262 ns ( 38.03 % )
        Info: - Smallest clock skew is 0.000 ns
            Info: + Shortest clock path from clock "CLOCK" to destination register is 2.492 ns
                Info: 1: + IC(0.000 ns) + CELL(0.854 ns) = 0.854 ns; Loc. = PIN_N20; Fanout = 1; CLK Node = 'CLOCK'
                Info: 2: + IC(0.343 ns) + CELL(0.000 ns) = 1.197 ns; Loc. = CLKCTRL_G3; Fanout = 7; COMB Node = 'CLOCK~clkctrl'
                Info: 3: + IC(0.677 ns) + CELL(0.618 ns) = 2.492 ns; Loc. = LCFF_X23_Y1_N25; Fanout = 5; REG Node = 'mod11_counter:U_COUNTER|count_reg[2]'
                Info: Total cell delay = 1.472 ns ( 59.07 % )
                Info: Total interconnect delay = 1.020 ns ( 40.93 % )
            Info: - Longest clock path from clock "CLOCK" to source register is 2.492 ns
                Info: 1: + IC(0.000 ns) + CELL(0.854 ns) = 0.854 ns; Loc. = PIN_N20; Fanout = 1; CLK Node = 'CLOCK'
                Info: 2: + IC(0.343 ns) + CELL(0.000 ns) = 1.197 ns; Loc. = CLKCTRL_G3; Fanout = 7; COMB Node = 'CLOCK~clkctrl'
                Info: 3: + IC(0.677 ns) + CELL(0.618 ns) = 2.492 ns; Loc. = LCFF_X23_Y1_N5; Fanout = 4; REG Node = 'mod11_counter:U_COUNTER|count_reg[1]'
                Info: Total cell delay = 1.472 ns ( 59.07 % )
                Info: Total interconnect delay = 1.020 ns ( 40.93 % )
        Info: + Micro clock to output delay of source is 0.094 ns
        Info: + Micro setup delay of destination is 0.090 ns
Info: tsu for register "mod11_counter:U_COUNTER|count_reg[0]" (data pin = "EN", clock pin = "CLOCK") is 4.478 ns
    Info: + Longest pin to register delay is 6.880 ns
        Info: 1: + IC(0.000 ns) + CELL(0.837 ns) = 0.837 ns; Loc. = PIN_Y14; Fanout = 2; PIN Node = 'EN'
        Info: 2: + IC(4.647 ns) + CELL(0.346 ns) = 5.830 ns; Loc. = LCCOMB_X23_Y1_N16; Fanout = 7; COMB Node = 'mod11_counter:U_COUNTER|count_reg[0]~1'
        Info: 3: + IC(0.304 ns) + CELL(0.746 ns) = 6.880 ns; Loc. = LCFF_X23_Y1_N1; Fanout = 5; REG Node = 'mod11_counter:U_COUNTER|count_reg[0]'
        Info: Total cell delay = 1.929 ns ( 28.04 % )
        Info: Total interconnect delay = 4.951 ns ( 71.96 % )
    Info: + Micro setup delay of destination is 0.090 ns
    Info: - Shortest clock path from clock "CLOCK" to destination register is 2.492 ns
        Info: 1: + IC(0.000 ns) + CELL(0.854 ns) = 0.854 ns; Loc. = PIN_N20; Fanout = 1; CLK Node = 'CLOCK'
        Info: 2: + IC(0.343 ns) + CELL(0.000 ns) = 1.197 ns; Loc. = CLKCTRL_G3; Fanout = 7; COMB Node = 'CLOCK~clkctrl'
        Info: 3: + IC(0.677 ns) + CELL(0.618 ns) = 2.492 ns; Loc. = LCFF_X23_Y1_N1; Fanout = 5; REG Node = 'mod11_counter:U_COUNTER|count_reg[0]'
        Info: Total cell delay = 1.472 ns ( 59.07 % )
        Info: Total interconnect delay = 1.020 ns ( 40.93 % )
Info: tco from clock "CLOCK" to destination pin "Q2" through register "mod11_counter:U_COUNTER|count_reg[2]" is 7.957 ns
    Info: + Longest clock path from clock "CLOCK" to source register is 2.492 ns
        Info: 1: + IC(0.000 ns) + CELL(0.854 ns) = 0.854 ns; Loc. = PIN_N20; Fanout = 1; CLK Node = 'CLOCK'
        Info: 2: + IC(0.343 ns) + CELL(0.000 ns) = 1.197 ns; Loc. = CLKCTRL_G3; Fanout = 7; COMB Node = 'CLOCK~clkctrl'
        Info: 3: + IC(0.677 ns) + CELL(0.618 ns) = 2.492 ns; Loc. = LCFF_X23_Y1_N25; Fanout = 5; REG Node = 'mod11_counter:U_COUNTER|count_reg[2]'
        Info: Total cell delay = 1.472 ns ( 59.07 % )
        Info: Total interconnect delay = 1.020 ns ( 40.93 % )
    Info: + Micro clock to output delay of source is 0.094 ns
    Info: + Longest register to pin delay is 5.371 ns
        Info: 1: + IC(0.000 ns) + CELL(0.000 ns) = 0.000 ns; Loc. = LCFF_X23_Y1_N25; Fanout = 5; REG Node = 'mod11_counter:U_COUNTER|count_reg[2]'
        Info: 2: + IC(3.439 ns) + CELL(1.932 ns) = 5.371 ns; Loc. = PIN_G15; Fanout = 0; PIN Node = 'Q2'
        Info: Total cell delay = 1.932 ns ( 35.97 % )
        Info: Total interconnect delay = 3.439 ns ( 64.03 % )
Info: Longest tpd from source pin "EN" to destination pin "TC" is 8.309 ns
    Info: 1: + IC(0.000 ns) + CELL(0.837 ns) = 0.837 ns; Loc. = PIN_Y14; Fanout = 2; PIN Node = 'EN'
    Info: 2: + IC(4.647 ns) + CELL(0.346 ns) = 5.830 ns; Loc. = LCCOMB_X23_Y1_N18; Fanout = 1; COMB Node = 'mod11_counter:U_COUNTER|tc_o'
    Info: 3: + IC(0.481 ns) + CELL(1.998 ns) = 8.309 ns; Loc. = PIN_AA11; Fanout = 0; PIN Node = 'TC'
    Info: Total cell delay = 3.181 ns ( 38.28 % )
    Info: Total interconnect delay = 5.128 ns ( 61.72 % )
Info: th for register "mod11_counter:U_COUNTER|count_reg[0]" (data pin = "RST", clock pin = "CLOCK") is -2.606 ns
    Info: + Longest clock path from clock "CLOCK" to destination register is 2.492 ns
        Info: 1: + IC(0.000 ns) + CELL(0.854 ns) = 0.854 ns; Loc. = PIN_N20; Fanout = 1; CLK Node = 'CLOCK'
        Info: 2: + IC(0.343 ns) + CELL(0.000 ns) = 1.197 ns; Loc. = CLKCTRL_G3; Fanout = 7; COMB Node = 'CLOCK~clkctrl'
        Info: 3: + IC(0.677 ns) + CELL(0.618 ns) = 2.492 ns; Loc. = LCFF_X23_Y1_N1; Fanout = 5; REG Node = 'mod11_counter:U_COUNTER|count_reg[0]'
        Info: Total cell delay = 1.472 ns ( 59.07 % )
        Info: Total interconnect delay = 1.020 ns ( 40.93 % )
    Info: + Micro hold delay of destination is 0.149 ns
    Info: - Shortest pin to register delay is 5.247 ns
        Info: 1: + IC(0.000 ns) + CELL(0.772 ns) = 0.772 ns; Loc. = PIN_Y9; Fanout = 8; PIN Node = 'RST'
        Info: 2: + IC(3.963 ns) + CELL(0.357 ns) = 5.092 ns; Loc. = LCCOMB_X23_Y1_N0; Fanout = 1; COMB Node = 'mod11_counter:U_COUNTER|count_reg~0'
        Info: 3: + IC(0.000 ns) + CELL(0.155 ns) = 5.247 ns; Loc. = LCFF_X23_Y1_N1; Fanout = 5; REG Node = 'mod11_counter:U_COUNTER|count_reg[0]'
        Info: Total cell delay = 1.284 ns ( 24.47 % )
        Info: Total interconnect delay = 3.963 ns ( 75.53 % )
Info: Quartus II Classic Timing Analyzer was successful. 0 errors, 1 warning
    Info: Peak virtual memory: 184 megabytes
    Info: Processing ended: Tue Jun 09 18:37:59 2026
    Info: Elapsed time: 00:00:00
    Info: Total CPU time (on all processors): 00:00:00


