Simulator report for lab_3_2
Thu Nov 20 00:08:20 2025
Quartus II Version 9.1 Build 222 10/21/2009 SJ Web Edition


---------------------
; Table of Contents ;
---------------------
  1. Legal Notice
  2. Simulator Summary
  3. Simulator Settings
  4. Simulation Waveforms
  5. |lab_3_2|lpm_ram_io:inst1|altram:sram|altsyncram:ram_block|altsyncram_bu91:auto_generated|ALTSYNCRAM
  6. |lab_3_2|lpm_rom0:inst|altsyncram:altsyncram_component|altsyncram_ql91:auto_generated|ALTSYNCRAM
  7. Coverage Summary
  8. Complete 1/0-Value Coverage
  9. Missing 1-Value Coverage
 10. Missing 0-Value Coverage
 11. Simulator INI Usage
 12. Simulator Messages



----------------
; Legal Notice ;
----------------
Copyright (C) 1991-2009 Altera Corporation
Your use of Altera Corporation's design tools, logic functions 
and other software and tools, and its AMPP partner logic 
functions, and any output files from any of the foregoing 
(including device programming or simulation files), and any 
associated documentation or information are expressly subject 
to the terms and conditions of the Altera Program License 
Subscription Agreement, Altera MegaCore Function License 
Agreement, or other applicable license agreement, including, 
without limitation, that your use is for the sole purpose of 
programming logic devices manufactured by Altera and sold by 
Altera or its authorized distributors.  Please refer to the 
applicable agreement for further details.



+--------------------------------------------+
; Simulator Summary                          ;
+-----------------------------+--------------+
; Type                        ; Value        ;
+-----------------------------+--------------+
; Simulation Start Time       ; 0 ps         ;
; Simulation End Time         ; 1.0 us       ;
; Simulation Netlist Size     ; 83 nodes     ;
; Simulation Coverage         ;      71.58 % ;
; Total Number of Transitions ; 387          ;
; Simulation Breakpoints      ; 0            ;
; Family                      ; Stratix II   ;
; Device                      ; EP2S15F484C3 ;
+-----------------------------+--------------+


+------------------------------------------------------------------------------------------------------------------------------+
; Simulator Settings                                                                                                           ;
+--------------------------------------------------------------------------------------------+-----------------+---------------+
; Option                                                                                     ; Setting         ; Default Value ;
+--------------------------------------------------------------------------------------------+-----------------+---------------+
; Simulation mode                                                                            ; Timing          ; Timing        ;
; Start time                                                                                 ; 0 ns            ; 0 ns          ;
; Simulation results format                                                                  ; CVWF            ;               ;
; Vector input source                                                                        ; lab_3_2_v_2.vwf ;               ;
; Add pins automatically to simulation output waveforms                                      ; On              ; On            ;
; Check outputs                                                                              ; Off             ; Off           ;
; Report simulation coverage                                                                 ; On              ; On            ;
; Display complete 1/0 value coverage report                                                 ; On              ; On            ;
; Display missing 1-value coverage report                                                    ; On              ; On            ;
; Display missing 0-value coverage report                                                    ; On              ; On            ;
; Detect setup and hold time violations                                                      ; Off             ; Off           ;
; Detect glitches                                                                            ; Off             ; Off           ;
; Disable timing delays in Timing Simulation                                                 ; Off             ; Off           ;
; Generate Signal Activity File                                                              ; Off             ; Off           ;
; Generate VCD File for PowerPlay Power Analyzer                                             ; Off             ; Off           ;
; Group bus channels in simulation results                                                   ; Off             ; Off           ;
; Preserve fewer signal transitions to reduce memory requirements                            ; On              ; On            ;
; Trigger vector comparison with the specified mode                                          ; INPUT_EDGE      ; INPUT_EDGE    ;
; Disable setup and hold time violations detection in input registers of bi-directional pins ; Off             ; Off           ;
; Overwrite Waveform Inputs With Simulation Outputs                                          ; Off             ;               ;
; Perform Glitch Filtering in Timing Simulation                                              ; Auto            ; Auto          ;
+--------------------------------------------------------------------------------------------+-----------------+---------------+


+----------------------+
; Simulation Waveforms ;
+----------------------+
Waveform report data cannot be output to ASCII.
Please use Quartus II to view the waveform report data.


+------------------------------------------------------------------------------------------------------+
; |lab_3_2|lpm_ram_io:inst1|altram:sram|altsyncram:ram_block|altsyncram_bu91:auto_generated|ALTSYNCRAM ;
+------------------------------------------------------------------------------------------------------+
Please refer to fitter text-based report (*.fit.rpt) to view logical memory report content in ASCII.


+--------------------------------------------------------------------------------------------------+
; |lab_3_2|lpm_rom0:inst|altsyncram:altsyncram_component|altsyncram_ql91:auto_generated|ALTSYNCRAM ;
+--------------------------------------------------------------------------------------------------+
Please refer to fitter text-based report (*.fit.rpt) to view logical memory report content in ASCII.


+--------------------------------------------------------------------+
; Coverage Summary                                                   ;
+-----------------------------------------------------+--------------+
; Type                                                ; Value        ;
+-----------------------------------------------------+--------------+
; Total coverage as a percentage                      ;      71.58 % ;
; Total nodes checked                                 ; 83           ;
; Total output ports checked                          ; 95           ;
; Total output ports with complete 1/0-value coverage ; 68           ;
; Total output ports with no 1/0-value coverage       ; 18           ;
; Total output ports with no 1-value coverage         ; 18           ;
; Total output ports with no 0-value coverage         ; 27           ;
+-----------------------------------------------------+--------------+


The following table displays output ports that toggle between 1 and 0 during simulation.
+------------------------------------------------------------------------------------------------------------------------------------------------------------------------------------------------------------------------------+
; Complete 1/0-Value Coverage                                                                                                                                                                                                  ;
+--------------------------------------------------------------------------------------------------------+--------------------------------------------------------------------------------------------------+------------------+
; Node Name                                                                                              ; Output Port Name                                                                                 ; Output Port Type ;
+--------------------------------------------------------------------------------------------------------+--------------------------------------------------------------------------------------------------+------------------+
; |lab_3_2|lpm_ram_io:inst1|altram:sram|altsyncram:ram_block|altsyncram_bu91:auto_generated|ram_block1a0 ; |lab_3_2|lpm_ram_io:inst1|altram:sram|altsyncram:ram_block|altsyncram_bu91:auto_generated|q_a[0] ; portadataout0    ;
; |lab_3_2|lpm_ram_io:inst1|altram:sram|altsyncram:ram_block|altsyncram_bu91:auto_generated|ram_block1a0 ; |lab_3_2|lpm_ram_io:inst1|altram:sram|altsyncram:ram_block|altsyncram_bu91:auto_generated|q_a[1] ; portadataout1    ;
; |lab_3_2|lpm_rom0:inst|altsyncram:altsyncram_component|altsyncram_ql91:auto_generated|ram_block1a0     ; |lab_3_2|lpm_rom0:inst|altsyncram:altsyncram_component|altsyncram_ql91:auto_generated|q_a[0]     ; portadataout0    ;
; |lab_3_2|lpm_rom0:inst|altsyncram:altsyncram_component|altsyncram_ql91:auto_generated|ram_block1a0     ; |lab_3_2|lpm_rom0:inst|altsyncram:altsyncram_component|altsyncram_ql91:auto_generated|q_a[1]     ; portadataout1    ;
; |lab_3_2|lpm_rom0:inst|altsyncram:altsyncram_component|altsyncram_ql91:auto_generated|ram_block1a0     ; |lab_3_2|lpm_rom0:inst|altsyncram:altsyncram_component|altsyncram_ql91:auto_generated|q_a[3]     ; portadataout3    ;
; |lab_3_2|inst11[7]~16                                                                                  ; |lab_3_2|inst11[7]~16                                                                            ; combout          ;
; |lab_3_2|inst13[7]~0                                                                                   ; |lab_3_2|inst13[7]~0                                                                             ; combout          ;
; |lab_3_2|inst13[7]~1                                                                                   ; |lab_3_2|inst13[7]~1                                                                             ; combout          ;
; |lab_3_2|inst11[7]~17                                                                                  ; |lab_3_2|inst11[7]~17                                                                            ; combout          ;
; |lab_3_2|inst11[6]~18                                                                                  ; |lab_3_2|inst11[6]~18                                                                            ; combout          ;
; |lab_3_2|inst11[4]~20                                                                                  ; |lab_3_2|inst11[4]~20                                                                            ; combout          ;
; |lab_3_2|inst13[3]~2                                                                                   ; |lab_3_2|inst13[3]~2                                                                             ; combout          ;
; |lab_3_2|inst11[3]~21                                                                                  ; |lab_3_2|inst11[3]~21                                                                            ; combout          ;
; |lab_3_2|inst11[3]~22                                                                                  ; |lab_3_2|inst11[3]~22                                                                            ; combout          ;
; |lab_3_2|inst13[2]~3                                                                                   ; |lab_3_2|inst13[2]~3                                                                             ; combout          ;
; |lab_3_2|inst11[2]~23                                                                                  ; |lab_3_2|inst11[2]~23                                                                            ; combout          ;
; |lab_3_2|inst11[2]~24                                                                                  ; |lab_3_2|inst11[2]~24                                                                            ; combout          ;
; |lab_3_2|inst13[1]~4                                                                                   ; |lab_3_2|inst13[1]~4                                                                             ; combout          ;
; |lab_3_2|inst11[1]~26                                                                                  ; |lab_3_2|inst11[1]~26                                                                            ; combout          ;
; |lab_3_2|inst13[0]~5                                                                                   ; |lab_3_2|inst13[0]~5                                                                             ; combout          ;
; |lab_3_2|inst11[0]~27                                                                                  ; |lab_3_2|inst11[0]~27                                                                            ; combout          ;
; |lab_3_2|lpm_ram_io:inst1|_~0                                                                          ; |lab_3_2|lpm_ram_io:inst1|_~0                                                                    ; combout          ;
; |lab_3_2|inst13[7]~6                                                                                   ; |lab_3_2|inst13[7]~6                                                                             ; combout          ;
; |lab_3_2|inst10[7]~0                                                                                   ; |lab_3_2|inst10[7]~0                                                                             ; combout          ;
; |lab_3_2|inst13[6]~7                                                                                   ; |lab_3_2|inst13[6]~7                                                                             ; combout          ;
; |lab_3_2|inst10[6]~1                                                                                   ; |lab_3_2|inst10[6]~1                                                                             ; combout          ;
; |lab_3_2|inst13[5]~8                                                                                   ; |lab_3_2|inst13[5]~8                                                                             ; combout          ;
; |lab_3_2|inst10[5]~2                                                                                   ; |lab_3_2|inst10[5]~2                                                                             ; combout          ;
; |lab_3_2|inst13[4]~9                                                                                   ; |lab_3_2|inst13[4]~9                                                                             ; combout          ;
; |lab_3_2|inst10[4]~3                                                                                   ; |lab_3_2|inst10[4]~3                                                                             ; combout          ;
; |lab_3_2|inst13[3]~10                                                                                  ; |lab_3_2|inst13[3]~10                                                                            ; combout          ;
; |lab_3_2|inst10[3]~4                                                                                   ; |lab_3_2|inst10[3]~4                                                                             ; combout          ;
; |lab_3_2|inst13[2]~11                                                                                  ; |lab_3_2|inst13[2]~11                                                                            ; combout          ;
; |lab_3_2|inst10[2]~5                                                                                   ; |lab_3_2|inst10[2]~5                                                                             ; combout          ;
; |lab_3_2|inst13[1]~12                                                                                  ; |lab_3_2|inst13[1]~12                                                                            ; combout          ;
; |lab_3_2|inst13[0]~13                                                                                  ; |lab_3_2|inst13[0]~13                                                                            ; combout          ;
; |lab_3_2|inst10[0]~7                                                                                   ; |lab_3_2|inst10[0]~7                                                                             ; combout          ;
; |lab_3_2|inst11[7]~29                                                                                  ; |lab_3_2|inst11[7]~29                                                                            ; combout          ;
; |lab_3_2|inst11[6]~30                                                                                  ; |lab_3_2|inst11[6]~30                                                                            ; combout          ;
; |lab_3_2|inst11[5]~31                                                                                  ; |lab_3_2|inst11[5]~31                                                                            ; combout          ;
; |lab_3_2|inst11[4]~32                                                                                  ; |lab_3_2|inst11[4]~32                                                                            ; combout          ;
; |lab_3_2|data_out[7]                                                                                   ; |lab_3_2|data_out[7]                                                                             ; padio            ;
; |lab_3_2|data_out[6]                                                                                   ; |lab_3_2|data_out[6]                                                                             ; padio            ;
; |lab_3_2|data_out[5]                                                                                   ; |lab_3_2|data_out[5]                                                                             ; padio            ;
; |lab_3_2|data_out[4]                                                                                   ; |lab_3_2|data_out[4]                                                                             ; padio            ;
; |lab_3_2|data_out[3]                                                                                   ; |lab_3_2|data_out[3]                                                                             ; padio            ;
; |lab_3_2|data_out[2]                                                                                   ; |lab_3_2|data_out[2]                                                                             ; padio            ;
; |lab_3_2|data_out[0]                                                                                   ; |lab_3_2|data_out[0]                                                                             ; padio            ;
; |lab_3_2|rom_read                                                                                      ; |lab_3_2|rom_read~corein                                                                         ; combout          ;
; |lab_3_2|ram_chip_en                                                                                   ; |lab_3_2|ram_chip_en~corein                                                                      ; combout          ;
; |lab_3_2|reg_read                                                                                      ; |lab_3_2|reg_read~corein                                                                         ; combout          ;
; |lab_3_2|ram_mode_read                                                                                 ; |lab_3_2|ram_mode_read~corein                                                                    ; combout          ;
; |lab_3_2|ram_mode_write                                                                                ; |lab_3_2|ram_mode_write~corein                                                                   ; combout          ;
; |lab_3_2|clock                                                                                         ; |lab_3_2|clock~corein                                                                            ; combout          ;
; |lab_3_2|addr[0]                                                                                       ; |lab_3_2|addr[0]~corein                                                                          ; combout          ;
; |lab_3_2|addr[1]                                                                                       ; |lab_3_2|addr[1]~corein                                                                          ; combout          ;
; |lab_3_2|addr[2]                                                                                       ; |lab_3_2|addr[2]~corein                                                                          ; combout          ;
; |lab_3_2|reg_write                                                                                     ; |lab_3_2|reg_write~corein                                                                        ; combout          ;
; |lab_3_2|enable                                                                                        ; |lab_3_2|enable~corein                                                                           ; combout          ;
; |lab_3_2|clock~clkctrl                                                                                 ; |lab_3_2|clock~clkctrl                                                                           ; outclk           ;
; |lab_3_2|inst11[7]~17DUPLICATE                                                                         ; |lab_3_2|inst11[7]~17DUPLICATE                                                                   ; combout          ;
; |lab_3_2|inst11[6]~18DUPLICATE                                                                         ; |lab_3_2|inst11[6]~18DUPLICATE                                                                   ; combout          ;
; |lab_3_2|inst11[5]~19DUPLICATE                                                                         ; |lab_3_2|inst11[5]~19DUPLICATE                                                                   ; combout          ;
; |lab_3_2|inst11[4]~20DUPLICATE                                                                         ; |lab_3_2|inst11[4]~20DUPLICATE                                                                   ; combout          ;
; |lab_3_2|inst11[3]~22DUPLICATE                                                                         ; |lab_3_2|inst11[3]~22DUPLICATE                                                                   ; combout          ;
; |lab_3_2|inst11[2]~24DUPLICATE                                                                         ; |lab_3_2|inst11[2]~24DUPLICATE                                                                   ; combout          ;
; |lab_3_2|inst11[1]~26DUPLICATE                                                                         ; |lab_3_2|inst11[1]~26DUPLICATE                                                                   ; combout          ;
; |lab_3_2|inst11[0]~28DUPLICATE                                                                         ; |lab_3_2|inst11[0]~28DUPLICATE                                                                   ; combout          ;
+--------------------------------------------------------------------------------------------------------+--------------------------------------------------------------------------------------------------+------------------+


The following table displays output ports that do not toggle to 1 during simulation.
+------------------------------------------------------------------------------------------------------------------------------------------------------------------------------------------------------------------------------+
; Missing 1-Value Coverage                                                                                                                                                                                                     ;
+--------------------------------------------------------------------------------------------------------+--------------------------------------------------------------------------------------------------+------------------+
; Node Name                                                                                              ; Output Port Name                                                                                 ; Output Port Type ;
+--------------------------------------------------------------------------------------------------------+--------------------------------------------------------------------------------------------------+------------------+
; |lab_3_2|lpm_ram_io:inst1|altram:sram|altsyncram:ram_block|altsyncram_bu91:auto_generated|ram_block1a0 ; |lab_3_2|lpm_ram_io:inst1|altram:sram|altsyncram:ram_block|altsyncram_bu91:auto_generated|q_a[2] ; portadataout2    ;
; |lab_3_2|lpm_ram_io:inst1|altram:sram|altsyncram:ram_block|altsyncram_bu91:auto_generated|ram_block1a0 ; |lab_3_2|lpm_ram_io:inst1|altram:sram|altsyncram:ram_block|altsyncram_bu91:auto_generated|q_a[3] ; portadataout3    ;
; |lab_3_2|lpm_ram_io:inst1|altram:sram|altsyncram:ram_block|altsyncram_bu91:auto_generated|ram_block1a0 ; |lab_3_2|lpm_ram_io:inst1|altram:sram|altsyncram:ram_block|altsyncram_bu91:auto_generated|q_a[4] ; portadataout4    ;
; |lab_3_2|lpm_ram_io:inst1|altram:sram|altsyncram:ram_block|altsyncram_bu91:auto_generated|ram_block1a0 ; |lab_3_2|lpm_ram_io:inst1|altram:sram|altsyncram:ram_block|altsyncram_bu91:auto_generated|q_a[5] ; portadataout5    ;
; |lab_3_2|lpm_ram_io:inst1|altram:sram|altsyncram:ram_block|altsyncram_bu91:auto_generated|ram_block1a0 ; |lab_3_2|lpm_ram_io:inst1|altram:sram|altsyncram:ram_block|altsyncram_bu91:auto_generated|q_a[6] ; portadataout6    ;
; |lab_3_2|lpm_ram_io:inst1|altram:sram|altsyncram:ram_block|altsyncram_bu91:auto_generated|ram_block1a0 ; |lab_3_2|lpm_ram_io:inst1|altram:sram|altsyncram:ram_block|altsyncram_bu91:auto_generated|q_a[7] ; portadataout7    ;
; |lab_3_2|lpm_rom0:inst|altsyncram:altsyncram_component|altsyncram_ql91:auto_generated|ram_block1a0     ; |lab_3_2|lpm_rom0:inst|altsyncram:altsyncram_component|altsyncram_ql91:auto_generated|q_a[2]     ; portadataout2    ;
; |lab_3_2|lpm_rom0:inst|altsyncram:altsyncram_component|altsyncram_ql91:auto_generated|ram_block1a0     ; |lab_3_2|lpm_rom0:inst|altsyncram:altsyncram_component|altsyncram_ql91:auto_generated|q_a[4]     ; portadataout4    ;
; |lab_3_2|lpm_rom0:inst|altsyncram:altsyncram_component|altsyncram_ql91:auto_generated|ram_block1a0     ; |lab_3_2|lpm_rom0:inst|altsyncram:altsyncram_component|altsyncram_ql91:auto_generated|q_a[5]     ; portadataout5    ;
; |lab_3_2|lpm_rom0:inst|altsyncram:altsyncram_component|altsyncram_ql91:auto_generated|ram_block1a0     ; |lab_3_2|lpm_rom0:inst|altsyncram:altsyncram_component|altsyncram_ql91:auto_generated|q_a[6]     ; portadataout6    ;
; |lab_3_2|lpm_rom0:inst|altsyncram:altsyncram_component|altsyncram_ql91:auto_generated|ram_block1a0     ; |lab_3_2|lpm_rom0:inst|altsyncram:altsyncram_component|altsyncram_ql91:auto_generated|q_a[7]     ; portadataout7    ;
; |lab_3_2|inst11[1]~25                                                                                  ; |lab_3_2|inst11[1]~25                                                                            ; combout          ;
; |lab_3_2|inst10[1]~6                                                                                   ; |lab_3_2|inst10[1]~6                                                                             ; combout          ;
; |lab_3_2|addr[3]                                                                                       ; |lab_3_2|addr[3]~corein                                                                          ; combout          ;
; |lab_3_2|addr[4]                                                                                       ; |lab_3_2|addr[4]~corein                                                                          ; combout          ;
; |lab_3_2|addr[5]                                                                                       ; |lab_3_2|addr[5]~corein                                                                          ; combout          ;
; |lab_3_2|addr[6]                                                                                       ; |lab_3_2|addr[6]~corein                                                                          ; combout          ;
; |lab_3_2|addr[7]                                                                                       ; |lab_3_2|addr[7]~corein                                                                          ; combout          ;
+--------------------------------------------------------------------------------------------------------+--------------------------------------------------------------------------------------------------+------------------+


The following table displays output ports that do not toggle to 0 during simulation.
+------------------------------------------------------------------------------------------------------------------------------------------------------------------------------------------------------------------------------+
; Missing 0-Value Coverage                                                                                                                                                                                                     ;
+--------------------------------------------------------------------------------------------------------+--------------------------------------------------------------------------------------------------+------------------+
; Node Name                                                                                              ; Output Port Name                                                                                 ; Output Port Type ;
+--------------------------------------------------------------------------------------------------------+--------------------------------------------------------------------------------------------------+------------------+
; |lab_3_2|lpm_ram_io:inst1|altram:sram|altsyncram:ram_block|altsyncram_bu91:auto_generated|ram_block1a0 ; |lab_3_2|lpm_ram_io:inst1|altram:sram|altsyncram:ram_block|altsyncram_bu91:auto_generated|q_a[2] ; portadataout2    ;
; |lab_3_2|lpm_ram_io:inst1|altram:sram|altsyncram:ram_block|altsyncram_bu91:auto_generated|ram_block1a0 ; |lab_3_2|lpm_ram_io:inst1|altram:sram|altsyncram:ram_block|altsyncram_bu91:auto_generated|q_a[3] ; portadataout3    ;
; |lab_3_2|lpm_ram_io:inst1|altram:sram|altsyncram:ram_block|altsyncram_bu91:auto_generated|ram_block1a0 ; |lab_3_2|lpm_ram_io:inst1|altram:sram|altsyncram:ram_block|altsyncram_bu91:auto_generated|q_a[4] ; portadataout4    ;
; |lab_3_2|lpm_ram_io:inst1|altram:sram|altsyncram:ram_block|altsyncram_bu91:auto_generated|ram_block1a0 ; |lab_3_2|lpm_ram_io:inst1|altram:sram|altsyncram:ram_block|altsyncram_bu91:auto_generated|q_a[5] ; portadataout5    ;
; |lab_3_2|lpm_ram_io:inst1|altram:sram|altsyncram:ram_block|altsyncram_bu91:auto_generated|ram_block1a0 ; |lab_3_2|lpm_ram_io:inst1|altram:sram|altsyncram:ram_block|altsyncram_bu91:auto_generated|q_a[6] ; portadataout6    ;
; |lab_3_2|lpm_ram_io:inst1|altram:sram|altsyncram:ram_block|altsyncram_bu91:auto_generated|ram_block1a0 ; |lab_3_2|lpm_ram_io:inst1|altram:sram|altsyncram:ram_block|altsyncram_bu91:auto_generated|q_a[7] ; portadataout7    ;
; |lab_3_2|lpm_rom0:inst|altsyncram:altsyncram_component|altsyncram_ql91:auto_generated|ram_block1a0     ; |lab_3_2|lpm_rom0:inst|altsyncram:altsyncram_component|altsyncram_ql91:auto_generated|q_a[2]     ; portadataout2    ;
; |lab_3_2|lpm_rom0:inst|altsyncram:altsyncram_component|altsyncram_ql91:auto_generated|ram_block1a0     ; |lab_3_2|lpm_rom0:inst|altsyncram:altsyncram_component|altsyncram_ql91:auto_generated|q_a[4]     ; portadataout4    ;
; |lab_3_2|lpm_rom0:inst|altsyncram:altsyncram_component|altsyncram_ql91:auto_generated|ram_block1a0     ; |lab_3_2|lpm_rom0:inst|altsyncram:altsyncram_component|altsyncram_ql91:auto_generated|q_a[5]     ; portadataout5    ;
; |lab_3_2|lpm_rom0:inst|altsyncram:altsyncram_component|altsyncram_ql91:auto_generated|ram_block1a0     ; |lab_3_2|lpm_rom0:inst|altsyncram:altsyncram_component|altsyncram_ql91:auto_generated|q_a[6]     ; portadataout6    ;
; |lab_3_2|lpm_rom0:inst|altsyncram:altsyncram_component|altsyncram_ql91:auto_generated|ram_block1a0     ; |lab_3_2|lpm_rom0:inst|altsyncram:altsyncram_component|altsyncram_ql91:auto_generated|q_a[7]     ; portadataout7    ;
; |lab_3_2|lpm_dff0:inst2|lpm_ff:lpm_ff_component|dffs[7]                                                ; |lab_3_2|lpm_dff0:inst2|lpm_ff:lpm_ff_component|dffs[7]                                          ; regout           ;
; |lab_3_2|lpm_dff0:inst2|lpm_ff:lpm_ff_component|dffs[6]                                                ; |lab_3_2|lpm_dff0:inst2|lpm_ff:lpm_ff_component|dffs[6]                                          ; regout           ;
; |lab_3_2|lpm_dff0:inst2|lpm_ff:lpm_ff_component|dffs[5]                                                ; |lab_3_2|lpm_dff0:inst2|lpm_ff:lpm_ff_component|dffs[5]                                          ; regout           ;
; |lab_3_2|lpm_dff0:inst2|lpm_ff:lpm_ff_component|dffs[4]                                                ; |lab_3_2|lpm_dff0:inst2|lpm_ff:lpm_ff_component|dffs[4]                                          ; regout           ;
; |lab_3_2|lpm_dff0:inst2|lpm_ff:lpm_ff_component|dffs[3]                                                ; |lab_3_2|lpm_dff0:inst2|lpm_ff:lpm_ff_component|dffs[3]                                          ; regout           ;
; |lab_3_2|lpm_dff0:inst2|lpm_ff:lpm_ff_component|dffs[2]                                                ; |lab_3_2|lpm_dff0:inst2|lpm_ff:lpm_ff_component|dffs[2]                                          ; regout           ;
; |lab_3_2|lpm_dff0:inst2|lpm_ff:lpm_ff_component|dffs[1]                                                ; |lab_3_2|lpm_dff0:inst2|lpm_ff:lpm_ff_component|dffs[1]                                          ; regout           ;
; |lab_3_2|inst11[1]~25                                                                                  ; |lab_3_2|inst11[1]~25                                                                            ; combout          ;
; |lab_3_2|lpm_dff0:inst2|lpm_ff:lpm_ff_component|dffs[0]                                                ; |lab_3_2|lpm_dff0:inst2|lpm_ff:lpm_ff_component|dffs[0]                                          ; regout           ;
; |lab_3_2|inst10[1]~6                                                                                   ; |lab_3_2|inst10[1]~6                                                                             ; combout          ;
; |lab_3_2|data_out[1]                                                                                   ; |lab_3_2|data_out[1]                                                                             ; padio            ;
; |lab_3_2|addr[3]                                                                                       ; |lab_3_2|addr[3]~corein                                                                          ; combout          ;
; |lab_3_2|addr[4]                                                                                       ; |lab_3_2|addr[4]~corein                                                                          ; combout          ;
; |lab_3_2|addr[5]                                                                                       ; |lab_3_2|addr[5]~corein                                                                          ; combout          ;
; |lab_3_2|addr[6]                                                                                       ; |lab_3_2|addr[6]~corein                                                                          ; combout          ;
; |lab_3_2|addr[7]                                                                                       ; |lab_3_2|addr[7]~corein                                                                          ; combout          ;
+--------------------------------------------------------------------------------------------------------+--------------------------------------------------------------------------------------------------+------------------+


+---------------------+
; Simulator INI Usage ;
+--------+------------+
; Option ; Usage      ;
+--------+------------+


+--------------------+
; Simulator Messages ;
+--------------------+
Info: *******************************************************************
Info: Running Quartus II Simulator
    Info: Version 9.1 Build 222 10/21/2009 SJ Web Edition
    Info: Processing started: Thu Nov 20 00:08:20 2025
Info: Command: quartus_sim --read_settings_files=on --write_settings_files=off lab_3_2 -c lab_3_2
Info: Using vector source file "C:/Users/lapshet/Desktop/SIVOVM/lab_3_2/lab_3_2_v_2.vwf"
Info: Option to preserve fewer signal transitions to reduce memory requirements is enabled
    Info: Simulation has been partitioned into sub-simulations according to the maximum transition count determined by the engine. Transitions from memory will be flushed out to disk at the end of each sub-simulation to reduce memory requirements.
Info: Simulation partitioned into 1 sub-simulations
Info: Simulation coverage is      71.58 %
Info: Number of transitions in simulation is 387
Info: Quartus II Simulator was successful. 0 errors, 0 warnings
    Info: Peak virtual memory: 160 megabytes
    Info: Processing ended: Thu Nov 20 00:08:20 2025
    Info: Elapsed time: 00:00:00
    Info: Total CPU time (on all processors): 00:00:00


