Simulator report for Lab5
Tue Nov 24 13:15:58 2020
Quartus II Version 9.1 Build 222 10/21/2009 SJ Web Edition


---------------------
; Table of Contents ;
---------------------
  1. Legal Notice
  2. Simulator Summary
  3. Simulator Settings
  4. Simulation Waveforms
  5. Coverage Summary
  6. Complete 1/0-Value Coverage
  7. Missing 1-Value Coverage
  8. Missing 0-Value Coverage
  9. Simulator INI Usage
 10. Simulator Messages



----------------
; Legal Notice ;
----------------
Copyright (C) 1991-2009 Altera Corporation
Your use of Altera Corporation's design tools, logic functions 
and other software and tools, and its AMPP partner logic 
functions, and any output files from any of the foregoing 
(including device programming or simulation files), and any 
associated documentation or information are expressly subject 
to the terms and conditions of the Altera Program License 
Subscription Agreement, Altera MegaCore Function License 
Agreement, or other applicable license agreement, including, 
without limitation, that your use is for the sole purpose of 
programming logic devices manufactured by Altera and sold by 
Altera or its authorized distributors.  Please refer to the 
applicable agreement for further details.



+--------------------------------------------+
; Simulator Summary                          ;
+-----------------------------+--------------+
; Type                        ; Value        ;
+-----------------------------+--------------+
; Simulation Start Time       ; 0 ps         ;
; Simulation End Time         ; 10.0 us      ;
; Simulation Netlist Size     ; 226 nodes    ;
; Simulation Coverage         ;      63.93 % ;
; Total Number of Transitions ; 28738        ;
; Simulation Breakpoints      ; 0            ;
; Family                      ; Stratix II   ;
+-----------------------------+--------------+


+-------------------------------------------------------------------------------------------------------------------------+
; Simulator Settings                                                                                                      ;
+--------------------------------------------------------------------------------------------+------------+---------------+
; Option                                                                                     ; Setting    ; Default Value ;
+--------------------------------------------------------------------------------------------+------------+---------------+
; Simulation mode                                                                            ; Functional ; Timing        ;
; Start time                                                                                 ; 0 ns       ; 0 ns          ;
; Simulation results format                                                                  ; CVWF       ;               ;
; Add pins automatically to simulation output waveforms                                      ; On         ; On            ;
; Check outputs                                                                              ; Off        ; Off           ;
; Report simulation coverage                                                                 ; On         ; On            ;
; Display complete 1/0 value coverage report                                                 ; On         ; On            ;
; Display missing 1-value coverage report                                                    ; On         ; On            ;
; Display missing 0-value coverage report                                                    ; On         ; On            ;
; Detect setup and hold time violations                                                      ; Off        ; Off           ;
; Detect glitches                                                                            ; Off        ; Off           ;
; Disable timing delays in Timing Simulation                                                 ; Off        ; Off           ;
; Generate Signal Activity File                                                              ; Off        ; Off           ;
; Generate VCD File for PowerPlay Power Analyzer                                             ; Off        ; Off           ;
; Group bus channels in simulation results                                                   ; Off        ; Off           ;
; Preserve fewer signal transitions to reduce memory requirements                            ; On         ; On            ;
; Trigger vector comparison with the specified mode                                          ; INPUT_EDGE ; INPUT_EDGE    ;
; Disable setup and hold time violations detection in input registers of bi-directional pins ; Off        ; Off           ;
; Overwrite Waveform Inputs With Simulation Outputs                                          ; On         ;               ;
; Perform Glitch Filtering in Timing Simulation                                              ; Auto       ; Auto          ;
+--------------------------------------------------------------------------------------------+------------+---------------+


+----------------------+
; Simulation Waveforms ;
+----------------------+
Waveform report data cannot be output to ASCII.
Please use Quartus II to view the waveform report data.


+--------------------------------------------------------------------+
; Coverage Summary                                                   ;
+-----------------------------------------------------+--------------+
; Type                                                ; Value        ;
+-----------------------------------------------------+--------------+
; Total coverage as a percentage                      ;      63.93 % ;
; Total nodes checked                                 ; 226          ;
; Total output ports checked                          ; 244          ;
; Total output ports with complete 1/0-value coverage ; 156          ;
; Total output ports with no 1/0-value coverage       ; 6            ;
; Total output ports with no 1-value coverage         ; 51           ;
; Total output ports with no 0-value coverage         ; 43           ;
+-----------------------------------------------------+--------------+


The following table displays output ports that toggle between 1 and 0 during simulation.
+---------------------------------------------------------------------------------------------------------------------------------------------------------------------------------------------------------------------------------------------------------------------------------+
; Complete 1/0-Value Coverage                                                                                                                                                                                                                                                     ;
+-----------------------------------------------------------------------------------------------------------------------------+--------------------------------------------------------------------------------------------------------------------------------+------------------+
; Node Name                                                                                                                   ; Output Port Name                                                                                                               ; Output Port Type ;
+-----------------------------------------------------------------------------------------------------------------------------+--------------------------------------------------------------------------------------------------------------------------------+------------------+
; |MainBlock|bus_request1                                                                                                     ; |MainBlock|bus_request1                                                                                                        ; pin_out          ;
; |MainBlock|clk                                                                                                              ; |MainBlock|clk                                                                                                                 ; out              ;
; |MainBlock|request1                                                                                                         ; |MainBlock|request1                                                                                                            ; out              ;
; |MainBlock|bus_request2                                                                                                     ; |MainBlock|bus_request2                                                                                                        ; pin_out          ;
; |MainBlock|request2                                                                                                         ; |MainBlock|request2                                                                                                            ; out              ;
; |MainBlock|gdfx_temp0[5]                                                                                                    ; |MainBlock|gdfx_temp0[5]                                                                                                       ; out0             ;
; |MainBlock|gdfx_temp0[4]                                                                                                    ; |MainBlock|gdfx_temp0[4]                                                                                                       ; out0             ;
; |MainBlock|gdfx_temp0[3]                                                                                                    ; |MainBlock|gdfx_temp0[3]                                                                                                       ; out0             ;
; |MainBlock|gdfx_temp0[2]                                                                                                    ; |MainBlock|gdfx_temp0[2]                                                                                                       ; out0             ;
; |MainBlock|gdfx_temp0[1]                                                                                                    ; |MainBlock|gdfx_temp0[1]                                                                                                       ; out0             ;
; |MainBlock|gdfx_temp0[0]                                                                                                    ; |MainBlock|gdfx_temp0[0]                                                                                                       ; out0             ;
; |MainBlock|request3                                                                                                         ; |MainBlock|request3                                                                                                            ; out              ;
; |MainBlock|request4                                                                                                         ; |MainBlock|request4                                                                                                            ; out              ;
; |MainBlock|request5                                                                                                         ; |MainBlock|request5                                                                                                            ; out              ;
; |MainBlock|bus_request3                                                                                                     ; |MainBlock|bus_request3                                                                                                        ; pin_out          ;
; |MainBlock|bus_request4                                                                                                     ; |MainBlock|bus_request4                                                                                                        ; pin_out          ;
; |MainBlock|bus_request5                                                                                                     ; |MainBlock|bus_request5                                                                                                        ; pin_out          ;
; |MainBlock|data1[5]                                                                                                         ; |MainBlock|data1[5]                                                                                                            ; pin_out          ;
; |MainBlock|data1[2]                                                                                                         ; |MainBlock|data1[2]                                                                                                            ; pin_out          ;
; |MainBlock|data1[1]                                                                                                         ; |MainBlock|data1[1]                                                                                                            ; pin_out          ;
; |MainBlock|data1[0]                                                                                                         ; |MainBlock|data1[0]                                                                                                            ; pin_out          ;
; |MainBlock|inst13                                                                                                           ; |MainBlock|inst13                                                                                                              ; out0             ;
; |MainBlock|inst12                                                                                                           ; |MainBlock|inst12                                                                                                              ; out0             ;
; |MainBlock|lpm_dff1:inst6|lpm_ff:lpm_ff_component|dffs[5]                                                                   ; |MainBlock|lpm_dff1:inst6|lpm_ff:lpm_ff_component|dffs[5]                                                                      ; regout           ;
; |MainBlock|lpm_dff1:inst6|lpm_ff:lpm_ff_component|dffs[2]                                                                   ; |MainBlock|lpm_dff1:inst6|lpm_ff:lpm_ff_component|dffs[2]                                                                      ; regout           ;
; |MainBlock|lpm_dff1:inst6|lpm_ff:lpm_ff_component|dffs[1]                                                                   ; |MainBlock|lpm_dff1:inst6|lpm_ff:lpm_ff_component|dffs[1]                                                                      ; regout           ;
; |MainBlock|lpm_dff1:inst6|lpm_ff:lpm_ff_component|dffs[0]                                                                   ; |MainBlock|lpm_dff1:inst6|lpm_ff:lpm_ff_component|dffs[0]                                                                      ; regout           ;
; |MainBlock|Device3:inst11|inst4                                                                                             ; |MainBlock|Device3:inst11|inst4                                                                                                ; regout           ;
; |MainBlock|Device3:inst11|lpm_compare0:inst7|lpm_compare:lpm_compare_component|cmpr_i8j:auto_generated|aneb_result_wire[0]  ; |MainBlock|Device3:inst11|lpm_compare0:inst7|lpm_compare:lpm_compare_component|cmpr_i8j:auto_generated|aneb_result_wire[0]     ; out0             ;
; |MainBlock|Device3:inst11|lpm_compare0:inst7|lpm_compare:lpm_compare_component|cmpr_i8j:auto_generated|data_wire[1]         ; |MainBlock|Device3:inst11|lpm_compare0:inst7|lpm_compare:lpm_compare_component|cmpr_i8j:auto_generated|data_wire[1]            ; out0             ;
; |MainBlock|Device3:inst11|lpm_compare0:inst7|lpm_compare:lpm_compare_component|cmpr_i8j:auto_generated|data_wire[0]         ; |MainBlock|Device3:inst11|lpm_compare0:inst7|lpm_compare:lpm_compare_component|cmpr_i8j:auto_generated|data_wire[0]            ; out0             ;
; |MainBlock|Device3:inst11|lpm_counter0:inst3|lpm_counter:lpm_counter_component|cntr_joi:auto_generated|counter_comb_bita0   ; |MainBlock|Device3:inst11|lpm_counter0:inst3|lpm_counter:lpm_counter_component|cntr_joi:auto_generated|counter_comb_bita0      ; sumout           ;
; |MainBlock|Device3:inst11|lpm_counter0:inst3|lpm_counter:lpm_counter_component|cntr_joi:auto_generated|counter_comb_bita0   ; |MainBlock|Device3:inst11|lpm_counter0:inst3|lpm_counter:lpm_counter_component|cntr_joi:auto_generated|counter_comb_bita0~COUT ; cout             ;
; |MainBlock|Device3:inst11|lpm_counter0:inst3|lpm_counter:lpm_counter_component|cntr_joi:auto_generated|counter_comb_bita1   ; |MainBlock|Device3:inst11|lpm_counter0:inst3|lpm_counter:lpm_counter_component|cntr_joi:auto_generated|counter_comb_bita1      ; sumout           ;
; |MainBlock|Device3:inst11|lpm_counter0:inst3|lpm_counter:lpm_counter_component|cntr_joi:auto_generated|counter_comb_bita1   ; |MainBlock|Device3:inst11|lpm_counter0:inst3|lpm_counter:lpm_counter_component|cntr_joi:auto_generated|counter_comb_bita1~COUT ; cout             ;
; |MainBlock|Device3:inst11|lpm_counter0:inst3|lpm_counter:lpm_counter_component|cntr_joi:auto_generated|counter_comb_bita2   ; |MainBlock|Device3:inst11|lpm_counter0:inst3|lpm_counter:lpm_counter_component|cntr_joi:auto_generated|counter_comb_bita2      ; sumout           ;
; |MainBlock|Device3:inst11|lpm_counter0:inst3|lpm_counter:lpm_counter_component|cntr_joi:auto_generated|counter_comb_bita2   ; |MainBlock|Device3:inst11|lpm_counter0:inst3|lpm_counter:lpm_counter_component|cntr_joi:auto_generated|counter_comb_bita2~COUT ; cout             ;
; |MainBlock|Device3:inst11|lpm_counter0:inst3|lpm_counter:lpm_counter_component|cntr_joi:auto_generated|counter_comb_bita3   ; |MainBlock|Device3:inst11|lpm_counter0:inst3|lpm_counter:lpm_counter_component|cntr_joi:auto_generated|counter_comb_bita3      ; sumout           ;
; |MainBlock|Device3:inst11|lpm_counter0:inst3|lpm_counter:lpm_counter_component|cntr_joi:auto_generated|counter_reg_bit1a[2] ; |MainBlock|Device3:inst11|lpm_counter0:inst3|lpm_counter:lpm_counter_component|cntr_joi:auto_generated|safe_q[2]               ; regout           ;
; |MainBlock|Device3:inst11|lpm_counter0:inst3|lpm_counter:lpm_counter_component|cntr_joi:auto_generated|counter_reg_bit1a[1] ; |MainBlock|Device3:inst11|lpm_counter0:inst3|lpm_counter:lpm_counter_component|cntr_joi:auto_generated|safe_q[1]               ; regout           ;
; |MainBlock|Device3:inst11|lpm_counter0:inst3|lpm_counter:lpm_counter_component|cntr_joi:auto_generated|counter_reg_bit1a[0] ; |MainBlock|Device3:inst11|lpm_counter0:inst3|lpm_counter:lpm_counter_component|cntr_joi:auto_generated|safe_q[0]               ; regout           ;
; |MainBlock|Device3:inst11|lpm_compare1:inst8|lpm_compare:lpm_compare_component|cmpr_i8j:auto_generated|aneb_result_wire[0]  ; |MainBlock|Device3:inst11|lpm_compare1:inst8|lpm_compare:lpm_compare_component|cmpr_i8j:auto_generated|aneb_result_wire[0]     ; out0             ;
; |MainBlock|Device3:inst11|lpm_compare1:inst8|lpm_compare:lpm_compare_component|cmpr_i8j:auto_generated|data_wire[1]         ; |MainBlock|Device3:inst11|lpm_compare1:inst8|lpm_compare:lpm_compare_component|cmpr_i8j:auto_generated|data_wire[1]            ; out0             ;
; |MainBlock|Device3:inst11|lpm_compare1:inst8|lpm_compare:lpm_compare_component|cmpr_i8j:auto_generated|data_wire[0]         ; |MainBlock|Device3:inst11|lpm_compare1:inst8|lpm_compare:lpm_compare_component|cmpr_i8j:auto_generated|data_wire[0]            ; out0             ;
; |MainBlock|Device4:inst4|inst4                                                                                              ; |MainBlock|Device4:inst4|inst4                                                                                                 ; regout           ;
; |MainBlock|Device4:inst4|lpm_compare0:inst7|lpm_compare:lpm_compare_component|cmpr_i8j:auto_generated|aneb_result_wire[0]   ; |MainBlock|Device4:inst4|lpm_compare0:inst7|lpm_compare:lpm_compare_component|cmpr_i8j:auto_generated|aneb_result_wire[0]      ; out0             ;
; |MainBlock|Device4:inst4|lpm_compare0:inst7|lpm_compare:lpm_compare_component|cmpr_i8j:auto_generated|data_wire[1]          ; |MainBlock|Device4:inst4|lpm_compare0:inst7|lpm_compare:lpm_compare_component|cmpr_i8j:auto_generated|data_wire[1]             ; out0             ;
; |MainBlock|Device4:inst4|lpm_compare0:inst7|lpm_compare:lpm_compare_component|cmpr_i8j:auto_generated|data_wire[0]          ; |MainBlock|Device4:inst4|lpm_compare0:inst7|lpm_compare:lpm_compare_component|cmpr_i8j:auto_generated|data_wire[0]             ; out0             ;
; |MainBlock|Device4:inst4|lpm_counter0:inst3|lpm_counter:lpm_counter_component|cntr_joi:auto_generated|counter_comb_bita0    ; |MainBlock|Device4:inst4|lpm_counter0:inst3|lpm_counter:lpm_counter_component|cntr_joi:auto_generated|counter_comb_bita0       ; sumout           ;
; |MainBlock|Device4:inst4|lpm_counter0:inst3|lpm_counter:lpm_counter_component|cntr_joi:auto_generated|counter_comb_bita0    ; |MainBlock|Device4:inst4|lpm_counter0:inst3|lpm_counter:lpm_counter_component|cntr_joi:auto_generated|counter_comb_bita0~COUT  ; cout             ;
; |MainBlock|Device4:inst4|lpm_counter0:inst3|lpm_counter:lpm_counter_component|cntr_joi:auto_generated|counter_comb_bita1    ; |MainBlock|Device4:inst4|lpm_counter0:inst3|lpm_counter:lpm_counter_component|cntr_joi:auto_generated|counter_comb_bita1       ; sumout           ;
; |MainBlock|Device4:inst4|lpm_counter0:inst3|lpm_counter:lpm_counter_component|cntr_joi:auto_generated|counter_comb_bita1    ; |MainBlock|Device4:inst4|lpm_counter0:inst3|lpm_counter:lpm_counter_component|cntr_joi:auto_generated|counter_comb_bita1~COUT  ; cout             ;
; |MainBlock|Device4:inst4|lpm_counter0:inst3|lpm_counter:lpm_counter_component|cntr_joi:auto_generated|counter_comb_bita2    ; |MainBlock|Device4:inst4|lpm_counter0:inst3|lpm_counter:lpm_counter_component|cntr_joi:auto_generated|counter_comb_bita2       ; sumout           ;
; |MainBlock|Device4:inst4|lpm_counter0:inst3|lpm_counter:lpm_counter_component|cntr_joi:auto_generated|counter_comb_bita2    ; |MainBlock|Device4:inst4|lpm_counter0:inst3|lpm_counter:lpm_counter_component|cntr_joi:auto_generated|counter_comb_bita2~COUT  ; cout             ;
; |MainBlock|Device4:inst4|lpm_counter0:inst3|lpm_counter:lpm_counter_component|cntr_joi:auto_generated|counter_comb_bita3    ; |MainBlock|Device4:inst4|lpm_counter0:inst3|lpm_counter:lpm_counter_component|cntr_joi:auto_generated|counter_comb_bita3       ; sumout           ;
; |MainBlock|Device4:inst4|lpm_counter0:inst3|lpm_counter:lpm_counter_component|cntr_joi:auto_generated|counter_reg_bit1a[2]  ; |MainBlock|Device4:inst4|lpm_counter0:inst3|lpm_counter:lpm_counter_component|cntr_joi:auto_generated|safe_q[2]                ; regout           ;
; |MainBlock|Device4:inst4|lpm_counter0:inst3|lpm_counter:lpm_counter_component|cntr_joi:auto_generated|counter_reg_bit1a[1]  ; |MainBlock|Device4:inst4|lpm_counter0:inst3|lpm_counter:lpm_counter_component|cntr_joi:auto_generated|safe_q[1]                ; regout           ;
; |MainBlock|Device4:inst4|lpm_counter0:inst3|lpm_counter:lpm_counter_component|cntr_joi:auto_generated|counter_reg_bit1a[0]  ; |MainBlock|Device4:inst4|lpm_counter0:inst3|lpm_counter:lpm_counter_component|cntr_joi:auto_generated|safe_q[0]                ; regout           ;
; |MainBlock|Device4:inst4|lpm_compare1:inst8|lpm_compare:lpm_compare_component|cmpr_i8j:auto_generated|aneb_result_wire[0]   ; |MainBlock|Device4:inst4|lpm_compare1:inst8|lpm_compare:lpm_compare_component|cmpr_i8j:auto_generated|aneb_result_wire[0]      ; out0             ;
; |MainBlock|Device4:inst4|lpm_compare1:inst8|lpm_compare:lpm_compare_component|cmpr_i8j:auto_generated|data_wire[1]          ; |MainBlock|Device4:inst4|lpm_compare1:inst8|lpm_compare:lpm_compare_component|cmpr_i8j:auto_generated|data_wire[1]             ; out0             ;
; |MainBlock|Device4:inst4|lpm_compare1:inst8|lpm_compare:lpm_compare_component|cmpr_i8j:auto_generated|data_wire[0]          ; |MainBlock|Device4:inst4|lpm_compare1:inst8|lpm_compare:lpm_compare_component|cmpr_i8j:auto_generated|data_wire[0]             ; out0             ;
; |MainBlock|Device3:inst2|inst4                                                                                              ; |MainBlock|Device3:inst2|inst4                                                                                                 ; regout           ;
; |MainBlock|Device3:inst2|lpm_compare0:inst7|lpm_compare:lpm_compare_component|cmpr_i8j:auto_generated|aneb_result_wire[0]   ; |MainBlock|Device3:inst2|lpm_compare0:inst7|lpm_compare:lpm_compare_component|cmpr_i8j:auto_generated|aneb_result_wire[0]      ; out0             ;
; |MainBlock|Device3:inst2|lpm_compare0:inst7|lpm_compare:lpm_compare_component|cmpr_i8j:auto_generated|data_wire[1]          ; |MainBlock|Device3:inst2|lpm_compare0:inst7|lpm_compare:lpm_compare_component|cmpr_i8j:auto_generated|data_wire[1]             ; out0             ;
; |MainBlock|Device3:inst2|lpm_compare0:inst7|lpm_compare:lpm_compare_component|cmpr_i8j:auto_generated|data_wire[0]          ; |MainBlock|Device3:inst2|lpm_compare0:inst7|lpm_compare:lpm_compare_component|cmpr_i8j:auto_generated|data_wire[0]             ; out0             ;
; |MainBlock|Device3:inst2|lpm_counter0:inst3|lpm_counter:lpm_counter_component|cntr_joi:auto_generated|counter_comb_bita0    ; |MainBlock|Device3:inst2|lpm_counter0:inst3|lpm_counter:lpm_counter_component|cntr_joi:auto_generated|counter_comb_bita0       ; sumout           ;
; |MainBlock|Device3:inst2|lpm_counter0:inst3|lpm_counter:lpm_counter_component|cntr_joi:auto_generated|counter_comb_bita0    ; |MainBlock|Device3:inst2|lpm_counter0:inst3|lpm_counter:lpm_counter_component|cntr_joi:auto_generated|counter_comb_bita0~COUT  ; cout             ;
; |MainBlock|Device3:inst2|lpm_counter0:inst3|lpm_counter:lpm_counter_component|cntr_joi:auto_generated|counter_comb_bita1    ; |MainBlock|Device3:inst2|lpm_counter0:inst3|lpm_counter:lpm_counter_component|cntr_joi:auto_generated|counter_comb_bita1       ; sumout           ;
; |MainBlock|Device3:inst2|lpm_counter0:inst3|lpm_counter:lpm_counter_component|cntr_joi:auto_generated|counter_comb_bita1    ; |MainBlock|Device3:inst2|lpm_counter0:inst3|lpm_counter:lpm_counter_component|cntr_joi:auto_generated|counter_comb_bita1~COUT  ; cout             ;
; |MainBlock|Device3:inst2|lpm_counter0:inst3|lpm_counter:lpm_counter_component|cntr_joi:auto_generated|counter_comb_bita2    ; |MainBlock|Device3:inst2|lpm_counter0:inst3|lpm_counter:lpm_counter_component|cntr_joi:auto_generated|counter_comb_bita2       ; sumout           ;
; |MainBlock|Device3:inst2|lpm_counter0:inst3|lpm_counter:lpm_counter_component|cntr_joi:auto_generated|counter_comb_bita2    ; |MainBlock|Device3:inst2|lpm_counter0:inst3|lpm_counter:lpm_counter_component|cntr_joi:auto_generated|counter_comb_bita2~COUT  ; cout             ;
; |MainBlock|Device3:inst2|lpm_counter0:inst3|lpm_counter:lpm_counter_component|cntr_joi:auto_generated|counter_comb_bita3    ; |MainBlock|Device3:inst2|lpm_counter0:inst3|lpm_counter:lpm_counter_component|cntr_joi:auto_generated|counter_comb_bita3       ; sumout           ;
; |MainBlock|Device3:inst2|lpm_counter0:inst3|lpm_counter:lpm_counter_component|cntr_joi:auto_generated|counter_reg_bit1a[2]  ; |MainBlock|Device3:inst2|lpm_counter0:inst3|lpm_counter:lpm_counter_component|cntr_joi:auto_generated|safe_q[2]                ; regout           ;
; |MainBlock|Device3:inst2|lpm_counter0:inst3|lpm_counter:lpm_counter_component|cntr_joi:auto_generated|counter_reg_bit1a[1]  ; |MainBlock|Device3:inst2|lpm_counter0:inst3|lpm_counter:lpm_counter_component|cntr_joi:auto_generated|safe_q[1]                ; regout           ;
; |MainBlock|Device3:inst2|lpm_counter0:inst3|lpm_counter:lpm_counter_component|cntr_joi:auto_generated|counter_reg_bit1a[0]  ; |MainBlock|Device3:inst2|lpm_counter0:inst3|lpm_counter:lpm_counter_component|cntr_joi:auto_generated|safe_q[0]                ; regout           ;
; |MainBlock|Device3:inst2|lpm_compare1:inst8|lpm_compare:lpm_compare_component|cmpr_i8j:auto_generated|aneb_result_wire[0]   ; |MainBlock|Device3:inst2|lpm_compare1:inst8|lpm_compare:lpm_compare_component|cmpr_i8j:auto_generated|aneb_result_wire[0]      ; out0             ;
; |MainBlock|Device3:inst2|lpm_compare1:inst8|lpm_compare:lpm_compare_component|cmpr_i8j:auto_generated|data_wire[1]          ; |MainBlock|Device3:inst2|lpm_compare1:inst8|lpm_compare:lpm_compare_component|cmpr_i8j:auto_generated|data_wire[1]             ; out0             ;
; |MainBlock|Device3:inst2|lpm_compare1:inst8|lpm_compare:lpm_compare_component|cmpr_i8j:auto_generated|data_wire[0]          ; |MainBlock|Device3:inst2|lpm_compare1:inst8|lpm_compare:lpm_compare_component|cmpr_i8j:auto_generated|data_wire[0]             ; out0             ;
; |MainBlock|Device2:inst1|inst4                                                                                              ; |MainBlock|Device2:inst1|inst4                                                                                                 ; regout           ;
; |MainBlock|Device2:inst1|lpm_compare0:inst7|lpm_compare:lpm_compare_component|cmpr_i8j:auto_generated|aneb_result_wire[0]   ; |MainBlock|Device2:inst1|lpm_compare0:inst7|lpm_compare:lpm_compare_component|cmpr_i8j:auto_generated|aneb_result_wire[0]      ; out0             ;
; |MainBlock|Device2:inst1|lpm_compare0:inst7|lpm_compare:lpm_compare_component|cmpr_i8j:auto_generated|data_wire[1]          ; |MainBlock|Device2:inst1|lpm_compare0:inst7|lpm_compare:lpm_compare_component|cmpr_i8j:auto_generated|data_wire[1]             ; out0             ;
; |MainBlock|Device2:inst1|lpm_compare0:inst7|lpm_compare:lpm_compare_component|cmpr_i8j:auto_generated|data_wire[0]          ; |MainBlock|Device2:inst1|lpm_compare0:inst7|lpm_compare:lpm_compare_component|cmpr_i8j:auto_generated|data_wire[0]             ; out0             ;
; |MainBlock|Device2:inst1|lpm_counter0:inst3|lpm_counter:lpm_counter_component|cntr_joi:auto_generated|counter_comb_bita0    ; |MainBlock|Device2:inst1|lpm_counter0:inst3|lpm_counter:lpm_counter_component|cntr_joi:auto_generated|counter_comb_bita0       ; sumout           ;
; |MainBlock|Device2:inst1|lpm_counter0:inst3|lpm_counter:lpm_counter_component|cntr_joi:auto_generated|counter_comb_bita0    ; |MainBlock|Device2:inst1|lpm_counter0:inst3|lpm_counter:lpm_counter_component|cntr_joi:auto_generated|counter_comb_bita0~COUT  ; cout             ;
; |MainBlock|Device2:inst1|lpm_counter0:inst3|lpm_counter:lpm_counter_component|cntr_joi:auto_generated|counter_comb_bita1    ; |MainBlock|Device2:inst1|lpm_counter0:inst3|lpm_counter:lpm_counter_component|cntr_joi:auto_generated|counter_comb_bita1       ; sumout           ;
; |MainBlock|Device2:inst1|lpm_counter0:inst3|lpm_counter:lpm_counter_component|cntr_joi:auto_generated|counter_comb_bita1    ; |MainBlock|Device2:inst1|lpm_counter0:inst3|lpm_counter:lpm_counter_component|cntr_joi:auto_generated|counter_comb_bita1~COUT  ; cout             ;
; |MainBlock|Device2:inst1|lpm_counter0:inst3|lpm_counter:lpm_counter_component|cntr_joi:auto_generated|counter_comb_bita2    ; |MainBlock|Device2:inst1|lpm_counter0:inst3|lpm_counter:lpm_counter_component|cntr_joi:auto_generated|counter_comb_bita2       ; sumout           ;
; |MainBlock|Device2:inst1|lpm_counter0:inst3|lpm_counter:lpm_counter_component|cntr_joi:auto_generated|counter_comb_bita2    ; |MainBlock|Device2:inst1|lpm_counter0:inst3|lpm_counter:lpm_counter_component|cntr_joi:auto_generated|counter_comb_bita2~COUT  ; cout             ;
; |MainBlock|Device2:inst1|lpm_counter0:inst3|lpm_counter:lpm_counter_component|cntr_joi:auto_generated|counter_comb_bita3    ; |MainBlock|Device2:inst1|lpm_counter0:inst3|lpm_counter:lpm_counter_component|cntr_joi:auto_generated|counter_comb_bita3       ; sumout           ;
; |MainBlock|Device2:inst1|lpm_counter0:inst3|lpm_counter:lpm_counter_component|cntr_joi:auto_generated|counter_reg_bit1a[2]  ; |MainBlock|Device2:inst1|lpm_counter0:inst3|lpm_counter:lpm_counter_component|cntr_joi:auto_generated|safe_q[2]                ; regout           ;
; |MainBlock|Device2:inst1|lpm_counter0:inst3|lpm_counter:lpm_counter_component|cntr_joi:auto_generated|counter_reg_bit1a[1]  ; |MainBlock|Device2:inst1|lpm_counter0:inst3|lpm_counter:lpm_counter_component|cntr_joi:auto_generated|safe_q[1]                ; regout           ;
; |MainBlock|Device2:inst1|lpm_counter0:inst3|lpm_counter:lpm_counter_component|cntr_joi:auto_generated|counter_reg_bit1a[0]  ; |MainBlock|Device2:inst1|lpm_counter0:inst3|lpm_counter:lpm_counter_component|cntr_joi:auto_generated|safe_q[0]                ; regout           ;
; |MainBlock|Device2:inst1|lpm_compare1:inst8|lpm_compare:lpm_compare_component|cmpr_i8j:auto_generated|aneb_result_wire[0]   ; |MainBlock|Device2:inst1|lpm_compare1:inst8|lpm_compare:lpm_compare_component|cmpr_i8j:auto_generated|aneb_result_wire[0]      ; out0             ;
; |MainBlock|Device2:inst1|lpm_compare1:inst8|lpm_compare:lpm_compare_component|cmpr_i8j:auto_generated|data_wire[1]          ; |MainBlock|Device2:inst1|lpm_compare1:inst8|lpm_compare:lpm_compare_component|cmpr_i8j:auto_generated|data_wire[1]             ; out0             ;
; |MainBlock|Device2:inst1|lpm_compare1:inst8|lpm_compare:lpm_compare_component|cmpr_i8j:auto_generated|data_wire[0]          ; |MainBlock|Device2:inst1|lpm_compare1:inst8|lpm_compare:lpm_compare_component|cmpr_i8j:auto_generated|data_wire[0]             ; out0             ;
; |MainBlock|Arbitor:inst3|inst5                                                                                              ; |MainBlock|Arbitor:inst3|inst5                                                                                                 ; regout           ;
; |MainBlock|Arbitor:inst3|inst11                                                                                             ; |MainBlock|Arbitor:inst3|inst11                                                                                                ; out0             ;
; |MainBlock|Arbitor:inst3|inst2                                                                                              ; |MainBlock|Arbitor:inst3|inst2                                                                                                 ; out0             ;
; |MainBlock|Arbitor:inst3|inst6                                                                                              ; |MainBlock|Arbitor:inst3|inst6                                                                                                 ; regout           ;
; |MainBlock|Arbitor:inst3|inst13                                                                                             ; |MainBlock|Arbitor:inst3|inst13                                                                                                ; out0             ;
; |MainBlock|Arbitor:inst3|inst4                                                                                              ; |MainBlock|Arbitor:inst3|inst4                                                                                                 ; out0             ;
; |MainBlock|Arbitor:inst3|inst7                                                                                              ; |MainBlock|Arbitor:inst3|inst7                                                                                                 ; regout           ;
; |MainBlock|Arbitor:inst3|inst15                                                                                             ; |MainBlock|Arbitor:inst3|inst15                                                                                                ; out0             ;
; |MainBlock|Arbitor:inst3|inst8                                                                                              ; |MainBlock|Arbitor:inst3|inst8                                                                                                 ; out0             ;
; |MainBlock|Arbitor:inst3|inst14                                                                                             ; |MainBlock|Arbitor:inst3|inst14                                                                                                ; regout           ;
; |MainBlock|Arbitor:inst3|inst17                                                                                             ; |MainBlock|Arbitor:inst3|inst17                                                                                                ; out0             ;
; |MainBlock|Arbitor:inst3|inst18                                                                                             ; |MainBlock|Arbitor:inst3|inst18                                                                                                ; out0             ;
; |MainBlock|Arbitor:inst3|inst9                                                                                              ; |MainBlock|Arbitor:inst3|inst9                                                                                                 ; regout           ;
; |MainBlock|Arbitor:inst3|inst16                                                                                             ; |MainBlock|Arbitor:inst3|inst16                                                                                                ; out0             ;
; |MainBlock|Arbitor:inst3|inst12                                                                                             ; |MainBlock|Arbitor:inst3|inst12                                                                                                ; out0             ;
; |MainBlock|Arbitor:inst3|inst3                                                                                              ; |MainBlock|Arbitor:inst3|inst3                                                                                                 ; out0             ;
; |MainBlock|Arbitor:inst3|lpm_compare2:inst1|lpm_compare:lpm_compare_component|cmpr_i8j:auto_generated|aneb_result_wire[0]   ; |MainBlock|Arbitor:inst3|lpm_compare2:inst1|lpm_compare:lpm_compare_component|cmpr_i8j:auto_generated|aneb_result_wire[0]      ; out0             ;
; |MainBlock|Arbitor:inst3|lpm_compare2:inst1|lpm_compare:lpm_compare_component|cmpr_i8j:auto_generated|data_wire[1]          ; |MainBlock|Arbitor:inst3|lpm_compare2:inst1|lpm_compare:lpm_compare_component|cmpr_i8j:auto_generated|data_wire[1]             ; out0             ;
; |MainBlock|Arbitor:inst3|lpm_compare2:inst1|lpm_compare:lpm_compare_component|cmpr_i8j:auto_generated|data_wire[0]          ; |MainBlock|Arbitor:inst3|lpm_compare2:inst1|lpm_compare:lpm_compare_component|cmpr_i8j:auto_generated|data_wire[0]             ; out0             ;
; |MainBlock|Arbitor:inst3|lpm_counter0:inst|lpm_counter:lpm_counter_component|cntr_joi:auto_generated|counter_comb_bita0     ; |MainBlock|Arbitor:inst3|lpm_counter0:inst|lpm_counter:lpm_counter_component|cntr_joi:auto_generated|counter_comb_bita0        ; sumout           ;
; |MainBlock|Arbitor:inst3|lpm_counter0:inst|lpm_counter:lpm_counter_component|cntr_joi:auto_generated|counter_comb_bita0     ; |MainBlock|Arbitor:inst3|lpm_counter0:inst|lpm_counter:lpm_counter_component|cntr_joi:auto_generated|counter_comb_bita0~COUT   ; cout             ;
; |MainBlock|Arbitor:inst3|lpm_counter0:inst|lpm_counter:lpm_counter_component|cntr_joi:auto_generated|counter_comb_bita1     ; |MainBlock|Arbitor:inst3|lpm_counter0:inst|lpm_counter:lpm_counter_component|cntr_joi:auto_generated|counter_comb_bita1        ; sumout           ;
; |MainBlock|Arbitor:inst3|lpm_counter0:inst|lpm_counter:lpm_counter_component|cntr_joi:auto_generated|counter_comb_bita1     ; |MainBlock|Arbitor:inst3|lpm_counter0:inst|lpm_counter:lpm_counter_component|cntr_joi:auto_generated|counter_comb_bita1~COUT   ; cout             ;
; |MainBlock|Arbitor:inst3|lpm_counter0:inst|lpm_counter:lpm_counter_component|cntr_joi:auto_generated|counter_comb_bita2     ; |MainBlock|Arbitor:inst3|lpm_counter0:inst|lpm_counter:lpm_counter_component|cntr_joi:auto_generated|counter_comb_bita2        ; sumout           ;
; |MainBlock|Arbitor:inst3|lpm_counter0:inst|lpm_counter:lpm_counter_component|cntr_joi:auto_generated|counter_comb_bita2     ; |MainBlock|Arbitor:inst3|lpm_counter0:inst|lpm_counter:lpm_counter_component|cntr_joi:auto_generated|counter_comb_bita2~COUT   ; cout             ;
; |MainBlock|Arbitor:inst3|lpm_counter0:inst|lpm_counter:lpm_counter_component|cntr_joi:auto_generated|counter_comb_bita3     ; |MainBlock|Arbitor:inst3|lpm_counter0:inst|lpm_counter:lpm_counter_component|cntr_joi:auto_generated|counter_comb_bita3        ; sumout           ;
; |MainBlock|Arbitor:inst3|lpm_counter0:inst|lpm_counter:lpm_counter_component|cntr_joi:auto_generated|counter_reg_bit1a[2]   ; |MainBlock|Arbitor:inst3|lpm_counter0:inst|lpm_counter:lpm_counter_component|cntr_joi:auto_generated|safe_q[2]                 ; regout           ;
; |MainBlock|Arbitor:inst3|lpm_counter0:inst|lpm_counter:lpm_counter_component|cntr_joi:auto_generated|counter_reg_bit1a[1]   ; |MainBlock|Arbitor:inst3|lpm_counter0:inst|lpm_counter:lpm_counter_component|cntr_joi:auto_generated|safe_q[1]                 ; regout           ;
; |MainBlock|Arbitor:inst3|lpm_counter0:inst|lpm_counter:lpm_counter_component|cntr_joi:auto_generated|counter_reg_bit1a[0]   ; |MainBlock|Arbitor:inst3|lpm_counter0:inst|lpm_counter:lpm_counter_component|cntr_joi:auto_generated|safe_q[0]                 ; regout           ;
; |MainBlock|Arbitor:inst3|lpm_decode0:inst10|lpm_decode:lpm_decode_component|decode_e9f:auto_generated|w_anode21w[3]         ; |MainBlock|Arbitor:inst3|lpm_decode0:inst10|lpm_decode:lpm_decode_component|decode_e9f:auto_generated|w_anode21w[3]            ; out0             ;
; |MainBlock|Arbitor:inst3|lpm_decode0:inst10|lpm_decode:lpm_decode_component|decode_e9f:auto_generated|w_anode21w[2]         ; |MainBlock|Arbitor:inst3|lpm_decode0:inst10|lpm_decode:lpm_decode_component|decode_e9f:auto_generated|w_anode21w[2]            ; out0             ;
; |MainBlock|Arbitor:inst3|lpm_decode0:inst10|lpm_decode:lpm_decode_component|decode_e9f:auto_generated|w_anode21w[1]         ; |MainBlock|Arbitor:inst3|lpm_decode0:inst10|lpm_decode:lpm_decode_component|decode_e9f:auto_generated|w_anode21w[1]            ; out0             ;
; |MainBlock|Arbitor:inst3|lpm_decode0:inst10|lpm_decode:lpm_decode_component|decode_e9f:auto_generated|w_anode31w[3]         ; |MainBlock|Arbitor:inst3|lpm_decode0:inst10|lpm_decode:lpm_decode_component|decode_e9f:auto_generated|w_anode31w[3]            ; out0             ;
; |MainBlock|Arbitor:inst3|lpm_decode0:inst10|lpm_decode:lpm_decode_component|decode_e9f:auto_generated|w_anode31w[2]         ; |MainBlock|Arbitor:inst3|lpm_decode0:inst10|lpm_decode:lpm_decode_component|decode_e9f:auto_generated|w_anode31w[2]            ; out0             ;
; |MainBlock|Arbitor:inst3|lpm_decode0:inst10|lpm_decode:lpm_decode_component|decode_e9f:auto_generated|w_anode31w[1]         ; |MainBlock|Arbitor:inst3|lpm_decode0:inst10|lpm_decode:lpm_decode_component|decode_e9f:auto_generated|w_anode31w[1]            ; out0             ;
; |MainBlock|Arbitor:inst3|lpm_decode0:inst10|lpm_decode:lpm_decode_component|decode_e9f:auto_generated|w_anode41w[3]         ; |MainBlock|Arbitor:inst3|lpm_decode0:inst10|lpm_decode:lpm_decode_component|decode_e9f:auto_generated|w_anode41w[3]            ; out0             ;
; |MainBlock|Arbitor:inst3|lpm_decode0:inst10|lpm_decode:lpm_decode_component|decode_e9f:auto_generated|w_anode41w[2]         ; |MainBlock|Arbitor:inst3|lpm_decode0:inst10|lpm_decode:lpm_decode_component|decode_e9f:auto_generated|w_anode41w[2]            ; out0             ;
; |MainBlock|Arbitor:inst3|lpm_decode0:inst10|lpm_decode:lpm_decode_component|decode_e9f:auto_generated|w_anode41w[1]         ; |MainBlock|Arbitor:inst3|lpm_decode0:inst10|lpm_decode:lpm_decode_component|decode_e9f:auto_generated|w_anode41w[1]            ; out0             ;
; |MainBlock|Arbitor:inst3|lpm_decode0:inst10|lpm_decode:lpm_decode_component|decode_e9f:auto_generated|w_anode4w[3]          ; |MainBlock|Arbitor:inst3|lpm_decode0:inst10|lpm_decode:lpm_decode_component|decode_e9f:auto_generated|w_anode4w[3]             ; out0             ;
; |MainBlock|Arbitor:inst3|lpm_decode0:inst10|lpm_decode:lpm_decode_component|decode_e9f:auto_generated|w_anode4w[2]          ; |MainBlock|Arbitor:inst3|lpm_decode0:inst10|lpm_decode:lpm_decode_component|decode_e9f:auto_generated|w_anode4w[2]             ; out0             ;
; |MainBlock|Arbitor:inst3|lpm_decode0:inst10|lpm_decode:lpm_decode_component|decode_e9f:auto_generated|w_anode4w[1]          ; |MainBlock|Arbitor:inst3|lpm_decode0:inst10|lpm_decode:lpm_decode_component|decode_e9f:auto_generated|w_anode4w[1]             ; out0             ;
; |MainBlock|Arbitor:inst3|lpm_decode0:inst10|lpm_decode:lpm_decode_component|decode_e9f:auto_generated|w_anode51w[3]         ; |MainBlock|Arbitor:inst3|lpm_decode0:inst10|lpm_decode:lpm_decode_component|decode_e9f:auto_generated|w_anode51w[3]            ; out0             ;
; |MainBlock|Arbitor:inst3|lpm_decode0:inst10|lpm_decode:lpm_decode_component|decode_e9f:auto_generated|w_anode51w[2]         ; |MainBlock|Arbitor:inst3|lpm_decode0:inst10|lpm_decode:lpm_decode_component|decode_e9f:auto_generated|w_anode51w[2]            ; out0             ;
; |MainBlock|Arbitor:inst3|lpm_decode0:inst10|lpm_decode:lpm_decode_component|decode_e9f:auto_generated|w_anode51w[1]         ; |MainBlock|Arbitor:inst3|lpm_decode0:inst10|lpm_decode:lpm_decode_component|decode_e9f:auto_generated|w_anode51w[1]            ; out0             ;
; |MainBlock|Device1:inst|inst4                                                                                               ; |MainBlock|Device1:inst|inst4                                                                                                  ; regout           ;
; |MainBlock|Device1:inst|lpm_compare0:inst7|lpm_compare:lpm_compare_component|cmpr_i8j:auto_generated|aneb_result_wire[0]    ; |MainBlock|Device1:inst|lpm_compare0:inst7|lpm_compare:lpm_compare_component|cmpr_i8j:auto_generated|aneb_result_wire[0]       ; out0             ;
; |MainBlock|Device1:inst|lpm_compare0:inst7|lpm_compare:lpm_compare_component|cmpr_i8j:auto_generated|data_wire[1]           ; |MainBlock|Device1:inst|lpm_compare0:inst7|lpm_compare:lpm_compare_component|cmpr_i8j:auto_generated|data_wire[1]              ; out0             ;
; |MainBlock|Device1:inst|lpm_compare0:inst7|lpm_compare:lpm_compare_component|cmpr_i8j:auto_generated|data_wire[0]           ; |MainBlock|Device1:inst|lpm_compare0:inst7|lpm_compare:lpm_compare_component|cmpr_i8j:auto_generated|data_wire[0]              ; out0             ;
; |MainBlock|Device1:inst|lpm_counter0:inst3|lpm_counter:lpm_counter_component|cntr_joi:auto_generated|counter_comb_bita0     ; |MainBlock|Device1:inst|lpm_counter0:inst3|lpm_counter:lpm_counter_component|cntr_joi:auto_generated|counter_comb_bita0        ; sumout           ;
; |MainBlock|Device1:inst|lpm_counter0:inst3|lpm_counter:lpm_counter_component|cntr_joi:auto_generated|counter_comb_bita0     ; |MainBlock|Device1:inst|lpm_counter0:inst3|lpm_counter:lpm_counter_component|cntr_joi:auto_generated|counter_comb_bita0~COUT   ; cout             ;
; |MainBlock|Device1:inst|lpm_counter0:inst3|lpm_counter:lpm_counter_component|cntr_joi:auto_generated|counter_comb_bita1     ; |MainBlock|Device1:inst|lpm_counter0:inst3|lpm_counter:lpm_counter_component|cntr_joi:auto_generated|counter_comb_bita1        ; sumout           ;
; |MainBlock|Device1:inst|lpm_counter0:inst3|lpm_counter:lpm_counter_component|cntr_joi:auto_generated|counter_comb_bita1     ; |MainBlock|Device1:inst|lpm_counter0:inst3|lpm_counter:lpm_counter_component|cntr_joi:auto_generated|counter_comb_bita1~COUT   ; cout             ;
; |MainBlock|Device1:inst|lpm_counter0:inst3|lpm_counter:lpm_counter_component|cntr_joi:auto_generated|counter_comb_bita2     ; |MainBlock|Device1:inst|lpm_counter0:inst3|lpm_counter:lpm_counter_component|cntr_joi:auto_generated|counter_comb_bita2        ; sumout           ;
; |MainBlock|Device1:inst|lpm_counter0:inst3|lpm_counter:lpm_counter_component|cntr_joi:auto_generated|counter_comb_bita2     ; |MainBlock|Device1:inst|lpm_counter0:inst3|lpm_counter:lpm_counter_component|cntr_joi:auto_generated|counter_comb_bita2~COUT   ; cout             ;
; |MainBlock|Device1:inst|lpm_counter0:inst3|lpm_counter:lpm_counter_component|cntr_joi:auto_generated|counter_comb_bita3     ; |MainBlock|Device1:inst|lpm_counter0:inst3|lpm_counter:lpm_counter_component|cntr_joi:auto_generated|counter_comb_bita3        ; sumout           ;
; |MainBlock|Device1:inst|lpm_counter0:inst3|lpm_counter:lpm_counter_component|cntr_joi:auto_generated|counter_reg_bit1a[2]   ; |MainBlock|Device1:inst|lpm_counter0:inst3|lpm_counter:lpm_counter_component|cntr_joi:auto_generated|safe_q[2]                 ; regout           ;
; |MainBlock|Device1:inst|lpm_counter0:inst3|lpm_counter:lpm_counter_component|cntr_joi:auto_generated|counter_reg_bit1a[1]   ; |MainBlock|Device1:inst|lpm_counter0:inst3|lpm_counter:lpm_counter_component|cntr_joi:auto_generated|safe_q[1]                 ; regout           ;
; |MainBlock|Device1:inst|lpm_counter0:inst3|lpm_counter:lpm_counter_component|cntr_joi:auto_generated|counter_reg_bit1a[0]   ; |MainBlock|Device1:inst|lpm_counter0:inst3|lpm_counter:lpm_counter_component|cntr_joi:auto_generated|safe_q[0]                 ; regout           ;
; |MainBlock|Device1:inst|lpm_compare1:inst8|lpm_compare:lpm_compare_component|cmpr_i8j:auto_generated|aneb_result_wire[0]    ; |MainBlock|Device1:inst|lpm_compare1:inst8|lpm_compare:lpm_compare_component|cmpr_i8j:auto_generated|aneb_result_wire[0]       ; out0             ;
; |MainBlock|Device1:inst|lpm_compare1:inst8|lpm_compare:lpm_compare_component|cmpr_i8j:auto_generated|data_wire[1]           ; |MainBlock|Device1:inst|lpm_compare1:inst8|lpm_compare:lpm_compare_component|cmpr_i8j:auto_generated|data_wire[1]              ; out0             ;
; |MainBlock|Device1:inst|lpm_compare1:inst8|lpm_compare:lpm_compare_component|cmpr_i8j:auto_generated|data_wire[0]           ; |MainBlock|Device1:inst|lpm_compare1:inst8|lpm_compare:lpm_compare_component|cmpr_i8j:auto_generated|data_wire[0]              ; out0             ;
+-----------------------------------------------------------------------------------------------------------------------------+--------------------------------------------------------------------------------------------------------------------------------+------------------+


The following table displays output ports that do not toggle to 1 during simulation.
+-------------------------------------------------------------------------------------------------------------------------------------------------------------------------------------------------------------------------------------------------------------------+
; Missing 1-Value Coverage                                                                                                                                                                                                                                          ;
+-----------------------------------------------------------------------------------------------------------------------------+------------------------------------------------------------------------------------------------------------------+------------------+
; Node Name                                                                                                                   ; Output Port Name                                                                                                 ; Output Port Type ;
+-----------------------------------------------------------------------------------------------------------------------------+------------------------------------------------------------------------------------------------------------------+------------------+
; |MainBlock|gdfx_temp0[7]                                                                                                    ; |MainBlock|gdfx_temp0[7]                                                                                         ; out0             ;
; |MainBlock|gdfx_temp0[6]                                                                                                    ; |MainBlock|gdfx_temp0[6]                                                                                         ; out0             ;
; |MainBlock|data1[7]                                                                                                         ; |MainBlock|data1[7]                                                                                              ; pin_out          ;
; |MainBlock|data1[6]                                                                                                         ; |MainBlock|data1[6]                                                                                              ; pin_out          ;
; |MainBlock|data1[4]                                                                                                         ; |MainBlock|data1[4]                                                                                              ; pin_out          ;
; |MainBlock|data2[7]                                                                                                         ; |MainBlock|data2[7]                                                                                              ; pin_out          ;
; |MainBlock|data2[6]                                                                                                         ; |MainBlock|data2[6]                                                                                              ; pin_out          ;
; |MainBlock|data2[5]                                                                                                         ; |MainBlock|data2[5]                                                                                              ; pin_out          ;
; |MainBlock|data2[3]                                                                                                         ; |MainBlock|data2[3]                                                                                              ; pin_out          ;
; |MainBlock|data2[0]                                                                                                         ; |MainBlock|data2[0]                                                                                              ; pin_out          ;
; |MainBlock|data3[7]                                                                                                         ; |MainBlock|data3[7]                                                                                              ; pin_out          ;
; |MainBlock|data3[6]                                                                                                         ; |MainBlock|data3[6]                                                                                              ; pin_out          ;
; |MainBlock|data3[3]                                                                                                         ; |MainBlock|data3[3]                                                                                              ; pin_out          ;
; |MainBlock|lpm_dff1:inst7|lpm_ff:lpm_ff_component|dffs[7]                                                                   ; |MainBlock|lpm_dff1:inst7|lpm_ff:lpm_ff_component|dffs[7]                                                        ; regout           ;
; |MainBlock|lpm_dff1:inst7|lpm_ff:lpm_ff_component|dffs[6]                                                                   ; |MainBlock|lpm_dff1:inst7|lpm_ff:lpm_ff_component|dffs[6]                                                        ; regout           ;
; |MainBlock|lpm_dff1:inst7|lpm_ff:lpm_ff_component|dffs[3]                                                                   ; |MainBlock|lpm_dff1:inst7|lpm_ff:lpm_ff_component|dffs[3]                                                        ; regout           ;
; |MainBlock|lpm_dff1:inst5|lpm_ff:lpm_ff_component|dffs[7]                                                                   ; |MainBlock|lpm_dff1:inst5|lpm_ff:lpm_ff_component|dffs[7]                                                        ; regout           ;
; |MainBlock|lpm_dff1:inst5|lpm_ff:lpm_ff_component|dffs[6]                                                                   ; |MainBlock|lpm_dff1:inst5|lpm_ff:lpm_ff_component|dffs[6]                                                        ; regout           ;
; |MainBlock|lpm_dff1:inst5|lpm_ff:lpm_ff_component|dffs[5]                                                                   ; |MainBlock|lpm_dff1:inst5|lpm_ff:lpm_ff_component|dffs[5]                                                        ; regout           ;
; |MainBlock|lpm_dff1:inst5|lpm_ff:lpm_ff_component|dffs[3]                                                                   ; |MainBlock|lpm_dff1:inst5|lpm_ff:lpm_ff_component|dffs[3]                                                        ; regout           ;
; |MainBlock|lpm_dff1:inst5|lpm_ff:lpm_ff_component|dffs[0]                                                                   ; |MainBlock|lpm_dff1:inst5|lpm_ff:lpm_ff_component|dffs[0]                                                        ; regout           ;
; |MainBlock|lpm_dff1:inst6|lpm_ff:lpm_ff_component|dffs[7]                                                                   ; |MainBlock|lpm_dff1:inst6|lpm_ff:lpm_ff_component|dffs[7]                                                        ; regout           ;
; |MainBlock|lpm_dff1:inst6|lpm_ff:lpm_ff_component|dffs[6]                                                                   ; |MainBlock|lpm_dff1:inst6|lpm_ff:lpm_ff_component|dffs[6]                                                        ; regout           ;
; |MainBlock|lpm_dff1:inst6|lpm_ff:lpm_ff_component|dffs[4]                                                                   ; |MainBlock|lpm_dff1:inst6|lpm_ff:lpm_ff_component|dffs[4]                                                        ; regout           ;
; |MainBlock|Device3:inst11|lpm_bustri0:inst6|lpm_bustri:lpm_bustri_component|dout[7]                                         ; |MainBlock|Device3:inst11|lpm_bustri0:inst6|lpm_bustri:lpm_bustri_component|dout[7]                              ; out              ;
; |MainBlock|Device3:inst11|lpm_bustri0:inst6|lpm_bustri:lpm_bustri_component|dout[6]                                         ; |MainBlock|Device3:inst11|lpm_bustri0:inst6|lpm_bustri:lpm_bustri_component|dout[6]                              ; out              ;
; |MainBlock|Device3:inst11|lpm_bustri0:inst6|lpm_bustri:lpm_bustri_component|dout[3]                                         ; |MainBlock|Device3:inst11|lpm_bustri0:inst6|lpm_bustri:lpm_bustri_component|dout[3]                              ; out              ;
; |MainBlock|Device3:inst11|lpm_counter0:inst3|lpm_counter:lpm_counter_component|cntr_joi:auto_generated|counter_reg_bit1a[3] ; |MainBlock|Device3:inst11|lpm_counter0:inst3|lpm_counter:lpm_counter_component|cntr_joi:auto_generated|safe_q[3] ; regout           ;
; |MainBlock|Device4:inst4|lpm_bustri0:inst6|lpm_bustri:lpm_bustri_component|dout[7]                                          ; |MainBlock|Device4:inst4|lpm_bustri0:inst6|lpm_bustri:lpm_bustri_component|dout[7]                               ; out              ;
; |MainBlock|Device4:inst4|lpm_bustri0:inst6|lpm_bustri:lpm_bustri_component|dout[6]                                          ; |MainBlock|Device4:inst4|lpm_bustri0:inst6|lpm_bustri:lpm_bustri_component|dout[6]                               ; out              ;
; |MainBlock|Device4:inst4|lpm_bustri0:inst6|lpm_bustri:lpm_bustri_component|dout[4]                                          ; |MainBlock|Device4:inst4|lpm_bustri0:inst6|lpm_bustri:lpm_bustri_component|dout[4]                               ; out              ;
; |MainBlock|Device4:inst4|lpm_bustri0:inst6|lpm_bustri:lpm_bustri_component|dout[1]                                          ; |MainBlock|Device4:inst4|lpm_bustri0:inst6|lpm_bustri:lpm_bustri_component|dout[1]                               ; out              ;
; |MainBlock|Device4:inst4|lpm_bustri0:inst6|lpm_bustri:lpm_bustri_component|dout[0]                                          ; |MainBlock|Device4:inst4|lpm_bustri0:inst6|lpm_bustri:lpm_bustri_component|dout[0]                               ; out              ;
; |MainBlock|Device4:inst4|lpm_counter0:inst3|lpm_counter:lpm_counter_component|cntr_joi:auto_generated|counter_reg_bit1a[3]  ; |MainBlock|Device4:inst4|lpm_counter0:inst3|lpm_counter:lpm_counter_component|cntr_joi:auto_generated|safe_q[3]  ; regout           ;
; |MainBlock|Device3:inst2|lpm_bustri0:inst6|lpm_bustri:lpm_bustri_component|dout[7]                                          ; |MainBlock|Device3:inst2|lpm_bustri0:inst6|lpm_bustri:lpm_bustri_component|dout[7]                               ; out              ;
; |MainBlock|Device3:inst2|lpm_bustri0:inst6|lpm_bustri:lpm_bustri_component|dout[6]                                          ; |MainBlock|Device3:inst2|lpm_bustri0:inst6|lpm_bustri:lpm_bustri_component|dout[6]                               ; out              ;
; |MainBlock|Device3:inst2|lpm_bustri0:inst6|lpm_bustri:lpm_bustri_component|dout[3]                                          ; |MainBlock|Device3:inst2|lpm_bustri0:inst6|lpm_bustri:lpm_bustri_component|dout[3]                               ; out              ;
; |MainBlock|Device3:inst2|lpm_counter0:inst3|lpm_counter:lpm_counter_component|cntr_joi:auto_generated|counter_reg_bit1a[3]  ; |MainBlock|Device3:inst2|lpm_counter0:inst3|lpm_counter:lpm_counter_component|cntr_joi:auto_generated|safe_q[3]  ; regout           ;
; |MainBlock|Device2:inst1|lpm_bustri0:inst6|lpm_bustri:lpm_bustri_component|dout[7]                                          ; |MainBlock|Device2:inst1|lpm_bustri0:inst6|lpm_bustri:lpm_bustri_component|dout[7]                               ; out              ;
; |MainBlock|Device2:inst1|lpm_bustri0:inst6|lpm_bustri:lpm_bustri_component|dout[6]                                          ; |MainBlock|Device2:inst1|lpm_bustri0:inst6|lpm_bustri:lpm_bustri_component|dout[6]                               ; out              ;
; |MainBlock|Device2:inst1|lpm_bustri0:inst6|lpm_bustri:lpm_bustri_component|dout[5]                                          ; |MainBlock|Device2:inst1|lpm_bustri0:inst6|lpm_bustri:lpm_bustri_component|dout[5]                               ; out              ;
; |MainBlock|Device2:inst1|lpm_bustri0:inst6|lpm_bustri:lpm_bustri_component|dout[3]                                          ; |MainBlock|Device2:inst1|lpm_bustri0:inst6|lpm_bustri:lpm_bustri_component|dout[3]                               ; out              ;
; |MainBlock|Device2:inst1|lpm_bustri0:inst6|lpm_bustri:lpm_bustri_component|dout[0]                                          ; |MainBlock|Device2:inst1|lpm_bustri0:inst6|lpm_bustri:lpm_bustri_component|dout[0]                               ; out              ;
; |MainBlock|Device2:inst1|lpm_counter0:inst3|lpm_counter:lpm_counter_component|cntr_joi:auto_generated|counter_reg_bit1a[3]  ; |MainBlock|Device2:inst1|lpm_counter0:inst3|lpm_counter:lpm_counter_component|cntr_joi:auto_generated|safe_q[3]  ; regout           ;
; |MainBlock|Arbitor:inst3|lpm_counter0:inst|lpm_counter:lpm_counter_component|cntr_joi:auto_generated|counter_reg_bit1a[3]   ; |MainBlock|Arbitor:inst3|lpm_counter0:inst|lpm_counter:lpm_counter_component|cntr_joi:auto_generated|safe_q[3]   ; regout           ;
; |MainBlock|Device1:inst|lpm_bustri0:inst6|lpm_bustri:lpm_bustri_component|dout[7]                                           ; |MainBlock|Device1:inst|lpm_bustri0:inst6|lpm_bustri:lpm_bustri_component|dout[7]                                ; out              ;
; |MainBlock|Device1:inst|lpm_bustri0:inst6|lpm_bustri:lpm_bustri_component|dout[6]                                           ; |MainBlock|Device1:inst|lpm_bustri0:inst6|lpm_bustri:lpm_bustri_component|dout[6]                                ; out              ;
; |MainBlock|Device1:inst|lpm_bustri0:inst6|lpm_bustri:lpm_bustri_component|dout[5]                                           ; |MainBlock|Device1:inst|lpm_bustri0:inst6|lpm_bustri:lpm_bustri_component|dout[5]                                ; out              ;
; |MainBlock|Device1:inst|lpm_bustri0:inst6|lpm_bustri:lpm_bustri_component|dout[4]                                           ; |MainBlock|Device1:inst|lpm_bustri0:inst6|lpm_bustri:lpm_bustri_component|dout[4]                                ; out              ;
; |MainBlock|Device1:inst|lpm_bustri0:inst6|lpm_bustri:lpm_bustri_component|dout[2]                                           ; |MainBlock|Device1:inst|lpm_bustri0:inst6|lpm_bustri:lpm_bustri_component|dout[2]                                ; out              ;
; |MainBlock|Device1:inst|lpm_counter0:inst3|lpm_counter:lpm_counter_component|cntr_joi:auto_generated|counter_reg_bit1a[3]   ; |MainBlock|Device1:inst|lpm_counter0:inst3|lpm_counter:lpm_counter_component|cntr_joi:auto_generated|safe_q[3]   ; regout           ;
+-----------------------------------------------------------------------------------------------------------------------------+------------------------------------------------------------------------------------------------------------------+------------------+


The following table displays output ports that do not toggle to 0 during simulation.
+-------------------------------------------------------------------------------------------------------------------------------------------------------------------------------------------------------------------------------------------------------------------+
; Missing 0-Value Coverage                                                                                                                                                                                                                                          ;
+-----------------------------------------------------------------------------------------------------------------------------+------------------------------------------------------------------------------------------------------------------+------------------+
; Node Name                                                                                                                   ; Output Port Name                                                                                                 ; Output Port Type ;
+-----------------------------------------------------------------------------------------------------------------------------+------------------------------------------------------------------------------------------------------------------+------------------+
; |MainBlock|data1[3]                                                                                                         ; |MainBlock|data1[3]                                                                                              ; pin_out          ;
; |MainBlock|data2[4]                                                                                                         ; |MainBlock|data2[4]                                                                                              ; pin_out          ;
; |MainBlock|data2[2]                                                                                                         ; |MainBlock|data2[2]                                                                                              ; pin_out          ;
; |MainBlock|data2[1]                                                                                                         ; |MainBlock|data2[1]                                                                                              ; pin_out          ;
; |MainBlock|data3[5]                                                                                                         ; |MainBlock|data3[5]                                                                                              ; pin_out          ;
; |MainBlock|data3[4]                                                                                                         ; |MainBlock|data3[4]                                                                                              ; pin_out          ;
; |MainBlock|data3[2]                                                                                                         ; |MainBlock|data3[2]                                                                                              ; pin_out          ;
; |MainBlock|data3[1]                                                                                                         ; |MainBlock|data3[1]                                                                                              ; pin_out          ;
; |MainBlock|data3[0]                                                                                                         ; |MainBlock|data3[0]                                                                                              ; pin_out          ;
; |MainBlock|lpm_dff1:inst7|lpm_ff:lpm_ff_component|dffs[5]                                                                   ; |MainBlock|lpm_dff1:inst7|lpm_ff:lpm_ff_component|dffs[5]                                                        ; regout           ;
; |MainBlock|lpm_dff1:inst7|lpm_ff:lpm_ff_component|dffs[4]                                                                   ; |MainBlock|lpm_dff1:inst7|lpm_ff:lpm_ff_component|dffs[4]                                                        ; regout           ;
; |MainBlock|lpm_dff1:inst7|lpm_ff:lpm_ff_component|dffs[2]                                                                   ; |MainBlock|lpm_dff1:inst7|lpm_ff:lpm_ff_component|dffs[2]                                                        ; regout           ;
; |MainBlock|lpm_dff1:inst7|lpm_ff:lpm_ff_component|dffs[1]                                                                   ; |MainBlock|lpm_dff1:inst7|lpm_ff:lpm_ff_component|dffs[1]                                                        ; regout           ;
; |MainBlock|lpm_dff1:inst7|lpm_ff:lpm_ff_component|dffs[0]                                                                   ; |MainBlock|lpm_dff1:inst7|lpm_ff:lpm_ff_component|dffs[0]                                                        ; regout           ;
; |MainBlock|lpm_dff1:inst5|lpm_ff:lpm_ff_component|dffs[4]                                                                   ; |MainBlock|lpm_dff1:inst5|lpm_ff:lpm_ff_component|dffs[4]                                                        ; regout           ;
; |MainBlock|lpm_dff1:inst5|lpm_ff:lpm_ff_component|dffs[2]                                                                   ; |MainBlock|lpm_dff1:inst5|lpm_ff:lpm_ff_component|dffs[2]                                                        ; regout           ;
; |MainBlock|lpm_dff1:inst5|lpm_ff:lpm_ff_component|dffs[1]                                                                   ; |MainBlock|lpm_dff1:inst5|lpm_ff:lpm_ff_component|dffs[1]                                                        ; regout           ;
; |MainBlock|lpm_dff1:inst6|lpm_ff:lpm_ff_component|dffs[3]                                                                   ; |MainBlock|lpm_dff1:inst6|lpm_ff:lpm_ff_component|dffs[3]                                                        ; regout           ;
; |MainBlock|Device3:inst11|lpm_bustri0:inst6|lpm_bustri:lpm_bustri_component|dout[5]                                         ; |MainBlock|Device3:inst11|lpm_bustri0:inst6|lpm_bustri:lpm_bustri_component|dout[5]                              ; out              ;
; |MainBlock|Device3:inst11|lpm_bustri0:inst6|lpm_bustri:lpm_bustri_component|dout[4]                                         ; |MainBlock|Device3:inst11|lpm_bustri0:inst6|lpm_bustri:lpm_bustri_component|dout[4]                              ; out              ;
; |MainBlock|Device3:inst11|lpm_bustri0:inst6|lpm_bustri:lpm_bustri_component|dout[2]                                         ; |MainBlock|Device3:inst11|lpm_bustri0:inst6|lpm_bustri:lpm_bustri_component|dout[2]                              ; out              ;
; |MainBlock|Device3:inst11|lpm_bustri0:inst6|lpm_bustri:lpm_bustri_component|dout[1]                                         ; |MainBlock|Device3:inst11|lpm_bustri0:inst6|lpm_bustri:lpm_bustri_component|dout[1]                              ; out              ;
; |MainBlock|Device3:inst11|lpm_bustri0:inst6|lpm_bustri:lpm_bustri_component|dout[0]                                         ; |MainBlock|Device3:inst11|lpm_bustri0:inst6|lpm_bustri:lpm_bustri_component|dout[0]                              ; out              ;
; |MainBlock|Device3:inst11|lpm_counter0:inst3|lpm_counter:lpm_counter_component|cntr_joi:auto_generated|counter_reg_bit1a[3] ; |MainBlock|Device3:inst11|lpm_counter0:inst3|lpm_counter:lpm_counter_component|cntr_joi:auto_generated|safe_q[3] ; regout           ;
; |MainBlock|Device4:inst4|lpm_bustri0:inst6|lpm_bustri:lpm_bustri_component|dout[5]                                          ; |MainBlock|Device4:inst4|lpm_bustri0:inst6|lpm_bustri:lpm_bustri_component|dout[5]                               ; out              ;
; |MainBlock|Device4:inst4|lpm_bustri0:inst6|lpm_bustri:lpm_bustri_component|dout[3]                                          ; |MainBlock|Device4:inst4|lpm_bustri0:inst6|lpm_bustri:lpm_bustri_component|dout[3]                               ; out              ;
; |MainBlock|Device4:inst4|lpm_bustri0:inst6|lpm_bustri:lpm_bustri_component|dout[2]                                          ; |MainBlock|Device4:inst4|lpm_bustri0:inst6|lpm_bustri:lpm_bustri_component|dout[2]                               ; out              ;
; |MainBlock|Device4:inst4|lpm_counter0:inst3|lpm_counter:lpm_counter_component|cntr_joi:auto_generated|counter_reg_bit1a[3]  ; |MainBlock|Device4:inst4|lpm_counter0:inst3|lpm_counter:lpm_counter_component|cntr_joi:auto_generated|safe_q[3]  ; regout           ;
; |MainBlock|Device3:inst2|lpm_bustri0:inst6|lpm_bustri:lpm_bustri_component|dout[5]                                          ; |MainBlock|Device3:inst2|lpm_bustri0:inst6|lpm_bustri:lpm_bustri_component|dout[5]                               ; out              ;
; |MainBlock|Device3:inst2|lpm_bustri0:inst6|lpm_bustri:lpm_bustri_component|dout[4]                                          ; |MainBlock|Device3:inst2|lpm_bustri0:inst6|lpm_bustri:lpm_bustri_component|dout[4]                               ; out              ;
; |MainBlock|Device3:inst2|lpm_bustri0:inst6|lpm_bustri:lpm_bustri_component|dout[2]                                          ; |MainBlock|Device3:inst2|lpm_bustri0:inst6|lpm_bustri:lpm_bustri_component|dout[2]                               ; out              ;
; |MainBlock|Device3:inst2|lpm_bustri0:inst6|lpm_bustri:lpm_bustri_component|dout[1]                                          ; |MainBlock|Device3:inst2|lpm_bustri0:inst6|lpm_bustri:lpm_bustri_component|dout[1]                               ; out              ;
; |MainBlock|Device3:inst2|lpm_bustri0:inst6|lpm_bustri:lpm_bustri_component|dout[0]                                          ; |MainBlock|Device3:inst2|lpm_bustri0:inst6|lpm_bustri:lpm_bustri_component|dout[0]                               ; out              ;
; |MainBlock|Device3:inst2|lpm_counter0:inst3|lpm_counter:lpm_counter_component|cntr_joi:auto_generated|counter_reg_bit1a[3]  ; |MainBlock|Device3:inst2|lpm_counter0:inst3|lpm_counter:lpm_counter_component|cntr_joi:auto_generated|safe_q[3]  ; regout           ;
; |MainBlock|Device2:inst1|lpm_bustri0:inst6|lpm_bustri:lpm_bustri_component|dout[4]                                          ; |MainBlock|Device2:inst1|lpm_bustri0:inst6|lpm_bustri:lpm_bustri_component|dout[4]                               ; out              ;
; |MainBlock|Device2:inst1|lpm_bustri0:inst6|lpm_bustri:lpm_bustri_component|dout[2]                                          ; |MainBlock|Device2:inst1|lpm_bustri0:inst6|lpm_bustri:lpm_bustri_component|dout[2]                               ; out              ;
; |MainBlock|Device2:inst1|lpm_bustri0:inst6|lpm_bustri:lpm_bustri_component|dout[1]                                          ; |MainBlock|Device2:inst1|lpm_bustri0:inst6|lpm_bustri:lpm_bustri_component|dout[1]                               ; out              ;
; |MainBlock|Device2:inst1|lpm_counter0:inst3|lpm_counter:lpm_counter_component|cntr_joi:auto_generated|counter_reg_bit1a[3]  ; |MainBlock|Device2:inst1|lpm_counter0:inst3|lpm_counter:lpm_counter_component|cntr_joi:auto_generated|safe_q[3]  ; regout           ;
; |MainBlock|Arbitor:inst3|lpm_counter0:inst|lpm_counter:lpm_counter_component|cntr_joi:auto_generated|counter_reg_bit1a[3]   ; |MainBlock|Arbitor:inst3|lpm_counter0:inst|lpm_counter:lpm_counter_component|cntr_joi:auto_generated|safe_q[3]   ; regout           ;
; |MainBlock|Device1:inst|lpm_bustri0:inst6|lpm_bustri:lpm_bustri_component|dout[3]                                           ; |MainBlock|Device1:inst|lpm_bustri0:inst6|lpm_bustri:lpm_bustri_component|dout[3]                                ; out              ;
; |MainBlock|Device1:inst|lpm_bustri0:inst6|lpm_bustri:lpm_bustri_component|dout[1]                                           ; |MainBlock|Device1:inst|lpm_bustri0:inst6|lpm_bustri:lpm_bustri_component|dout[1]                                ; out              ;
; |MainBlock|Device1:inst|lpm_bustri0:inst6|lpm_bustri:lpm_bustri_component|dout[0]                                           ; |MainBlock|Device1:inst|lpm_bustri0:inst6|lpm_bustri:lpm_bustri_component|dout[0]                                ; out              ;
; |MainBlock|Device1:inst|lpm_counter0:inst3|lpm_counter:lpm_counter_component|cntr_joi:auto_generated|counter_reg_bit1a[3]   ; |MainBlock|Device1:inst|lpm_counter0:inst3|lpm_counter:lpm_counter_component|cntr_joi:auto_generated|safe_q[3]   ; regout           ;
+-----------------------------------------------------------------------------------------------------------------------------+------------------------------------------------------------------------------------------------------------------+------------------+


+---------------------+
; Simulator INI Usage ;
+--------+------------+
; Option ; Usage      ;
+--------+------------+


+--------------------+
; Simulator Messages ;
+--------------------+
Info: *******************************************************************
Info: Running Quartus II Simulator
    Info: Version 9.1 Build 222 10/21/2009 SJ Web Edition
    Info: Processing started: Tue Nov 24 13:15:58 2020
Info: Command: quartus_sim --read_settings_files=on --write_settings_files=off Lab5 -c Lab5
Info: Using vector source file "C:/Users/maxim/OneDrive/Рабочий стол/сифо/Laba5/Lab5.vwf"
Info: Overwriting simulation input file with simulation results
    Info: A backup of Lab5.vwf called Lab5.sim_ori.vwf has been created in the db folder
Info: Option to preserve fewer signal transitions to reduce memory requirements is enabled
    Info: Simulation has been partitioned into sub-simulations according to the maximum transition count determined by the engine. Transitions from memory will be flushed out to disk at the end of each sub-simulation to reduce memory requirements.
Info: Simulation partitioned into 1 sub-simulations
Info: Simulation coverage is      63.93 %
Info: Number of transitions in simulation is 28738
Info: Vector file Lab5.vwf is saved in VWF text format. You can compress it into CVWF format in order to reduce file size. For more details please refer to the Quartus II Help.
Info: Quartus II Simulator was successful. 0 errors, 0 warnings
    Info: Peak virtual memory: 152 megabytes
    Info: Processing ended: Tue Nov 24 13:15:58 2020
    Info: Elapsed time: 00:00:00
    Info: Total CPU time (on all processors): 00:00:00


