Analysis & Synthesis report for memory_transfer
Tue Jun 09 12:33:23 2026
Quartus II Version 9.1 Build 222 10/21/2009 SJ Web Edition


---------------------
; Table of Contents ;
---------------------
  1. Legal Notice
  2. Analysis & Synthesis Summary
  3. Analysis & Synthesis Settings
  4. Parallel Compilation
  5. Analysis & Synthesis Source Files Read
  6. Analysis & Synthesis Resource Usage Summary
  7. Analysis & Synthesis Resource Utilization by Entity
  8. Analysis & Synthesis RAM Summary
  9. State Machine - |memory_transfer_rtl_view_top|memory_transfer:U_MEMORY_TRANSFER|state_reg
 10. Registers Removed During Synthesis
 11. General Register Statistics
 12. Registers Packed Into Inferred Megafunctions
 13. Multiplexer Restructuring Statistics (Restructuring Performed)
 14. Source assignments for memory_transfer:U_MEMORY_TRANSFER|lpm_ram_io_model:U_RAM|altsyncram:ram_rtl_0|altsyncram_j5n1:auto_generated
 15. Parameter Settings for Inferred Entity Instance: memory_transfer:U_MEMORY_TRANSFER|lpm_ram_io_model:U_RAM|altsyncram:ram_rtl_0
 16. altsyncram Parameter Settings by Entity Instance
 17. Port Connectivity Checks: "memory_transfer:U_MEMORY_TRANSFER|lpm_ram_io_model:U_RAM"
 18. Port Connectivity Checks: "memory_transfer:U_MEMORY_TRANSFER|lpm_rom_model:U_ROM"
 19. Port Connectivity Checks: "memory_transfer:U_MEMORY_TRANSFER"
 20. Analysis & Synthesis Messages



----------------
; Legal Notice ;
----------------
Copyright (C) 1991-2009 Altera Corporation
Your use of Altera Corporation's design tools, logic functions 
and other software and tools, and its AMPP partner logic 
functions, and any output files from any of the foregoing 
(including device programming or simulation files), and any 
associated documentation or information are expressly subject 
to the terms and conditions of the Altera Program License 
Subscription Agreement, Altera MegaCore Function License 
Agreement, or other applicable license agreement, including, 
without limitation, that your use is for the sole purpose of 
programming logic devices manufactured by Altera and sold by 
Altera or its authorized distributors.  Please refer to the 
applicable agreement for further details.



+-------------------------------------------------------------------------+
; Analysis & Synthesis Summary                                            ;
+-------------------------------+-----------------------------------------+
; Analysis & Synthesis Status   ; Successful - Tue Jun 09 12:33:23 2026   ;
; Quartus II Version            ; 9.1 Build 222 10/21/2009 SJ Web Edition ;
; Revision Name                 ; memory_transfer                         ;
; Top-level Entity Name         ; memory_transfer_rtl_view_top            ;
; Family                        ; Stratix II                              ;
; Logic utilization             ; N/A                                     ;
;     Combinational ALUTs       ; 35                                      ;
;     Dedicated logic registers ; 16                                      ;
; Total registers               ; 16                                      ;
; Total pins                    ; 14                                      ;
; Total virtual pins            ; 0                                       ;
; Total block memory bits       ; 16                                      ;
; DSP block 9-bit elements      ; 0                                       ;
; Total PLLs                    ; 0                                       ;
; Total DLLs                    ; 0                                       ;
+-------------------------------+-----------------------------------------+


+--------------------------------------------------------------------------------------------------------------------------------+
; Analysis & Synthesis Settings                                                                                                  ;
+----------------------------------------------------------------------------+------------------------------+--------------------+
; Option                                                                     ; Setting                      ; Default Value      ;
+----------------------------------------------------------------------------+------------------------------+--------------------+
; Top-level entity name                                                      ; memory_transfer_rtl_view_top ; memory_transfer    ;
; Family name                                                                ; Stratix II                   ; Stratix II         ;
; Use smart compilation                                                      ; Off                          ; Off                ;
; Enable parallel Assembler and TimeQuest Timing Analyzer during compilation ; On                           ; On                 ;
; Enable compact report table                                                ; Off                          ; Off                ;
; Restructure Multiplexers                                                   ; Auto                         ; Auto               ;
; Create Debugging Nodes for IP Cores                                        ; Off                          ; Off                ;
; Preserve fewer node names                                                  ; On                           ; On                 ;
; Disable OpenCore Plus hardware evaluation                                  ; Off                          ; Off                ;
; Verilog Version                                                            ; Verilog_2001                 ; Verilog_2001       ;
; VHDL Version                                                               ; VHDL_1993                    ; VHDL_1993          ;
; State Machine Processing                                                   ; Auto                         ; Auto               ;
; Safe State Machine                                                         ; Off                          ; Off                ;
; Extract Verilog State Machines                                             ; On                           ; On                 ;
; Extract VHDL State Machines                                                ; On                           ; On                 ;
; Ignore Verilog initial constructs                                          ; Off                          ; Off                ;
; Iteration limit for constant Verilog loops                                 ; 5000                         ; 5000               ;
; Iteration limit for non-constant Verilog loops                             ; 250                          ; 250                ;
; Add Pass-Through Logic to Inferred RAMs                                    ; On                           ; On                 ;
; Parallel Synthesis                                                         ; On                           ; On                 ;
; DSP Block Balancing                                                        ; Auto                         ; Auto               ;
; NOT Gate Push-Back                                                         ; On                           ; On                 ;
; Power-Up Don't Care                                                        ; On                           ; On                 ;
; Remove Redundant Logic Cells                                               ; Off                          ; Off                ;
; Remove Duplicate Registers                                                 ; On                           ; On                 ;
; Ignore CARRY Buffers                                                       ; Off                          ; Off                ;
; Ignore CASCADE Buffers                                                     ; Off                          ; Off                ;
; Ignore GLOBAL Buffers                                                      ; Off                          ; Off                ;
; Ignore ROW GLOBAL Buffers                                                  ; Off                          ; Off                ;
; Ignore LCELL Buffers                                                       ; Off                          ; Off                ;
; Ignore SOFT Buffers                                                        ; On                           ; On                 ;
; Limit AHDL Integers to 32 Bits                                             ; Off                          ; Off                ;
; Optimization Technique                                                     ; Balanced                     ; Balanced           ;
; Carry Chain Length                                                         ; 70                           ; 70                 ;
; Auto Carry Chains                                                          ; On                           ; On                 ;
; Auto Open-Drain Pins                                                       ; On                           ; On                 ;
; Perform WYSIWYG Primitive Resynthesis                                      ; Off                          ; Off                ;
; Auto ROM Replacement                                                       ; On                           ; On                 ;
; Auto RAM Replacement                                                       ; On                           ; On                 ;
; Auto DSP Block Replacement                                                 ; On                           ; On                 ;
; Auto Shift Register Replacement                                            ; Auto                         ; Auto               ;
; Auto Clock Enable Replacement                                              ; On                           ; On                 ;
; Strict RAM Replacement                                                     ; Off                          ; Off                ;
; Allow Synchronous Control Signals                                          ; On                           ; On                 ;
; Force Use of Synchronous Clear Signals                                     ; Off                          ; Off                ;
; Auto RAM Block Balancing                                                   ; On                           ; On                 ;
; Auto RAM to Logic Cell Conversion                                          ; Off                          ; Off                ;
; Auto Resource Sharing                                                      ; Off                          ; Off                ;
; Allow Any RAM Size For Recognition                                         ; Off                          ; Off                ;
; Allow Any ROM Size For Recognition                                         ; Off                          ; Off                ;
; Allow Any Shift Register Size For Recognition                              ; Off                          ; Off                ;
; Use LogicLock Constraints during Resource Balancing                        ; On                           ; On                 ;
; Ignore translate_off and synthesis_off directives                          ; Off                          ; Off                ;
; Timing-Driven Synthesis                                                    ; Off                          ; Off                ;
; Show Parameter Settings Tables in Synthesis Report                         ; On                           ; On                 ;
; Ignore Maximum Fan-Out Assignments                                         ; Off                          ; Off                ;
; Synchronization Register Chain Length                                      ; 2                            ; 2                  ;
; PowerPlay Power Optimization                                               ; Normal compilation           ; Normal compilation ;
; HDL message level                                                          ; Level2                       ; Level2             ;
; Suppress Register Optimization Related Messages                            ; Off                          ; Off                ;
; Number of Removed Registers Reported in Synthesis Report                   ; 100                          ; 100                ;
; Number of Inverted Registers Reported in Synthesis Report                  ; 100                          ; 100                ;
; Clock MUX Protection                                                       ; On                           ; On                 ;
; Auto Gated Clock Conversion                                                ; Off                          ; Off                ;
; Block Design Naming                                                        ; Auto                         ; Auto               ;
; SDC constraint protection                                                  ; Off                          ; Off                ;
; Synthesis Effort                                                           ; Auto                         ; Auto               ;
; Shift Register Replacement - Allow Asynchronous Clear Signal               ; On                           ; On                 ;
; Analysis & Synthesis Message Level                                         ; Medium                       ; Medium             ;
; Disable Register Merging Across Hierarchies                                ; Auto                         ; Auto               ;
; Resource Aware Inference For Block RAM                                     ; On                           ; On                 ;
+----------------------------------------------------------------------------+------------------------------+--------------------+


Parallel compilation was disabled, but you have multiple processors available. Enable parallel compilation to reduce compilation time.
+-------------------------------------+
; Parallel Compilation                ;
+----------------------------+--------+
; Processors                 ; Number ;
+----------------------------+--------+
; Number detected on machine ; 12     ;
; Maximum allowed            ; 1      ;
+----------------------------+--------+


+-------------------------------------------------------------------------------------------------------------------------------------------------------------------------------------------------------------------------------------------------------------------+
; Analysis & Synthesis Source Files Read                                                                                                                                                                                                                            ;
+-----------------------------------------------------------+-----------------+-------------------------------------------------------+-----------------------------------------------------------------------------------------------------------------------------+
; File Name with User-Entered Path                          ; Used in Netlist ; File Type                                             ; File Name with Absolute Path                                                                                                ;
+-----------------------------------------------------------+-----------------+-------------------------------------------------------+-----------------------------------------------------------------------------------------------------------------------------+
; ../src/lpm_rom_model.vhd                                  ; yes             ; User VHDL File                                        ; C:/Users/user/AppData/Local/Temp/apcu_lab2_memory_quartus/src/lpm_rom_model.vhd                                             ;
; ../src/lpm_ram_io_model.vhd                               ; yes             ; User VHDL File                                        ; C:/Users/user/AppData/Local/Temp/apcu_lab2_memory_quartus/src/lpm_ram_io_model.vhd                                          ;
; ../src/memory_transfer.vhd                                ; yes             ; User VHDL File                                        ; C:/Users/user/AppData/Local/Temp/apcu_lab2_memory_quartus/src/memory_transfer.vhd                                           ;
; ../src/memory_transfer_rtl_view_top.vhd                   ; yes             ; User VHDL File                                        ; C:/Users/user/AppData/Local/Temp/apcu_lab2_memory_quartus/src/memory_transfer_rtl_view_top.vhd                              ;
; altsyncram.tdf                                            ; yes             ; Megafunction                                          ; d:/quartus/libraries/megafunctions/altsyncram.tdf                                                                           ;
; db/altsyncram_j5n1.tdf                                    ; yes             ; Auto-Generated Megafunction                           ; C:/Users/user/AppData/Local/Temp/apcu_lab2_memory_quartus/quartus/db/altsyncram_j5n1.tdf                                    ;
; db/memory_transfer.ram0_lpm_ram_io_model_62bae6ae.hdl.mif ; yes             ; Auto-Generated Auto-Found Memory Initialization File  ; C:/Users/user/AppData/Local/Temp/apcu_lab2_memory_quartus/quartus/db/memory_transfer.ram0_lpm_ram_io_model_62bae6ae.hdl.mif ;
+-----------------------------------------------------------+-----------------+-------------------------------------------------------+-----------------------------------------------------------------------------------------------------------------------------+


+---------------------------------------------------------------------------------------------------------+
; Analysis & Synthesis Resource Usage Summary                                                             ;
+-----------------------------------------------+---------------------------------------------------------+
; Resource                                      ; Usage                                                   ;
+-----------------------------------------------+---------------------------------------------------------+
; Estimated ALUTs Used                          ; 35                                                      ;
; Dedicated logic registers                     ; 16                                                      ;
;                                               ;                                                         ;
; Estimated ALUTs Unavailable                   ; 13                                                      ;
;                                               ;                                                         ;
; Total combinational functions                 ; 35                                                      ;
; Combinational ALUT usage by number of inputs  ;                                                         ;
;     -- 7 input functions                      ; 0                                                       ;
;     -- 6 input functions                      ; 13                                                      ;
;     -- 5 input functions                      ; 9                                                       ;
;     -- 4 input functions                      ; 2                                                       ;
;     -- <=3 input functions                    ; 11                                                      ;
;                                               ;                                                         ;
; Combinational ALUTs by mode                   ;                                                         ;
;     -- normal mode                            ; 35                                                      ;
;     -- extended LUT mode                      ; 0                                                       ;
;     -- arithmetic mode                        ; 0                                                       ;
;     -- shared arithmetic mode                 ; 0                                                       ;
;                                               ;                                                         ;
; Estimated ALUT/register pairs used            ; 48                                                      ;
;                                               ;                                                         ;
; Total registers                               ; 16                                                      ;
;     -- Dedicated logic registers              ; 16                                                      ;
;     -- I/O registers                          ; 0                                                       ;
;                                               ;                                                         ;
; Estimated ALMs:  partially or completely used ; 24                                                      ;
;                                               ;                                                         ;
; I/O pins                                      ; 14                                                      ;
; Total block memory bits                       ; 16                                                      ;
; Maximum fan-out node                          ; memory_transfer:U_MEMORY_TRANSFER|state_reg.S_WRITE_RAM ;
; Maximum fan-out                               ; 32                                                      ;
; Total fan-out                                 ; 242                                                     ;
; Average fan-out                               ; 3.32                                                    ;
+-----------------------------------------------+---------------------------------------------------------+


+----------------------------------------------------------------------------------------------------------------------------------------------------------------------------------------------------------------------------------------------------------------------------------------------------------------------------------------+
; Analysis & Synthesis Resource Utilization by Entity                                                                                                                                                                                                                                                                                    ;
+----------------------------------------------+-------------------+--------------+-------------------+--------------+---------+-----------+-----------+------+--------------+--------------------------------------------------------------------------------------------------------------------------------------------+--------------+
; Compilation Hierarchy Node                   ; LC Combinationals ; LC Registers ; Block Memory Bits ; DSP Elements ; DSP 9x9 ; DSP 18x18 ; DSP 36x36 ; Pins ; Virtual Pins ; Full Hierarchy Name                                                                                                                        ; Library Name ;
+----------------------------------------------+-------------------+--------------+-------------------+--------------+---------+-----------+-----------+------+--------------+--------------------------------------------------------------------------------------------------------------------------------------------+--------------+
; |memory_transfer_rtl_view_top                ; 35 (0)            ; 16 (0)       ; 16                ; 0            ; 0       ; 0         ; 0         ; 14   ; 0            ; |memory_transfer_rtl_view_top                                                                                                              ; work         ;
;    |memory_transfer:U_MEMORY_TRANSFER|       ; 35 (32)           ; 16 (14)      ; 16                ; 0            ; 0       ; 0         ; 0         ; 0    ; 0            ; |memory_transfer_rtl_view_top|memory_transfer:U_MEMORY_TRANSFER                                                                            ;              ;
;       |lpm_ram_io_model:U_RAM|               ; 2 (2)             ; 1 (1)        ; 16                ; 0            ; 0       ; 0         ; 0         ; 0    ; 0            ; |memory_transfer_rtl_view_top|memory_transfer:U_MEMORY_TRANSFER|lpm_ram_io_model:U_RAM                                                     ; work         ;
;          |altsyncram:ram_rtl_0|              ; 0 (0)             ; 0 (0)        ; 16                ; 0            ; 0       ; 0         ; 0         ; 0    ; 0            ; |memory_transfer_rtl_view_top|memory_transfer:U_MEMORY_TRANSFER|lpm_ram_io_model:U_RAM|altsyncram:ram_rtl_0                                ;              ;
;             |altsyncram_j5n1:auto_generated| ; 0 (0)             ; 0 (0)        ; 16                ; 0            ; 0       ; 0         ; 0         ; 0    ; 0            ; |memory_transfer_rtl_view_top|memory_transfer:U_MEMORY_TRANSFER|lpm_ram_io_model:U_RAM|altsyncram:ram_rtl_0|altsyncram_j5n1:auto_generated ;              ;
;       |lpm_rom_model:U_ROM|                  ; 1 (1)             ; 1 (1)        ; 0                 ; 0            ; 0       ; 0         ; 0         ; 0    ; 0            ; |memory_transfer_rtl_view_top|memory_transfer:U_MEMORY_TRANSFER|lpm_rom_model:U_ROM                                                        ;              ;
+----------------------------------------------+-------------------+--------------+-------------------+--------------+---------+-----------+-----------+------+--------------+--------------------------------------------------------------------------------------------------------------------------------------------+--------------+
Note: For table entries with two numbers listed, the numbers in parentheses indicate the number of resources of the given type used by the specific entity alone. The numbers listed outside of parentheses indicate the total resources of the given type used by the specific entity and all of its sub-entities in the hierarchy.


+----------------------------------------------------------------------------------------------------------------------------------------------------------------------------------------------------------------------------------------------------------------------------------+
; Analysis & Synthesis RAM Summary                                                                                                                                                                                                                                                 ;
+-------------------------------------------------------------------------------------------------------------------------+------+------------------+--------------+--------------+--------------+--------------+------+-----------------------------------------------------------+
; Name                                                                                                                    ; Type ; Mode             ; Port A Depth ; Port A Width ; Port B Depth ; Port B Width ; Size ; MIF                                                       ;
+-------------------------------------------------------------------------------------------------------------------------+------+------------------+--------------+--------------+--------------+--------------+------+-----------------------------------------------------------+
; memory_transfer:U_MEMORY_TRANSFER|lpm_ram_io_model:U_RAM|altsyncram:ram_rtl_0|altsyncram_j5n1:auto_generated|ALTSYNCRAM ; AUTO ; Simple Dual Port ; 16           ; 8            ; 16           ; 8            ; 128  ; db/memory_transfer.ram0_lpm_ram_io_model_62bae6ae.hdl.mif ;
+-------------------------------------------------------------------------------------------------------------------------+------+------------------+--------------+--------------+--------------+--------------+------+-----------------------------------------------------------+


Encoding Type:  One-Hot
+----------------------------------------------------------------------------------------------------------------------------------------------------------+
; State Machine - |memory_transfer_rtl_view_top|memory_transfer:U_MEMORY_TRANSFER|state_reg                                                                ;
+-----------------------+------------------+----------------------+-----------------------+----------------------+----------------------+------------------+
; Name                  ; state_reg.S_DONE ; state_reg.S_READ_RAM ; state_reg.S_WRITE_RAM ; state_reg.S_LOAD_REG ; state_reg.S_READ_ROM ; state_reg.S_IDLE ;
+-----------------------+------------------+----------------------+-----------------------+----------------------+----------------------+------------------+
; state_reg.S_IDLE      ; 0                ; 0                    ; 0                     ; 0                    ; 0                    ; 0                ;
; state_reg.S_READ_ROM  ; 0                ; 0                    ; 0                     ; 0                    ; 1                    ; 1                ;
; state_reg.S_LOAD_REG  ; 0                ; 0                    ; 0                     ; 1                    ; 0                    ; 1                ;
; state_reg.S_WRITE_RAM ; 0                ; 0                    ; 1                     ; 0                    ; 0                    ; 1                ;
; state_reg.S_READ_RAM  ; 0                ; 1                    ; 0                     ; 0                    ; 0                    ; 1                ;
; state_reg.S_DONE      ; 1                ; 0                    ; 0                     ; 0                    ; 0                    ; 1                ;
+-----------------------+------------------+----------------------+-----------------------+----------------------+----------------------+------------------+


+---------------------------------------------------------------------------------------------------------------------------------------------------------+
; Registers Removed During Synthesis                                                                                                                      ;
+----------------------------------------------------------------------+----------------------------------------------------------------------------------+
; Register name                                                        ; Reason for Removal                                                               ;
+----------------------------------------------------------------------+----------------------------------------------------------------------------------+
; memory_transfer:U_MEMORY_TRANSFER|lpm_rom_model:U_ROM|q_reg[7]       ; Stuck at GND due to stuck port data_in                                           ;
; memory_transfer:U_MEMORY_TRANSFER|lpm_rom_model:U_ROM|q_reg[6]       ; Stuck at VCC due to stuck port data_in                                           ;
; memory_transfer:U_MEMORY_TRANSFER|lpm_rom_model:U_ROM|q_reg[5]       ; Stuck at GND due to stuck port data_in                                           ;
; memory_transfer:U_MEMORY_TRANSFER|lpm_rom_model:U_ROM|q_reg[3..4]    ; Stuck at VCC due to stuck port data_in                                           ;
; memory_transfer:U_MEMORY_TRANSFER|lpm_rom_model:U_ROM|q_reg[2]       ; Stuck at GND due to stuck port data_in                                           ;
; memory_transfer:U_MEMORY_TRANSFER|lpm_rom_model:U_ROM|q_reg[1]       ; Stuck at VCC due to stuck port data_in                                           ;
; memory_transfer:U_MEMORY_TRANSFER|lpm_rom_model:U_ROM|q_reg[0]       ; Stuck at GND due to stuck port data_in                                           ;
; memory_transfer:U_MEMORY_TRANSFER|lpm_ram_io_model:U_RAM|q_reg[1]~en ; Merged with memory_transfer:U_MEMORY_TRANSFER|lpm_ram_io_model:U_RAM|q_reg[0]~en ;
; memory_transfer:U_MEMORY_TRANSFER|lpm_ram_io_model:U_RAM|q_reg[2]~en ; Merged with memory_transfer:U_MEMORY_TRANSFER|lpm_ram_io_model:U_RAM|q_reg[0]~en ;
; memory_transfer:U_MEMORY_TRANSFER|lpm_ram_io_model:U_RAM|q_reg[3]~en ; Merged with memory_transfer:U_MEMORY_TRANSFER|lpm_ram_io_model:U_RAM|q_reg[0]~en ;
; memory_transfer:U_MEMORY_TRANSFER|lpm_ram_io_model:U_RAM|q_reg[4]~en ; Merged with memory_transfer:U_MEMORY_TRANSFER|lpm_ram_io_model:U_RAM|q_reg[0]~en ;
; memory_transfer:U_MEMORY_TRANSFER|lpm_ram_io_model:U_RAM|q_reg[5]~en ; Merged with memory_transfer:U_MEMORY_TRANSFER|lpm_ram_io_model:U_RAM|q_reg[0]~en ;
; memory_transfer:U_MEMORY_TRANSFER|lpm_ram_io_model:U_RAM|q_reg[6]~en ; Merged with memory_transfer:U_MEMORY_TRANSFER|lpm_ram_io_model:U_RAM|q_reg[0]~en ;
; memory_transfer:U_MEMORY_TRANSFER|lpm_ram_io_model:U_RAM|q_reg[7]~en ; Merged with memory_transfer:U_MEMORY_TRANSFER|lpm_ram_io_model:U_RAM|q_reg[0]~en ;
; memory_transfer:U_MEMORY_TRANSFER|lpm_rom_model:U_ROM|q_reg[1]~en    ; Merged with memory_transfer:U_MEMORY_TRANSFER|lpm_rom_model:U_ROM|q_reg[0]~en    ;
; memory_transfer:U_MEMORY_TRANSFER|lpm_rom_model:U_ROM|q_reg[2]~en    ; Merged with memory_transfer:U_MEMORY_TRANSFER|lpm_rom_model:U_ROM|q_reg[0]~en    ;
; memory_transfer:U_MEMORY_TRANSFER|lpm_rom_model:U_ROM|q_reg[3]~en    ; Merged with memory_transfer:U_MEMORY_TRANSFER|lpm_rom_model:U_ROM|q_reg[0]~en    ;
; memory_transfer:U_MEMORY_TRANSFER|lpm_rom_model:U_ROM|q_reg[4]~en    ; Merged with memory_transfer:U_MEMORY_TRANSFER|lpm_rom_model:U_ROM|q_reg[0]~en    ;
; memory_transfer:U_MEMORY_TRANSFER|lpm_rom_model:U_ROM|q_reg[5]~en    ; Merged with memory_transfer:U_MEMORY_TRANSFER|lpm_rom_model:U_ROM|q_reg[0]~en    ;
; memory_transfer:U_MEMORY_TRANSFER|lpm_rom_model:U_ROM|q_reg[6]~en    ; Merged with memory_transfer:U_MEMORY_TRANSFER|lpm_rom_model:U_ROM|q_reg[0]~en    ;
; memory_transfer:U_MEMORY_TRANSFER|lpm_rom_model:U_ROM|q_reg[7]~en    ; Merged with memory_transfer:U_MEMORY_TRANSFER|lpm_rom_model:U_ROM|q_reg[0]~en    ;
; Total Number of Removed Registers = 22                               ;                                                                                  ;
+----------------------------------------------------------------------+----------------------------------------------------------------------------------+


+------------------------------------------------------+
; General Register Statistics                          ;
+----------------------------------------------+-------+
; Statistic                                    ; Value ;
+----------------------------------------------+-------+
; Total registers                              ; 16    ;
; Number of registers using Synchronous Clear  ; 1     ;
; Number of registers using Synchronous Load   ; 0     ;
; Number of registers using Asynchronous Clear ; 0     ;
; Number of registers using Asynchronous Load  ; 0     ;
; Number of registers using Clock Enable       ; 8     ;
; Number of registers using Preset             ; 0     ;
+----------------------------------------------+-------+


+--------------------------------------------------------------------------------------------------------------------------------------------+
; Registers Packed Into Inferred Megafunctions                                                                                               ;
+-------------------------------------------------------------------+-----------------------------------------------------------------+------+
; Register Name                                                     ; Megafunction                                                    ; Type ;
+-------------------------------------------------------------------+-----------------------------------------------------------------+------+
; memory_transfer:U_MEMORY_TRANSFER|lpm_ram_io_model:U_RAM|q_reg[0] ; memory_transfer:U_MEMORY_TRANSFER|lpm_ram_io_model:U_RAM|ram~13 ; RAM  ;
; memory_transfer:U_MEMORY_TRANSFER|lpm_ram_io_model:U_RAM|q_reg[1] ; memory_transfer:U_MEMORY_TRANSFER|lpm_ram_io_model:U_RAM|ram~13 ; RAM  ;
; memory_transfer:U_MEMORY_TRANSFER|lpm_ram_io_model:U_RAM|q_reg[2] ; memory_transfer:U_MEMORY_TRANSFER|lpm_ram_io_model:U_RAM|ram~13 ; RAM  ;
; memory_transfer:U_MEMORY_TRANSFER|lpm_ram_io_model:U_RAM|q_reg[3] ; memory_transfer:U_MEMORY_TRANSFER|lpm_ram_io_model:U_RAM|ram~13 ; RAM  ;
; memory_transfer:U_MEMORY_TRANSFER|lpm_ram_io_model:U_RAM|q_reg[4] ; memory_transfer:U_MEMORY_TRANSFER|lpm_ram_io_model:U_RAM|ram~13 ; RAM  ;
; memory_transfer:U_MEMORY_TRANSFER|lpm_ram_io_model:U_RAM|q_reg[5] ; memory_transfer:U_MEMORY_TRANSFER|lpm_ram_io_model:U_RAM|ram~13 ; RAM  ;
; memory_transfer:U_MEMORY_TRANSFER|lpm_ram_io_model:U_RAM|q_reg[6] ; memory_transfer:U_MEMORY_TRANSFER|lpm_ram_io_model:U_RAM|ram~13 ; RAM  ;
; memory_transfer:U_MEMORY_TRANSFER|lpm_ram_io_model:U_RAM|q_reg[7] ; memory_transfer:U_MEMORY_TRANSFER|lpm_ram_io_model:U_RAM|ram~13 ; RAM  ;
+-------------------------------------------------------------------+-----------------------------------------------------------------+------+


+----------------------------------------------------------------------------------------------------------------------------------------------------------------------------------------+
; Multiplexer Restructuring Statistics (Restructuring Performed)                                                                                                                         ;
+--------------------+-----------+---------------+----------------------+------------------------+------------+--------------------------------------------------------------------------+
; Multiplexer Inputs ; Bus Width ; Baseline Area ; Area if Restructured ; Saving if Restructured ; Registered ; Example Multiplexer Output                                               ;
+--------------------+-----------+---------------+----------------------+------------------------+------------+--------------------------------------------------------------------------+
; 3:1                ; 8 bits    ; 16 ALUTs      ; 16 ALUTs             ; 0 ALUTs                ; Yes        ; |memory_transfer_rtl_view_top|memory_transfer:U_MEMORY_TRANSFER|reg_q[0] ;
+--------------------+-----------+---------------+----------------------+------------------------+------------+--------------------------------------------------------------------------+


+-------------------------------------------------------------------------------------------------------------------------------------+
; Source assignments for memory_transfer:U_MEMORY_TRANSFER|lpm_ram_io_model:U_RAM|altsyncram:ram_rtl_0|altsyncram_j5n1:auto_generated ;
+---------------------------------+--------------------+------+-----------------------------------------------------------------------+
; Assignment                      ; Value              ; From ; To                                                                    ;
+---------------------------------+--------------------+------+-----------------------------------------------------------------------+
; OPTIMIZE_POWER_DURING_SYNTHESIS ; NORMAL_COMPILATION ; -    ; -                                                                     ;
+---------------------------------+--------------------+------+-----------------------------------------------------------------------+


+--------------------------------------------------------------------------------------------------------------------------------+
; Parameter Settings for Inferred Entity Instance: memory_transfer:U_MEMORY_TRANSFER|lpm_ram_io_model:U_RAM|altsyncram:ram_rtl_0 ;
+------------------------------------+-----------------------------------------------------------+-------------------------------+
; Parameter Name                     ; Value                                                     ; Type                          ;
+------------------------------------+-----------------------------------------------------------+-------------------------------+
; BYTE_SIZE_BLOCK                    ; 8                                                         ; Untyped                       ;
; AUTO_CARRY_CHAINS                  ; ON                                                        ; AUTO_CARRY                    ;
; IGNORE_CARRY_BUFFERS               ; OFF                                                       ; IGNORE_CARRY                  ;
; AUTO_CASCADE_CHAINS                ; ON                                                        ; AUTO_CASCADE                  ;
; IGNORE_CASCADE_BUFFERS             ; OFF                                                       ; IGNORE_CASCADE                ;
; WIDTH_BYTEENA                      ; 1                                                         ; Untyped                       ;
; OPERATION_MODE                     ; DUAL_PORT                                                 ; Untyped                       ;
; WIDTH_A                            ; 8                                                         ; Untyped                       ;
; WIDTHAD_A                          ; 4                                                         ; Untyped                       ;
; NUMWORDS_A                         ; 16                                                        ; Untyped                       ;
; OUTDATA_REG_A                      ; UNREGISTERED                                              ; Untyped                       ;
; ADDRESS_ACLR_A                     ; NONE                                                      ; Untyped                       ;
; OUTDATA_ACLR_A                     ; NONE                                                      ; Untyped                       ;
; WRCONTROL_ACLR_A                   ; NONE                                                      ; Untyped                       ;
; INDATA_ACLR_A                      ; NONE                                                      ; Untyped                       ;
; BYTEENA_ACLR_A                     ; NONE                                                      ; Untyped                       ;
; WIDTH_B                            ; 8                                                         ; Untyped                       ;
; WIDTHAD_B                          ; 4                                                         ; Untyped                       ;
; NUMWORDS_B                         ; 16                                                        ; Untyped                       ;
; INDATA_REG_B                       ; CLOCK1                                                    ; Untyped                       ;
; WRCONTROL_WRADDRESS_REG_B          ; CLOCK1                                                    ; Untyped                       ;
; RDCONTROL_REG_B                    ; CLOCK1                                                    ; Untyped                       ;
; ADDRESS_REG_B                      ; CLOCK0                                                    ; Untyped                       ;
; OUTDATA_REG_B                      ; UNREGISTERED                                              ; Untyped                       ;
; BYTEENA_REG_B                      ; CLOCK1                                                    ; Untyped                       ;
; INDATA_ACLR_B                      ; NONE                                                      ; Untyped                       ;
; WRCONTROL_ACLR_B                   ; NONE                                                      ; Untyped                       ;
; ADDRESS_ACLR_B                     ; NONE                                                      ; Untyped                       ;
; OUTDATA_ACLR_B                     ; NONE                                                      ; Untyped                       ;
; RDCONTROL_ACLR_B                   ; NONE                                                      ; Untyped                       ;
; BYTEENA_ACLR_B                     ; NONE                                                      ; Untyped                       ;
; WIDTH_BYTEENA_A                    ; 1                                                         ; Untyped                       ;
; WIDTH_BYTEENA_B                    ; 1                                                         ; Untyped                       ;
; RAM_BLOCK_TYPE                     ; AUTO                                                      ; Untyped                       ;
; BYTE_SIZE                          ; 8                                                         ; Untyped                       ;
; READ_DURING_WRITE_MODE_MIXED_PORTS ; OLD_DATA                                                  ; Untyped                       ;
; READ_DURING_WRITE_MODE_PORT_A      ; NEW_DATA_NO_NBE_READ                                      ; Untyped                       ;
; READ_DURING_WRITE_MODE_PORT_B      ; NEW_DATA_NO_NBE_READ                                      ; Untyped                       ;
; INIT_FILE                          ; db/memory_transfer.ram0_lpm_ram_io_model_62bae6ae.hdl.mif ; Untyped                       ;
; INIT_FILE_LAYOUT                   ; PORT_A                                                    ; Untyped                       ;
; MAXIMUM_DEPTH                      ; 0                                                         ; Untyped                       ;
; CLOCK_ENABLE_INPUT_A               ; NORMAL                                                    ; Untyped                       ;
; CLOCK_ENABLE_INPUT_B               ; NORMAL                                                    ; Untyped                       ;
; CLOCK_ENABLE_OUTPUT_A              ; NORMAL                                                    ; Untyped                       ;
; CLOCK_ENABLE_OUTPUT_B              ; NORMAL                                                    ; Untyped                       ;
; CLOCK_ENABLE_CORE_A                ; USE_INPUT_CLKEN                                           ; Untyped                       ;
; CLOCK_ENABLE_CORE_B                ; USE_INPUT_CLKEN                                           ; Untyped                       ;
; ENABLE_ECC                         ; FALSE                                                     ; Untyped                       ;
; DEVICE_FAMILY                      ; Stratix II                                                ; Untyped                       ;
; CBXI_PARAMETER                     ; altsyncram_j5n1                                           ; Untyped                       ;
+------------------------------------+-----------------------------------------------------------+-------------------------------+
Note: In order to hide this table in the UI and the text report file, please set the "Show Parameter Settings Tables in Synthesis Report" option in "Analysis and Synthesis Settings -> More Settings" to "Off".


+---------------------------------------------------------------------------------------------------------------------------+
; altsyncram Parameter Settings by Entity Instance                                                                          ;
+-------------------------------------------+-------------------------------------------------------------------------------+
; Name                                      ; Value                                                                         ;
+-------------------------------------------+-------------------------------------------------------------------------------+
; Number of entity instances                ; 1                                                                             ;
; Entity Instance                           ; memory_transfer:U_MEMORY_TRANSFER|lpm_ram_io_model:U_RAM|altsyncram:ram_rtl_0 ;
;     -- OPERATION_MODE                     ; DUAL_PORT                                                                     ;
;     -- WIDTH_A                            ; 8                                                                             ;
;     -- NUMWORDS_A                         ; 16                                                                            ;
;     -- OUTDATA_REG_A                      ; UNREGISTERED                                                                  ;
;     -- WIDTH_B                            ; 8                                                                             ;
;     -- NUMWORDS_B                         ; 16                                                                            ;
;     -- ADDRESS_REG_B                      ; CLOCK0                                                                        ;
;     -- OUTDATA_REG_B                      ; UNREGISTERED                                                                  ;
;     -- RAM_BLOCK_TYPE                     ; AUTO                                                                          ;
;     -- READ_DURING_WRITE_MODE_MIXED_PORTS ; OLD_DATA                                                                      ;
+-------------------------------------------+-------------------------------------------------------------------------------+


+--------------------------------------------------------------------------------------+
; Port Connectivity Checks: "memory_transfer:U_MEMORY_TRANSFER|lpm_ram_io_model:U_RAM" ;
+--------------+-------+----------+----------------------------------------------------+
; Port         ; Type  ; Severity ; Details                                            ;
+--------------+-------+----------+----------------------------------------------------+
; address_i[3] ; Input ; Info     ; Stuck at GND                                       ;
; address_i[2] ; Input ; Info     ; Stuck at VCC                                       ;
; address_i[1] ; Input ; Info     ; Stuck at GND                                       ;
; address_i[0] ; Input ; Info     ; Stuck at VCC                                       ;
+--------------+-------+----------+----------------------------------------------------+


+-----------------------------------------------------------------------------------+
; Port Connectivity Checks: "memory_transfer:U_MEMORY_TRANSFER|lpm_rom_model:U_ROM" ;
+-----------------+-------+----------+----------------------------------------------+
; Port            ; Type  ; Severity ; Details                                      ;
+-----------------+-------+----------+----------------------------------------------+
; address_i[1..0] ; Input ; Info     ; Stuck at GND                                 ;
; address_i[3]    ; Input ; Info     ; Stuck at GND                                 ;
; address_i[2]    ; Input ; Info     ; Stuck at VCC                                 ;
+-----------------+-------+----------+----------------------------------------------+


+----------------------------------------------------------------------------------------------------------------------+
; Port Connectivity Checks: "memory_transfer:U_MEMORY_TRANSFER"                                                        ;
+------------+--------+----------+-------------------------------------------------------------------------------------+
; Port       ; Type   ; Severity ; Details                                                                             ;
+------------+--------+----------+-------------------------------------------------------------------------------------+
; state_o    ; Output ; Info     ; Connected to dangling logic. Logic that only feeds a dangling port will be removed. ;
; rom_q_o    ; Output ; Info     ; Connected to dangling logic. Logic that only feeds a dangling port will be removed. ;
; reg_q_o    ; Output ; Info     ; Connected to dangling logic. Logic that only feeds a dangling port will be removed. ;
; ram_q_o    ; Output ; Info     ; Connected to dangling logic. Logic that only feeds a dangling port will be removed. ;
; rom_addr_o ; Output ; Info     ; Connected to dangling logic. Logic that only feeds a dangling port will be removed. ;
; ram_addr_o ; Output ; Info     ; Connected to dangling logic. Logic that only feeds a dangling port will be removed. ;
+------------+--------+----------+-------------------------------------------------------------------------------------+


+-------------------------------+
; Analysis & Synthesis Messages ;
+-------------------------------+
Info: *******************************************************************
Info: Running Quartus II Analysis & Synthesis
    Info: Version 9.1 Build 222 10/21/2009 SJ Web Edition
    Info: Processing started: Tue Jun 09 12:33:22 2026
Info: Command: quartus_map --read_settings_files=on --write_settings_files=off memory_transfer -c memory_transfer
Info: Found 2 design units, including 1 entities, in source file /users/user/appdata/local/temp/apcu_lab2_memory_quartus/src/lpm_rom_model.vhd
    Info: Found design unit 1: lpm_rom_model-rtl
    Info: Found entity 1: lpm_rom_model
Info: Found 2 design units, including 1 entities, in source file /users/user/appdata/local/temp/apcu_lab2_memory_quartus/src/lpm_ram_io_model.vhd
    Info: Found design unit 1: lpm_ram_io_model-rtl
    Info: Found entity 1: lpm_ram_io_model
Info: Found 2 design units, including 1 entities, in source file /users/user/appdata/local/temp/apcu_lab2_memory_quartus/src/memory_transfer.vhd
    Info: Found design unit 1: memory_transfer-rtl
    Info: Found entity 1: memory_transfer
Info: Found 2 design units, including 1 entities, in source file /users/user/appdata/local/temp/apcu_lab2_memory_quartus/src/memory_transfer_rtl_view_top.vhd
    Info: Found design unit 1: memory_transfer_rtl_view_top-structural
    Info: Found entity 1: memory_transfer_rtl_view_top
Info: Elaborating entity "memory_transfer_rtl_view_top" for the top level hierarchy
Warning (10036): Verilog HDL or VHDL warning at memory_transfer_rtl_view_top.vhd(25): object "unused_state_s" assigned a value but never read
Warning (10036): Verilog HDL or VHDL warning at memory_transfer_rtl_view_top.vhd(26): object "unused_rom_q_s" assigned a value but never read
Warning (10036): Verilog HDL or VHDL warning at memory_transfer_rtl_view_top.vhd(27): object "unused_reg_q_s" assigned a value but never read
Warning (10036): Verilog HDL or VHDL warning at memory_transfer_rtl_view_top.vhd(28): object "unused_ram_q_s" assigned a value but never read
Warning (10036): Verilog HDL or VHDL warning at memory_transfer_rtl_view_top.vhd(29): object "unused_rom_addr_s" assigned a value but never read
Warning (10036): Verilog HDL or VHDL warning at memory_transfer_rtl_view_top.vhd(30): object "unused_ram_addr_s" assigned a value but never read
Info: Elaborating entity "memory_transfer" for hierarchy "memory_transfer:U_MEMORY_TRANSFER"
Info: Elaborating entity "lpm_rom_model" for hierarchy "memory_transfer:U_MEMORY_TRANSFER|lpm_rom_model:U_ROM"
Info: Elaborating entity "lpm_ram_io_model" for hierarchy "memory_transfer:U_MEMORY_TRANSFER|lpm_ram_io_model:U_RAM"
Info: Inferred 1 megafunctions from design logic
    Info: Inferred altsyncram megafunction from the following design logic: "memory_transfer:U_MEMORY_TRANSFER|lpm_ram_io_model:U_RAM|ram~13" 
        Info: Parameter OPERATION_MODE set to DUAL_PORT
        Info: Parameter WIDTH_A set to 8
        Info: Parameter WIDTHAD_A set to 4
        Info: Parameter NUMWORDS_A set to 16
        Info: Parameter WIDTH_B set to 8
        Info: Parameter WIDTHAD_B set to 4
        Info: Parameter NUMWORDS_B set to 16
        Info: Parameter ADDRESS_ACLR_A set to NONE
        Info: Parameter OUTDATA_REG_B set to UNREGISTERED
        Info: Parameter ADDRESS_ACLR_B set to NONE
        Info: Parameter OUTDATA_ACLR_B set to NONE
        Info: Parameter ADDRESS_REG_B set to CLOCK0
        Info: Parameter INDATA_ACLR_A set to NONE
        Info: Parameter WRCONTROL_ACLR_A set to NONE
        Info: Parameter INIT_FILE set to db/memory_transfer.ram0_lpm_ram_io_model_62bae6ae.hdl.mif
        Info: Parameter READ_DURING_WRITE_MODE_MIXED_PORTS set to OLD_DATA
Info: Elaborated megafunction instantiation "memory_transfer:U_MEMORY_TRANSFER|lpm_ram_io_model:U_RAM|altsyncram:ram_rtl_0"
Info: Instantiated megafunction "memory_transfer:U_MEMORY_TRANSFER|lpm_ram_io_model:U_RAM|altsyncram:ram_rtl_0" with the following parameter:
    Info: Parameter "OPERATION_MODE" = "DUAL_PORT"
    Info: Parameter "WIDTH_A" = "8"
    Info: Parameter "WIDTHAD_A" = "4"
    Info: Parameter "NUMWORDS_A" = "16"
    Info: Parameter "WIDTH_B" = "8"
    Info: Parameter "WIDTHAD_B" = "4"
    Info: Parameter "NUMWORDS_B" = "16"
    Info: Parameter "ADDRESS_ACLR_A" = "NONE"
    Info: Parameter "OUTDATA_REG_B" = "UNREGISTERED"
    Info: Parameter "ADDRESS_ACLR_B" = "NONE"
    Info: Parameter "OUTDATA_ACLR_B" = "NONE"
    Info: Parameter "ADDRESS_REG_B" = "CLOCK0"
    Info: Parameter "INDATA_ACLR_A" = "NONE"
    Info: Parameter "WRCONTROL_ACLR_A" = "NONE"
    Info: Parameter "INIT_FILE" = "db/memory_transfer.ram0_lpm_ram_io_model_62bae6ae.hdl.mif"
    Info: Parameter "READ_DURING_WRITE_MODE_MIXED_PORTS" = "OLD_DATA"
Info: Found 1 design units, including 1 entities, in source file db/altsyncram_j5n1.tdf
    Info: Found entity 1: altsyncram_j5n1
Warning: Tri-state node(s) do not directly drive top-level pin(s)
    Warning: Converted the fan-out from the tri-state buffer "memory_transfer:U_MEMORY_TRANSFER|lpm_ram_io_model:U_RAM|q_dbg_o[0]" to the node "memory_transfer:U_MEMORY_TRANSFER|verify_ok_o" into an OR gate
    Warning: Converted the fan-out from the tri-state buffer "memory_transfer:U_MEMORY_TRANSFER|lpm_ram_io_model:U_RAM|q_dbg_o[1]" to the node "memory_transfer:U_MEMORY_TRANSFER|verify_ok_o" into an OR gate
    Warning: Converted the fan-out from the tri-state buffer "memory_transfer:U_MEMORY_TRANSFER|lpm_ram_io_model:U_RAM|q_dbg_o[2]" to the node "memory_transfer:U_MEMORY_TRANSFER|verify_ok_o" into an OR gate
    Warning: Converted the fan-out from the tri-state buffer "memory_transfer:U_MEMORY_TRANSFER|lpm_ram_io_model:U_RAM|q_dbg_o[3]" to the node "memory_transfer:U_MEMORY_TRANSFER|verify_ok_o" into an OR gate
    Warning: Converted the fan-out from the tri-state buffer "memory_transfer:U_MEMORY_TRANSFER|lpm_ram_io_model:U_RAM|q_dbg_o[4]" to the node "memory_transfer:U_MEMORY_TRANSFER|verify_ok_o" into an OR gate
    Warning: Converted the fan-out from the tri-state buffer "memory_transfer:U_MEMORY_TRANSFER|lpm_ram_io_model:U_RAM|q_dbg_o[5]" to the node "memory_transfer:U_MEMORY_TRANSFER|verify_ok_o" into an OR gate
    Warning: Converted the fan-out from the tri-state buffer "memory_transfer:U_MEMORY_TRANSFER|lpm_ram_io_model:U_RAM|q_dbg_o[6]" to the node "memory_transfer:U_MEMORY_TRANSFER|verify_ok_o" into an OR gate
    Warning: Converted the fan-out from the tri-state buffer "memory_transfer:U_MEMORY_TRANSFER|lpm_ram_io_model:U_RAM|q_dbg_o[7]" to the node "memory_transfer:U_MEMORY_TRANSFER|verify_ok_o" into an OR gate
Warning: Tri-state node(s) do not directly drive top-level pin(s)
    Warning: Converted the fan-out from the tri-state buffer "memory_transfer:U_MEMORY_TRANSFER|data_bus[0]" to the node "memory_transfer:U_MEMORY_TRANSFER|lpm_ram_io_model:U_RAM|altsyncram:ram_rtl_0|altsyncram_j5n1:auto_generated|ram_block1a0" into an OR gate
    Warning: Converted the fan-out from the tri-state buffer "memory_transfer:U_MEMORY_TRANSFER|data_bus[1]" to the node "memory_transfer:U_MEMORY_TRANSFER|lpm_ram_io_model:U_RAM|altsyncram:ram_rtl_0|altsyncram_j5n1:auto_generated|ram_block1a1" into an OR gate
    Warning: Converted the fan-out from the tri-state buffer "memory_transfer:U_MEMORY_TRANSFER|data_bus[2]" to the node "memory_transfer:U_MEMORY_TRANSFER|lpm_ram_io_model:U_RAM|altsyncram:ram_rtl_0|altsyncram_j5n1:auto_generated|ram_block1a2" into an OR gate
    Warning: Converted the fan-out from the tri-state buffer "memory_transfer:U_MEMORY_TRANSFER|data_bus[3]" to the node "memory_transfer:U_MEMORY_TRANSFER|lpm_ram_io_model:U_RAM|altsyncram:ram_rtl_0|altsyncram_j5n1:auto_generated|ram_block1a3" into an OR gate
    Warning: Converted the fan-out from the tri-state buffer "memory_transfer:U_MEMORY_TRANSFER|data_bus[4]" to the node "memory_transfer:U_MEMORY_TRANSFER|lpm_ram_io_model:U_RAM|altsyncram:ram_rtl_0|altsyncram_j5n1:auto_generated|ram_block1a4" into an OR gate
    Warning: Converted the fan-out from the tri-state buffer "memory_transfer:U_MEMORY_TRANSFER|data_bus[5]" to the node "memory_transfer:U_MEMORY_TRANSFER|lpm_ram_io_model:U_RAM|altsyncram:ram_rtl_0|altsyncram_j5n1:auto_generated|ram_block1a5" into an OR gate
    Warning: Converted the fan-out from the tri-state buffer "memory_transfer:U_MEMORY_TRANSFER|data_bus[6]" to the node "memory_transfer:U_MEMORY_TRANSFER|lpm_ram_io_model:U_RAM|altsyncram:ram_rtl_0|altsyncram_j5n1:auto_generated|ram_block1a6" into an OR gate
    Warning: Converted the fan-out from the tri-state buffer "memory_transfer:U_MEMORY_TRANSFER|data_bus[7]" to the node "memory_transfer:U_MEMORY_TRANSFER|lpm_ram_io_model:U_RAM|altsyncram:ram_rtl_0|altsyncram_j5n1:auto_generated|ram_block1a7" into an OR gate
Info: Removed 3 MSB VCC or GND address nodes from RAM block "memory_transfer:U_MEMORY_TRANSFER|lpm_ram_io_model:U_RAM|altsyncram:ram_rtl_0|altsyncram_j5n1:auto_generated|ALTSYNCRAM"
Info: Implemented 57 device resources after synthesis - the final resource count might be different
    Info: Implemented 3 input pins
    Info: Implemented 11 output pins
    Info: Implemented 35 logic cells
    Info: Implemented 8 RAM segments
Info: Quartus II Analysis & Synthesis was successful. 0 errors, 24 warnings
    Info: Peak virtual memory: 256 megabytes
    Info: Processing ended: Tue Jun 09 12:33:23 2026
    Info: Elapsed time: 00:00:01
    Info: Total CPU time (on all processors): 00:00:01


