Classic Timing Analyzer report for memory_transfer
Tue Jun 09 12:33:28 2026
Quartus II Version 9.1 Build 222 10/21/2009 SJ Web Edition


---------------------
; Table of Contents ;
---------------------
  1. Legal Notice
  2. Timing Analyzer Summary
  3. Timing Analyzer Settings
  4. Clock Settings Summary
  5. Parallel Compilation
  6. Clock Setup: 'CLOCK'
  7. tsu
  8. tco
  9. th
 10. Timing Analyzer Messages



----------------
; Legal Notice ;
----------------
Copyright (C) 1991-2009 Altera Corporation
Your use of Altera Corporation's design tools, logic functions 
and other software and tools, and its AMPP partner logic 
functions, and any output files from any of the foregoing 
(including device programming or simulation files), and any 
associated documentation or information are expressly subject 
to the terms and conditions of the Altera Program License 
Subscription Agreement, Altera MegaCore Function License 
Agreement, or other applicable license agreement, including, 
without limitation, that your use is for the sole purpose of 
programming logic devices manufactured by Altera and sold by 
Altera or its authorized distributors.  Please refer to the 
applicable agreement for further details.



+-----------------------------------------------------------------------------------------------------------------------------------------------------------------------------------------------------------------------------------------------------------------------------------------------------------------------------------------------------+
; Timing Analyzer Summary                                                                                                                                                                                                                                                                                                                             ;
+------------------------------+-------+---------------+----------------------------------+----------------------------------------------------------------------+---------------------------------------------------------------------------------------------------------------------------------------------+------------+----------+--------------+
; Type                         ; Slack ; Required Time ; Actual Time                      ; From                                                                 ; To                                                                                                                                          ; From Clock ; To Clock ; Failed Paths ;
+------------------------------+-------+---------------+----------------------------------+----------------------------------------------------------------------+---------------------------------------------------------------------------------------------------------------------------------------------+------------+----------+--------------+
; Worst-case tsu               ; N/A   ; None          ; 5.058 ns                         ; RST                                                                  ; memory_transfer:U_MEMORY_TRANSFER|reg_q[7]                                                                                                  ; --         ; CLOCK    ; 0            ;
; Worst-case tco               ; N/A   ; None          ; 8.381 ns                         ; memory_transfer:U_MEMORY_TRANSFER|lpm_ram_io_model:U_RAM|q_reg[0]~en ; BUS_D2                                                                                                                                      ; CLOCK      ; --       ; 0            ;
; Worst-case th                ; N/A   ; None          ; -3.158 ns                        ; START                                                                ; memory_transfer:U_MEMORY_TRANSFER|state_reg.S_IDLE                                                                                          ; --         ; CLOCK    ; 0            ;
; Clock Setup: 'CLOCK'         ; N/A   ; None          ; 461.47 MHz ( period = 2.167 ns ) ; memory_transfer:U_MEMORY_TRANSFER|state_reg.S_READ_ROM               ; memory_transfer:U_MEMORY_TRANSFER|lpm_ram_io_model:U_RAM|altsyncram:ram_rtl_0|altsyncram_j5n1:auto_generated|ram_block1a0~porta_datain_reg7 ; CLOCK      ; CLOCK    ; 0            ;
; Total number of failed paths ;       ;               ;                                  ;                                                                      ;                                                                                                                                             ;            ;          ; 0            ;
+------------------------------+-------+---------------+----------------------------------+----------------------------------------------------------------------+---------------------------------------------------------------------------------------------------------------------------------------------+------------+----------+--------------+


+-----------------------------------------------------------------------------------------------------------------------------------------------------+
; Timing Analyzer Settings                                                                                                                            ;
+------------------------------------------------------------------------------------------------------+--------------------+------+----+-------------+
; Option                                                                                               ; Setting            ; From ; To ; Entity Name ;
+------------------------------------------------------------------------------------------------------+--------------------+------+----+-------------+
; Device Name                                                                                          ; EP2S15F484C3       ;      ;    ;             ;
; Timing Models                                                                                        ; Final              ;      ;    ;             ;
; Default hold multicycle                                                                              ; Same as Multicycle ;      ;    ;             ;
; Cut paths between unrelated clock domains                                                            ; On                 ;      ;    ;             ;
; Cut off read during write signal paths                                                               ; On                 ;      ;    ;             ;
; Cut off feedback from I/O pins                                                                       ; On                 ;      ;    ;             ;
; Report Combined Fast/Slow Timing                                                                     ; Off                ;      ;    ;             ;
; Ignore Clock Settings                                                                                ; Off                ;      ;    ;             ;
; Analyze latches as synchronous elements                                                              ; On                 ;      ;    ;             ;
; Enable Recovery/Removal analysis                                                                     ; Off                ;      ;    ;             ;
; Enable Clock Latency                                                                                 ; Off                ;      ;    ;             ;
; Use TimeQuest Timing Analyzer                                                                        ; Off                ;      ;    ;             ;
; Number of source nodes to report per destination node                                                ; 10                 ;      ;    ;             ;
; Number of destination nodes to report                                                                ; 10                 ;      ;    ;             ;
; Number of paths to report                                                                            ; 200                ;      ;    ;             ;
; Report Minimum Timing Checks                                                                         ; Off                ;      ;    ;             ;
; Use Fast Timing Models                                                                               ; Off                ;      ;    ;             ;
; Report IO Paths Separately                                                                           ; Off                ;      ;    ;             ;
; Perform Multicorner Analysis                                                                         ; On                 ;      ;    ;             ;
; Reports the worst-case path for each clock domain and analysis                                       ; Off                ;      ;    ;             ;
; Reports worst-case timing paths for each clock domain and analysis                                   ; Off                ;      ;    ;             ;
; Specifies the maximum number of worst-case timing paths to report for each clock domain and analysis ; 100                ;      ;    ;             ;
; Removes common clock path pessimism (CCPP) during slack computation                                  ; Off                ;      ;    ;             ;
; Output I/O Timing Endpoint                                                                           ; Near End           ;      ;    ;             ;
+------------------------------------------------------------------------------------------------------+--------------------+------+----+-------------+


+------------------------------------------------------------------------------------------------------------------------------------------------------------------------------------+
; Clock Settings Summary                                                                                                                                                             ;
+-----------------+--------------------+----------+------------------+---------------+--------------+----------+-----------------------+---------------------+--------+--------------+
; Clock Node Name ; Clock Setting Name ; Type     ; Fmax Requirement ; Early Latency ; Late Latency ; Based on ; Multiply Base Fmax by ; Divide Base Fmax by ; Offset ; Phase offset ;
+-----------------+--------------------+----------+------------------+---------------+--------------+----------+-----------------------+---------------------+--------+--------------+
; CLOCK           ;                    ; User Pin ; None             ; 0.000 ns      ; 0.000 ns     ; --       ; N/A                   ; N/A                 ; N/A    ;              ;
+-----------------+--------------------+----------+------------------+---------------+--------------+----------+-----------------------+---------------------+--------+--------------+


Parallel compilation was disabled, but you have multiple processors available. Enable parallel compilation to reduce compilation time.
+-------------------------------------+
; Parallel Compilation                ;
+----------------------------+--------+
; Processors                 ; Number ;
+----------------------------+--------+
; Number detected on machine ; 12     ;
; Maximum allowed            ; 1      ;
+----------------------------+--------+


+----------------------------------------------------------------------------------------------------------------------------------------------------------------------------------------------------------------------------------------------------------------------------------------------------------------------------------------------------------------------------------------------------------------------------------------------------------------+
; Clock Setup: 'CLOCK'                                                                                                                                                                                                                                                                                                                                                                                                                                           ;
+-------+------------------------------------------------+---------------------------------------------------------------------------------------------------------------------------------------------+---------------------------------------------------------------------------------------------------------------------------------------------+------------+----------+-----------------------------+---------------------------+-------------------------+
; Slack ; Actual fmax (period)                           ; From                                                                                                                                        ; To                                                                                                                                          ; From Clock ; To Clock ; Required Setup Relationship ; Required Longest P2P Time ; Actual Longest P2P Time ;
+-------+------------------------------------------------+---------------------------------------------------------------------------------------------------------------------------------------------+---------------------------------------------------------------------------------------------------------------------------------------------+------------+----------+-----------------------------+---------------------------+-------------------------+
; N/A   ; 461.47 MHz ( period = 2.167 ns )               ; memory_transfer:U_MEMORY_TRANSFER|state_reg.S_READ_ROM                                                                                      ; memory_transfer:U_MEMORY_TRANSFER|lpm_ram_io_model:U_RAM|altsyncram:ram_rtl_0|altsyncram_j5n1:auto_generated|ram_block1a0~porta_datain_reg7 ; CLOCK      ; CLOCK    ; None                        ; None                      ; 1.896 ns                ;
; N/A   ; 466.85 MHz ( period = 2.142 ns )               ; memory_transfer:U_MEMORY_TRANSFER|lpm_ram_io_model:U_RAM|q_reg[0]~en                                                                        ; memory_transfer:U_MEMORY_TRANSFER|lpm_ram_io_model:U_RAM|altsyncram:ram_rtl_0|altsyncram_j5n1:auto_generated|ram_block1a0~porta_datain_reg7 ; CLOCK      ; CLOCK    ; None                        ; None                      ; 1.871 ns                ;
; N/A   ; 467.51 MHz ( period = 2.139 ns )               ; memory_transfer:U_MEMORY_TRANSFER|state_reg.S_LOAD_REG                                                                                      ; memory_transfer:U_MEMORY_TRANSFER|lpm_ram_io_model:U_RAM|altsyncram:ram_rtl_0|altsyncram_j5n1:auto_generated|ram_block1a0~porta_datain_reg7 ; CLOCK      ; CLOCK    ; None                        ; None                      ; 1.868 ns                ;
; N/A   ; 467.95 MHz ( period = 2.137 ns )               ; memory_transfer:U_MEMORY_TRANSFER|lpm_ram_io_model:U_RAM|q_reg[0]~en                                                                        ; memory_transfer:U_MEMORY_TRANSFER|lpm_ram_io_model:U_RAM|altsyncram:ram_rtl_0|altsyncram_j5n1:auto_generated|ram_block1a0~porta_datain_reg5 ; CLOCK      ; CLOCK    ; None                        ; None                      ; 1.866 ns                ;
; N/A   ; 471.48 MHz ( period = 2.121 ns )               ; memory_transfer:U_MEMORY_TRANSFER|state_reg.S_READ_ROM                                                                                      ; memory_transfer:U_MEMORY_TRANSFER|lpm_ram_io_model:U_RAM|altsyncram:ram_rtl_0|altsyncram_j5n1:auto_generated|ram_block1a0~porta_datain_reg5 ; CLOCK      ; CLOCK    ; None                        ; None                      ; 1.850 ns                ;
; N/A   ; 477.78 MHz ( period = 2.093 ns )               ; memory_transfer:U_MEMORY_TRANSFER|state_reg.S_LOAD_REG                                                                                      ; memory_transfer:U_MEMORY_TRANSFER|lpm_ram_io_model:U_RAM|altsyncram:ram_rtl_0|altsyncram_j5n1:auto_generated|ram_block1a0~porta_datain_reg5 ; CLOCK      ; CLOCK    ; None                        ; None                      ; 1.822 ns                ;
; N/A   ; 493.83 MHz ( period = 2.025 ns )               ; memory_transfer:U_MEMORY_TRANSFER|lpm_ram_io_model:U_RAM|q_reg[0]~en                                                                        ; memory_transfer:U_MEMORY_TRANSFER|reg_q[1]                                                                                                  ; CLOCK      ; CLOCK    ; None                        ; None                      ; 1.844 ns                ;
; N/A   ; 493.83 MHz ( period = 2.025 ns )               ; memory_transfer:U_MEMORY_TRANSFER|lpm_ram_io_model:U_RAM|q_reg[0]~en                                                                        ; memory_transfer:U_MEMORY_TRANSFER|reg_q[3]                                                                                                  ; CLOCK      ; CLOCK    ; None                        ; None                      ; 1.844 ns                ;
; N/A   ; 500.00 MHz ( period = 2.000 ns )               ; memory_transfer:U_MEMORY_TRANSFER|state_reg.S_READ_ROM                                                                                      ; memory_transfer:U_MEMORY_TRANSFER|lpm_ram_io_model:U_RAM|altsyncram:ram_rtl_0|altsyncram_j5n1:auto_generated|ram_block1a0~porta_datain_reg0 ; CLOCK      ; CLOCK    ; None                        ; None                      ; 1.729 ns                ;
; N/A   ; Restricted to 500.00 MHz ( period = 2.000 ns ) ; memory_transfer:U_MEMORY_TRANSFER|reg_q[5]                                                                                                  ; memory_transfer:U_MEMORY_TRANSFER|lpm_ram_io_model:U_RAM|altsyncram:ram_rtl_0|altsyncram_j5n1:auto_generated|ram_block1a0~porta_datain_reg5 ; CLOCK      ; CLOCK    ; None                        ; None                      ; 1.714 ns                ;
; N/A   ; Restricted to 500.00 MHz ( period = 2.000 ns ) ; memory_transfer:U_MEMORY_TRANSFER|lpm_ram_io_model:U_RAM|q_reg[0]~en                                                                        ; memory_transfer:U_MEMORY_TRANSFER|lpm_ram_io_model:U_RAM|altsyncram:ram_rtl_0|altsyncram_j5n1:auto_generated|ram_block1a0~porta_datain_reg0 ; CLOCK      ; CLOCK    ; None                        ; None                      ; 1.711 ns                ;
; N/A   ; Restricted to 500.00 MHz ( period = 2.000 ns ) ; memory_transfer:U_MEMORY_TRANSFER|state_reg.S_LOAD_REG                                                                                      ; memory_transfer:U_MEMORY_TRANSFER|lpm_ram_io_model:U_RAM|altsyncram:ram_rtl_0|altsyncram_j5n1:auto_generated|ram_block1a0~porta_datain_reg0 ; CLOCK      ; CLOCK    ; None                        ; None                      ; 1.701 ns                ;
; N/A   ; Restricted to 500.00 MHz ( period = 2.000 ns ) ; memory_transfer:U_MEMORY_TRANSFER|state_reg.S_READ_RAM                                                                                      ; memory_transfer:U_MEMORY_TRANSFER|lpm_ram_io_model:U_RAM|altsyncram:ram_rtl_0|altsyncram_j5n1:auto_generated|ram_block1a0~porta_datain_reg7 ; CLOCK      ; CLOCK    ; None                        ; None                      ; 1.701 ns                ;
; N/A   ; Restricted to 500.00 MHz ( period = 2.000 ns ) ; memory_transfer:U_MEMORY_TRANSFER|state_reg.S_READ_RAM                                                                                      ; memory_transfer:U_MEMORY_TRANSFER|lpm_ram_io_model:U_RAM|altsyncram:ram_rtl_0|altsyncram_j5n1:auto_generated|ram_block1a0~porta_datain_reg5 ; CLOCK      ; CLOCK    ; None                        ; None                      ; 1.696 ns                ;
; N/A   ; Restricted to 500.00 MHz ( period = 2.000 ns ) ; memory_transfer:U_MEMORY_TRANSFER|lpm_rom_model:U_ROM|q_reg[0]~en                                                                           ; memory_transfer:U_MEMORY_TRANSFER|lpm_ram_io_model:U_RAM|altsyncram:ram_rtl_0|altsyncram_j5n1:auto_generated|ram_block1a0~porta_datain_reg7 ; CLOCK      ; CLOCK    ; None                        ; None                      ; 1.680 ns                ;
; N/A   ; Restricted to 500.00 MHz ( period = 2.000 ns ) ; memory_transfer:U_MEMORY_TRANSFER|state_reg.S_DONE                                                                                          ; memory_transfer:U_MEMORY_TRANSFER|lpm_ram_io_model:U_RAM|altsyncram:ram_rtl_0|altsyncram_j5n1:auto_generated|ram_block1a0~porta_datain_reg7 ; CLOCK      ; CLOCK    ; None                        ; None                      ; 1.670 ns                ;
; N/A   ; Restricted to 500.00 MHz ( period = 2.000 ns ) ; memory_transfer:U_MEMORY_TRANSFER|state_reg.S_DONE                                                                                          ; memory_transfer:U_MEMORY_TRANSFER|lpm_ram_io_model:U_RAM|altsyncram:ram_rtl_0|altsyncram_j5n1:auto_generated|ram_block1a0~porta_datain_reg5 ; CLOCK      ; CLOCK    ; None                        ; None                      ; 1.665 ns                ;
; N/A   ; Restricted to 500.00 MHz ( period = 2.000 ns ) ; memory_transfer:U_MEMORY_TRANSFER|reg_q[7]                                                                                                  ; memory_transfer:U_MEMORY_TRANSFER|lpm_ram_io_model:U_RAM|altsyncram:ram_rtl_0|altsyncram_j5n1:auto_generated|ram_block1a0~porta_datain_reg7 ; CLOCK      ; CLOCK    ; None                        ; None                      ; 1.661 ns                ;
; N/A   ; Restricted to 500.00 MHz ( period = 2.000 ns ) ; memory_transfer:U_MEMORY_TRANSFER|state_reg.S_LOAD_REG                                                                                      ; memory_transfer:U_MEMORY_TRANSFER|reg_q[1]                                                                                                  ; CLOCK      ; CLOCK    ; None                        ; None                      ; 1.754 ns                ;
; N/A   ; Restricted to 500.00 MHz ( period = 2.000 ns ) ; memory_transfer:U_MEMORY_TRANSFER|state_reg.S_LOAD_REG                                                                                      ; memory_transfer:U_MEMORY_TRANSFER|reg_q[3]                                                                                                  ; CLOCK      ; CLOCK    ; None                        ; None                      ; 1.754 ns                ;
; N/A   ; Restricted to 500.00 MHz ( period = 2.000 ns ) ; memory_transfer:U_MEMORY_TRANSFER|state_reg.S_LOAD_REG                                                                                      ; memory_transfer:U_MEMORY_TRANSFER|reg_q[4]                                                                                                  ; CLOCK      ; CLOCK    ; None                        ; None                      ; 1.754 ns                ;
; N/A   ; Restricted to 500.00 MHz ( period = 2.000 ns ) ; memory_transfer:U_MEMORY_TRANSFER|state_reg.S_LOAD_REG                                                                                      ; memory_transfer:U_MEMORY_TRANSFER|reg_q[5]                                                                                                  ; CLOCK      ; CLOCK    ; None                        ; None                      ; 1.754 ns                ;
; N/A   ; Restricted to 500.00 MHz ( period = 2.000 ns ) ; memory_transfer:U_MEMORY_TRANSFER|state_reg.S_LOAD_REG                                                                                      ; memory_transfer:U_MEMORY_TRANSFER|reg_q[6]                                                                                                  ; CLOCK      ; CLOCK    ; None                        ; None                      ; 1.754 ns                ;
; N/A   ; Restricted to 500.00 MHz ( period = 2.000 ns ) ; memory_transfer:U_MEMORY_TRANSFER|state_reg.S_LOAD_REG                                                                                      ; memory_transfer:U_MEMORY_TRANSFER|reg_q[7]                                                                                                  ; CLOCK      ; CLOCK    ; None                        ; None                      ; 1.754 ns                ;
; N/A   ; Restricted to 500.00 MHz ( period = 2.000 ns ) ; memory_transfer:U_MEMORY_TRANSFER|lpm_ram_io_model:U_RAM|q_reg[0]~en                                                                        ; memory_transfer:U_MEMORY_TRANSFER|lpm_ram_io_model:U_RAM|altsyncram:ram_rtl_0|altsyncram_j5n1:auto_generated|ram_block1a0~porta_datain_reg2 ; CLOCK      ; CLOCK    ; None                        ; None                      ; 1.660 ns                ;
; N/A   ; Restricted to 500.00 MHz ( period = 2.000 ns ) ; memory_transfer:U_MEMORY_TRANSFER|lpm_ram_io_model:U_RAM|altsyncram:ram_rtl_0|altsyncram_j5n1:auto_generated|ram_block1a0~porta_datain_reg0 ; memory_transfer:U_MEMORY_TRANSFER|lpm_ram_io_model:U_RAM|altsyncram:ram_rtl_0|altsyncram_j5n1:auto_generated|ram_block1a0~porta_memory_reg0 ; CLOCK      ; CLOCK    ; None                        ; None                      ; 1.720 ns                ;
; N/A   ; Restricted to 500.00 MHz ( period = 2.000 ns ) ; memory_transfer:U_MEMORY_TRANSFER|lpm_ram_io_model:U_RAM|altsyncram:ram_rtl_0|altsyncram_j5n1:auto_generated|ram_block1a0~porta_datain_reg1 ; memory_transfer:U_MEMORY_TRANSFER|lpm_ram_io_model:U_RAM|altsyncram:ram_rtl_0|altsyncram_j5n1:auto_generated|ram_block1a1~porta_memory_reg0 ; CLOCK      ; CLOCK    ; None                        ; None                      ; 1.720 ns                ;
; N/A   ; Restricted to 500.00 MHz ( period = 2.000 ns ) ; memory_transfer:U_MEMORY_TRANSFER|lpm_ram_io_model:U_RAM|altsyncram:ram_rtl_0|altsyncram_j5n1:auto_generated|ram_block1a0~porta_datain_reg2 ; memory_transfer:U_MEMORY_TRANSFER|lpm_ram_io_model:U_RAM|altsyncram:ram_rtl_0|altsyncram_j5n1:auto_generated|ram_block1a2~porta_memory_reg0 ; CLOCK      ; CLOCK    ; None                        ; None                      ; 1.720 ns                ;
; N/A   ; Restricted to 500.00 MHz ( period = 2.000 ns ) ; memory_transfer:U_MEMORY_TRANSFER|lpm_ram_io_model:U_RAM|altsyncram:ram_rtl_0|altsyncram_j5n1:auto_generated|ram_block1a0~porta_datain_reg3 ; memory_transfer:U_MEMORY_TRANSFER|lpm_ram_io_model:U_RAM|altsyncram:ram_rtl_0|altsyncram_j5n1:auto_generated|ram_block1a3~porta_memory_reg0 ; CLOCK      ; CLOCK    ; None                        ; None                      ; 1.720 ns                ;
; N/A   ; Restricted to 500.00 MHz ( period = 2.000 ns ) ; memory_transfer:U_MEMORY_TRANSFER|lpm_ram_io_model:U_RAM|altsyncram:ram_rtl_0|altsyncram_j5n1:auto_generated|ram_block1a0~porta_datain_reg4 ; memory_transfer:U_MEMORY_TRANSFER|lpm_ram_io_model:U_RAM|altsyncram:ram_rtl_0|altsyncram_j5n1:auto_generated|ram_block1a4~porta_memory_reg0 ; CLOCK      ; CLOCK    ; None                        ; None                      ; 1.720 ns                ;
; N/A   ; Restricted to 500.00 MHz ( period = 2.000 ns ) ; memory_transfer:U_MEMORY_TRANSFER|lpm_ram_io_model:U_RAM|altsyncram:ram_rtl_0|altsyncram_j5n1:auto_generated|ram_block1a0~porta_datain_reg5 ; memory_transfer:U_MEMORY_TRANSFER|lpm_ram_io_model:U_RAM|altsyncram:ram_rtl_0|altsyncram_j5n1:auto_generated|ram_block1a5~porta_memory_reg0 ; CLOCK      ; CLOCK    ; None                        ; None                      ; 1.720 ns                ;
; N/A   ; Restricted to 500.00 MHz ( period = 2.000 ns ) ; memory_transfer:U_MEMORY_TRANSFER|lpm_ram_io_model:U_RAM|altsyncram:ram_rtl_0|altsyncram_j5n1:auto_generated|ram_block1a0~porta_datain_reg6 ; memory_transfer:U_MEMORY_TRANSFER|lpm_ram_io_model:U_RAM|altsyncram:ram_rtl_0|altsyncram_j5n1:auto_generated|ram_block1a6~porta_memory_reg0 ; CLOCK      ; CLOCK    ; None                        ; None                      ; 1.720 ns                ;
; N/A   ; Restricted to 500.00 MHz ( period = 2.000 ns ) ; memory_transfer:U_MEMORY_TRANSFER|lpm_ram_io_model:U_RAM|altsyncram:ram_rtl_0|altsyncram_j5n1:auto_generated|ram_block1a0~porta_datain_reg7 ; memory_transfer:U_MEMORY_TRANSFER|lpm_ram_io_model:U_RAM|altsyncram:ram_rtl_0|altsyncram_j5n1:auto_generated|ram_block1a7~porta_memory_reg0 ; CLOCK      ; CLOCK    ; None                        ; None                      ; 1.720 ns                ;
; N/A   ; Restricted to 500.00 MHz ( period = 2.000 ns ) ; memory_transfer:U_MEMORY_TRANSFER|state_reg.S_WRITE_RAM                                                                                     ; memory_transfer:U_MEMORY_TRANSFER|lpm_ram_io_model:U_RAM|altsyncram:ram_rtl_0|altsyncram_j5n1:auto_generated|ram_block1a0~porta_datain_reg5 ; CLOCK      ; CLOCK    ; None                        ; None                      ; 1.647 ns                ;
; N/A   ; Restricted to 500.00 MHz ( period = 2.000 ns ) ; memory_transfer:U_MEMORY_TRANSFER|state_reg.S_READ_ROM                                                                                      ; memory_transfer:U_MEMORY_TRANSFER|lpm_ram_io_model:U_RAM|altsyncram:ram_rtl_0|altsyncram_j5n1:auto_generated|ram_block1a0~porta_datain_reg2 ; CLOCK      ; CLOCK    ; None                        ; None                      ; 1.642 ns                ;
; N/A   ; Restricted to 500.00 MHz ( period = 2.000 ns ) ; memory_transfer:U_MEMORY_TRANSFER|lpm_rom_model:U_ROM|q_reg[0]~en                                                                           ; memory_transfer:U_MEMORY_TRANSFER|lpm_ram_io_model:U_RAM|altsyncram:ram_rtl_0|altsyncram_j5n1:auto_generated|ram_block1a0~porta_datain_reg5 ; CLOCK      ; CLOCK    ; None                        ; None                      ; 1.634 ns                ;
; N/A   ; Restricted to 500.00 MHz ( period = 2.000 ns ) ; memory_transfer:U_MEMORY_TRANSFER|state_reg.S_LOAD_REG                                                                                      ; memory_transfer:U_MEMORY_TRANSFER|lpm_ram_io_model:U_RAM|altsyncram:ram_rtl_0|altsyncram_j5n1:auto_generated|ram_block1a0~porta_datain_reg2 ; CLOCK      ; CLOCK    ; None                        ; None                      ; 1.614 ns                ;
; N/A   ; Restricted to 500.00 MHz ( period = 2.000 ns ) ; memory_transfer:U_MEMORY_TRANSFER|lpm_ram_io_model:U_RAM|q_reg[0]~en                                                                        ; memory_transfer:U_MEMORY_TRANSFER|reg_q[5]                                                                                                  ; CLOCK      ; CLOCK    ; None                        ; None                      ; 1.703 ns                ;
; N/A   ; Restricted to 500.00 MHz ( period = 2.000 ns ) ; memory_transfer:U_MEMORY_TRANSFER|lpm_ram_io_model:U_RAM|q_reg[0]~en                                                                        ; memory_transfer:U_MEMORY_TRANSFER|reg_q[7]                                                                                                  ; CLOCK      ; CLOCK    ; None                        ; None                      ; 1.703 ns                ;
; N/A   ; Restricted to 500.00 MHz ( period = 2.000 ns ) ; memory_transfer:U_MEMORY_TRANSFER|lpm_ram_io_model:U_RAM|q_reg[0]~en                                                                        ; memory_transfer:U_MEMORY_TRANSFER|lpm_ram_io_model:U_RAM|altsyncram:ram_rtl_0|altsyncram_j5n1:auto_generated|ram_block1a0~porta_datain_reg1 ; CLOCK      ; CLOCK    ; None                        ; None                      ; 1.606 ns                ;
; N/A   ; Restricted to 500.00 MHz ( period = 2.000 ns ) ; memory_transfer:U_MEMORY_TRANSFER|lpm_ram_io_model:U_RAM|q_reg[0]~en                                                                        ; memory_transfer:U_MEMORY_TRANSFER|reg_q[4]                                                                                                  ; CLOCK      ; CLOCK    ; None                        ; None                      ; 1.683 ns                ;
; N/A   ; Restricted to 500.00 MHz ( period = 2.000 ns ) ; memory_transfer:U_MEMORY_TRANSFER|reg_q[1]                                                                                                  ; memory_transfer:U_MEMORY_TRANSFER|reg_q[1]                                                                                                  ; CLOCK      ; CLOCK    ; None                        ; None                      ; 1.676 ns                ;
; N/A   ; Restricted to 500.00 MHz ( period = 2.000 ns ) ; memory_transfer:U_MEMORY_TRANSFER|state_reg.S_READ_RAM                                                                                      ; memory_transfer:U_MEMORY_TRANSFER|reg_q[1]                                                                                                  ; CLOCK      ; CLOCK    ; None                        ; None                      ; 1.674 ns                ;
; N/A   ; Restricted to 500.00 MHz ( period = 2.000 ns ) ; memory_transfer:U_MEMORY_TRANSFER|state_reg.S_READ_RAM                                                                                      ; memory_transfer:U_MEMORY_TRANSFER|reg_q[3]                                                                                                  ; CLOCK      ; CLOCK    ; None                        ; None                      ; 1.674 ns                ;
; N/A   ; Restricted to 500.00 MHz ( period = 2.000 ns ) ; memory_transfer:U_MEMORY_TRANSFER|state_reg.S_WRITE_RAM                                                                                     ; memory_transfer:U_MEMORY_TRANSFER|lpm_ram_io_model:U_RAM|altsyncram:ram_rtl_0|altsyncram_j5n1:auto_generated|ram_block1a0~porta_datain_reg1 ; CLOCK      ; CLOCK    ; None                        ; None                      ; 1.573 ns                ;
; N/A   ; Restricted to 500.00 MHz ( period = 2.000 ns ) ; memory_transfer:U_MEMORY_TRANSFER|lpm_ram_io_model:U_RAM|q_reg[0]~en                                                                        ; memory_transfer:U_MEMORY_TRANSFER|reg_q[6]                                                                                                  ; CLOCK      ; CLOCK    ; None                        ; None                      ; 1.660 ns                ;
; N/A   ; Restricted to 500.00 MHz ( period = 2.000 ns ) ; memory_transfer:U_MEMORY_TRANSFER|lpm_ram_io_model:U_RAM|q_reg[0]~en                                                                        ; memory_transfer:U_MEMORY_TRANSFER|reg_q[0]                                                                                                  ; CLOCK      ; CLOCK    ; None                        ; None                      ; 1.653 ns                ;
; N/A   ; Restricted to 500.00 MHz ( period = 2.000 ns ) ; memory_transfer:U_MEMORY_TRANSFER|lpm_ram_io_model:U_RAM|q_reg[0]~en                                                                        ; memory_transfer:U_MEMORY_TRANSFER|reg_q[2]                                                                                                  ; CLOCK      ; CLOCK    ; None                        ; None                      ; 1.653 ns                ;
; N/A   ; Restricted to 500.00 MHz ( period = 2.000 ns ) ; memory_transfer:U_MEMORY_TRANSFER|state_reg.S_READ_RAM                                                                                      ; memory_transfer:U_MEMORY_TRANSFER|lpm_ram_io_model:U_RAM|altsyncram:ram_rtl_0|altsyncram_j5n1:auto_generated|ram_block1a0~porta_datain_reg1 ; CLOCK      ; CLOCK    ; None                        ; None                      ; 1.565 ns                ;
; N/A   ; Restricted to 500.00 MHz ( period = 2.000 ns ) ; memory_transfer:U_MEMORY_TRANSFER|state_reg.S_WRITE_RAM                                                                                     ; memory_transfer:U_MEMORY_TRANSFER|lpm_ram_io_model:U_RAM|altsyncram:ram_rtl_0|altsyncram_j5n1:auto_generated|ram_block1a0~porta_datain_reg6 ; CLOCK      ; CLOCK    ; None                        ; None                      ; 1.564 ns                ;
; N/A   ; Restricted to 500.00 MHz ( period = 2.000 ns ) ; memory_transfer:U_MEMORY_TRANSFER|lpm_ram_io_model:U_RAM|q_reg[0]~en                                                                        ; memory_transfer:U_MEMORY_TRANSFER|lpm_ram_io_model:U_RAM|altsyncram:ram_rtl_0|altsyncram_j5n1:auto_generated|ram_block1a0~porta_datain_reg6 ; CLOCK      ; CLOCK    ; None                        ; None                      ; 1.562 ns                ;
; N/A   ; Restricted to 500.00 MHz ( period = 2.000 ns ) ; memory_transfer:U_MEMORY_TRANSFER|state_reg.S_WRITE_RAM                                                                                     ; memory_transfer:U_MEMORY_TRANSFER|reg_q[1]                                                                                                  ; CLOCK      ; CLOCK    ; None                        ; None                      ; 1.645 ns                ;
; N/A   ; Restricted to 500.00 MHz ( period = 2.000 ns ) ; memory_transfer:U_MEMORY_TRANSFER|state_reg.S_DONE                                                                                          ; memory_transfer:U_MEMORY_TRANSFER|reg_q[1]                                                                                                  ; CLOCK      ; CLOCK    ; None                        ; None                      ; 1.643 ns                ;
; N/A   ; Restricted to 500.00 MHz ( period = 2.000 ns ) ; memory_transfer:U_MEMORY_TRANSFER|state_reg.S_DONE                                                                                          ; memory_transfer:U_MEMORY_TRANSFER|reg_q[3]                                                                                                  ; CLOCK      ; CLOCK    ; None                        ; None                      ; 1.643 ns                ;
; N/A   ; Restricted to 500.00 MHz ( period = 2.000 ns ) ; memory_transfer:U_MEMORY_TRANSFER|state_reg.S_READ_RAM                                                                                      ; memory_transfer:U_MEMORY_TRANSFER|lpm_ram_io_model:U_RAM|altsyncram:ram_rtl_0|altsyncram_j5n1:auto_generated|ram_block1a0~porta_datain_reg0 ; CLOCK      ; CLOCK    ; None                        ; None                      ; 1.541 ns                ;
; N/A   ; Restricted to 500.00 MHz ( period = 2.000 ns ) ; memory_transfer:U_MEMORY_TRANSFER|state_reg.S_WRITE_RAM                                                                                     ; memory_transfer:U_MEMORY_TRANSFER|lpm_ram_io_model:U_RAM|altsyncram:ram_rtl_0|altsyncram_j5n1:auto_generated|ram_block1a0~porta_datain_reg7 ; CLOCK      ; CLOCK    ; None                        ; None                      ; 1.537 ns                ;
; N/A   ; Restricted to 500.00 MHz ( period = 2.000 ns ) ; memory_transfer:U_MEMORY_TRANSFER|lpm_rom_model:U_ROM|q_reg[0]~en                                                                           ; memory_transfer:U_MEMORY_TRANSFER|lpm_ram_io_model:U_RAM|altsyncram:ram_rtl_0|altsyncram_j5n1:auto_generated|ram_block1a0~porta_datain_reg0 ; CLOCK      ; CLOCK    ; None                        ; None                      ; 1.513 ns                ;
; N/A   ; Restricted to 500.00 MHz ( period = 2.000 ns ) ; memory_transfer:U_MEMORY_TRANSFER|state_reg.S_DONE                                                                                          ; memory_transfer:U_MEMORY_TRANSFER|lpm_ram_io_model:U_RAM|altsyncram:ram_rtl_0|altsyncram_j5n1:auto_generated|ram_block1a0~porta_datain_reg0 ; CLOCK      ; CLOCK    ; None                        ; None                      ; 1.510 ns                ;
; N/A   ; Restricted to 500.00 MHz ( period = 2.000 ns ) ; memory_transfer:U_MEMORY_TRANSFER|state_reg.S_WRITE_RAM                                                                                     ; memory_transfer:U_MEMORY_TRANSFER|lpm_ram_io_model:U_RAM|altsyncram:ram_rtl_0|altsyncram_j5n1:auto_generated|ram_block1a0~porta_datain_reg0 ; CLOCK      ; CLOCK    ; None                        ; None                      ; 1.493 ns                ;
; N/A   ; Restricted to 500.00 MHz ( period = 2.000 ns ) ; memory_transfer:U_MEMORY_TRANSFER|state_reg.S_READ_RAM                                                                                      ; memory_transfer:U_MEMORY_TRANSFER|lpm_ram_io_model:U_RAM|altsyncram:ram_rtl_0|altsyncram_j5n1:auto_generated|ram_block1a0~porta_datain_reg2 ; CLOCK      ; CLOCK    ; None                        ; None                      ; 1.490 ns                ;
; N/A   ; Restricted to 500.00 MHz ( period = 2.000 ns ) ; memory_transfer:U_MEMORY_TRANSFER|state_reg.S_READ_ROM                                                                                      ; memory_transfer:U_MEMORY_TRANSFER|reg_q[5]                                                                                                  ; CLOCK      ; CLOCK    ; None                        ; None                      ; 1.559 ns                ;
; N/A   ; Restricted to 500.00 MHz ( period = 2.000 ns ) ; memory_transfer:U_MEMORY_TRANSFER|state_reg.S_READ_ROM                                                                                      ; memory_transfer:U_MEMORY_TRANSFER|reg_q[7]                                                                                                  ; CLOCK      ; CLOCK    ; None                        ; None                      ; 1.559 ns                ;
; N/A   ; Restricted to 500.00 MHz ( period = 2.000 ns ) ; memory_transfer:U_MEMORY_TRANSFER|state_reg.S_DONE                                                                                          ; memory_transfer:U_MEMORY_TRANSFER|lpm_ram_io_model:U_RAM|altsyncram:ram_rtl_0|altsyncram_j5n1:auto_generated|ram_block1a0~porta_datain_reg2 ; CLOCK      ; CLOCK    ; None                        ; None                      ; 1.459 ns                ;
; N/A   ; Restricted to 500.00 MHz ( period = 2.000 ns ) ; memory_transfer:U_MEMORY_TRANSFER|state_reg.S_READ_RAM                                                                                      ; memory_transfer:U_MEMORY_TRANSFER|reg_q[5]                                                                                                  ; CLOCK      ; CLOCK    ; None                        ; None                      ; 1.533 ns                ;
; N/A   ; Restricted to 500.00 MHz ( period = 2.000 ns ) ; memory_transfer:U_MEMORY_TRANSFER|state_reg.S_READ_RAM                                                                                      ; memory_transfer:U_MEMORY_TRANSFER|reg_q[7]                                                                                                  ; CLOCK      ; CLOCK    ; None                        ; None                      ; 1.533 ns                ;
; N/A   ; Restricted to 500.00 MHz ( period = 2.000 ns ) ; memory_transfer:U_MEMORY_TRANSFER|lpm_rom_model:U_ROM|q_reg[0]~en                                                                           ; memory_transfer:U_MEMORY_TRANSFER|lpm_ram_io_model:U_RAM|altsyncram:ram_rtl_0|altsyncram_j5n1:auto_generated|ram_block1a0~porta_datain_reg2 ; CLOCK      ; CLOCK    ; None                        ; None                      ; 1.426 ns                ;
; N/A   ; Restricted to 500.00 MHz ( period = 2.000 ns ) ; memory_transfer:U_MEMORY_TRANSFER|state_reg.S_READ_RAM                                                                                      ; memory_transfer:U_MEMORY_TRANSFER|reg_q[4]                                                                                                  ; CLOCK      ; CLOCK    ; None                        ; None                      ; 1.513 ns                ;
; N/A   ; Restricted to 500.00 MHz ( period = 2.000 ns ) ; memory_transfer:U_MEMORY_TRANSFER|state_reg.S_DONE                                                                                          ; memory_transfer:U_MEMORY_TRANSFER|reg_q[5]                                                                                                  ; CLOCK      ; CLOCK    ; None                        ; None                      ; 1.502 ns                ;
; N/A   ; Restricted to 500.00 MHz ( period = 2.000 ns ) ; memory_transfer:U_MEMORY_TRANSFER|state_reg.S_DONE                                                                                          ; memory_transfer:U_MEMORY_TRANSFER|reg_q[7]                                                                                                  ; CLOCK      ; CLOCK    ; None                        ; None                      ; 1.502 ns                ;
; N/A   ; Restricted to 500.00 MHz ( period = 2.000 ns ) ; memory_transfer:U_MEMORY_TRANSFER|state_reg.S_READ_RAM                                                                                      ; memory_transfer:U_MEMORY_TRANSFER|lpm_ram_io_model:U_RAM|altsyncram:ram_rtl_0|altsyncram_j5n1:auto_generated|ram_block1a0~porta_datain_reg6 ; CLOCK      ; CLOCK    ; None                        ; None                      ; 1.410 ns                ;
; N/A   ; Restricted to 500.00 MHz ( period = 2.000 ns ) ; memory_transfer:U_MEMORY_TRANSFER|state_reg.S_READ_RAM                                                                                      ; memory_transfer:U_MEMORY_TRANSFER|reg_q[6]                                                                                                  ; CLOCK      ; CLOCK    ; None                        ; None                      ; 1.490 ns                ;
; N/A   ; Restricted to 500.00 MHz ( period = 2.000 ns ) ; memory_transfer:U_MEMORY_TRANSFER|reg_q[2]                                                                                                  ; memory_transfer:U_MEMORY_TRANSFER|lpm_ram_io_model:U_RAM|altsyncram:ram_rtl_0|altsyncram_j5n1:auto_generated|ram_block1a0~porta_datain_reg2 ; CLOCK      ; CLOCK    ; None                        ; None                      ; 1.397 ns                ;
; N/A   ; Restricted to 500.00 MHz ( period = 2.000 ns ) ; memory_transfer:U_MEMORY_TRANSFER|state_reg.S_READ_RAM                                                                                      ; memory_transfer:U_MEMORY_TRANSFER|reg_q[0]                                                                                                  ; CLOCK      ; CLOCK    ; None                        ; None                      ; 1.483 ns                ;
; N/A   ; Restricted to 500.00 MHz ( period = 2.000 ns ) ; memory_transfer:U_MEMORY_TRANSFER|state_reg.S_READ_RAM                                                                                      ; memory_transfer:U_MEMORY_TRANSFER|reg_q[2]                                                                                                  ; CLOCK      ; CLOCK    ; None                        ; None                      ; 1.483 ns                ;
; N/A   ; Restricted to 500.00 MHz ( period = 2.000 ns ) ; memory_transfer:U_MEMORY_TRANSFER|state_reg.S_WRITE_RAM                                                                                     ; memory_transfer:U_MEMORY_TRANSFER|lpm_ram_io_model:U_RAM|altsyncram:ram_rtl_0|altsyncram_j5n1:auto_generated|ram_block1a0~porta_datain_reg4 ; CLOCK      ; CLOCK    ; None                        ; None                      ; 1.393 ns                ;
; N/A   ; Restricted to 500.00 MHz ( period = 2.000 ns ) ; memory_transfer:U_MEMORY_TRANSFER|state_reg.S_DONE                                                                                          ; memory_transfer:U_MEMORY_TRANSFER|reg_q[4]                                                                                                  ; CLOCK      ; CLOCK    ; None                        ; None                      ; 1.482 ns                ;
; N/A   ; Restricted to 500.00 MHz ( period = 2.000 ns ) ; memory_transfer:U_MEMORY_TRANSFER|state_reg.S_READ_ROM                                                                                      ; memory_transfer:U_MEMORY_TRANSFER|reg_q[1]                                                                                                  ; CLOCK      ; CLOCK    ; None                        ; None                      ; 1.481 ns                ;
; N/A   ; Restricted to 500.00 MHz ( period = 2.000 ns ) ; memory_transfer:U_MEMORY_TRANSFER|state_reg.S_READ_ROM                                                                                      ; memory_transfer:U_MEMORY_TRANSFER|reg_q[3]                                                                                                  ; CLOCK      ; CLOCK    ; None                        ; None                      ; 1.481 ns                ;
; N/A   ; Restricted to 500.00 MHz ( period = 2.000 ns ) ; memory_transfer:U_MEMORY_TRANSFER|state_reg.S_READ_ROM                                                                                      ; memory_transfer:U_MEMORY_TRANSFER|reg_q[6]                                                                                                  ; CLOCK      ; CLOCK    ; None                        ; None                      ; 1.480 ns                ;
; N/A   ; Restricted to 500.00 MHz ( period = 2.000 ns ) ; memory_transfer:U_MEMORY_TRANSFER|state_reg.S_READ_ROM                                                                                      ; memory_transfer:U_MEMORY_TRANSFER|reg_q[4]                                                                                                  ; CLOCK      ; CLOCK    ; None                        ; None                      ; 1.479 ns                ;
; N/A   ; Restricted to 500.00 MHz ( period = 2.000 ns ) ; memory_transfer:U_MEMORY_TRANSFER|lpm_ram_io_model:U_RAM|q_reg[0]~en                                                                        ; memory_transfer:U_MEMORY_TRANSFER|lpm_ram_io_model:U_RAM|altsyncram:ram_rtl_0|altsyncram_j5n1:auto_generated|ram_block1a0~porta_datain_reg4 ; CLOCK      ; CLOCK    ; None                        ; None                      ; 1.388 ns                ;
; N/A   ; Restricted to 500.00 MHz ( period = 2.000 ns ) ; memory_transfer:U_MEMORY_TRANSFER|state_reg.S_WRITE_RAM                                                                                     ; memory_transfer:U_MEMORY_TRANSFER|reg_q[3]                                                                                                  ; CLOCK      ; CLOCK    ; None                        ; None                      ; 1.477 ns                ;
; N/A   ; Restricted to 500.00 MHz ( period = 2.000 ns ) ; memory_transfer:U_MEMORY_TRANSFER|state_reg.S_WRITE_RAM                                                                                     ; memory_transfer:U_MEMORY_TRANSFER|lpm_ram_io_model:U_RAM|altsyncram:ram_rtl_0|altsyncram_j5n1:auto_generated|ram_block1a0~porta_datain_reg3 ; CLOCK      ; CLOCK    ; None                        ; None                      ; 1.383 ns                ;
; N/A   ; Restricted to 500.00 MHz ( period = 2.000 ns ) ; memory_transfer:U_MEMORY_TRANSFER|reg_q[1]                                                                                                  ; memory_transfer:U_MEMORY_TRANSFER|lpm_ram_io_model:U_RAM|altsyncram:ram_rtl_0|altsyncram_j5n1:auto_generated|ram_block1a0~porta_datain_reg1 ; CLOCK      ; CLOCK    ; None                        ; None                      ; 1.376 ns                ;
; N/A   ; Restricted to 500.00 MHz ( period = 2.000 ns ) ; memory_transfer:U_MEMORY_TRANSFER|lpm_ram_io_model:U_RAM|q_reg[0]~en                                                                        ; memory_transfer:U_MEMORY_TRANSFER|lpm_ram_io_model:U_RAM|altsyncram:ram_rtl_0|altsyncram_j5n1:auto_generated|ram_block1a0~porta_datain_reg3 ; CLOCK      ; CLOCK    ; None                        ; None                      ; 1.379 ns                ;
; N/A   ; Restricted to 500.00 MHz ( period = 2.000 ns ) ; memory_transfer:U_MEMORY_TRANSFER|state_reg.S_DONE                                                                                          ; memory_transfer:U_MEMORY_TRANSFER|reg_q[6]                                                                                                  ; CLOCK      ; CLOCK    ; None                        ; None                      ; 1.459 ns                ;
; N/A   ; Restricted to 500.00 MHz ( period = 2.000 ns ) ; memory_transfer:U_MEMORY_TRANSFER|state_reg.S_DONE                                                                                          ; memory_transfer:U_MEMORY_TRANSFER|reg_q[0]                                                                                                  ; CLOCK      ; CLOCK    ; None                        ; None                      ; 1.452 ns                ;
; N/A   ; Restricted to 500.00 MHz ( period = 2.000 ns ) ; memory_transfer:U_MEMORY_TRANSFER|state_reg.S_DONE                                                                                          ; memory_transfer:U_MEMORY_TRANSFER|reg_q[2]                                                                                                  ; CLOCK      ; CLOCK    ; None                        ; None                      ; 1.452 ns                ;
; N/A   ; Restricted to 500.00 MHz ( period = 2.000 ns ) ; memory_transfer:U_MEMORY_TRANSFER|state_reg.S_DONE                                                                                          ; memory_transfer:U_MEMORY_TRANSFER|lpm_ram_io_model:U_RAM|altsyncram:ram_rtl_0|altsyncram_j5n1:auto_generated|ram_block1a0~porta_datain_reg6 ; CLOCK      ; CLOCK    ; None                        ; None                      ; 1.333 ns                ;
; N/A   ; Restricted to 500.00 MHz ( period = 2.000 ns ) ; memory_transfer:U_MEMORY_TRANSFER|state_reg.S_DONE                                                                                          ; memory_transfer:U_MEMORY_TRANSFER|lpm_ram_io_model:U_RAM|altsyncram:ram_rtl_0|altsyncram_j5n1:auto_generated|ram_block1a0~porta_datain_reg1 ; CLOCK      ; CLOCK    ; None                        ; None                      ; 1.326 ns                ;
; N/A   ; Restricted to 500.00 MHz ( period = 2.000 ns ) ; memory_transfer:U_MEMORY_TRANSFER|state_reg.S_WRITE_RAM                                                                                     ; memory_transfer:U_MEMORY_TRANSFER|lpm_ram_io_model:U_RAM|altsyncram:ram_rtl_0|altsyncram_j5n1:auto_generated|ram_block1a0~porta_datain_reg2 ; CLOCK      ; CLOCK    ; None                        ; None                      ; 1.316 ns                ;
; N/A   ; Restricted to 500.00 MHz ( period = 2.000 ns ) ; memory_transfer:U_MEMORY_TRANSFER|state_reg.S_LOAD_REG                                                                                      ; memory_transfer:U_MEMORY_TRANSFER|reg_q[0]                                                                                                  ; CLOCK      ; CLOCK    ; None                        ; None                      ; 1.402 ns                ;
; N/A   ; Restricted to 500.00 MHz ( period = 2.000 ns ) ; memory_transfer:U_MEMORY_TRANSFER|state_reg.S_LOAD_REG                                                                                      ; memory_transfer:U_MEMORY_TRANSFER|reg_q[2]                                                                                                  ; CLOCK      ; CLOCK    ; None                        ; None                      ; 1.402 ns                ;
; N/A   ; Restricted to 500.00 MHz ( period = 2.000 ns ) ; memory_transfer:U_MEMORY_TRANSFER|reg_q[6]                                                                                                  ; memory_transfer:U_MEMORY_TRANSFER|lpm_ram_io_model:U_RAM|altsyncram:ram_rtl_0|altsyncram_j5n1:auto_generated|ram_block1a0~porta_datain_reg6 ; CLOCK      ; CLOCK    ; None                        ; None                      ; 1.273 ns                ;
; N/A   ; Restricted to 500.00 MHz ( period = 2.000 ns ) ; memory_transfer:U_MEMORY_TRANSFER|state_reg.S_WRITE_RAM                                                                                     ; memory_transfer:U_MEMORY_TRANSFER|reg_q[6]                                                                                                  ; CLOCK      ; CLOCK    ; None                        ; None                      ; 1.354 ns                ;
; N/A   ; Restricted to 500.00 MHz ( period = 2.000 ns ) ; memory_transfer:U_MEMORY_TRANSFER|state_reg.S_WRITE_RAM                                                                                     ; memory_transfer:U_MEMORY_TRANSFER|reg_q[4]                                                                                                  ; CLOCK      ; CLOCK    ; None                        ; None                      ; 1.353 ns                ;
; N/A   ; Restricted to 500.00 MHz ( period = 2.000 ns ) ; memory_transfer:U_MEMORY_TRANSFER|lpm_rom_model:U_ROM|q_reg[0]~en                                                                           ; memory_transfer:U_MEMORY_TRANSFER|reg_q[5]                                                                                                  ; CLOCK      ; CLOCK    ; None                        ; None                      ; 1.343 ns                ;
; N/A   ; Restricted to 500.00 MHz ( period = 2.000 ns ) ; memory_transfer:U_MEMORY_TRANSFER|lpm_rom_model:U_ROM|q_reg[0]~en                                                                           ; memory_transfer:U_MEMORY_TRANSFER|reg_q[7]                                                                                                  ; CLOCK      ; CLOCK    ; None                        ; None                      ; 1.343 ns                ;
; N/A   ; Restricted to 500.00 MHz ( period = 2.000 ns ) ; memory_transfer:U_MEMORY_TRANSFER|state_reg.S_WRITE_RAM                                                                                     ; memory_transfer:U_MEMORY_TRANSFER|reg_q[5]                                                                                                  ; CLOCK      ; CLOCK    ; None                        ; None                      ; 1.336 ns                ;
; N/A   ; Restricted to 500.00 MHz ( period = 2.000 ns ) ; memory_transfer:U_MEMORY_TRANSFER|state_reg.S_WRITE_RAM                                                                                     ; memory_transfer:U_MEMORY_TRANSFER|reg_q[7]                                                                                                  ; CLOCK      ; CLOCK    ; None                        ; None                      ; 1.336 ns                ;
; N/A   ; Restricted to 500.00 MHz ( period = 2.000 ns ) ; memory_transfer:U_MEMORY_TRANSFER|state_reg.S_READ_RAM                                                                                      ; memory_transfer:U_MEMORY_TRANSFER|lpm_ram_io_model:U_RAM|altsyncram:ram_rtl_0|altsyncram_j5n1:auto_generated|ram_block1a0~porta_datain_reg4 ; CLOCK      ; CLOCK    ; None                        ; None                      ; 1.240 ns                ;
; N/A   ; Restricted to 500.00 MHz ( period = 2.000 ns ) ; memory_transfer:U_MEMORY_TRANSFER|state_reg.S_READ_ROM                                                                                      ; memory_transfer:U_MEMORY_TRANSFER|reg_q[0]                                                                                                  ; CLOCK      ; CLOCK    ; None                        ; None                      ; 1.319 ns                ;
; N/A   ; Restricted to 500.00 MHz ( period = 2.000 ns ) ; memory_transfer:U_MEMORY_TRANSFER|state_reg.S_READ_ROM                                                                                      ; memory_transfer:U_MEMORY_TRANSFER|reg_q[2]                                                                                                  ; CLOCK      ; CLOCK    ; None                        ; None                      ; 1.319 ns                ;
; N/A   ; Restricted to 500.00 MHz ( period = 2.000 ns ) ; memory_transfer:U_MEMORY_TRANSFER|state_reg.S_READ_RAM                                                                                      ; memory_transfer:U_MEMORY_TRANSFER|lpm_ram_io_model:U_RAM|altsyncram:ram_rtl_0|altsyncram_j5n1:auto_generated|ram_block1a0~porta_datain_reg3 ; CLOCK      ; CLOCK    ; None                        ; None                      ; 1.227 ns                ;
; N/A   ; Restricted to 500.00 MHz ( period = 2.000 ns ) ; memory_transfer:U_MEMORY_TRANSFER|state_reg.S_WRITE_RAM                                                                                     ; memory_transfer:U_MEMORY_TRANSFER|reg_q[0]                                                                                                  ; CLOCK      ; CLOCK    ; None                        ; None                      ; 1.286 ns                ;
; N/A   ; Restricted to 500.00 MHz ( period = 2.000 ns ) ; memory_transfer:U_MEMORY_TRANSFER|state_reg.S_WRITE_RAM                                                                                     ; memory_transfer:U_MEMORY_TRANSFER|reg_q[2]                                                                                                  ; CLOCK      ; CLOCK    ; None                        ; None                      ; 1.286 ns                ;
; N/A   ; Restricted to 500.00 MHz ( period = 2.000 ns ) ; memory_transfer:U_MEMORY_TRANSFER|reg_q[0]                                                                                                  ; memory_transfer:U_MEMORY_TRANSFER|lpm_ram_io_model:U_RAM|altsyncram:ram_rtl_0|altsyncram_j5n1:auto_generated|ram_block1a0~porta_datain_reg0 ; CLOCK      ; CLOCK    ; None                        ; None                      ; 1.188 ns                ;
; N/A   ; Restricted to 500.00 MHz ( period = 2.000 ns ) ; memory_transfer:U_MEMORY_TRANSFER|lpm_rom_model:U_ROM|q_reg[0]~en                                                                           ; memory_transfer:U_MEMORY_TRANSFER|reg_q[1]                                                                                                  ; CLOCK      ; CLOCK    ; None                        ; None                      ; 1.265 ns                ;
; N/A   ; Restricted to 500.00 MHz ( period = 2.000 ns ) ; memory_transfer:U_MEMORY_TRANSFER|lpm_rom_model:U_ROM|q_reg[0]~en                                                                           ; memory_transfer:U_MEMORY_TRANSFER|reg_q[3]                                                                                                  ; CLOCK      ; CLOCK    ; None                        ; None                      ; 1.265 ns                ;
; N/A   ; Restricted to 500.00 MHz ( period = 2.000 ns ) ; memory_transfer:U_MEMORY_TRANSFER|lpm_rom_model:U_ROM|q_reg[0]~en                                                                           ; memory_transfer:U_MEMORY_TRANSFER|reg_q[6]                                                                                                  ; CLOCK      ; CLOCK    ; None                        ; None                      ; 1.264 ns                ;
; N/A   ; Restricted to 500.00 MHz ( period = 2.000 ns ) ; memory_transfer:U_MEMORY_TRANSFER|lpm_rom_model:U_ROM|q_reg[0]~en                                                                           ; memory_transfer:U_MEMORY_TRANSFER|reg_q[4]                                                                                                  ; CLOCK      ; CLOCK    ; None                        ; None                      ; 1.263 ns                ;
; N/A   ; Restricted to 500.00 MHz ( period = 2.000 ns ) ; memory_transfer:U_MEMORY_TRANSFER|reg_q[3]                                                                                                  ; memory_transfer:U_MEMORY_TRANSFER|lpm_ram_io_model:U_RAM|altsyncram:ram_rtl_0|altsyncram_j5n1:auto_generated|ram_block1a0~porta_datain_reg3 ; CLOCK      ; CLOCK    ; None                        ; None                      ; 1.155 ns                ;
; N/A   ; Restricted to 500.00 MHz ( period = 2.000 ns ) ; memory_transfer:U_MEMORY_TRANSFER|state_reg.S_DONE                                                                                          ; memory_transfer:U_MEMORY_TRANSFER|lpm_ram_io_model:U_RAM|altsyncram:ram_rtl_0|altsyncram_j5n1:auto_generated|ram_block1a0~porta_datain_reg4 ; CLOCK      ; CLOCK    ; None                        ; None                      ; 1.155 ns                ;
; N/A   ; Restricted to 500.00 MHz ( period = 2.000 ns ) ; memory_transfer:U_MEMORY_TRANSFER|state_reg.S_DONE                                                                                          ; memory_transfer:U_MEMORY_TRANSFER|lpm_ram_io_model:U_RAM|altsyncram:ram_rtl_0|altsyncram_j5n1:auto_generated|ram_block1a0~porta_datain_reg3 ; CLOCK      ; CLOCK    ; None                        ; None                      ; 1.150 ns                ;
; N/A   ; Restricted to 500.00 MHz ( period = 2.000 ns ) ; memory_transfer:U_MEMORY_TRANSFER|reg_q[4]                                                                                                  ; memory_transfer:U_MEMORY_TRANSFER|lpm_ram_io_model:U_RAM|altsyncram:ram_rtl_0|altsyncram_j5n1:auto_generated|ram_block1a0~porta_datain_reg4 ; CLOCK      ; CLOCK    ; None                        ; None                      ; 1.069 ns                ;
; N/A   ; Restricted to 500.00 MHz ( period = 2.000 ns ) ; memory_transfer:U_MEMORY_TRANSFER|state_reg.S_DONE                                                                                          ; memory_transfer:U_MEMORY_TRANSFER|state_reg.S_IDLE                                                                                          ; CLOCK      ; CLOCK    ; None                        ; None                      ; 1.159 ns                ;
; N/A   ; Restricted to 500.00 MHz ( period = 2.000 ns ) ; memory_transfer:U_MEMORY_TRANSFER|reg_q[3]                                                                                                  ; memory_transfer:U_MEMORY_TRANSFER|reg_q[3]                                                                                                  ; CLOCK      ; CLOCK    ; None                        ; None                      ; 1.125 ns                ;
; N/A   ; Restricted to 500.00 MHz ( period = 2.000 ns ) ; memory_transfer:U_MEMORY_TRANSFER|lpm_rom_model:U_ROM|q_reg[0]~en                                                                           ; memory_transfer:U_MEMORY_TRANSFER|reg_q[0]                                                                                                  ; CLOCK      ; CLOCK    ; None                        ; None                      ; 1.103 ns                ;
; N/A   ; Restricted to 500.00 MHz ( period = 2.000 ns ) ; memory_transfer:U_MEMORY_TRANSFER|lpm_rom_model:U_ROM|q_reg[0]~en                                                                           ; memory_transfer:U_MEMORY_TRANSFER|reg_q[2]                                                                                                  ; CLOCK      ; CLOCK    ; None                        ; None                      ; 1.103 ns                ;
; N/A   ; Restricted to 500.00 MHz ( period = 2.000 ns ) ; memory_transfer:U_MEMORY_TRANSFER|state_reg.S_READ_RAM                                                                                      ; memory_transfer:U_MEMORY_TRANSFER|state_reg.S_DONE                                                                                          ; CLOCK      ; CLOCK    ; None                        ; None                      ; 1.090 ns                ;
; N/A   ; Restricted to 500.00 MHz ( period = 2.000 ns ) ; memory_transfer:U_MEMORY_TRANSFER|reg_q[6]                                                                                                  ; memory_transfer:U_MEMORY_TRANSFER|reg_q[6]                                                                                                  ; CLOCK      ; CLOCK    ; None                        ; None                      ; 1.063 ns                ;
; N/A   ; Restricted to 500.00 MHz ( period = 2.000 ns ) ; memory_transfer:U_MEMORY_TRANSFER|reg_q[4]                                                                                                  ; memory_transfer:U_MEMORY_TRANSFER|reg_q[4]                                                                                                  ; CLOCK      ; CLOCK    ; None                        ; None                      ; 1.029 ns                ;
; N/A   ; Restricted to 500.00 MHz ( period = 2.000 ns ) ; memory_transfer:U_MEMORY_TRANSFER|state_reg.S_IDLE                                                                                          ; memory_transfer:U_MEMORY_TRANSFER|state_reg.S_READ_ROM                                                                                      ; CLOCK      ; CLOCK    ; None                        ; None                      ; 0.971 ns                ;
; N/A   ; Restricted to 500.00 MHz ( period = 2.000 ns ) ; memory_transfer:U_MEMORY_TRANSFER|state_reg.S_WRITE_RAM                                                                                     ; memory_transfer:U_MEMORY_TRANSFER|lpm_ram_io_model:U_RAM|altsyncram:ram_rtl_0|altsyncram_j5n1:auto_generated|ram_block1a0~porta_we_reg      ; CLOCK      ; CLOCK    ; None                        ; None                      ; 0.847 ns                ;
; N/A   ; Restricted to 500.00 MHz ( period = 2.000 ns ) ; memory_transfer:U_MEMORY_TRANSFER|state_reg.S_WRITE_RAM                                                                                     ; memory_transfer:U_MEMORY_TRANSFER|state_reg.S_READ_RAM                                                                                      ; CLOCK      ; CLOCK    ; None                        ; None                      ; 0.793 ns                ;
; N/A   ; Restricted to 500.00 MHz ( period = 2.000 ns ) ; memory_transfer:U_MEMORY_TRANSFER|state_reg.S_WRITE_RAM                                                                                     ; memory_transfer:U_MEMORY_TRANSFER|lpm_ram_io_model:U_RAM|q_reg[0]~en                                                                        ; CLOCK      ; CLOCK    ; None                        ; None                      ; 0.793 ns                ;
; N/A   ; Restricted to 500.00 MHz ( period = 2.000 ns ) ; memory_transfer:U_MEMORY_TRANSFER|state_reg.S_LOAD_REG                                                                                      ; memory_transfer:U_MEMORY_TRANSFER|state_reg.S_WRITE_RAM                                                                                     ; CLOCK      ; CLOCK    ; None                        ; None                      ; 0.770 ns                ;
; N/A   ; Restricted to 500.00 MHz ( period = 2.000 ns ) ; memory_transfer:U_MEMORY_TRANSFER|state_reg.S_READ_RAM                                                                                      ; memory_transfer:U_MEMORY_TRANSFER|lpm_ram_io_model:U_RAM|q_reg[0]~en                                                                        ; CLOCK      ; CLOCK    ; None                        ; None                      ; 0.745 ns                ;
; N/A   ; Restricted to 500.00 MHz ( period = 2.000 ns ) ; memory_transfer:U_MEMORY_TRANSFER|state_reg.S_READ_ROM                                                                                      ; memory_transfer:U_MEMORY_TRANSFER|state_reg.S_LOAD_REG                                                                                      ; CLOCK      ; CLOCK    ; None                        ; None                      ; 0.723 ns                ;
; N/A   ; Restricted to 500.00 MHz ( period = 2.000 ns ) ; memory_transfer:U_MEMORY_TRANSFER|state_reg.S_READ_ROM                                                                                      ; memory_transfer:U_MEMORY_TRANSFER|lpm_rom_model:U_ROM|q_reg[0]~en                                                                           ; CLOCK      ; CLOCK    ; None                        ; None                      ; 0.687 ns                ;
; N/A   ; Restricted to 500.00 MHz ( period = 2.000 ns ) ; memory_transfer:U_MEMORY_TRANSFER|state_reg.S_DONE                                                                                          ; memory_transfer:U_MEMORY_TRANSFER|lpm_ram_io_model:U_RAM|q_reg[0]~en                                                                        ; CLOCK      ; CLOCK    ; None                        ; None                      ; 0.627 ns                ;
; N/A   ; Restricted to 500.00 MHz ( period = 2.000 ns ) ; memory_transfer:U_MEMORY_TRANSFER|state_reg.S_LOAD_REG                                                                                      ; memory_transfer:U_MEMORY_TRANSFER|lpm_rom_model:U_ROM|q_reg[0]~en                                                                           ; CLOCK      ; CLOCK    ; None                        ; None                      ; 0.580 ns                ;
; N/A   ; Restricted to 500.00 MHz ( period = 2.000 ns ) ; memory_transfer:U_MEMORY_TRANSFER|state_reg.S_DONE                                                                                          ; memory_transfer:U_MEMORY_TRANSFER|state_reg.S_DONE                                                                                          ; CLOCK      ; CLOCK    ; None                        ; None                      ; 0.488 ns                ;
; N/A   ; Restricted to 500.00 MHz ( period = 2.000 ns ) ; memory_transfer:U_MEMORY_TRANSFER|state_reg.S_IDLE                                                                                          ; memory_transfer:U_MEMORY_TRANSFER|state_reg.S_IDLE                                                                                          ; CLOCK      ; CLOCK    ; None                        ; None                      ; 0.488 ns                ;
; N/A   ; Restricted to 500.00 MHz ( period = 2.000 ns ) ; memory_transfer:U_MEMORY_TRANSFER|reg_q[0]                                                                                                  ; memory_transfer:U_MEMORY_TRANSFER|reg_q[0]                                                                                                  ; CLOCK      ; CLOCK    ; None                        ; None                      ; 0.396 ns                ;
; N/A   ; Restricted to 500.00 MHz ( period = 2.000 ns ) ; memory_transfer:U_MEMORY_TRANSFER|reg_q[2]                                                                                                  ; memory_transfer:U_MEMORY_TRANSFER|reg_q[2]                                                                                                  ; CLOCK      ; CLOCK    ; None                        ; None                      ; 0.396 ns                ;
; N/A   ; Restricted to 500.00 MHz ( period = 2.000 ns ) ; memory_transfer:U_MEMORY_TRANSFER|reg_q[5]                                                                                                  ; memory_transfer:U_MEMORY_TRANSFER|reg_q[5]                                                                                                  ; CLOCK      ; CLOCK    ; None                        ; None                      ; 0.396 ns                ;
; N/A   ; Restricted to 500.00 MHz ( period = 2.000 ns ) ; memory_transfer:U_MEMORY_TRANSFER|reg_q[7]                                                                                                  ; memory_transfer:U_MEMORY_TRANSFER|reg_q[7]                                                                                                  ; CLOCK      ; CLOCK    ; None                        ; None                      ; 0.396 ns                ;
+-------+------------------------------------------------+---------------------------------------------------------------------------------------------------------------------------------------------+---------------------------------------------------------------------------------------------------------------------------------------------+------------+----------+-----------------------------+---------------------------+-------------------------+


+----------------------------------------------------------------------------------------------------------------+
; tsu                                                                                                            ;
+-------+--------------+------------+-------+---------------------------------------------------------+----------+
; Slack ; Required tsu ; Actual tsu ; From  ; To                                                      ; To Clock ;
+-------+--------------+------------+-------+---------------------------------------------------------+----------+
; N/A   ; None         ; 5.058 ns   ; RST   ; memory_transfer:U_MEMORY_TRANSFER|reg_q[1]              ; CLOCK    ;
; N/A   ; None         ; 5.058 ns   ; RST   ; memory_transfer:U_MEMORY_TRANSFER|reg_q[3]              ; CLOCK    ;
; N/A   ; None         ; 5.058 ns   ; RST   ; memory_transfer:U_MEMORY_TRANSFER|reg_q[4]              ; CLOCK    ;
; N/A   ; None         ; 5.058 ns   ; RST   ; memory_transfer:U_MEMORY_TRANSFER|reg_q[5]              ; CLOCK    ;
; N/A   ; None         ; 5.058 ns   ; RST   ; memory_transfer:U_MEMORY_TRANSFER|reg_q[6]              ; CLOCK    ;
; N/A   ; None         ; 5.058 ns   ; RST   ; memory_transfer:U_MEMORY_TRANSFER|reg_q[7]              ; CLOCK    ;
; N/A   ; None         ; 4.709 ns   ; RST   ; memory_transfer:U_MEMORY_TRANSFER|reg_q[0]              ; CLOCK    ;
; N/A   ; None         ; 4.709 ns   ; RST   ; memory_transfer:U_MEMORY_TRANSFER|reg_q[2]              ; CLOCK    ;
; N/A   ; None         ; 4.022 ns   ; RST   ; memory_transfer:U_MEMORY_TRANSFER|state_reg.S_LOAD_REG  ; CLOCK    ;
; N/A   ; None         ; 4.022 ns   ; RST   ; memory_transfer:U_MEMORY_TRANSFER|state_reg.S_READ_ROM  ; CLOCK    ;
; N/A   ; None         ; 3.981 ns   ; RST   ; memory_transfer:U_MEMORY_TRANSFER|state_reg.S_IDLE      ; CLOCK    ;
; N/A   ; None         ; 3.888 ns   ; RST   ; memory_transfer:U_MEMORY_TRANSFER|state_reg.S_READ_RAM  ; CLOCK    ;
; N/A   ; None         ; 3.848 ns   ; RST   ; memory_transfer:U_MEMORY_TRANSFER|state_reg.S_DONE      ; CLOCK    ;
; N/A   ; None         ; 3.686 ns   ; START ; memory_transfer:U_MEMORY_TRANSFER|state_reg.S_DONE      ; CLOCK    ;
; N/A   ; None         ; 3.684 ns   ; START ; memory_transfer:U_MEMORY_TRANSFER|state_reg.S_READ_ROM  ; CLOCK    ;
; N/A   ; None         ; 3.677 ns   ; RST   ; memory_transfer:U_MEMORY_TRANSFER|state_reg.S_WRITE_RAM ; CLOCK    ;
; N/A   ; None         ; 3.397 ns   ; START ; memory_transfer:U_MEMORY_TRANSFER|state_reg.S_IDLE      ; CLOCK    ;
+-------+--------------+------------+-------+---------------------------------------------------------+----------+


+--------------------------------------------------------------------------------------------------------------------------------+
; tco                                                                                                                            ;
+-------+--------------+------------+----------------------------------------------------------------------+--------+------------+
; Slack ; Required tco ; Actual tco ; From                                                                 ; To     ; From Clock ;
+-------+--------------+------------+----------------------------------------------------------------------+--------+------------+
; N/A   ; None         ; 8.381 ns   ; memory_transfer:U_MEMORY_TRANSFER|lpm_ram_io_model:U_RAM|q_reg[0]~en ; BUS_D2 ; CLOCK      ;
; N/A   ; None         ; 8.211 ns   ; memory_transfer:U_MEMORY_TRANSFER|state_reg.S_READ_RAM               ; BUS_D2 ; CLOCK      ;
; N/A   ; None         ; 8.180 ns   ; memory_transfer:U_MEMORY_TRANSFER|state_reg.S_DONE                   ; BUS_D2 ; CLOCK      ;
; N/A   ; None         ; 8.174 ns   ; memory_transfer:U_MEMORY_TRANSFER|state_reg.S_READ_ROM               ; BUS_D2 ; CLOCK      ;
; N/A   ; None         ; 8.146 ns   ; memory_transfer:U_MEMORY_TRANSFER|state_reg.S_LOAD_REG               ; BUS_D2 ; CLOCK      ;
; N/A   ; None         ; 8.093 ns   ; memory_transfer:U_MEMORY_TRANSFER|lpm_ram_io_model:U_RAM|q_reg[0]~en ; BUS_D6 ; CLOCK      ;
; N/A   ; None         ; 8.084 ns   ; memory_transfer:U_MEMORY_TRANSFER|lpm_ram_io_model:U_RAM|q_reg[0]~en ; BUS_D5 ; CLOCK      ;
; N/A   ; None         ; 8.052 ns   ; memory_transfer:U_MEMORY_TRANSFER|lpm_ram_io_model:U_RAM|q_reg[0]~en ; BUS_D1 ; CLOCK      ;
; N/A   ; None         ; 8.015 ns   ; memory_transfer:U_MEMORY_TRANSFER|state_reg.S_DONE                   ; OK     ; CLOCK      ;
; N/A   ; None         ; 8.014 ns   ; memory_transfer:U_MEMORY_TRANSFER|state_reg.S_WRITE_RAM              ; BUS_D2 ; CLOCK      ;
; N/A   ; None         ; 7.978 ns   ; memory_transfer:U_MEMORY_TRANSFER|lpm_ram_io_model:U_RAM|q_reg[0]~en ; OK     ; CLOCK      ;
; N/A   ; None         ; 7.958 ns   ; memory_transfer:U_MEMORY_TRANSFER|lpm_rom_model:U_ROM|q_reg[0]~en    ; BUS_D2 ; CLOCK      ;
; N/A   ; None         ; 7.923 ns   ; memory_transfer:U_MEMORY_TRANSFER|state_reg.S_READ_RAM               ; BUS_D6 ; CLOCK      ;
; N/A   ; None         ; 7.914 ns   ; memory_transfer:U_MEMORY_TRANSFER|state_reg.S_READ_RAM               ; BUS_D5 ; CLOCK      ;
; N/A   ; None         ; 7.892 ns   ; memory_transfer:U_MEMORY_TRANSFER|state_reg.S_DONE                   ; BUS_D6 ; CLOCK      ;
; N/A   ; None         ; 7.886 ns   ; memory_transfer:U_MEMORY_TRANSFER|state_reg.S_READ_ROM               ; BUS_D6 ; CLOCK      ;
; N/A   ; None         ; 7.883 ns   ; memory_transfer:U_MEMORY_TRANSFER|state_reg.S_DONE                   ; BUS_D5 ; CLOCK      ;
; N/A   ; None         ; 7.882 ns   ; memory_transfer:U_MEMORY_TRANSFER|state_reg.S_READ_RAM               ; BUS_D1 ; CLOCK      ;
; N/A   ; None         ; 7.877 ns   ; memory_transfer:U_MEMORY_TRANSFER|state_reg.S_READ_ROM               ; BUS_D5 ; CLOCK      ;
; N/A   ; None         ; 7.858 ns   ; memory_transfer:U_MEMORY_TRANSFER|state_reg.S_LOAD_REG               ; BUS_D6 ; CLOCK      ;
; N/A   ; None         ; 7.851 ns   ; memory_transfer:U_MEMORY_TRANSFER|state_reg.S_DONE                   ; BUS_D1 ; CLOCK      ;
; N/A   ; None         ; 7.849 ns   ; memory_transfer:U_MEMORY_TRANSFER|state_reg.S_LOAD_REG               ; BUS_D5 ; CLOCK      ;
; N/A   ; None         ; 7.845 ns   ; memory_transfer:U_MEMORY_TRANSFER|state_reg.S_READ_ROM               ; BUS_D1 ; CLOCK      ;
; N/A   ; None         ; 7.817 ns   ; memory_transfer:U_MEMORY_TRANSFER|state_reg.S_LOAD_REG               ; BUS_D1 ; CLOCK      ;
; N/A   ; None         ; 7.726 ns   ; memory_transfer:U_MEMORY_TRANSFER|state_reg.S_WRITE_RAM              ; BUS_D6 ; CLOCK      ;
; N/A   ; None         ; 7.717 ns   ; memory_transfer:U_MEMORY_TRANSFER|state_reg.S_WRITE_RAM              ; BUS_D5 ; CLOCK      ;
; N/A   ; None         ; 7.710 ns   ; memory_transfer:U_MEMORY_TRANSFER|reg_q[1]                           ; BUS_D1 ; CLOCK      ;
; N/A   ; None         ; 7.685 ns   ; memory_transfer:U_MEMORY_TRANSFER|state_reg.S_WRITE_RAM              ; BUS_D1 ; CLOCK      ;
; N/A   ; None         ; 7.670 ns   ; memory_transfer:U_MEMORY_TRANSFER|lpm_rom_model:U_ROM|q_reg[0]~en    ; BUS_D6 ; CLOCK      ;
; N/A   ; None         ; 7.661 ns   ; memory_transfer:U_MEMORY_TRANSFER|lpm_rom_model:U_ROM|q_reg[0]~en    ; BUS_D5 ; CLOCK      ;
; N/A   ; None         ; 7.629 ns   ; memory_transfer:U_MEMORY_TRANSFER|lpm_rom_model:U_ROM|q_reg[0]~en    ; BUS_D1 ; CLOCK      ;
; N/A   ; None         ; 7.498 ns   ; memory_transfer:U_MEMORY_TRANSFER|reg_q[2]                           ; BUS_D2 ; CLOCK      ;
; N/A   ; None         ; 7.243 ns   ; memory_transfer:U_MEMORY_TRANSFER|reg_q[6]                           ; BUS_D6 ; CLOCK      ;
; N/A   ; None         ; 7.203 ns   ; memory_transfer:U_MEMORY_TRANSFER|lpm_ram_io_model:U_RAM|q_reg[0]~en ; BUS_D7 ; CLOCK      ;
; N/A   ; None         ; 7.033 ns   ; memory_transfer:U_MEMORY_TRANSFER|state_reg.S_READ_RAM               ; BUS_D7 ; CLOCK      ;
; N/A   ; None         ; 7.002 ns   ; memory_transfer:U_MEMORY_TRANSFER|state_reg.S_DONE                   ; BUS_D7 ; CLOCK      ;
; N/A   ; None         ; 6.996 ns   ; memory_transfer:U_MEMORY_TRANSFER|state_reg.S_READ_ROM               ; BUS_D7 ; CLOCK      ;
; N/A   ; None         ; 6.968 ns   ; memory_transfer:U_MEMORY_TRANSFER|state_reg.S_LOAD_REG               ; BUS_D7 ; CLOCK      ;
; N/A   ; None         ; 6.836 ns   ; memory_transfer:U_MEMORY_TRANSFER|state_reg.S_WRITE_RAM              ; BUS_D7 ; CLOCK      ;
; N/A   ; None         ; 6.810 ns   ; memory_transfer:U_MEMORY_TRANSFER|reg_q[5]                           ; BUS_D5 ; CLOCK      ;
; N/A   ; None         ; 6.780 ns   ; memory_transfer:U_MEMORY_TRANSFER|lpm_rom_model:U_ROM|q_reg[0]~en    ; BUS_D7 ; CLOCK      ;
; N/A   ; None         ; 6.759 ns   ; memory_transfer:U_MEMORY_TRANSFER|lpm_ram_io_model:U_RAM|q_reg[0]~en ; BUS_D4 ; CLOCK      ;
; N/A   ; None         ; 6.688 ns   ; memory_transfer:U_MEMORY_TRANSFER|lpm_ram_io_model:U_RAM|q_reg[0]~en ; BUS_D3 ; CLOCK      ;
; N/A   ; None         ; 6.660 ns   ; memory_transfer:U_MEMORY_TRANSFER|lpm_ram_io_model:U_RAM|q_reg[0]~en ; BUS_D0 ; CLOCK      ;
; N/A   ; None         ; 6.589 ns   ; memory_transfer:U_MEMORY_TRANSFER|state_reg.S_READ_RAM               ; BUS_D4 ; CLOCK      ;
; N/A   ; None         ; 6.581 ns   ; memory_transfer:U_MEMORY_TRANSFER|reg_q[7]                           ; BUS_D7 ; CLOCK      ;
; N/A   ; None         ; 6.558 ns   ; memory_transfer:U_MEMORY_TRANSFER|state_reg.S_DONE                   ; BUS_D4 ; CLOCK      ;
; N/A   ; None         ; 6.552 ns   ; memory_transfer:U_MEMORY_TRANSFER|state_reg.S_READ_ROM               ; BUS_D4 ; CLOCK      ;
; N/A   ; None         ; 6.524 ns   ; memory_transfer:U_MEMORY_TRANSFER|state_reg.S_LOAD_REG               ; BUS_D4 ; CLOCK      ;
; N/A   ; None         ; 6.518 ns   ; memory_transfer:U_MEMORY_TRANSFER|state_reg.S_READ_RAM               ; BUS_D3 ; CLOCK      ;
; N/A   ; None         ; 6.490 ns   ; memory_transfer:U_MEMORY_TRANSFER|state_reg.S_READ_RAM               ; BUS_D0 ; CLOCK      ;
; N/A   ; None         ; 6.487 ns   ; memory_transfer:U_MEMORY_TRANSFER|state_reg.S_DONE                   ; BUS_D3 ; CLOCK      ;
; N/A   ; None         ; 6.481 ns   ; memory_transfer:U_MEMORY_TRANSFER|state_reg.S_READ_ROM               ; BUS_D3 ; CLOCK      ;
; N/A   ; None         ; 6.459 ns   ; memory_transfer:U_MEMORY_TRANSFER|state_reg.S_DONE                   ; BUS_D0 ; CLOCK      ;
; N/A   ; None         ; 6.453 ns   ; memory_transfer:U_MEMORY_TRANSFER|state_reg.S_LOAD_REG               ; BUS_D3 ; CLOCK      ;
; N/A   ; None         ; 6.453 ns   ; memory_transfer:U_MEMORY_TRANSFER|state_reg.S_READ_ROM               ; BUS_D0 ; CLOCK      ;
; N/A   ; None         ; 6.425 ns   ; memory_transfer:U_MEMORY_TRANSFER|state_reg.S_LOAD_REG               ; BUS_D0 ; CLOCK      ;
; N/A   ; None         ; 6.392 ns   ; memory_transfer:U_MEMORY_TRANSFER|state_reg.S_WRITE_RAM              ; BUS_D4 ; CLOCK      ;
; N/A   ; None         ; 6.336 ns   ; memory_transfer:U_MEMORY_TRANSFER|lpm_rom_model:U_ROM|q_reg[0]~en    ; BUS_D4 ; CLOCK      ;
; N/A   ; None         ; 6.321 ns   ; memory_transfer:U_MEMORY_TRANSFER|state_reg.S_WRITE_RAM              ; BUS_D3 ; CLOCK      ;
; N/A   ; None         ; 6.293 ns   ; memory_transfer:U_MEMORY_TRANSFER|state_reg.S_WRITE_RAM              ; BUS_D0 ; CLOCK      ;
; N/A   ; None         ; 6.265 ns   ; memory_transfer:U_MEMORY_TRANSFER|lpm_rom_model:U_ROM|q_reg[0]~en    ; BUS_D3 ; CLOCK      ;
; N/A   ; None         ; 6.237 ns   ; memory_transfer:U_MEMORY_TRANSFER|lpm_rom_model:U_ROM|q_reg[0]~en    ; BUS_D0 ; CLOCK      ;
; N/A   ; None         ; 6.066 ns   ; memory_transfer:U_MEMORY_TRANSFER|state_reg.S_DONE                   ; BUSY   ; CLOCK      ;
; N/A   ; None         ; 5.966 ns   ; memory_transfer:U_MEMORY_TRANSFER|reg_q[3]                           ; BUS_D3 ; CLOCK      ;
; N/A   ; None         ; 5.907 ns   ; memory_transfer:U_MEMORY_TRANSFER|reg_q[4]                           ; BUS_D4 ; CLOCK      ;
; N/A   ; None         ; 5.735 ns   ; memory_transfer:U_MEMORY_TRANSFER|reg_q[0]                           ; BUS_D0 ; CLOCK      ;
; N/A   ; None         ; 5.725 ns   ; memory_transfer:U_MEMORY_TRANSFER|state_reg.S_DONE                   ; DONE   ; CLOCK      ;
; N/A   ; None         ; 5.501 ns   ; memory_transfer:U_MEMORY_TRANSFER|state_reg.S_IDLE                   ; BUSY   ; CLOCK      ;
+-------+--------------+------------+----------------------------------------------------------------------+--------+------------+


+----------------------------------------------------------------------------------------------------------------------+
; th                                                                                                                   ;
+---------------+-------------+-----------+-------+---------------------------------------------------------+----------+
; Minimum Slack ; Required th ; Actual th ; From  ; To                                                      ; To Clock ;
+---------------+-------------+-----------+-------+---------------------------------------------------------+----------+
; N/A           ; None        ; -3.158 ns ; START ; memory_transfer:U_MEMORY_TRANSFER|state_reg.S_IDLE      ; CLOCK    ;
; N/A           ; None        ; -3.438 ns ; RST   ; memory_transfer:U_MEMORY_TRANSFER|state_reg.S_WRITE_RAM ; CLOCK    ;
; N/A           ; None        ; -3.445 ns ; START ; memory_transfer:U_MEMORY_TRANSFER|state_reg.S_READ_ROM  ; CLOCK    ;
; N/A           ; None        ; -3.447 ns ; START ; memory_transfer:U_MEMORY_TRANSFER|state_reg.S_DONE      ; CLOCK    ;
; N/A           ; None        ; -3.609 ns ; RST   ; memory_transfer:U_MEMORY_TRANSFER|state_reg.S_DONE      ; CLOCK    ;
; N/A           ; None        ; -3.649 ns ; RST   ; memory_transfer:U_MEMORY_TRANSFER|state_reg.S_READ_RAM  ; CLOCK    ;
; N/A           ; None        ; -3.742 ns ; RST   ; memory_transfer:U_MEMORY_TRANSFER|state_reg.S_IDLE      ; CLOCK    ;
; N/A           ; None        ; -3.783 ns ; RST   ; memory_transfer:U_MEMORY_TRANSFER|state_reg.S_LOAD_REG  ; CLOCK    ;
; N/A           ; None        ; -3.783 ns ; RST   ; memory_transfer:U_MEMORY_TRANSFER|state_reg.S_READ_ROM  ; CLOCK    ;
; N/A           ; None        ; -3.787 ns ; RST   ; memory_transfer:U_MEMORY_TRANSFER|reg_q[0]              ; CLOCK    ;
; N/A           ; None        ; -3.787 ns ; RST   ; memory_transfer:U_MEMORY_TRANSFER|reg_q[2]              ; CLOCK    ;
; N/A           ; None        ; -3.872 ns ; RST   ; memory_transfer:U_MEMORY_TRANSFER|reg_q[1]              ; CLOCK    ;
; N/A           ; None        ; -3.872 ns ; RST   ; memory_transfer:U_MEMORY_TRANSFER|reg_q[3]              ; CLOCK    ;
; N/A           ; None        ; -3.882 ns ; RST   ; memory_transfer:U_MEMORY_TRANSFER|reg_q[5]              ; CLOCK    ;
; N/A           ; None        ; -3.882 ns ; RST   ; memory_transfer:U_MEMORY_TRANSFER|reg_q[7]              ; CLOCK    ;
; N/A           ; None        ; -4.070 ns ; RST   ; memory_transfer:U_MEMORY_TRANSFER|reg_q[4]              ; CLOCK    ;
; N/A           ; None        ; -4.070 ns ; RST   ; memory_transfer:U_MEMORY_TRANSFER|reg_q[6]              ; CLOCK    ;
+---------------+-------------+-----------+-------+---------------------------------------------------------+----------+


+--------------------------+
; Timing Analyzer Messages ;
+--------------------------+
Info: *******************************************************************
Info: Running Quartus II Classic Timing Analyzer
    Info: Version 9.1 Build 222 10/21/2009 SJ Web Edition
    Info: Processing started: Tue Jun 09 12:33:28 2026
Info: Command: quartus_tan --read_settings_files=off --write_settings_files=off memory_transfer -c memory_transfer --timing_analysis_only
Warning: Found pins functioning as undefined clocks and/or memory enables
    Info: Assuming node "CLOCK" is an undefined clock
Info: Clock "CLOCK" has Internal fmax of 461.47 MHz between source register "memory_transfer:U_MEMORY_TRANSFER|state_reg.S_READ_ROM" and destination memory "memory_transfer:U_MEMORY_TRANSFER|lpm_ram_io_model:U_RAM|altsyncram:ram_rtl_0|altsyncram_j5n1:auto_generated|ram_block1a0~porta_datain_reg7" (period= 2.167 ns)
    Info: + Longest register to memory delay is 1.896 ns
        Info: 1: + IC(0.000 ns) + CELL(0.000 ns) = 0.000 ns; Loc. = LCFF_X15_Y4_N17; Fanout = 3; REG Node = 'memory_transfer:U_MEMORY_TRANSFER|state_reg.S_READ_ROM'
        Info: 2: + IC(0.253 ns) + CELL(0.228 ns) = 0.481 ns; Loc. = LCCOMB_X15_Y4_N12; Fanout = 13; COMB Node = 'memory_transfer:U_MEMORY_TRANSFER|lpm_rom_model:U_ROM|q_o[1]~0'
        Info: 3: + IC(0.288 ns) + CELL(0.228 ns) = 0.997 ns; Loc. = LCCOMB_X15_Y4_N4; Fanout = 2; COMB Node = 'memory_transfer:U_MEMORY_TRANSFER|data_bus[7]~14'
        Info: 4: + IC(0.765 ns) + CELL(0.134 ns) = 1.896 ns; Loc. = M512_X16_Y3; Fanout = 1; MEM Node = 'memory_transfer:U_MEMORY_TRANSFER|lpm_ram_io_model:U_RAM|altsyncram:ram_rtl_0|altsyncram_j5n1:auto_generated|ram_block1a0~porta_datain_reg7'
        Info: Total cell delay = 0.590 ns ( 31.12 % )
        Info: Total interconnect delay = 1.306 ns ( 68.88 % )
    Info: - Smallest clock skew is -0.155 ns
        Info: + Shortest clock path from clock "CLOCK" to destination memory is 2.310 ns
            Info: 1: + IC(0.000 ns) + CELL(0.854 ns) = 0.854 ns; Loc. = PIN_N20; Fanout = 1; CLK Node = 'CLOCK'
            Info: 2: + IC(0.343 ns) + CELL(0.000 ns) = 1.197 ns; Loc. = CLKCTRL_G3; Fanout = 33; COMB Node = 'CLOCK~clkctrl'
            Info: 3: + IC(0.654 ns) + CELL(0.459 ns) = 2.310 ns; Loc. = M512_X16_Y3; Fanout = 1; MEM Node = 'memory_transfer:U_MEMORY_TRANSFER|lpm_ram_io_model:U_RAM|altsyncram:ram_rtl_0|altsyncram_j5n1:auto_generated|ram_block1a0~porta_datain_reg7'
            Info: Total cell delay = 1.313 ns ( 56.84 % )
            Info: Total interconnect delay = 0.997 ns ( 43.16 % )
        Info: - Longest clock path from clock "CLOCK" to source register is 2.465 ns
            Info: 1: + IC(0.000 ns) + CELL(0.854 ns) = 0.854 ns; Loc. = PIN_N20; Fanout = 1; CLK Node = 'CLOCK'
            Info: 2: + IC(0.343 ns) + CELL(0.000 ns) = 1.197 ns; Loc. = CLKCTRL_G3; Fanout = 33; COMB Node = 'CLOCK~clkctrl'
            Info: 3: + IC(0.650 ns) + CELL(0.618 ns) = 2.465 ns; Loc. = LCFF_X15_Y4_N17; Fanout = 3; REG Node = 'memory_transfer:U_MEMORY_TRANSFER|state_reg.S_READ_ROM'
            Info: Total cell delay = 1.472 ns ( 59.72 % )
            Info: Total interconnect delay = 0.993 ns ( 40.28 % )
    Info: + Micro clock to output delay of source is 0.094 ns
    Info: + Micro setup delay of destination is 0.022 ns
Info: tsu for register "memory_transfer:U_MEMORY_TRANSFER|reg_q[1]" (data pin = "RST", clock pin = "CLOCK") is 5.058 ns
    Info: + Longest pin to register delay is 7.436 ns
        Info: 1: + IC(0.000 ns) + CELL(0.857 ns) = 0.857 ns; Loc. = PIN_B17; Fanout = 15; PIN Node = 'RST'
        Info: 2: + IC(5.024 ns) + CELL(0.228 ns) = 6.109 ns; Loc. = LCCOMB_X15_Y4_N30; Fanout = 8; COMB Node = 'memory_transfer:U_MEMORY_TRANSFER|reg_q~1'
        Info: 3: + IC(0.581 ns) + CELL(0.746 ns) = 7.436 ns; Loc. = LCFF_X15_Y3_N11; Fanout = 2; REG Node = 'memory_transfer:U_MEMORY_TRANSFER|reg_q[1]'
        Info: Total cell delay = 1.831 ns ( 24.62 % )
        Info: Total interconnect delay = 5.605 ns ( 75.38 % )
    Info: + Micro setup delay of destination is 0.090 ns
    Info: - Shortest clock path from clock "CLOCK" to destination register is 2.468 ns
        Info: 1: + IC(0.000 ns) + CELL(0.854 ns) = 0.854 ns; Loc. = PIN_N20; Fanout = 1; CLK Node = 'CLOCK'
        Info: 2: + IC(0.343 ns) + CELL(0.000 ns) = 1.197 ns; Loc. = CLKCTRL_G3; Fanout = 33; COMB Node = 'CLOCK~clkctrl'
        Info: 3: + IC(0.653 ns) + CELL(0.618 ns) = 2.468 ns; Loc. = LCFF_X15_Y3_N11; Fanout = 2; REG Node = 'memory_transfer:U_MEMORY_TRANSFER|reg_q[1]'
        Info: Total cell delay = 1.472 ns ( 59.64 % )
        Info: Total interconnect delay = 0.996 ns ( 40.36 % )
Info: tco from clock "CLOCK" to destination pin "BUS_D2" through register "memory_transfer:U_MEMORY_TRANSFER|lpm_ram_io_model:U_RAM|q_reg[0]~en" is 8.381 ns
    Info: + Longest clock path from clock "CLOCK" to source register is 2.465 ns
        Info: 1: + IC(0.000 ns) + CELL(0.854 ns) = 0.854 ns; Loc. = PIN_N20; Fanout = 1; CLK Node = 'CLOCK'
        Info: 2: + IC(0.343 ns) + CELL(0.000 ns) = 1.197 ns; Loc. = CLKCTRL_G3; Fanout = 33; COMB Node = 'CLOCK~clkctrl'
        Info: 3: + IC(0.650 ns) + CELL(0.618 ns) = 2.465 ns; Loc. = LCFF_X15_Y4_N7; Fanout = 10; REG Node = 'memory_transfer:U_MEMORY_TRANSFER|lpm_ram_io_model:U_RAM|q_reg[0]~en'
        Info: Total cell delay = 1.472 ns ( 59.72 % )
        Info: Total interconnect delay = 0.993 ns ( 40.28 % )
    Info: + Micro clock to output delay of source is 0.094 ns
    Info: + Longest register to pin delay is 5.822 ns
        Info: 1: + IC(0.000 ns) + CELL(0.000 ns) = 0.000 ns; Loc. = LCFF_X15_Y4_N7; Fanout = 10; REG Node = 'memory_transfer:U_MEMORY_TRANSFER|lpm_ram_io_model:U_RAM|q_reg[0]~en'
        Info: 2: + IC(0.302 ns) + CELL(0.366 ns) = 0.668 ns; Loc. = LCCOMB_X15_Y4_N0; Fanout = 13; COMB Node = 'memory_transfer:U_MEMORY_TRANSFER|lpm_ram_io_model:U_RAM|q_dbg_o[0]~0'
        Info: 3: + IC(0.639 ns) + CELL(0.228 ns) = 1.535 ns; Loc. = LCCOMB_X15_Y3_N20; Fanout = 8; COMB Node = 'memory_transfer:U_MEMORY_TRANSFER|data_bus[0]~20'
        Info: 4: + IC(2.157 ns) + CELL(2.130 ns) = 5.822 ns; Loc. = PIN_F4; Fanout = 0; PIN Node = 'BUS_D2'
        Info: Total cell delay = 2.724 ns ( 46.79 % )
        Info: Total interconnect delay = 3.098 ns ( 53.21 % )
Info: th for register "memory_transfer:U_MEMORY_TRANSFER|state_reg.S_IDLE" (data pin = "START", clock pin = "CLOCK") is -3.158 ns
    Info: + Longest clock path from clock "CLOCK" to destination register is 2.467 ns
        Info: 1: + IC(0.000 ns) + CELL(0.854 ns) = 0.854 ns; Loc. = PIN_N20; Fanout = 1; CLK Node = 'CLOCK'
        Info: 2: + IC(0.343 ns) + CELL(0.000 ns) = 1.197 ns; Loc. = CLKCTRL_G3; Fanout = 33; COMB Node = 'CLOCK~clkctrl'
        Info: 3: + IC(0.652 ns) + CELL(0.618 ns) = 2.467 ns; Loc. = LCFF_X14_Y3_N19; Fanout = 3; REG Node = 'memory_transfer:U_MEMORY_TRANSFER|state_reg.S_IDLE'
        Info: Total cell delay = 1.472 ns ( 59.67 % )
        Info: Total interconnect delay = 0.995 ns ( 40.33 % )
    Info: + Micro hold delay of destination is 0.149 ns
    Info: - Shortest pin to register delay is 5.774 ns
        Info: 1: + IC(0.000 ns) + CELL(0.809 ns) = 0.809 ns; Loc. = PIN_C11; Fanout = 3; PIN Node = 'START'
        Info: 2: + IC(4.757 ns) + CELL(0.053 ns) = 5.619 ns; Loc. = LCCOMB_X14_Y3_N18; Fanout = 1; COMB Node = 'memory_transfer:U_MEMORY_TRANSFER|state_reg~8'
        Info: 3: + IC(0.000 ns) + CELL(0.155 ns) = 5.774 ns; Loc. = LCFF_X14_Y3_N19; Fanout = 3; REG Node = 'memory_transfer:U_MEMORY_TRANSFER|state_reg.S_IDLE'
        Info: Total cell delay = 1.017 ns ( 17.61 % )
        Info: Total interconnect delay = 4.757 ns ( 82.39 % )
Info: Quartus II Classic Timing Analyzer was successful. 0 errors, 1 warning
    Info: Peak virtual memory: 184 megabytes
    Info: Processing ended: Tue Jun 09 12:33:28 2026
    Info: Elapsed time: 00:00:00
    Info: Total CPU time (on all processors): 00:00:00


