Classic Timing Analyzer report for Lab2Task3
Sat Nov 15 17:00:08 2025
Quartus II Version 9.1 Build 222 10/21/2009 SJ Web Edition


---------------------
; Table of Contents ;
---------------------
  1. Legal Notice
  2. Timing Analyzer Summary
  3. Timing Analyzer Settings
  4. Clock Settings Summary
  5. Parallel Compilation
  6. Clock Setup: 'InputMain'
  7. tco
  8. Timing Analyzer Messages



----------------
; Legal Notice ;
----------------
Copyright (C) 1991-2009 Altera Corporation
Your use of Altera Corporation's design tools, logic functions 
and other software and tools, and its AMPP partner logic 
functions, and any output files from any of the foregoing 
(including device programming or simulation files), and any 
associated documentation or information are expressly subject 
to the terms and conditions of the Altera Program License 
Subscription Agreement, Altera MegaCore Function License 
Agreement, or other applicable license agreement, including, 
without limitation, that your use is for the sole purpose of 
programming logic devices manufactured by Altera and sold by 
Altera or its authorized distributors.  Please refer to the 
applicable agreement for further details.



+---------------------------------------------------------------------------------------------------------------------------------------------------------------------------------------------------------------------------------------------------------------------------------------------------------------------------------------------------+
; Timing Analyzer Summary                                                                                                                                                                                                                                                                                                                           ;
+------------------------------+-------+---------------+----------------------------------+--------------------------------------------------------------------------------------------------------+--------------------------------------------------------------------------------------------------------+------------+-----------+--------------+
; Type                         ; Slack ; Required Time ; Actual Time                      ; From                                                                                                   ; To                                                                                                     ; From Clock ; To Clock  ; Failed Paths ;
+------------------------------+-------+---------------+----------------------------------+--------------------------------------------------------------------------------------------------------+--------------------------------------------------------------------------------------------------------+------------+-----------+--------------+
; Worst-case tco               ; N/A   ; None          ; 8.223 ns                         ; Lab2Task2:inst1|lpm_counter1:inst1|lpm_counter:lpm_counter_component|cntr_6ai:auto_generated|safe_q[1] ; Out[1]                                                                                                 ; InputMain  ; --        ; 0            ;
; Clock Setup: 'InputMain'     ; N/A   ; None          ; 403.71 MHz ( period = 2.477 ns ) ; Lab2Task2:inst1|lpm_counter0:inst|lpm_counter:lpm_counter_component|cntr_8gj:auto_generated|safe_q[0]  ; Lab2Task2:inst1|lpm_counter1:inst1|lpm_counter:lpm_counter_component|cntr_6ai:auto_generated|safe_q[2] ; InputMain  ; InputMain ; 0            ;
; Total number of failed paths ;       ;               ;                                  ;                                                                                                        ;                                                                                                        ;            ;           ; 0            ;
+------------------------------+-------+---------------+----------------------------------+--------------------------------------------------------------------------------------------------------+--------------------------------------------------------------------------------------------------------+------------+-----------+--------------+


+-----------------------------------------------------------------------------------------------------------------------------------------------------+
; Timing Analyzer Settings                                                                                                                            ;
+------------------------------------------------------------------------------------------------------+--------------------+------+----+-------------+
; Option                                                                                               ; Setting            ; From ; To ; Entity Name ;
+------------------------------------------------------------------------------------------------------+--------------------+------+----+-------------+
; Device Name                                                                                          ; EP2S15F484C3       ;      ;    ;             ;
; Timing Models                                                                                        ; Final              ;      ;    ;             ;
; Default hold multicycle                                                                              ; Same as Multicycle ;      ;    ;             ;
; Cut paths between unrelated clock domains                                                            ; On                 ;      ;    ;             ;
; Cut off read during write signal paths                                                               ; On                 ;      ;    ;             ;
; Cut off feedback from I/O pins                                                                       ; On                 ;      ;    ;             ;
; Report Combined Fast/Slow Timing                                                                     ; Off                ;      ;    ;             ;
; Ignore Clock Settings                                                                                ; Off                ;      ;    ;             ;
; Analyze latches as synchronous elements                                                              ; On                 ;      ;    ;             ;
; Enable Recovery/Removal analysis                                                                     ; Off                ;      ;    ;             ;
; Enable Clock Latency                                                                                 ; Off                ;      ;    ;             ;
; Use TimeQuest Timing Analyzer                                                                        ; Off                ;      ;    ;             ;
; Number of source nodes to report per destination node                                                ; 10                 ;      ;    ;             ;
; Number of destination nodes to report                                                                ; 10                 ;      ;    ;             ;
; Number of paths to report                                                                            ; 200                ;      ;    ;             ;
; Report Minimum Timing Checks                                                                         ; Off                ;      ;    ;             ;
; Use Fast Timing Models                                                                               ; Off                ;      ;    ;             ;
; Report IO Paths Separately                                                                           ; Off                ;      ;    ;             ;
; Perform Multicorner Analysis                                                                         ; On                 ;      ;    ;             ;
; Reports the worst-case path for each clock domain and analysis                                       ; Off                ;      ;    ;             ;
; Reports worst-case timing paths for each clock domain and analysis                                   ; Off                ;      ;    ;             ;
; Specifies the maximum number of worst-case timing paths to report for each clock domain and analysis ; 100                ;      ;    ;             ;
; Removes common clock path pessimism (CCPP) during slack computation                                  ; Off                ;      ;    ;             ;
; Output I/O Timing Endpoint                                                                           ; Near End           ;      ;    ;             ;
+------------------------------------------------------------------------------------------------------+--------------------+------+----+-------------+


+------------------------------------------------------------------------------------------------------------------------------------------------------------------------------------+
; Clock Settings Summary                                                                                                                                                             ;
+-----------------+--------------------+----------+------------------+---------------+--------------+----------+-----------------------+---------------------+--------+--------------+
; Clock Node Name ; Clock Setting Name ; Type     ; Fmax Requirement ; Early Latency ; Late Latency ; Based on ; Multiply Base Fmax by ; Divide Base Fmax by ; Offset ; Phase offset ;
+-----------------+--------------------+----------+------------------+---------------+--------------+----------+-----------------------+---------------------+--------+--------------+
; InputMain       ;                    ; User Pin ; None             ; 0.000 ns      ; 0.000 ns     ; --       ; N/A                   ; N/A                 ; N/A    ;              ;
+-----------------+--------------------+----------+------------------+---------------+--------------+----------+-----------------------+---------------------+--------+--------------+


Parallel compilation was disabled, but you have multiple processors available. Enable parallel compilation to reduce compilation time.
+-------------------------------------+
; Parallel Compilation                ;
+----------------------------+--------+
; Processors                 ; Number ;
+----------------------------+--------+
; Number detected on machine ; 12     ;
; Maximum allowed            ; 1      ;
+----------------------------+--------+


+---------------------------------------------------------------------------------------------------------------------------------------------------------------------------------------------------------------------------------------------------------------------------------------------------------------------------------------------------------------------------------------+
; Clock Setup: 'InputMain'                                                                                                                                                                                                                                                                                                                                                              ;
+-------+------------------------------------------------+--------------------------------------------------------------------------------------------------------+--------------------------------------------------------------------------------------------------------+------------+-----------+-----------------------------+---------------------------+-------------------------+
; Slack ; Actual fmax (period)                           ; From                                                                                                   ; To                                                                                                     ; From Clock ; To Clock  ; Required Setup Relationship ; Required Longest P2P Time ; Actual Longest P2P Time ;
+-------+------------------------------------------------+--------------------------------------------------------------------------------------------------------+--------------------------------------------------------------------------------------------------------+------------+-----------+-----------------------------+---------------------------+-------------------------+
; N/A   ; 403.71 MHz ( period = 2.477 ns )               ; Lab2Task2:inst1|lpm_counter0:inst|lpm_counter:lpm_counter_component|cntr_8gj:auto_generated|safe_q[0]  ; Lab2Task2:inst1|lpm_counter1:inst1|lpm_counter:lpm_counter_component|cntr_6ai:auto_generated|safe_q[0] ; InputMain  ; InputMain ; None                        ; None                      ; 2.294 ns                ;
; N/A   ; 403.71 MHz ( period = 2.477 ns )               ; Lab2Task2:inst1|lpm_counter0:inst|lpm_counter:lpm_counter_component|cntr_8gj:auto_generated|safe_q[0]  ; Lab2Task2:inst1|lpm_counter1:inst1|lpm_counter:lpm_counter_component|cntr_6ai:auto_generated|safe_q[1] ; InputMain  ; InputMain ; None                        ; None                      ; 2.294 ns                ;
; N/A   ; 403.71 MHz ( period = 2.477 ns )               ; Lab2Task2:inst1|lpm_counter0:inst|lpm_counter:lpm_counter_component|cntr_8gj:auto_generated|safe_q[0]  ; Lab2Task2:inst1|lpm_counter1:inst1|lpm_counter:lpm_counter_component|cntr_6ai:auto_generated|safe_q[3] ; InputMain  ; InputMain ; None                        ; None                      ; 2.294 ns                ;
; N/A   ; 403.71 MHz ( period = 2.477 ns )               ; Lab2Task2:inst1|lpm_counter0:inst|lpm_counter:lpm_counter_component|cntr_8gj:auto_generated|safe_q[0]  ; Lab2Task2:inst1|lpm_counter1:inst1|lpm_counter:lpm_counter_component|cntr_6ai:auto_generated|safe_q[2] ; InputMain  ; InputMain ; None                        ; None                      ; 2.294 ns                ;
; N/A   ; 409.50 MHz ( period = 2.442 ns )               ; Lab2Task2:inst1|lpm_counter0:inst|lpm_counter:lpm_counter_component|cntr_8gj:auto_generated|safe_q[1]  ; Lab2Task2:inst1|lpm_counter1:inst1|lpm_counter:lpm_counter_component|cntr_6ai:auto_generated|safe_q[0] ; InputMain  ; InputMain ; None                        ; None                      ; 2.259 ns                ;
; N/A   ; 409.50 MHz ( period = 2.442 ns )               ; Lab2Task2:inst1|lpm_counter0:inst|lpm_counter:lpm_counter_component|cntr_8gj:auto_generated|safe_q[1]  ; Lab2Task2:inst1|lpm_counter1:inst1|lpm_counter:lpm_counter_component|cntr_6ai:auto_generated|safe_q[1] ; InputMain  ; InputMain ; None                        ; None                      ; 2.259 ns                ;
; N/A   ; 409.50 MHz ( period = 2.442 ns )               ; Lab2Task2:inst1|lpm_counter0:inst|lpm_counter:lpm_counter_component|cntr_8gj:auto_generated|safe_q[1]  ; Lab2Task2:inst1|lpm_counter1:inst1|lpm_counter:lpm_counter_component|cntr_6ai:auto_generated|safe_q[3] ; InputMain  ; InputMain ; None                        ; None                      ; 2.259 ns                ;
; N/A   ; 409.50 MHz ( period = 2.442 ns )               ; Lab2Task2:inst1|lpm_counter0:inst|lpm_counter:lpm_counter_component|cntr_8gj:auto_generated|safe_q[1]  ; Lab2Task2:inst1|lpm_counter1:inst1|lpm_counter:lpm_counter_component|cntr_6ai:auto_generated|safe_q[2] ; InputMain  ; InputMain ; None                        ; None                      ; 2.259 ns                ;
; N/A   ; 415.45 MHz ( period = 2.407 ns )               ; Lab2Task2:inst1|lpm_counter0:inst|lpm_counter:lpm_counter_component|cntr_8gj:auto_generated|safe_q[2]  ; Lab2Task2:inst1|lpm_counter1:inst1|lpm_counter:lpm_counter_component|cntr_6ai:auto_generated|safe_q[0] ; InputMain  ; InputMain ; None                        ; None                      ; 2.224 ns                ;
; N/A   ; 415.45 MHz ( period = 2.407 ns )               ; Lab2Task2:inst1|lpm_counter0:inst|lpm_counter:lpm_counter_component|cntr_8gj:auto_generated|safe_q[2]  ; Lab2Task2:inst1|lpm_counter1:inst1|lpm_counter:lpm_counter_component|cntr_6ai:auto_generated|safe_q[1] ; InputMain  ; InputMain ; None                        ; None                      ; 2.224 ns                ;
; N/A   ; 415.45 MHz ( period = 2.407 ns )               ; Lab2Task2:inst1|lpm_counter0:inst|lpm_counter:lpm_counter_component|cntr_8gj:auto_generated|safe_q[2]  ; Lab2Task2:inst1|lpm_counter1:inst1|lpm_counter:lpm_counter_component|cntr_6ai:auto_generated|safe_q[3] ; InputMain  ; InputMain ; None                        ; None                      ; 2.224 ns                ;
; N/A   ; 415.45 MHz ( period = 2.407 ns )               ; Lab2Task2:inst1|lpm_counter0:inst|lpm_counter:lpm_counter_component|cntr_8gj:auto_generated|safe_q[2]  ; Lab2Task2:inst1|lpm_counter1:inst1|lpm_counter:lpm_counter_component|cntr_6ai:auto_generated|safe_q[2] ; InputMain  ; InputMain ; None                        ; None                      ; 2.224 ns                ;
; N/A   ; 421.59 MHz ( period = 2.372 ns )               ; Lab2Task2:inst1|lpm_counter0:inst|lpm_counter:lpm_counter_component|cntr_8gj:auto_generated|safe_q[3]  ; Lab2Task2:inst1|lpm_counter1:inst1|lpm_counter:lpm_counter_component|cntr_6ai:auto_generated|safe_q[0] ; InputMain  ; InputMain ; None                        ; None                      ; 2.189 ns                ;
; N/A   ; 421.59 MHz ( period = 2.372 ns )               ; Lab2Task2:inst1|lpm_counter0:inst|lpm_counter:lpm_counter_component|cntr_8gj:auto_generated|safe_q[3]  ; Lab2Task2:inst1|lpm_counter1:inst1|lpm_counter:lpm_counter_component|cntr_6ai:auto_generated|safe_q[1] ; InputMain  ; InputMain ; None                        ; None                      ; 2.189 ns                ;
; N/A   ; 421.59 MHz ( period = 2.372 ns )               ; Lab2Task2:inst1|lpm_counter0:inst|lpm_counter:lpm_counter_component|cntr_8gj:auto_generated|safe_q[3]  ; Lab2Task2:inst1|lpm_counter1:inst1|lpm_counter:lpm_counter_component|cntr_6ai:auto_generated|safe_q[3] ; InputMain  ; InputMain ; None                        ; None                      ; 2.189 ns                ;
; N/A   ; 421.59 MHz ( period = 2.372 ns )               ; Lab2Task2:inst1|lpm_counter0:inst|lpm_counter:lpm_counter_component|cntr_8gj:auto_generated|safe_q[3]  ; Lab2Task2:inst1|lpm_counter1:inst1|lpm_counter:lpm_counter_component|cntr_6ai:auto_generated|safe_q[2] ; InputMain  ; InputMain ; None                        ; None                      ; 2.189 ns                ;
; N/A   ; 427.90 MHz ( period = 2.337 ns )               ; Lab2Task2:inst1|lpm_counter0:inst|lpm_counter:lpm_counter_component|cntr_8gj:auto_generated|safe_q[4]  ; Lab2Task2:inst1|lpm_counter1:inst1|lpm_counter:lpm_counter_component|cntr_6ai:auto_generated|safe_q[0] ; InputMain  ; InputMain ; None                        ; None                      ; 2.154 ns                ;
; N/A   ; 427.90 MHz ( period = 2.337 ns )               ; Lab2Task2:inst1|lpm_counter0:inst|lpm_counter:lpm_counter_component|cntr_8gj:auto_generated|safe_q[4]  ; Lab2Task2:inst1|lpm_counter1:inst1|lpm_counter:lpm_counter_component|cntr_6ai:auto_generated|safe_q[1] ; InputMain  ; InputMain ; None                        ; None                      ; 2.154 ns                ;
; N/A   ; 427.90 MHz ( period = 2.337 ns )               ; Lab2Task2:inst1|lpm_counter0:inst|lpm_counter:lpm_counter_component|cntr_8gj:auto_generated|safe_q[4]  ; Lab2Task2:inst1|lpm_counter1:inst1|lpm_counter:lpm_counter_component|cntr_6ai:auto_generated|safe_q[3] ; InputMain  ; InputMain ; None                        ; None                      ; 2.154 ns                ;
; N/A   ; 427.90 MHz ( period = 2.337 ns )               ; Lab2Task2:inst1|lpm_counter0:inst|lpm_counter:lpm_counter_component|cntr_8gj:auto_generated|safe_q[4]  ; Lab2Task2:inst1|lpm_counter1:inst1|lpm_counter:lpm_counter_component|cntr_6ai:auto_generated|safe_q[2] ; InputMain  ; InputMain ; None                        ; None                      ; 2.154 ns                ;
; N/A   ; 434.40 MHz ( period = 2.302 ns )               ; Lab2Task2:inst1|lpm_counter0:inst|lpm_counter:lpm_counter_component|cntr_8gj:auto_generated|safe_q[5]  ; Lab2Task2:inst1|lpm_counter1:inst1|lpm_counter:lpm_counter_component|cntr_6ai:auto_generated|safe_q[0] ; InputMain  ; InputMain ; None                        ; None                      ; 2.119 ns                ;
; N/A   ; 434.40 MHz ( period = 2.302 ns )               ; Lab2Task2:inst1|lpm_counter0:inst|lpm_counter:lpm_counter_component|cntr_8gj:auto_generated|safe_q[5]  ; Lab2Task2:inst1|lpm_counter1:inst1|lpm_counter:lpm_counter_component|cntr_6ai:auto_generated|safe_q[1] ; InputMain  ; InputMain ; None                        ; None                      ; 2.119 ns                ;
; N/A   ; 434.40 MHz ( period = 2.302 ns )               ; Lab2Task2:inst1|lpm_counter0:inst|lpm_counter:lpm_counter_component|cntr_8gj:auto_generated|safe_q[5]  ; Lab2Task2:inst1|lpm_counter1:inst1|lpm_counter:lpm_counter_component|cntr_6ai:auto_generated|safe_q[3] ; InputMain  ; InputMain ; None                        ; None                      ; 2.119 ns                ;
; N/A   ; 434.40 MHz ( period = 2.302 ns )               ; Lab2Task2:inst1|lpm_counter0:inst|lpm_counter:lpm_counter_component|cntr_8gj:auto_generated|safe_q[5]  ; Lab2Task2:inst1|lpm_counter1:inst1|lpm_counter:lpm_counter_component|cntr_6ai:auto_generated|safe_q[2] ; InputMain  ; InputMain ; None                        ; None                      ; 2.119 ns                ;
; N/A   ; 441.11 MHz ( period = 2.267 ns )               ; Lab2Task2:inst1|lpm_counter0:inst|lpm_counter:lpm_counter_component|cntr_8gj:auto_generated|safe_q[6]  ; Lab2Task2:inst1|lpm_counter1:inst1|lpm_counter:lpm_counter_component|cntr_6ai:auto_generated|safe_q[0] ; InputMain  ; InputMain ; None                        ; None                      ; 2.084 ns                ;
; N/A   ; 441.11 MHz ( period = 2.267 ns )               ; Lab2Task2:inst1|lpm_counter0:inst|lpm_counter:lpm_counter_component|cntr_8gj:auto_generated|safe_q[6]  ; Lab2Task2:inst1|lpm_counter1:inst1|lpm_counter:lpm_counter_component|cntr_6ai:auto_generated|safe_q[1] ; InputMain  ; InputMain ; None                        ; None                      ; 2.084 ns                ;
; N/A   ; 441.11 MHz ( period = 2.267 ns )               ; Lab2Task2:inst1|lpm_counter0:inst|lpm_counter:lpm_counter_component|cntr_8gj:auto_generated|safe_q[6]  ; Lab2Task2:inst1|lpm_counter1:inst1|lpm_counter:lpm_counter_component|cntr_6ai:auto_generated|safe_q[3] ; InputMain  ; InputMain ; None                        ; None                      ; 2.084 ns                ;
; N/A   ; 441.11 MHz ( period = 2.267 ns )               ; Lab2Task2:inst1|lpm_counter0:inst|lpm_counter:lpm_counter_component|cntr_8gj:auto_generated|safe_q[6]  ; Lab2Task2:inst1|lpm_counter1:inst1|lpm_counter:lpm_counter_component|cntr_6ai:auto_generated|safe_q[2] ; InputMain  ; InputMain ; None                        ; None                      ; 2.084 ns                ;
; N/A   ; 453.51 MHz ( period = 2.205 ns )               ; Lab2Task2:inst1|lpm_counter0:inst|lpm_counter:lpm_counter_component|cntr_8gj:auto_generated|safe_q[7]  ; Lab2Task2:inst1|lpm_counter1:inst1|lpm_counter:lpm_counter_component|cntr_6ai:auto_generated|safe_q[0] ; InputMain  ; InputMain ; None                        ; None                      ; 2.022 ns                ;
; N/A   ; 453.51 MHz ( period = 2.205 ns )               ; Lab2Task2:inst1|lpm_counter0:inst|lpm_counter:lpm_counter_component|cntr_8gj:auto_generated|safe_q[7]  ; Lab2Task2:inst1|lpm_counter1:inst1|lpm_counter:lpm_counter_component|cntr_6ai:auto_generated|safe_q[1] ; InputMain  ; InputMain ; None                        ; None                      ; 2.022 ns                ;
; N/A   ; 453.51 MHz ( period = 2.205 ns )               ; Lab2Task2:inst1|lpm_counter0:inst|lpm_counter:lpm_counter_component|cntr_8gj:auto_generated|safe_q[7]  ; Lab2Task2:inst1|lpm_counter1:inst1|lpm_counter:lpm_counter_component|cntr_6ai:auto_generated|safe_q[3] ; InputMain  ; InputMain ; None                        ; None                      ; 2.022 ns                ;
; N/A   ; 453.51 MHz ( period = 2.205 ns )               ; Lab2Task2:inst1|lpm_counter0:inst|lpm_counter:lpm_counter_component|cntr_8gj:auto_generated|safe_q[7]  ; Lab2Task2:inst1|lpm_counter1:inst1|lpm_counter:lpm_counter_component|cntr_6ai:auto_generated|safe_q[2] ; InputMain  ; InputMain ; None                        ; None                      ; 2.022 ns                ;
; N/A   ; 470.81 MHz ( period = 2.124 ns )               ; Block2:inst|lpm_counter7:inst|lpm_counter:lpm_counter_component|cntr_40j:auto_generated|safe_q[0]      ; Block2:inst|lpm_counter7:inst|lpm_counter:lpm_counter_component|cntr_40j:auto_generated|safe_q[3]      ; InputMain  ; InputMain ; None                        ; None                      ; 1.940 ns                ;
; N/A   ; 470.81 MHz ( period = 2.124 ns )               ; Block2:inst|lpm_counter7:inst|lpm_counter:lpm_counter_component|cntr_40j:auto_generated|safe_q[0]      ; Block2:inst|lpm_counter7:inst|lpm_counter:lpm_counter_component|cntr_40j:auto_generated|safe_q[0]      ; InputMain  ; InputMain ; None                        ; None                      ; 1.940 ns                ;
; N/A   ; 470.81 MHz ( period = 2.124 ns )               ; Block2:inst|lpm_counter7:inst|lpm_counter:lpm_counter_component|cntr_40j:auto_generated|safe_q[0]      ; Block2:inst|lpm_counter7:inst|lpm_counter:lpm_counter_component|cntr_40j:auto_generated|safe_q[1]      ; InputMain  ; InputMain ; None                        ; None                      ; 1.940 ns                ;
; N/A   ; 470.81 MHz ( period = 2.124 ns )               ; Block2:inst|lpm_counter7:inst|lpm_counter:lpm_counter_component|cntr_40j:auto_generated|safe_q[0]      ; Block2:inst|lpm_counter7:inst|lpm_counter:lpm_counter_component|cntr_40j:auto_generated|safe_q[2]      ; InputMain  ; InputMain ; None                        ; None                      ; 1.940 ns                ;
; N/A   ; 470.81 MHz ( period = 2.124 ns )               ; Block2:inst|lpm_counter7:inst|lpm_counter:lpm_counter_component|cntr_40j:auto_generated|safe_q[0]      ; Block2:inst|lpm_counter7:inst|lpm_counter:lpm_counter_component|cntr_40j:auto_generated|safe_q[4]      ; InputMain  ; InputMain ; None                        ; None                      ; 1.940 ns                ;
; N/A   ; 470.81 MHz ( period = 2.124 ns )               ; Block2:inst|lpm_counter7:inst|lpm_counter:lpm_counter_component|cntr_40j:auto_generated|safe_q[0]      ; Block2:inst|lpm_counter7:inst|lpm_counter:lpm_counter_component|cntr_40j:auto_generated|safe_q[7]      ; InputMain  ; InputMain ; None                        ; None                      ; 1.940 ns                ;
; N/A   ; 470.81 MHz ( period = 2.124 ns )               ; Block2:inst|lpm_counter7:inst|lpm_counter:lpm_counter_component|cntr_40j:auto_generated|safe_q[0]      ; Block2:inst|lpm_counter7:inst|lpm_counter:lpm_counter_component|cntr_40j:auto_generated|safe_q[6]      ; InputMain  ; InputMain ; None                        ; None                      ; 1.940 ns                ;
; N/A   ; 470.81 MHz ( period = 2.124 ns )               ; Block2:inst|lpm_counter7:inst|lpm_counter:lpm_counter_component|cntr_40j:auto_generated|safe_q[0]      ; Block2:inst|lpm_counter7:inst|lpm_counter:lpm_counter_component|cntr_40j:auto_generated|safe_q[5]      ; InputMain  ; InputMain ; None                        ; None                      ; 1.940 ns                ;
; N/A   ; 476.42 MHz ( period = 2.099 ns )               ; Lab2Task2:inst1|lpm_counter0:inst|lpm_counter:lpm_counter_component|cntr_8gj:auto_generated|safe_q[0]  ; Lab2Task2:inst1|lpm_counter0:inst|lpm_counter:lpm_counter_component|cntr_8gj:auto_generated|safe_q[2]  ; InputMain  ; InputMain ; None                        ; None                      ; 1.915 ns                ;
; N/A   ; 476.42 MHz ( period = 2.099 ns )               ; Lab2Task2:inst1|lpm_counter0:inst|lpm_counter:lpm_counter_component|cntr_8gj:auto_generated|safe_q[0]  ; Lab2Task2:inst1|lpm_counter0:inst|lpm_counter:lpm_counter_component|cntr_8gj:auto_generated|safe_q[0]  ; InputMain  ; InputMain ; None                        ; None                      ; 1.915 ns                ;
; N/A   ; 476.42 MHz ( period = 2.099 ns )               ; Lab2Task2:inst1|lpm_counter0:inst|lpm_counter:lpm_counter_component|cntr_8gj:auto_generated|safe_q[0]  ; Lab2Task2:inst1|lpm_counter0:inst|lpm_counter:lpm_counter_component|cntr_8gj:auto_generated|safe_q[1]  ; InputMain  ; InputMain ; None                        ; None                      ; 1.915 ns                ;
; N/A   ; 476.42 MHz ( period = 2.099 ns )               ; Lab2Task2:inst1|lpm_counter0:inst|lpm_counter:lpm_counter_component|cntr_8gj:auto_generated|safe_q[0]  ; Lab2Task2:inst1|lpm_counter0:inst|lpm_counter:lpm_counter_component|cntr_8gj:auto_generated|safe_q[3]  ; InputMain  ; InputMain ; None                        ; None                      ; 1.915 ns                ;
; N/A   ; 476.42 MHz ( period = 2.099 ns )               ; Lab2Task2:inst1|lpm_counter0:inst|lpm_counter:lpm_counter_component|cntr_8gj:auto_generated|safe_q[0]  ; Lab2Task2:inst1|lpm_counter0:inst|lpm_counter:lpm_counter_component|cntr_8gj:auto_generated|safe_q[7]  ; InputMain  ; InputMain ; None                        ; None                      ; 1.915 ns                ;
; N/A   ; 476.42 MHz ( period = 2.099 ns )               ; Lab2Task2:inst1|lpm_counter0:inst|lpm_counter:lpm_counter_component|cntr_8gj:auto_generated|safe_q[0]  ; Lab2Task2:inst1|lpm_counter0:inst|lpm_counter:lpm_counter_component|cntr_8gj:auto_generated|safe_q[6]  ; InputMain  ; InputMain ; None                        ; None                      ; 1.915 ns                ;
; N/A   ; 476.42 MHz ( period = 2.099 ns )               ; Lab2Task2:inst1|lpm_counter0:inst|lpm_counter:lpm_counter_component|cntr_8gj:auto_generated|safe_q[0]  ; Lab2Task2:inst1|lpm_counter0:inst|lpm_counter:lpm_counter_component|cntr_8gj:auto_generated|safe_q[4]  ; InputMain  ; InputMain ; None                        ; None                      ; 1.915 ns                ;
; N/A   ; 476.42 MHz ( period = 2.099 ns )               ; Lab2Task2:inst1|lpm_counter0:inst|lpm_counter:lpm_counter_component|cntr_8gj:auto_generated|safe_q[0]  ; Lab2Task2:inst1|lpm_counter0:inst|lpm_counter:lpm_counter_component|cntr_8gj:auto_generated|safe_q[5]  ; InputMain  ; InputMain ; None                        ; None                      ; 1.915 ns                ;
; N/A   ; 478.70 MHz ( period = 2.089 ns )               ; Block2:inst|lpm_counter7:inst|lpm_counter:lpm_counter_component|cntr_40j:auto_generated|safe_q[1]      ; Block2:inst|lpm_counter7:inst|lpm_counter:lpm_counter_component|cntr_40j:auto_generated|safe_q[3]      ; InputMain  ; InputMain ; None                        ; None                      ; 1.905 ns                ;
; N/A   ; 478.70 MHz ( period = 2.089 ns )               ; Block2:inst|lpm_counter7:inst|lpm_counter:lpm_counter_component|cntr_40j:auto_generated|safe_q[1]      ; Block2:inst|lpm_counter7:inst|lpm_counter:lpm_counter_component|cntr_40j:auto_generated|safe_q[0]      ; InputMain  ; InputMain ; None                        ; None                      ; 1.905 ns                ;
; N/A   ; 478.70 MHz ( period = 2.089 ns )               ; Block2:inst|lpm_counter7:inst|lpm_counter:lpm_counter_component|cntr_40j:auto_generated|safe_q[1]      ; Block2:inst|lpm_counter7:inst|lpm_counter:lpm_counter_component|cntr_40j:auto_generated|safe_q[1]      ; InputMain  ; InputMain ; None                        ; None                      ; 1.905 ns                ;
; N/A   ; 478.70 MHz ( period = 2.089 ns )               ; Block2:inst|lpm_counter7:inst|lpm_counter:lpm_counter_component|cntr_40j:auto_generated|safe_q[1]      ; Block2:inst|lpm_counter7:inst|lpm_counter:lpm_counter_component|cntr_40j:auto_generated|safe_q[2]      ; InputMain  ; InputMain ; None                        ; None                      ; 1.905 ns                ;
; N/A   ; 478.70 MHz ( period = 2.089 ns )               ; Block2:inst|lpm_counter7:inst|lpm_counter:lpm_counter_component|cntr_40j:auto_generated|safe_q[1]      ; Block2:inst|lpm_counter7:inst|lpm_counter:lpm_counter_component|cntr_40j:auto_generated|safe_q[4]      ; InputMain  ; InputMain ; None                        ; None                      ; 1.905 ns                ;
; N/A   ; 478.70 MHz ( period = 2.089 ns )               ; Block2:inst|lpm_counter7:inst|lpm_counter:lpm_counter_component|cntr_40j:auto_generated|safe_q[1]      ; Block2:inst|lpm_counter7:inst|lpm_counter:lpm_counter_component|cntr_40j:auto_generated|safe_q[7]      ; InputMain  ; InputMain ; None                        ; None                      ; 1.905 ns                ;
; N/A   ; 478.70 MHz ( period = 2.089 ns )               ; Block2:inst|lpm_counter7:inst|lpm_counter:lpm_counter_component|cntr_40j:auto_generated|safe_q[1]      ; Block2:inst|lpm_counter7:inst|lpm_counter:lpm_counter_component|cntr_40j:auto_generated|safe_q[6]      ; InputMain  ; InputMain ; None                        ; None                      ; 1.905 ns                ;
; N/A   ; 478.70 MHz ( period = 2.089 ns )               ; Block2:inst|lpm_counter7:inst|lpm_counter:lpm_counter_component|cntr_40j:auto_generated|safe_q[1]      ; Block2:inst|lpm_counter7:inst|lpm_counter:lpm_counter_component|cntr_40j:auto_generated|safe_q[5]      ; InputMain  ; InputMain ; None                        ; None                      ; 1.905 ns                ;
; N/A   ; 484.50 MHz ( period = 2.064 ns )               ; Lab2Task2:inst1|lpm_counter0:inst|lpm_counter:lpm_counter_component|cntr_8gj:auto_generated|safe_q[1]  ; Lab2Task2:inst1|lpm_counter0:inst|lpm_counter:lpm_counter_component|cntr_8gj:auto_generated|safe_q[2]  ; InputMain  ; InputMain ; None                        ; None                      ; 1.880 ns                ;
; N/A   ; 484.50 MHz ( period = 2.064 ns )               ; Lab2Task2:inst1|lpm_counter0:inst|lpm_counter:lpm_counter_component|cntr_8gj:auto_generated|safe_q[1]  ; Lab2Task2:inst1|lpm_counter0:inst|lpm_counter:lpm_counter_component|cntr_8gj:auto_generated|safe_q[0]  ; InputMain  ; InputMain ; None                        ; None                      ; 1.880 ns                ;
; N/A   ; 484.50 MHz ( period = 2.064 ns )               ; Lab2Task2:inst1|lpm_counter0:inst|lpm_counter:lpm_counter_component|cntr_8gj:auto_generated|safe_q[1]  ; Lab2Task2:inst1|lpm_counter0:inst|lpm_counter:lpm_counter_component|cntr_8gj:auto_generated|safe_q[1]  ; InputMain  ; InputMain ; None                        ; None                      ; 1.880 ns                ;
; N/A   ; 484.50 MHz ( period = 2.064 ns )               ; Lab2Task2:inst1|lpm_counter0:inst|lpm_counter:lpm_counter_component|cntr_8gj:auto_generated|safe_q[1]  ; Lab2Task2:inst1|lpm_counter0:inst|lpm_counter:lpm_counter_component|cntr_8gj:auto_generated|safe_q[3]  ; InputMain  ; InputMain ; None                        ; None                      ; 1.880 ns                ;
; N/A   ; 484.50 MHz ( period = 2.064 ns )               ; Lab2Task2:inst1|lpm_counter0:inst|lpm_counter:lpm_counter_component|cntr_8gj:auto_generated|safe_q[1]  ; Lab2Task2:inst1|lpm_counter0:inst|lpm_counter:lpm_counter_component|cntr_8gj:auto_generated|safe_q[7]  ; InputMain  ; InputMain ; None                        ; None                      ; 1.880 ns                ;
; N/A   ; 484.50 MHz ( period = 2.064 ns )               ; Lab2Task2:inst1|lpm_counter0:inst|lpm_counter:lpm_counter_component|cntr_8gj:auto_generated|safe_q[1]  ; Lab2Task2:inst1|lpm_counter0:inst|lpm_counter:lpm_counter_component|cntr_8gj:auto_generated|safe_q[6]  ; InputMain  ; InputMain ; None                        ; None                      ; 1.880 ns                ;
; N/A   ; 484.50 MHz ( period = 2.064 ns )               ; Lab2Task2:inst1|lpm_counter0:inst|lpm_counter:lpm_counter_component|cntr_8gj:auto_generated|safe_q[1]  ; Lab2Task2:inst1|lpm_counter0:inst|lpm_counter:lpm_counter_component|cntr_8gj:auto_generated|safe_q[4]  ; InputMain  ; InputMain ; None                        ; None                      ; 1.880 ns                ;
; N/A   ; 484.50 MHz ( period = 2.064 ns )               ; Lab2Task2:inst1|lpm_counter0:inst|lpm_counter:lpm_counter_component|cntr_8gj:auto_generated|safe_q[1]  ; Lab2Task2:inst1|lpm_counter0:inst|lpm_counter:lpm_counter_component|cntr_8gj:auto_generated|safe_q[5]  ; InputMain  ; InputMain ; None                        ; None                      ; 1.880 ns                ;
; N/A   ; 486.85 MHz ( period = 2.054 ns )               ; Block2:inst|lpm_counter7:inst|lpm_counter:lpm_counter_component|cntr_40j:auto_generated|safe_q[2]      ; Block2:inst|lpm_counter7:inst|lpm_counter:lpm_counter_component|cntr_40j:auto_generated|safe_q[3]      ; InputMain  ; InputMain ; None                        ; None                      ; 1.870 ns                ;
; N/A   ; 486.85 MHz ( period = 2.054 ns )               ; Block2:inst|lpm_counter7:inst|lpm_counter:lpm_counter_component|cntr_40j:auto_generated|safe_q[2]      ; Block2:inst|lpm_counter7:inst|lpm_counter:lpm_counter_component|cntr_40j:auto_generated|safe_q[0]      ; InputMain  ; InputMain ; None                        ; None                      ; 1.870 ns                ;
; N/A   ; 486.85 MHz ( period = 2.054 ns )               ; Block2:inst|lpm_counter7:inst|lpm_counter:lpm_counter_component|cntr_40j:auto_generated|safe_q[2]      ; Block2:inst|lpm_counter7:inst|lpm_counter:lpm_counter_component|cntr_40j:auto_generated|safe_q[1]      ; InputMain  ; InputMain ; None                        ; None                      ; 1.870 ns                ;
; N/A   ; 486.85 MHz ( period = 2.054 ns )               ; Block2:inst|lpm_counter7:inst|lpm_counter:lpm_counter_component|cntr_40j:auto_generated|safe_q[2]      ; Block2:inst|lpm_counter7:inst|lpm_counter:lpm_counter_component|cntr_40j:auto_generated|safe_q[2]      ; InputMain  ; InputMain ; None                        ; None                      ; 1.870 ns                ;
; N/A   ; 486.85 MHz ( period = 2.054 ns )               ; Block2:inst|lpm_counter7:inst|lpm_counter:lpm_counter_component|cntr_40j:auto_generated|safe_q[2]      ; Block2:inst|lpm_counter7:inst|lpm_counter:lpm_counter_component|cntr_40j:auto_generated|safe_q[4]      ; InputMain  ; InputMain ; None                        ; None                      ; 1.870 ns                ;
; N/A   ; 486.85 MHz ( period = 2.054 ns )               ; Block2:inst|lpm_counter7:inst|lpm_counter:lpm_counter_component|cntr_40j:auto_generated|safe_q[2]      ; Block2:inst|lpm_counter7:inst|lpm_counter:lpm_counter_component|cntr_40j:auto_generated|safe_q[7]      ; InputMain  ; InputMain ; None                        ; None                      ; 1.870 ns                ;
; N/A   ; 486.85 MHz ( period = 2.054 ns )               ; Block2:inst|lpm_counter7:inst|lpm_counter:lpm_counter_component|cntr_40j:auto_generated|safe_q[2]      ; Block2:inst|lpm_counter7:inst|lpm_counter:lpm_counter_component|cntr_40j:auto_generated|safe_q[6]      ; InputMain  ; InputMain ; None                        ; None                      ; 1.870 ns                ;
; N/A   ; 486.85 MHz ( period = 2.054 ns )               ; Block2:inst|lpm_counter7:inst|lpm_counter:lpm_counter_component|cntr_40j:auto_generated|safe_q[2]      ; Block2:inst|lpm_counter7:inst|lpm_counter:lpm_counter_component|cntr_40j:auto_generated|safe_q[5]      ; InputMain  ; InputMain ; None                        ; None                      ; 1.870 ns                ;
; N/A   ; 492.85 MHz ( period = 2.029 ns )               ; Lab2Task2:inst1|lpm_counter0:inst|lpm_counter:lpm_counter_component|cntr_8gj:auto_generated|safe_q[2]  ; Lab2Task2:inst1|lpm_counter0:inst|lpm_counter:lpm_counter_component|cntr_8gj:auto_generated|safe_q[2]  ; InputMain  ; InputMain ; None                        ; None                      ; 1.845 ns                ;
; N/A   ; 492.85 MHz ( period = 2.029 ns )               ; Lab2Task2:inst1|lpm_counter0:inst|lpm_counter:lpm_counter_component|cntr_8gj:auto_generated|safe_q[2]  ; Lab2Task2:inst1|lpm_counter0:inst|lpm_counter:lpm_counter_component|cntr_8gj:auto_generated|safe_q[0]  ; InputMain  ; InputMain ; None                        ; None                      ; 1.845 ns                ;
; N/A   ; 492.85 MHz ( period = 2.029 ns )               ; Lab2Task2:inst1|lpm_counter0:inst|lpm_counter:lpm_counter_component|cntr_8gj:auto_generated|safe_q[2]  ; Lab2Task2:inst1|lpm_counter0:inst|lpm_counter:lpm_counter_component|cntr_8gj:auto_generated|safe_q[1]  ; InputMain  ; InputMain ; None                        ; None                      ; 1.845 ns                ;
; N/A   ; 492.85 MHz ( period = 2.029 ns )               ; Lab2Task2:inst1|lpm_counter0:inst|lpm_counter:lpm_counter_component|cntr_8gj:auto_generated|safe_q[2]  ; Lab2Task2:inst1|lpm_counter0:inst|lpm_counter:lpm_counter_component|cntr_8gj:auto_generated|safe_q[3]  ; InputMain  ; InputMain ; None                        ; None                      ; 1.845 ns                ;
; N/A   ; 492.85 MHz ( period = 2.029 ns )               ; Lab2Task2:inst1|lpm_counter0:inst|lpm_counter:lpm_counter_component|cntr_8gj:auto_generated|safe_q[2]  ; Lab2Task2:inst1|lpm_counter0:inst|lpm_counter:lpm_counter_component|cntr_8gj:auto_generated|safe_q[7]  ; InputMain  ; InputMain ; None                        ; None                      ; 1.845 ns                ;
; N/A   ; 492.85 MHz ( period = 2.029 ns )               ; Lab2Task2:inst1|lpm_counter0:inst|lpm_counter:lpm_counter_component|cntr_8gj:auto_generated|safe_q[2]  ; Lab2Task2:inst1|lpm_counter0:inst|lpm_counter:lpm_counter_component|cntr_8gj:auto_generated|safe_q[6]  ; InputMain  ; InputMain ; None                        ; None                      ; 1.845 ns                ;
; N/A   ; 492.85 MHz ( period = 2.029 ns )               ; Lab2Task2:inst1|lpm_counter0:inst|lpm_counter:lpm_counter_component|cntr_8gj:auto_generated|safe_q[2]  ; Lab2Task2:inst1|lpm_counter0:inst|lpm_counter:lpm_counter_component|cntr_8gj:auto_generated|safe_q[4]  ; InputMain  ; InputMain ; None                        ; None                      ; 1.845 ns                ;
; N/A   ; 492.85 MHz ( period = 2.029 ns )               ; Lab2Task2:inst1|lpm_counter0:inst|lpm_counter:lpm_counter_component|cntr_8gj:auto_generated|safe_q[2]  ; Lab2Task2:inst1|lpm_counter0:inst|lpm_counter:lpm_counter_component|cntr_8gj:auto_generated|safe_q[5]  ; InputMain  ; InputMain ; None                        ; None                      ; 1.845 ns                ;
; N/A   ; 495.29 MHz ( period = 2.019 ns )               ; Block2:inst|lpm_counter7:inst|lpm_counter:lpm_counter_component|cntr_40j:auto_generated|safe_q[3]      ; Block2:inst|lpm_counter7:inst|lpm_counter:lpm_counter_component|cntr_40j:auto_generated|safe_q[3]      ; InputMain  ; InputMain ; None                        ; None                      ; 1.835 ns                ;
; N/A   ; 495.29 MHz ( period = 2.019 ns )               ; Block2:inst|lpm_counter7:inst|lpm_counter:lpm_counter_component|cntr_40j:auto_generated|safe_q[3]      ; Block2:inst|lpm_counter7:inst|lpm_counter:lpm_counter_component|cntr_40j:auto_generated|safe_q[0]      ; InputMain  ; InputMain ; None                        ; None                      ; 1.835 ns                ;
; N/A   ; 495.29 MHz ( period = 2.019 ns )               ; Block2:inst|lpm_counter7:inst|lpm_counter:lpm_counter_component|cntr_40j:auto_generated|safe_q[3]      ; Block2:inst|lpm_counter7:inst|lpm_counter:lpm_counter_component|cntr_40j:auto_generated|safe_q[1]      ; InputMain  ; InputMain ; None                        ; None                      ; 1.835 ns                ;
; N/A   ; 495.29 MHz ( period = 2.019 ns )               ; Block2:inst|lpm_counter7:inst|lpm_counter:lpm_counter_component|cntr_40j:auto_generated|safe_q[3]      ; Block2:inst|lpm_counter7:inst|lpm_counter:lpm_counter_component|cntr_40j:auto_generated|safe_q[2]      ; InputMain  ; InputMain ; None                        ; None                      ; 1.835 ns                ;
; N/A   ; 495.29 MHz ( period = 2.019 ns )               ; Block2:inst|lpm_counter7:inst|lpm_counter:lpm_counter_component|cntr_40j:auto_generated|safe_q[3]      ; Block2:inst|lpm_counter7:inst|lpm_counter:lpm_counter_component|cntr_40j:auto_generated|safe_q[4]      ; InputMain  ; InputMain ; None                        ; None                      ; 1.835 ns                ;
; N/A   ; 495.29 MHz ( period = 2.019 ns )               ; Block2:inst|lpm_counter7:inst|lpm_counter:lpm_counter_component|cntr_40j:auto_generated|safe_q[3]      ; Block2:inst|lpm_counter7:inst|lpm_counter:lpm_counter_component|cntr_40j:auto_generated|safe_q[7]      ; InputMain  ; InputMain ; None                        ; None                      ; 1.835 ns                ;
; N/A   ; 495.29 MHz ( period = 2.019 ns )               ; Block2:inst|lpm_counter7:inst|lpm_counter:lpm_counter_component|cntr_40j:auto_generated|safe_q[3]      ; Block2:inst|lpm_counter7:inst|lpm_counter:lpm_counter_component|cntr_40j:auto_generated|safe_q[6]      ; InputMain  ; InputMain ; None                        ; None                      ; 1.835 ns                ;
; N/A   ; 495.29 MHz ( period = 2.019 ns )               ; Block2:inst|lpm_counter7:inst|lpm_counter:lpm_counter_component|cntr_40j:auto_generated|safe_q[3]      ; Block2:inst|lpm_counter7:inst|lpm_counter:lpm_counter_component|cntr_40j:auto_generated|safe_q[5]      ; InputMain  ; InputMain ; None                        ; None                      ; 1.835 ns                ;
; N/A   ; Restricted to 500.00 MHz ( period = 2.000 ns ) ; Lab2Task2:inst1|lpm_counter0:inst|lpm_counter:lpm_counter_component|cntr_8gj:auto_generated|safe_q[3]  ; Lab2Task2:inst1|lpm_counter0:inst|lpm_counter:lpm_counter_component|cntr_8gj:auto_generated|safe_q[2]  ; InputMain  ; InputMain ; None                        ; None                      ; 1.810 ns                ;
; N/A   ; Restricted to 500.00 MHz ( period = 2.000 ns ) ; Lab2Task2:inst1|lpm_counter0:inst|lpm_counter:lpm_counter_component|cntr_8gj:auto_generated|safe_q[3]  ; Lab2Task2:inst1|lpm_counter0:inst|lpm_counter:lpm_counter_component|cntr_8gj:auto_generated|safe_q[0]  ; InputMain  ; InputMain ; None                        ; None                      ; 1.810 ns                ;
; N/A   ; Restricted to 500.00 MHz ( period = 2.000 ns ) ; Lab2Task2:inst1|lpm_counter0:inst|lpm_counter:lpm_counter_component|cntr_8gj:auto_generated|safe_q[3]  ; Lab2Task2:inst1|lpm_counter0:inst|lpm_counter:lpm_counter_component|cntr_8gj:auto_generated|safe_q[1]  ; InputMain  ; InputMain ; None                        ; None                      ; 1.810 ns                ;
; N/A   ; Restricted to 500.00 MHz ( period = 2.000 ns ) ; Lab2Task2:inst1|lpm_counter0:inst|lpm_counter:lpm_counter_component|cntr_8gj:auto_generated|safe_q[3]  ; Lab2Task2:inst1|lpm_counter0:inst|lpm_counter:lpm_counter_component|cntr_8gj:auto_generated|safe_q[3]  ; InputMain  ; InputMain ; None                        ; None                      ; 1.810 ns                ;
; N/A   ; Restricted to 500.00 MHz ( period = 2.000 ns ) ; Lab2Task2:inst1|lpm_counter0:inst|lpm_counter:lpm_counter_component|cntr_8gj:auto_generated|safe_q[3]  ; Lab2Task2:inst1|lpm_counter0:inst|lpm_counter:lpm_counter_component|cntr_8gj:auto_generated|safe_q[7]  ; InputMain  ; InputMain ; None                        ; None                      ; 1.810 ns                ;
; N/A   ; Restricted to 500.00 MHz ( period = 2.000 ns ) ; Lab2Task2:inst1|lpm_counter0:inst|lpm_counter:lpm_counter_component|cntr_8gj:auto_generated|safe_q[3]  ; Lab2Task2:inst1|lpm_counter0:inst|lpm_counter:lpm_counter_component|cntr_8gj:auto_generated|safe_q[6]  ; InputMain  ; InputMain ; None                        ; None                      ; 1.810 ns                ;
; N/A   ; Restricted to 500.00 MHz ( period = 2.000 ns ) ; Lab2Task2:inst1|lpm_counter0:inst|lpm_counter:lpm_counter_component|cntr_8gj:auto_generated|safe_q[3]  ; Lab2Task2:inst1|lpm_counter0:inst|lpm_counter:lpm_counter_component|cntr_8gj:auto_generated|safe_q[4]  ; InputMain  ; InputMain ; None                        ; None                      ; 1.810 ns                ;
; N/A   ; Restricted to 500.00 MHz ( period = 2.000 ns ) ; Lab2Task2:inst1|lpm_counter0:inst|lpm_counter:lpm_counter_component|cntr_8gj:auto_generated|safe_q[3]  ; Lab2Task2:inst1|lpm_counter0:inst|lpm_counter:lpm_counter_component|cntr_8gj:auto_generated|safe_q[5]  ; InputMain  ; InputMain ; None                        ; None                      ; 1.810 ns                ;
; N/A   ; Restricted to 500.00 MHz ( period = 2.000 ns ) ; Block2:inst|lpm_counter7:inst|lpm_counter:lpm_counter_component|cntr_40j:auto_generated|safe_q[4]      ; Block2:inst|lpm_counter7:inst|lpm_counter:lpm_counter_component|cntr_40j:auto_generated|safe_q[3]      ; InputMain  ; InputMain ; None                        ; None                      ; 1.801 ns                ;
; N/A   ; Restricted to 500.00 MHz ( period = 2.000 ns ) ; Block2:inst|lpm_counter7:inst|lpm_counter:lpm_counter_component|cntr_40j:auto_generated|safe_q[4]      ; Block2:inst|lpm_counter7:inst|lpm_counter:lpm_counter_component|cntr_40j:auto_generated|safe_q[0]      ; InputMain  ; InputMain ; None                        ; None                      ; 1.801 ns                ;
; N/A   ; Restricted to 500.00 MHz ( period = 2.000 ns ) ; Block2:inst|lpm_counter7:inst|lpm_counter:lpm_counter_component|cntr_40j:auto_generated|safe_q[4]      ; Block2:inst|lpm_counter7:inst|lpm_counter:lpm_counter_component|cntr_40j:auto_generated|safe_q[1]      ; InputMain  ; InputMain ; None                        ; None                      ; 1.801 ns                ;
; N/A   ; Restricted to 500.00 MHz ( period = 2.000 ns ) ; Block2:inst|lpm_counter7:inst|lpm_counter:lpm_counter_component|cntr_40j:auto_generated|safe_q[4]      ; Block2:inst|lpm_counter7:inst|lpm_counter:lpm_counter_component|cntr_40j:auto_generated|safe_q[2]      ; InputMain  ; InputMain ; None                        ; None                      ; 1.801 ns                ;
; N/A   ; Restricted to 500.00 MHz ( period = 2.000 ns ) ; Block2:inst|lpm_counter7:inst|lpm_counter:lpm_counter_component|cntr_40j:auto_generated|safe_q[4]      ; Block2:inst|lpm_counter7:inst|lpm_counter:lpm_counter_component|cntr_40j:auto_generated|safe_q[4]      ; InputMain  ; InputMain ; None                        ; None                      ; 1.801 ns                ;
; N/A   ; Restricted to 500.00 MHz ( period = 2.000 ns ) ; Block2:inst|lpm_counter7:inst|lpm_counter:lpm_counter_component|cntr_40j:auto_generated|safe_q[4]      ; Block2:inst|lpm_counter7:inst|lpm_counter:lpm_counter_component|cntr_40j:auto_generated|safe_q[7]      ; InputMain  ; InputMain ; None                        ; None                      ; 1.801 ns                ;
; N/A   ; Restricted to 500.00 MHz ( period = 2.000 ns ) ; Block2:inst|lpm_counter7:inst|lpm_counter:lpm_counter_component|cntr_40j:auto_generated|safe_q[4]      ; Block2:inst|lpm_counter7:inst|lpm_counter:lpm_counter_component|cntr_40j:auto_generated|safe_q[6]      ; InputMain  ; InputMain ; None                        ; None                      ; 1.801 ns                ;
; N/A   ; Restricted to 500.00 MHz ( period = 2.000 ns ) ; Block2:inst|lpm_counter7:inst|lpm_counter:lpm_counter_component|cntr_40j:auto_generated|safe_q[4]      ; Block2:inst|lpm_counter7:inst|lpm_counter:lpm_counter_component|cntr_40j:auto_generated|safe_q[5]      ; InputMain  ; InputMain ; None                        ; None                      ; 1.801 ns                ;
; N/A   ; Restricted to 500.00 MHz ( period = 2.000 ns ) ; Lab2Task2:inst1|lpm_counter0:inst|lpm_counter:lpm_counter_component|cntr_8gj:auto_generated|safe_q[4]  ; Lab2Task2:inst1|lpm_counter0:inst|lpm_counter:lpm_counter_component|cntr_8gj:auto_generated|safe_q[2]  ; InputMain  ; InputMain ; None                        ; None                      ; 1.775 ns                ;
; N/A   ; Restricted to 500.00 MHz ( period = 2.000 ns ) ; Lab2Task2:inst1|lpm_counter0:inst|lpm_counter:lpm_counter_component|cntr_8gj:auto_generated|safe_q[4]  ; Lab2Task2:inst1|lpm_counter0:inst|lpm_counter:lpm_counter_component|cntr_8gj:auto_generated|safe_q[0]  ; InputMain  ; InputMain ; None                        ; None                      ; 1.775 ns                ;
; N/A   ; Restricted to 500.00 MHz ( period = 2.000 ns ) ; Lab2Task2:inst1|lpm_counter0:inst|lpm_counter:lpm_counter_component|cntr_8gj:auto_generated|safe_q[4]  ; Lab2Task2:inst1|lpm_counter0:inst|lpm_counter:lpm_counter_component|cntr_8gj:auto_generated|safe_q[1]  ; InputMain  ; InputMain ; None                        ; None                      ; 1.775 ns                ;
; N/A   ; Restricted to 500.00 MHz ( period = 2.000 ns ) ; Lab2Task2:inst1|lpm_counter0:inst|lpm_counter:lpm_counter_component|cntr_8gj:auto_generated|safe_q[4]  ; Lab2Task2:inst1|lpm_counter0:inst|lpm_counter:lpm_counter_component|cntr_8gj:auto_generated|safe_q[3]  ; InputMain  ; InputMain ; None                        ; None                      ; 1.775 ns                ;
; N/A   ; Restricted to 500.00 MHz ( period = 2.000 ns ) ; Lab2Task2:inst1|lpm_counter0:inst|lpm_counter:lpm_counter_component|cntr_8gj:auto_generated|safe_q[4]  ; Lab2Task2:inst1|lpm_counter0:inst|lpm_counter:lpm_counter_component|cntr_8gj:auto_generated|safe_q[7]  ; InputMain  ; InputMain ; None                        ; None                      ; 1.775 ns                ;
; N/A   ; Restricted to 500.00 MHz ( period = 2.000 ns ) ; Lab2Task2:inst1|lpm_counter0:inst|lpm_counter:lpm_counter_component|cntr_8gj:auto_generated|safe_q[4]  ; Lab2Task2:inst1|lpm_counter0:inst|lpm_counter:lpm_counter_component|cntr_8gj:auto_generated|safe_q[6]  ; InputMain  ; InputMain ; None                        ; None                      ; 1.775 ns                ;
; N/A   ; Restricted to 500.00 MHz ( period = 2.000 ns ) ; Lab2Task2:inst1|lpm_counter0:inst|lpm_counter:lpm_counter_component|cntr_8gj:auto_generated|safe_q[4]  ; Lab2Task2:inst1|lpm_counter0:inst|lpm_counter:lpm_counter_component|cntr_8gj:auto_generated|safe_q[4]  ; InputMain  ; InputMain ; None                        ; None                      ; 1.775 ns                ;
; N/A   ; Restricted to 500.00 MHz ( period = 2.000 ns ) ; Lab2Task2:inst1|lpm_counter0:inst|lpm_counter:lpm_counter_component|cntr_8gj:auto_generated|safe_q[4]  ; Lab2Task2:inst1|lpm_counter0:inst|lpm_counter:lpm_counter_component|cntr_8gj:auto_generated|safe_q[5]  ; InputMain  ; InputMain ; None                        ; None                      ; 1.775 ns                ;
; N/A   ; Restricted to 500.00 MHz ( period = 2.000 ns ) ; Block2:inst|lpm_counter7:inst|lpm_counter:lpm_counter_component|cntr_40j:auto_generated|safe_q[5]      ; Block2:inst|lpm_counter7:inst|lpm_counter:lpm_counter_component|cntr_40j:auto_generated|safe_q[3]      ; InputMain  ; InputMain ; None                        ; None                      ; 1.765 ns                ;
; N/A   ; Restricted to 500.00 MHz ( period = 2.000 ns ) ; Block2:inst|lpm_counter7:inst|lpm_counter:lpm_counter_component|cntr_40j:auto_generated|safe_q[5]      ; Block2:inst|lpm_counter7:inst|lpm_counter:lpm_counter_component|cntr_40j:auto_generated|safe_q[0]      ; InputMain  ; InputMain ; None                        ; None                      ; 1.765 ns                ;
; N/A   ; Restricted to 500.00 MHz ( period = 2.000 ns ) ; Block2:inst|lpm_counter7:inst|lpm_counter:lpm_counter_component|cntr_40j:auto_generated|safe_q[5]      ; Block2:inst|lpm_counter7:inst|lpm_counter:lpm_counter_component|cntr_40j:auto_generated|safe_q[1]      ; InputMain  ; InputMain ; None                        ; None                      ; 1.765 ns                ;
; N/A   ; Restricted to 500.00 MHz ( period = 2.000 ns ) ; Block2:inst|lpm_counter7:inst|lpm_counter:lpm_counter_component|cntr_40j:auto_generated|safe_q[5]      ; Block2:inst|lpm_counter7:inst|lpm_counter:lpm_counter_component|cntr_40j:auto_generated|safe_q[2]      ; InputMain  ; InputMain ; None                        ; None                      ; 1.765 ns                ;
; N/A   ; Restricted to 500.00 MHz ( period = 2.000 ns ) ; Block2:inst|lpm_counter7:inst|lpm_counter:lpm_counter_component|cntr_40j:auto_generated|safe_q[5]      ; Block2:inst|lpm_counter7:inst|lpm_counter:lpm_counter_component|cntr_40j:auto_generated|safe_q[4]      ; InputMain  ; InputMain ; None                        ; None                      ; 1.765 ns                ;
; N/A   ; Restricted to 500.00 MHz ( period = 2.000 ns ) ; Block2:inst|lpm_counter7:inst|lpm_counter:lpm_counter_component|cntr_40j:auto_generated|safe_q[5]      ; Block2:inst|lpm_counter7:inst|lpm_counter:lpm_counter_component|cntr_40j:auto_generated|safe_q[7]      ; InputMain  ; InputMain ; None                        ; None                      ; 1.765 ns                ;
; N/A   ; Restricted to 500.00 MHz ( period = 2.000 ns ) ; Block2:inst|lpm_counter7:inst|lpm_counter:lpm_counter_component|cntr_40j:auto_generated|safe_q[5]      ; Block2:inst|lpm_counter7:inst|lpm_counter:lpm_counter_component|cntr_40j:auto_generated|safe_q[6]      ; InputMain  ; InputMain ; None                        ; None                      ; 1.765 ns                ;
; N/A   ; Restricted to 500.00 MHz ( period = 2.000 ns ) ; Block2:inst|lpm_counter7:inst|lpm_counter:lpm_counter_component|cntr_40j:auto_generated|safe_q[5]      ; Block2:inst|lpm_counter7:inst|lpm_counter:lpm_counter_component|cntr_40j:auto_generated|safe_q[5]      ; InputMain  ; InputMain ; None                        ; None                      ; 1.765 ns                ;
; N/A   ; Restricted to 500.00 MHz ( period = 2.000 ns ) ; Lab2Task2:inst1|lpm_counter0:inst|lpm_counter:lpm_counter_component|cntr_8gj:auto_generated|safe_q[5]  ; Lab2Task2:inst1|lpm_counter0:inst|lpm_counter:lpm_counter_component|cntr_8gj:auto_generated|safe_q[2]  ; InputMain  ; InputMain ; None                        ; None                      ; 1.740 ns                ;
; N/A   ; Restricted to 500.00 MHz ( period = 2.000 ns ) ; Lab2Task2:inst1|lpm_counter0:inst|lpm_counter:lpm_counter_component|cntr_8gj:auto_generated|safe_q[5]  ; Lab2Task2:inst1|lpm_counter0:inst|lpm_counter:lpm_counter_component|cntr_8gj:auto_generated|safe_q[0]  ; InputMain  ; InputMain ; None                        ; None                      ; 1.740 ns                ;
; N/A   ; Restricted to 500.00 MHz ( period = 2.000 ns ) ; Lab2Task2:inst1|lpm_counter0:inst|lpm_counter:lpm_counter_component|cntr_8gj:auto_generated|safe_q[5]  ; Lab2Task2:inst1|lpm_counter0:inst|lpm_counter:lpm_counter_component|cntr_8gj:auto_generated|safe_q[1]  ; InputMain  ; InputMain ; None                        ; None                      ; 1.740 ns                ;
; N/A   ; Restricted to 500.00 MHz ( period = 2.000 ns ) ; Lab2Task2:inst1|lpm_counter0:inst|lpm_counter:lpm_counter_component|cntr_8gj:auto_generated|safe_q[5]  ; Lab2Task2:inst1|lpm_counter0:inst|lpm_counter:lpm_counter_component|cntr_8gj:auto_generated|safe_q[3]  ; InputMain  ; InputMain ; None                        ; None                      ; 1.740 ns                ;
; N/A   ; Restricted to 500.00 MHz ( period = 2.000 ns ) ; Lab2Task2:inst1|lpm_counter0:inst|lpm_counter:lpm_counter_component|cntr_8gj:auto_generated|safe_q[5]  ; Lab2Task2:inst1|lpm_counter0:inst|lpm_counter:lpm_counter_component|cntr_8gj:auto_generated|safe_q[7]  ; InputMain  ; InputMain ; None                        ; None                      ; 1.740 ns                ;
; N/A   ; Restricted to 500.00 MHz ( period = 2.000 ns ) ; Lab2Task2:inst1|lpm_counter0:inst|lpm_counter:lpm_counter_component|cntr_8gj:auto_generated|safe_q[5]  ; Lab2Task2:inst1|lpm_counter0:inst|lpm_counter:lpm_counter_component|cntr_8gj:auto_generated|safe_q[6]  ; InputMain  ; InputMain ; None                        ; None                      ; 1.740 ns                ;
; N/A   ; Restricted to 500.00 MHz ( period = 2.000 ns ) ; Lab2Task2:inst1|lpm_counter0:inst|lpm_counter:lpm_counter_component|cntr_8gj:auto_generated|safe_q[5]  ; Lab2Task2:inst1|lpm_counter0:inst|lpm_counter:lpm_counter_component|cntr_8gj:auto_generated|safe_q[4]  ; InputMain  ; InputMain ; None                        ; None                      ; 1.740 ns                ;
; N/A   ; Restricted to 500.00 MHz ( period = 2.000 ns ) ; Lab2Task2:inst1|lpm_counter0:inst|lpm_counter:lpm_counter_component|cntr_8gj:auto_generated|safe_q[5]  ; Lab2Task2:inst1|lpm_counter0:inst|lpm_counter:lpm_counter_component|cntr_8gj:auto_generated|safe_q[5]  ; InputMain  ; InputMain ; None                        ; None                      ; 1.740 ns                ;
; N/A   ; Restricted to 500.00 MHz ( period = 2.000 ns ) ; Block2:inst|lpm_counter7:inst|lpm_counter:lpm_counter_component|cntr_40j:auto_generated|safe_q[6]      ; Block2:inst|lpm_counter7:inst|lpm_counter:lpm_counter_component|cntr_40j:auto_generated|safe_q[3]      ; InputMain  ; InputMain ; None                        ; None                      ; 1.730 ns                ;
; N/A   ; Restricted to 500.00 MHz ( period = 2.000 ns ) ; Block2:inst|lpm_counter7:inst|lpm_counter:lpm_counter_component|cntr_40j:auto_generated|safe_q[6]      ; Block2:inst|lpm_counter7:inst|lpm_counter:lpm_counter_component|cntr_40j:auto_generated|safe_q[0]      ; InputMain  ; InputMain ; None                        ; None                      ; 1.730 ns                ;
; N/A   ; Restricted to 500.00 MHz ( period = 2.000 ns ) ; Block2:inst|lpm_counter7:inst|lpm_counter:lpm_counter_component|cntr_40j:auto_generated|safe_q[6]      ; Block2:inst|lpm_counter7:inst|lpm_counter:lpm_counter_component|cntr_40j:auto_generated|safe_q[1]      ; InputMain  ; InputMain ; None                        ; None                      ; 1.730 ns                ;
; N/A   ; Restricted to 500.00 MHz ( period = 2.000 ns ) ; Block2:inst|lpm_counter7:inst|lpm_counter:lpm_counter_component|cntr_40j:auto_generated|safe_q[6]      ; Block2:inst|lpm_counter7:inst|lpm_counter:lpm_counter_component|cntr_40j:auto_generated|safe_q[2]      ; InputMain  ; InputMain ; None                        ; None                      ; 1.730 ns                ;
; N/A   ; Restricted to 500.00 MHz ( period = 2.000 ns ) ; Block2:inst|lpm_counter7:inst|lpm_counter:lpm_counter_component|cntr_40j:auto_generated|safe_q[6]      ; Block2:inst|lpm_counter7:inst|lpm_counter:lpm_counter_component|cntr_40j:auto_generated|safe_q[4]      ; InputMain  ; InputMain ; None                        ; None                      ; 1.730 ns                ;
; N/A   ; Restricted to 500.00 MHz ( period = 2.000 ns ) ; Block2:inst|lpm_counter7:inst|lpm_counter:lpm_counter_component|cntr_40j:auto_generated|safe_q[6]      ; Block2:inst|lpm_counter7:inst|lpm_counter:lpm_counter_component|cntr_40j:auto_generated|safe_q[7]      ; InputMain  ; InputMain ; None                        ; None                      ; 1.730 ns                ;
; N/A   ; Restricted to 500.00 MHz ( period = 2.000 ns ) ; Block2:inst|lpm_counter7:inst|lpm_counter:lpm_counter_component|cntr_40j:auto_generated|safe_q[6]      ; Block2:inst|lpm_counter7:inst|lpm_counter:lpm_counter_component|cntr_40j:auto_generated|safe_q[6]      ; InputMain  ; InputMain ; None                        ; None                      ; 1.730 ns                ;
; N/A   ; Restricted to 500.00 MHz ( period = 2.000 ns ) ; Block2:inst|lpm_counter7:inst|lpm_counter:lpm_counter_component|cntr_40j:auto_generated|safe_q[6]      ; Block2:inst|lpm_counter7:inst|lpm_counter:lpm_counter_component|cntr_40j:auto_generated|safe_q[5]      ; InputMain  ; InputMain ; None                        ; None                      ; 1.730 ns                ;
; N/A   ; Restricted to 500.00 MHz ( period = 2.000 ns ) ; Lab2Task2:inst1|lpm_counter0:inst|lpm_counter:lpm_counter_component|cntr_8gj:auto_generated|safe_q[6]  ; Lab2Task2:inst1|lpm_counter0:inst|lpm_counter:lpm_counter_component|cntr_8gj:auto_generated|safe_q[2]  ; InputMain  ; InputMain ; None                        ; None                      ; 1.705 ns                ;
; N/A   ; Restricted to 500.00 MHz ( period = 2.000 ns ) ; Lab2Task2:inst1|lpm_counter0:inst|lpm_counter:lpm_counter_component|cntr_8gj:auto_generated|safe_q[6]  ; Lab2Task2:inst1|lpm_counter0:inst|lpm_counter:lpm_counter_component|cntr_8gj:auto_generated|safe_q[0]  ; InputMain  ; InputMain ; None                        ; None                      ; 1.705 ns                ;
; N/A   ; Restricted to 500.00 MHz ( period = 2.000 ns ) ; Lab2Task2:inst1|lpm_counter0:inst|lpm_counter:lpm_counter_component|cntr_8gj:auto_generated|safe_q[6]  ; Lab2Task2:inst1|lpm_counter0:inst|lpm_counter:lpm_counter_component|cntr_8gj:auto_generated|safe_q[1]  ; InputMain  ; InputMain ; None                        ; None                      ; 1.705 ns                ;
; N/A   ; Restricted to 500.00 MHz ( period = 2.000 ns ) ; Lab2Task2:inst1|lpm_counter0:inst|lpm_counter:lpm_counter_component|cntr_8gj:auto_generated|safe_q[6]  ; Lab2Task2:inst1|lpm_counter0:inst|lpm_counter:lpm_counter_component|cntr_8gj:auto_generated|safe_q[3]  ; InputMain  ; InputMain ; None                        ; None                      ; 1.705 ns                ;
; N/A   ; Restricted to 500.00 MHz ( period = 2.000 ns ) ; Lab2Task2:inst1|lpm_counter0:inst|lpm_counter:lpm_counter_component|cntr_8gj:auto_generated|safe_q[6]  ; Lab2Task2:inst1|lpm_counter0:inst|lpm_counter:lpm_counter_component|cntr_8gj:auto_generated|safe_q[7]  ; InputMain  ; InputMain ; None                        ; None                      ; 1.705 ns                ;
; N/A   ; Restricted to 500.00 MHz ( period = 2.000 ns ) ; Lab2Task2:inst1|lpm_counter0:inst|lpm_counter:lpm_counter_component|cntr_8gj:auto_generated|safe_q[6]  ; Lab2Task2:inst1|lpm_counter0:inst|lpm_counter:lpm_counter_component|cntr_8gj:auto_generated|safe_q[6]  ; InputMain  ; InputMain ; None                        ; None                      ; 1.705 ns                ;
; N/A   ; Restricted to 500.00 MHz ( period = 2.000 ns ) ; Lab2Task2:inst1|lpm_counter0:inst|lpm_counter:lpm_counter_component|cntr_8gj:auto_generated|safe_q[6]  ; Lab2Task2:inst1|lpm_counter0:inst|lpm_counter:lpm_counter_component|cntr_8gj:auto_generated|safe_q[4]  ; InputMain  ; InputMain ; None                        ; None                      ; 1.705 ns                ;
; N/A   ; Restricted to 500.00 MHz ( period = 2.000 ns ) ; Lab2Task2:inst1|lpm_counter0:inst|lpm_counter:lpm_counter_component|cntr_8gj:auto_generated|safe_q[6]  ; Lab2Task2:inst1|lpm_counter0:inst|lpm_counter:lpm_counter_component|cntr_8gj:auto_generated|safe_q[5]  ; InputMain  ; InputMain ; None                        ; None                      ; 1.705 ns                ;
; N/A   ; Restricted to 500.00 MHz ( period = 2.000 ns ) ; Block2:inst|lpm_counter7:inst|lpm_counter:lpm_counter_component|cntr_40j:auto_generated|safe_q[7]      ; Block2:inst|lpm_counter7:inst|lpm_counter:lpm_counter_component|cntr_40j:auto_generated|safe_q[3]      ; InputMain  ; InputMain ; None                        ; None                      ; 1.670 ns                ;
; N/A   ; Restricted to 500.00 MHz ( period = 2.000 ns ) ; Block2:inst|lpm_counter7:inst|lpm_counter:lpm_counter_component|cntr_40j:auto_generated|safe_q[7]      ; Block2:inst|lpm_counter7:inst|lpm_counter:lpm_counter_component|cntr_40j:auto_generated|safe_q[0]      ; InputMain  ; InputMain ; None                        ; None                      ; 1.670 ns                ;
; N/A   ; Restricted to 500.00 MHz ( period = 2.000 ns ) ; Block2:inst|lpm_counter7:inst|lpm_counter:lpm_counter_component|cntr_40j:auto_generated|safe_q[7]      ; Block2:inst|lpm_counter7:inst|lpm_counter:lpm_counter_component|cntr_40j:auto_generated|safe_q[1]      ; InputMain  ; InputMain ; None                        ; None                      ; 1.670 ns                ;
; N/A   ; Restricted to 500.00 MHz ( period = 2.000 ns ) ; Block2:inst|lpm_counter7:inst|lpm_counter:lpm_counter_component|cntr_40j:auto_generated|safe_q[7]      ; Block2:inst|lpm_counter7:inst|lpm_counter:lpm_counter_component|cntr_40j:auto_generated|safe_q[2]      ; InputMain  ; InputMain ; None                        ; None                      ; 1.670 ns                ;
; N/A   ; Restricted to 500.00 MHz ( period = 2.000 ns ) ; Block2:inst|lpm_counter7:inst|lpm_counter:lpm_counter_component|cntr_40j:auto_generated|safe_q[7]      ; Block2:inst|lpm_counter7:inst|lpm_counter:lpm_counter_component|cntr_40j:auto_generated|safe_q[4]      ; InputMain  ; InputMain ; None                        ; None                      ; 1.670 ns                ;
; N/A   ; Restricted to 500.00 MHz ( period = 2.000 ns ) ; Block2:inst|lpm_counter7:inst|lpm_counter:lpm_counter_component|cntr_40j:auto_generated|safe_q[7]      ; Block2:inst|lpm_counter7:inst|lpm_counter:lpm_counter_component|cntr_40j:auto_generated|safe_q[7]      ; InputMain  ; InputMain ; None                        ; None                      ; 1.670 ns                ;
; N/A   ; Restricted to 500.00 MHz ( period = 2.000 ns ) ; Block2:inst|lpm_counter7:inst|lpm_counter:lpm_counter_component|cntr_40j:auto_generated|safe_q[7]      ; Block2:inst|lpm_counter7:inst|lpm_counter:lpm_counter_component|cntr_40j:auto_generated|safe_q[6]      ; InputMain  ; InputMain ; None                        ; None                      ; 1.670 ns                ;
; N/A   ; Restricted to 500.00 MHz ( period = 2.000 ns ) ; Block2:inst|lpm_counter7:inst|lpm_counter:lpm_counter_component|cntr_40j:auto_generated|safe_q[7]      ; Block2:inst|lpm_counter7:inst|lpm_counter:lpm_counter_component|cntr_40j:auto_generated|safe_q[5]      ; InputMain  ; InputMain ; None                        ; None                      ; 1.670 ns                ;
; N/A   ; Restricted to 500.00 MHz ( period = 2.000 ns ) ; Lab2Task2:inst1|lpm_counter0:inst|lpm_counter:lpm_counter_component|cntr_8gj:auto_generated|safe_q[7]  ; Lab2Task2:inst1|lpm_counter0:inst|lpm_counter:lpm_counter_component|cntr_8gj:auto_generated|safe_q[2]  ; InputMain  ; InputMain ; None                        ; None                      ; 1.643 ns                ;
; N/A   ; Restricted to 500.00 MHz ( period = 2.000 ns ) ; Lab2Task2:inst1|lpm_counter0:inst|lpm_counter:lpm_counter_component|cntr_8gj:auto_generated|safe_q[7]  ; Lab2Task2:inst1|lpm_counter0:inst|lpm_counter:lpm_counter_component|cntr_8gj:auto_generated|safe_q[0]  ; InputMain  ; InputMain ; None                        ; None                      ; 1.643 ns                ;
; N/A   ; Restricted to 500.00 MHz ( period = 2.000 ns ) ; Lab2Task2:inst1|lpm_counter0:inst|lpm_counter:lpm_counter_component|cntr_8gj:auto_generated|safe_q[7]  ; Lab2Task2:inst1|lpm_counter0:inst|lpm_counter:lpm_counter_component|cntr_8gj:auto_generated|safe_q[1]  ; InputMain  ; InputMain ; None                        ; None                      ; 1.643 ns                ;
; N/A   ; Restricted to 500.00 MHz ( period = 2.000 ns ) ; Lab2Task2:inst1|lpm_counter0:inst|lpm_counter:lpm_counter_component|cntr_8gj:auto_generated|safe_q[7]  ; Lab2Task2:inst1|lpm_counter0:inst|lpm_counter:lpm_counter_component|cntr_8gj:auto_generated|safe_q[3]  ; InputMain  ; InputMain ; None                        ; None                      ; 1.643 ns                ;
; N/A   ; Restricted to 500.00 MHz ( period = 2.000 ns ) ; Lab2Task2:inst1|lpm_counter0:inst|lpm_counter:lpm_counter_component|cntr_8gj:auto_generated|safe_q[7]  ; Lab2Task2:inst1|lpm_counter0:inst|lpm_counter:lpm_counter_component|cntr_8gj:auto_generated|safe_q[7]  ; InputMain  ; InputMain ; None                        ; None                      ; 1.643 ns                ;
; N/A   ; Restricted to 500.00 MHz ( period = 2.000 ns ) ; Lab2Task2:inst1|lpm_counter0:inst|lpm_counter:lpm_counter_component|cntr_8gj:auto_generated|safe_q[7]  ; Lab2Task2:inst1|lpm_counter0:inst|lpm_counter:lpm_counter_component|cntr_8gj:auto_generated|safe_q[6]  ; InputMain  ; InputMain ; None                        ; None                      ; 1.643 ns                ;
; N/A   ; Restricted to 500.00 MHz ( period = 2.000 ns ) ; Lab2Task2:inst1|lpm_counter0:inst|lpm_counter:lpm_counter_component|cntr_8gj:auto_generated|safe_q[7]  ; Lab2Task2:inst1|lpm_counter0:inst|lpm_counter:lpm_counter_component|cntr_8gj:auto_generated|safe_q[4]  ; InputMain  ; InputMain ; None                        ; None                      ; 1.643 ns                ;
; N/A   ; Restricted to 500.00 MHz ( period = 2.000 ns ) ; Lab2Task2:inst1|lpm_counter0:inst|lpm_counter:lpm_counter_component|cntr_8gj:auto_generated|safe_q[7]  ; Lab2Task2:inst1|lpm_counter0:inst|lpm_counter:lpm_counter_component|cntr_8gj:auto_generated|safe_q[5]  ; InputMain  ; InputMain ; None                        ; None                      ; 1.643 ns                ;
; N/A   ; Restricted to 500.00 MHz ( period = 2.000 ns ) ; Lab2Task2:inst1|lpm_counter1:inst1|lpm_counter:lpm_counter_component|cntr_6ai:auto_generated|safe_q[0] ; Lab2Task2:inst1|lpm_counter1:inst1|lpm_counter:lpm_counter_component|cntr_6ai:auto_generated|safe_q[3] ; InputMain  ; InputMain ; None                        ; None                      ; 0.750 ns                ;
; N/A   ; Restricted to 500.00 MHz ( period = 2.000 ns ) ; Lab2Task2:inst1|lpm_counter1:inst1|lpm_counter:lpm_counter_component|cntr_6ai:auto_generated|safe_q[1] ; Lab2Task2:inst1|lpm_counter1:inst1|lpm_counter:lpm_counter_component|cntr_6ai:auto_generated|safe_q[3] ; InputMain  ; InputMain ; None                        ; None                      ; 0.715 ns                ;
; N/A   ; Restricted to 500.00 MHz ( period = 2.000 ns ) ; Lab2Task2:inst1|lpm_counter1:inst1|lpm_counter:lpm_counter_component|cntr_6ai:auto_generated|safe_q[0] ; Lab2Task2:inst1|lpm_counter1:inst1|lpm_counter:lpm_counter_component|cntr_6ai:auto_generated|safe_q[2] ; InputMain  ; InputMain ; None                        ; None                      ; 0.715 ns                ;
; N/A   ; Restricted to 500.00 MHz ( period = 2.000 ns ) ; Lab2Task2:inst1|lpm_counter1:inst1|lpm_counter:lpm_counter_component|cntr_6ai:auto_generated|safe_q[0] ; Lab2Task2:inst1|lpm_counter1:inst1|lpm_counter:lpm_counter_component|cntr_6ai:auto_generated|safe_q[1] ; InputMain  ; InputMain ; None                        ; None                      ; 0.680 ns                ;
; N/A   ; Restricted to 500.00 MHz ( period = 2.000 ns ) ; Lab2Task2:inst1|lpm_counter1:inst1|lpm_counter:lpm_counter_component|cntr_6ai:auto_generated|safe_q[2] ; Lab2Task2:inst1|lpm_counter1:inst1|lpm_counter:lpm_counter_component|cntr_6ai:auto_generated|safe_q[3] ; InputMain  ; InputMain ; None                        ; None                      ; 0.680 ns                ;
; N/A   ; Restricted to 500.00 MHz ( period = 2.000 ns ) ; Lab2Task2:inst1|lpm_counter1:inst1|lpm_counter:lpm_counter_component|cntr_6ai:auto_generated|safe_q[1] ; Lab2Task2:inst1|lpm_counter1:inst1|lpm_counter:lpm_counter_component|cntr_6ai:auto_generated|safe_q[2] ; InputMain  ; InputMain ; None                        ; None                      ; 0.680 ns                ;
; N/A   ; Restricted to 500.00 MHz ( period = 2.000 ns ) ; Lab2Task2:inst1|lpm_counter1:inst1|lpm_counter:lpm_counter_component|cntr_6ai:auto_generated|safe_q[0] ; Lab2Task2:inst1|lpm_counter1:inst1|lpm_counter:lpm_counter_component|cntr_6ai:auto_generated|safe_q[0] ; InputMain  ; InputMain ; None                        ; None                      ; 0.609 ns                ;
; N/A   ; Restricted to 500.00 MHz ( period = 2.000 ns ) ; Lab2Task2:inst1|lpm_counter1:inst1|lpm_counter:lpm_counter_component|cntr_6ai:auto_generated|safe_q[1] ; Lab2Task2:inst1|lpm_counter1:inst1|lpm_counter:lpm_counter_component|cntr_6ai:auto_generated|safe_q[1] ; InputMain  ; InputMain ; None                        ; None                      ; 0.609 ns                ;
; N/A   ; Restricted to 500.00 MHz ( period = 2.000 ns ) ; Lab2Task2:inst1|lpm_counter1:inst1|lpm_counter:lpm_counter_component|cntr_6ai:auto_generated|safe_q[3] ; Lab2Task2:inst1|lpm_counter1:inst1|lpm_counter:lpm_counter_component|cntr_6ai:auto_generated|safe_q[3] ; InputMain  ; InputMain ; None                        ; None                      ; 0.609 ns                ;
; N/A   ; Restricted to 500.00 MHz ( period = 2.000 ns ) ; Lab2Task2:inst1|lpm_counter1:inst1|lpm_counter:lpm_counter_component|cntr_6ai:auto_generated|safe_q[2] ; Lab2Task2:inst1|lpm_counter1:inst1|lpm_counter:lpm_counter_component|cntr_6ai:auto_generated|safe_q[2] ; InputMain  ; InputMain ; None                        ; None                      ; 0.609 ns                ;
+-------+------------------------------------------------+--------------------------------------------------------------------------------------------------------+--------------------------------------------------------------------------------------------------------+------------+-----------+-----------------------------+---------------------------+-------------------------+


+-------------------------------------------------------------------------------------------------------------------------------------------------------------------+
; tco                                                                                                                                                               ;
+-------+--------------+------------+--------------------------------------------------------------------------------------------------------+---------+------------+
; Slack ; Required tco ; Actual tco ; From                                                                                                   ; To      ; From Clock ;
+-------+--------------+------------+--------------------------------------------------------------------------------------------------------+---------+------------+
; N/A   ; None         ; 8.223 ns   ; Lab2Task2:inst1|lpm_counter1:inst1|lpm_counter:lpm_counter_component|cntr_6ai:auto_generated|safe_q[1] ; Out[1]  ; InputMain  ;
; N/A   ; None         ; 8.180 ns   ; Lab2Task2:inst1|lpm_counter1:inst1|lpm_counter:lpm_counter_component|cntr_6ai:auto_generated|safe_q[2] ; Out[1]  ; InputMain  ;
; N/A   ; None         ; 8.042 ns   ; Block2:inst|lpm_counter7:inst|lpm_counter:lpm_counter_component|cntr_40j:auto_generated|safe_q[4]      ; Out2    ; InputMain  ;
; N/A   ; None         ; 8.005 ns   ; Lab2Task2:inst1|lpm_counter1:inst1|lpm_counter:lpm_counter_component|cntr_6ai:auto_generated|safe_q[3] ; Out[1]  ; InputMain  ;
; N/A   ; None         ; 7.914 ns   ; Block2:inst|lpm_counter7:inst|lpm_counter:lpm_counter_component|cntr_40j:auto_generated|safe_q[3]      ; Out2    ; InputMain  ;
; N/A   ; None         ; 7.911 ns   ; Block2:inst|lpm_counter7:inst|lpm_counter:lpm_counter_component|cntr_40j:auto_generated|safe_q[7]      ; Out2    ; InputMain  ;
; N/A   ; None         ; 7.848 ns   ; Lab2Task2:inst1|lpm_counter1:inst1|lpm_counter:lpm_counter_component|cntr_6ai:auto_generated|safe_q[0] ; Out[1]  ; InputMain  ;
; N/A   ; None         ; 7.762 ns   ; Block2:inst|lpm_counter7:inst|lpm_counter:lpm_counter_component|cntr_40j:auto_generated|safe_q[6]      ; Out2    ; InputMain  ;
; N/A   ; None         ; 7.659 ns   ; Block2:inst|lpm_counter7:inst|lpm_counter:lpm_counter_component|cntr_40j:auto_generated|safe_q[5]      ; Out2    ; InputMain  ;
; N/A   ; None         ; 7.534 ns   ; Block2:inst|lpm_counter7:inst|lpm_counter:lpm_counter_component|cntr_40j:auto_generated|safe_q[1]      ; Out2    ; InputMain  ;
; N/A   ; None         ; 7.502 ns   ; Block2:inst|lpm_counter7:inst|lpm_counter:lpm_counter_component|cntr_40j:auto_generated|safe_q[0]      ; Out2    ; InputMain  ;
; N/A   ; None         ; 7.429 ns   ; Lab2Task2:inst1|lpm_counter1:inst1|lpm_counter:lpm_counter_component|cntr_6ai:auto_generated|safe_q[1] ; Out[0]  ; InputMain  ;
; N/A   ; None         ; 7.263 ns   ; Lab2Task2:inst1|lpm_counter1:inst1|lpm_counter:lpm_counter_component|cntr_6ai:auto_generated|safe_q[1] ; Out[6]  ; InputMain  ;
; N/A   ; None         ; 7.228 ns   ; Lab2Task2:inst1|lpm_counter1:inst1|lpm_counter:lpm_counter_component|cntr_6ai:auto_generated|safe_q[2] ; Out[0]  ; InputMain  ;
; N/A   ; None         ; 7.202 ns   ; Lab2Task2:inst1|lpm_counter1:inst1|lpm_counter:lpm_counter_component|cntr_6ai:auto_generated|safe_q[2] ; Out[6]  ; InputMain  ;
; N/A   ; None         ; 7.180 ns   ; Lab2Task2:inst1|lpm_counter1:inst1|lpm_counter:lpm_counter_component|cntr_6ai:auto_generated|safe_q[1] ; Out[2]  ; InputMain  ;
; N/A   ; None         ; 7.168 ns   ; Block2:inst|lpm_counter7:inst|lpm_counter:lpm_counter_component|cntr_40j:auto_generated|safe_q[2]      ; Out2    ; InputMain  ;
; N/A   ; None         ; 7.086 ns   ; Lab2Task2:inst1|lpm_counter1:inst1|lpm_counter:lpm_counter_component|cntr_6ai:auto_generated|safe_q[3] ; Out[6]  ; InputMain  ;
; N/A   ; None         ; 7.053 ns   ; Lab2Task2:inst1|lpm_counter1:inst1|lpm_counter:lpm_counter_component|cntr_6ai:auto_generated|safe_q[3] ; Out[0]  ; InputMain  ;
; N/A   ; None         ; 6.979 ns   ; Lab2Task2:inst1|lpm_counter1:inst1|lpm_counter:lpm_counter_component|cntr_6ai:auto_generated|safe_q[2] ; Out[2]  ; InputMain  ;
; N/A   ; None         ; 6.960 ns   ; Lab2Task2:inst1|lpm_counter1:inst1|lpm_counter:lpm_counter_component|cntr_6ai:auto_generated|safe_q[2] ; Out[13] ; InputMain  ;
; N/A   ; None         ; 6.922 ns   ; Lab2Task2:inst1|lpm_counter1:inst1|lpm_counter:lpm_counter_component|cntr_6ai:auto_generated|safe_q[0] ; Out[6]  ; InputMain  ;
; N/A   ; None         ; 6.895 ns   ; Lab2Task2:inst1|lpm_counter1:inst1|lpm_counter:lpm_counter_component|cntr_6ai:auto_generated|safe_q[0] ; Out[0]  ; InputMain  ;
; N/A   ; None         ; 6.888 ns   ; Lab2Task2:inst1|lpm_counter1:inst1|lpm_counter:lpm_counter_component|cntr_6ai:auto_generated|safe_q[1] ; Out[7]  ; InputMain  ;
; N/A   ; None         ; 6.867 ns   ; Lab2Task2:inst1|lpm_counter1:inst1|lpm_counter:lpm_counter_component|cntr_6ai:auto_generated|safe_q[1] ; Out[3]  ; InputMain  ;
; N/A   ; None         ; 6.861 ns   ; Lab2Task2:inst1|lpm_counter1:inst1|lpm_counter:lpm_counter_component|cntr_6ai:auto_generated|safe_q[1] ; Out[13] ; InputMain  ;
; N/A   ; None         ; 6.841 ns   ; Lab2Task2:inst1|lpm_counter1:inst1|lpm_counter:lpm_counter_component|cntr_6ai:auto_generated|safe_q[3] ; Out[13] ; InputMain  ;
; N/A   ; None         ; 6.827 ns   ; Lab2Task2:inst1|lpm_counter1:inst1|lpm_counter:lpm_counter_component|cntr_6ai:auto_generated|safe_q[2] ; Out[7]  ; InputMain  ;
; N/A   ; None         ; 6.825 ns   ; Lab2Task2:inst1|lpm_counter1:inst1|lpm_counter:lpm_counter_component|cntr_6ai:auto_generated|safe_q[2] ; Out[3]  ; InputMain  ;
; N/A   ; None         ; 6.804 ns   ; Lab2Task2:inst1|lpm_counter1:inst1|lpm_counter:lpm_counter_component|cntr_6ai:auto_generated|safe_q[3] ; Out[2]  ; InputMain  ;
; N/A   ; None         ; 6.745 ns   ; Lab2Task2:inst1|lpm_counter1:inst1|lpm_counter:lpm_counter_component|cntr_6ai:auto_generated|safe_q[1] ; Out[12] ; InputMain  ;
; N/A   ; None         ; 6.713 ns   ; Lab2Task2:inst1|lpm_counter1:inst1|lpm_counter:lpm_counter_component|cntr_6ai:auto_generated|safe_q[3] ; Out[7]  ; InputMain  ;
; N/A   ; None         ; 6.690 ns   ; Lab2Task2:inst1|lpm_counter1:inst1|lpm_counter:lpm_counter_component|cntr_6ai:auto_generated|safe_q[1] ; Out[5]  ; InputMain  ;
; N/A   ; None         ; 6.686 ns   ; Lab2Task2:inst1|lpm_counter1:inst1|lpm_counter:lpm_counter_component|cntr_6ai:auto_generated|safe_q[2] ; Out[12] ; InputMain  ;
; N/A   ; None         ; 6.674 ns   ; Lab2Task2:inst1|lpm_counter1:inst1|lpm_counter:lpm_counter_component|cntr_6ai:auto_generated|safe_q[0] ; Out[13] ; InputMain  ;
; N/A   ; None         ; 6.649 ns   ; Lab2Task2:inst1|lpm_counter1:inst1|lpm_counter:lpm_counter_component|cntr_6ai:auto_generated|safe_q[3] ; Out[3]  ; InputMain  ;
; N/A   ; None         ; 6.646 ns   ; Lab2Task2:inst1|lpm_counter1:inst1|lpm_counter:lpm_counter_component|cntr_6ai:auto_generated|safe_q[0] ; Out[2]  ; InputMain  ;
; N/A   ; None         ; 6.642 ns   ; Lab2Task2:inst1|lpm_counter1:inst1|lpm_counter:lpm_counter_component|cntr_6ai:auto_generated|safe_q[1] ; Out[4]  ; InputMain  ;
; N/A   ; None         ; 6.633 ns   ; Lab2Task2:inst1|lpm_counter1:inst1|lpm_counter:lpm_counter_component|cntr_6ai:auto_generated|safe_q[1] ; Out[15] ; InputMain  ;
; N/A   ; None         ; 6.630 ns   ; Lab2Task2:inst1|lpm_counter1:inst1|lpm_counter:lpm_counter_component|cntr_6ai:auto_generated|safe_q[2] ; Out[5]  ; InputMain  ;
; N/A   ; None         ; 6.629 ns   ; Lab2Task2:inst1|lpm_counter1:inst1|lpm_counter:lpm_counter_component|cntr_6ai:auto_generated|safe_q[1] ; Out[14] ; InputMain  ;
; N/A   ; None         ; 6.617 ns   ; Lab2Task2:inst1|lpm_counter1:inst1|lpm_counter:lpm_counter_component|cntr_6ai:auto_generated|safe_q[2] ; Out[9]  ; InputMain  ;
; N/A   ; None         ; 6.582 ns   ; Lab2Task2:inst1|lpm_counter1:inst1|lpm_counter:lpm_counter_component|cntr_6ai:auto_generated|safe_q[2] ; Out[4]  ; InputMain  ;
; N/A   ; None         ; 6.574 ns   ; Lab2Task2:inst1|lpm_counter1:inst1|lpm_counter:lpm_counter_component|cntr_6ai:auto_generated|safe_q[2] ; Out[15] ; InputMain  ;
; N/A   ; None         ; 6.570 ns   ; Lab2Task2:inst1|lpm_counter1:inst1|lpm_counter:lpm_counter_component|cntr_6ai:auto_generated|safe_q[2] ; Out[14] ; InputMain  ;
; N/A   ; None         ; 6.568 ns   ; Lab2Task2:inst1|lpm_counter1:inst1|lpm_counter:lpm_counter_component|cntr_6ai:auto_generated|safe_q[3] ; Out[12] ; InputMain  ;
; N/A   ; None         ; 6.545 ns   ; Lab2Task2:inst1|lpm_counter1:inst1|lpm_counter:lpm_counter_component|cntr_6ai:auto_generated|safe_q[0] ; Out[7]  ; InputMain  ;
; N/A   ; None         ; 6.520 ns   ; Lab2Task2:inst1|lpm_counter1:inst1|lpm_counter:lpm_counter_component|cntr_6ai:auto_generated|safe_q[1] ; Out[9]  ; InputMain  ;
; N/A   ; None         ; 6.514 ns   ; Lab2Task2:inst1|lpm_counter1:inst1|lpm_counter:lpm_counter_component|cntr_6ai:auto_generated|safe_q[3] ; Out[5]  ; InputMain  ;
; N/A   ; None         ; 6.502 ns   ; Lab2Task2:inst1|lpm_counter1:inst1|lpm_counter:lpm_counter_component|cntr_6ai:auto_generated|safe_q[3] ; Out[9]  ; InputMain  ;
; N/A   ; None         ; 6.493 ns   ; Lab2Task2:inst1|lpm_counter1:inst1|lpm_counter:lpm_counter_component|cntr_6ai:auto_generated|safe_q[0] ; Out[3]  ; InputMain  ;
; N/A   ; None         ; 6.487 ns   ; Lab2Task2:inst1|lpm_counter1:inst1|lpm_counter:lpm_counter_component|cntr_6ai:auto_generated|safe_q[3] ; Out[14] ; InputMain  ;
; N/A   ; None         ; 6.468 ns   ; Lab2Task2:inst1|lpm_counter1:inst1|lpm_counter:lpm_counter_component|cntr_6ai:auto_generated|safe_q[1] ; Out[8]  ; InputMain  ;
; N/A   ; None         ; 6.465 ns   ; Lab2Task2:inst1|lpm_counter1:inst1|lpm_counter:lpm_counter_component|cntr_6ai:auto_generated|safe_q[3] ; Out[4]  ; InputMain  ;
; N/A   ; None         ; 6.454 ns   ; Lab2Task2:inst1|lpm_counter1:inst1|lpm_counter:lpm_counter_component|cntr_6ai:auto_generated|safe_q[3] ; Out[15] ; InputMain  ;
; N/A   ; None         ; 6.439 ns   ; Lab2Task2:inst1|lpm_counter1:inst1|lpm_counter:lpm_counter_component|cntr_6ai:auto_generated|safe_q[1] ; Out[11] ; InputMain  ;
; N/A   ; None         ; 6.438 ns   ; Lab2Task2:inst1|lpm_counter1:inst1|lpm_counter:lpm_counter_component|cntr_6ai:auto_generated|safe_q[1] ; Out[10] ; InputMain  ;
; N/A   ; None         ; 6.406 ns   ; Lab2Task2:inst1|lpm_counter1:inst1|lpm_counter:lpm_counter_component|cntr_6ai:auto_generated|safe_q[2] ; Out[8]  ; InputMain  ;
; N/A   ; None         ; 6.398 ns   ; Lab2Task2:inst1|lpm_counter1:inst1|lpm_counter:lpm_counter_component|cntr_6ai:auto_generated|safe_q[0] ; Out[12] ; InputMain  ;
; N/A   ; None         ; 6.378 ns   ; Lab2Task2:inst1|lpm_counter1:inst1|lpm_counter:lpm_counter_component|cntr_6ai:auto_generated|safe_q[2] ; Out[11] ; InputMain  ;
; N/A   ; None         ; 6.377 ns   ; Lab2Task2:inst1|lpm_counter1:inst1|lpm_counter:lpm_counter_component|cntr_6ai:auto_generated|safe_q[2] ; Out[10] ; InputMain  ;
; N/A   ; None         ; 6.346 ns   ; Lab2Task2:inst1|lpm_counter1:inst1|lpm_counter:lpm_counter_component|cntr_6ai:auto_generated|safe_q[0] ; Out[5]  ; InputMain  ;
; N/A   ; None         ; 6.337 ns   ; Lab2Task2:inst1|lpm_counter1:inst1|lpm_counter:lpm_counter_component|cntr_6ai:auto_generated|safe_q[0] ; Out[9]  ; InputMain  ;
; N/A   ; None         ; 6.302 ns   ; Lab2Task2:inst1|lpm_counter1:inst1|lpm_counter:lpm_counter_component|cntr_6ai:auto_generated|safe_q[3] ; Out[11] ; InputMain  ;
; N/A   ; None         ; 6.299 ns   ; Lab2Task2:inst1|lpm_counter1:inst1|lpm_counter:lpm_counter_component|cntr_6ai:auto_generated|safe_q[0] ; Out[4]  ; InputMain  ;
; N/A   ; None         ; 6.293 ns   ; Lab2Task2:inst1|lpm_counter1:inst1|lpm_counter:lpm_counter_component|cntr_6ai:auto_generated|safe_q[3] ; Out[8]  ; InputMain  ;
; N/A   ; None         ; 6.285 ns   ; Lab2Task2:inst1|lpm_counter1:inst1|lpm_counter:lpm_counter_component|cntr_6ai:auto_generated|safe_q[0] ; Out[15] ; InputMain  ;
; N/A   ; None         ; 6.283 ns   ; Lab2Task2:inst1|lpm_counter1:inst1|lpm_counter:lpm_counter_component|cntr_6ai:auto_generated|safe_q[0] ; Out[14] ; InputMain  ;
; N/A   ; None         ; 6.264 ns   ; Lab2Task2:inst1|lpm_counter1:inst1|lpm_counter:lpm_counter_component|cntr_6ai:auto_generated|safe_q[3] ; Out[10] ; InputMain  ;
; N/A   ; None         ; 6.125 ns   ; Lab2Task2:inst1|lpm_counter1:inst1|lpm_counter:lpm_counter_component|cntr_6ai:auto_generated|safe_q[0] ; Out[8]  ; InputMain  ;
; N/A   ; None         ; 6.098 ns   ; Lab2Task2:inst1|lpm_counter1:inst1|lpm_counter:lpm_counter_component|cntr_6ai:auto_generated|safe_q[0] ; Out[11] ; InputMain  ;
; N/A   ; None         ; 6.095 ns   ; Lab2Task2:inst1|lpm_counter1:inst1|lpm_counter:lpm_counter_component|cntr_6ai:auto_generated|safe_q[0] ; Out[10] ; InputMain  ;
+-------+--------------+------------+--------------------------------------------------------------------------------------------------------+---------+------------+


+--------------------------+
; Timing Analyzer Messages ;
+--------------------------+
Info: *******************************************************************
Info: Running Quartus II Classic Timing Analyzer
    Info: Version 9.1 Build 222 10/21/2009 SJ Web Edition
    Info: Processing started: Sat Nov 15 17:00:08 2025
Info: Command: quartus_tan --read_settings_files=off --write_settings_files=off Lab2Task3 -c Lab2Task3 --timing_analysis_only
Warning: Found pins functioning as undefined clocks and/or memory enables
    Info: Assuming node "InputMain" is an undefined clock
Warning: Clock Setting "clck" is unassigned
Info: Clock "InputMain" has Internal fmax of 403.71 MHz between source register "Lab2Task2:inst1|lpm_counter0:inst|lpm_counter:lpm_counter_component|cntr_8gj:auto_generated|safe_q[0]" and destination register "Lab2Task2:inst1|lpm_counter1:inst1|lpm_counter:lpm_counter_component|cntr_6ai:auto_generated|safe_q[0]" (period= 2.477 ns)
    Info: + Longest register to register delay is 2.294 ns
        Info: 1: + IC(0.000 ns) + CELL(0.000 ns) = 0.000 ns; Loc. = LCFF_X33_Y12_N1; Fanout = 3; REG Node = 'Lab2Task2:inst1|lpm_counter0:inst|lpm_counter:lpm_counter_component|cntr_8gj:auto_generated|safe_q[0]'
        Info: 2: + IC(0.000 ns) + CELL(0.458 ns) = 0.458 ns; Loc. = LCCOMB_X33_Y12_N0; Fanout = 2; COMB Node = 'Lab2Task2:inst1|lpm_counter0:inst|lpm_counter:lpm_counter_component|cntr_8gj:auto_generated|counter_comb_bita0~COUT'
        Info: 3: + IC(0.000 ns) + CELL(0.035 ns) = 0.493 ns; Loc. = LCCOMB_X33_Y12_N2; Fanout = 2; COMB Node = 'Lab2Task2:inst1|lpm_counter0:inst|lpm_counter:lpm_counter_component|cntr_8gj:auto_generated|counter_comb_bita1~COUT'
        Info: 4: + IC(0.000 ns) + CELL(0.035 ns) = 0.528 ns; Loc. = LCCOMB_X33_Y12_N4; Fanout = 2; COMB Node = 'Lab2Task2:inst1|lpm_counter0:inst|lpm_counter:lpm_counter_component|cntr_8gj:auto_generated|counter_comb_bita2~COUT'
        Info: 5: + IC(0.000 ns) + CELL(0.035 ns) = 0.563 ns; Loc. = LCCOMB_X33_Y12_N6; Fanout = 2; COMB Node = 'Lab2Task2:inst1|lpm_counter0:inst|lpm_counter:lpm_counter_component|cntr_8gj:auto_generated|counter_comb_bita3~COUT'
        Info: 6: + IC(0.000 ns) + CELL(0.035 ns) = 0.598 ns; Loc. = LCCOMB_X33_Y12_N8; Fanout = 2; COMB Node = 'Lab2Task2:inst1|lpm_counter0:inst|lpm_counter:lpm_counter_component|cntr_8gj:auto_generated|counter_comb_bita4~COUT'
        Info: 7: + IC(0.000 ns) + CELL(0.035 ns) = 0.633 ns; Loc. = LCCOMB_X33_Y12_N10; Fanout = 2; COMB Node = 'Lab2Task2:inst1|lpm_counter0:inst|lpm_counter:lpm_counter_component|cntr_8gj:auto_generated|counter_comb_bita5~COUT'
        Info: 8: + IC(0.000 ns) + CELL(0.035 ns) = 0.668 ns; Loc. = LCCOMB_X33_Y12_N12; Fanout = 2; COMB Node = 'Lab2Task2:inst1|lpm_counter0:inst|lpm_counter:lpm_counter_component|cntr_8gj:auto_generated|counter_comb_bita6~COUT'
        Info: 9: + IC(0.000 ns) + CELL(0.096 ns) = 0.764 ns; Loc. = LCCOMB_X33_Y12_N14; Fanout = 1; COMB Node = 'Lab2Task2:inst1|lpm_counter0:inst|lpm_counter:lpm_counter_component|cntr_8gj:auto_generated|counter_comb_bita7~COUT'
        Info: 10: + IC(0.000 ns) + CELL(0.125 ns) = 0.889 ns; Loc. = LCCOMB_X33_Y12_N16; Fanout = 1; COMB Node = 'Lab2Task2:inst1|lpm_counter0:inst|lpm_counter:lpm_counter_component|cntr_8gj:auto_generated|counter_comb_bita7~1'
        Info: 11: + IC(0.247 ns) + CELL(0.053 ns) = 1.189 ns; Loc. = LCCOMB_X33_Y12_N26; Fanout = 12; COMB Node = 'Lab2Task2:inst1|lpm_counter0:inst|lpm_counter:lpm_counter_component|cntr_8gj:auto_generated|cout_actual'
        Info: 12: + IC(0.359 ns) + CELL(0.746 ns) = 2.294 ns; Loc. = LCFF_X34_Y12_N1; Fanout = 18; REG Node = 'Lab2Task2:inst1|lpm_counter1:inst1|lpm_counter:lpm_counter_component|cntr_6ai:auto_generated|safe_q[0]'
        Info: Total cell delay = 1.688 ns ( 73.58 % )
        Info: Total interconnect delay = 0.606 ns ( 26.42 % )
    Info: - Smallest clock skew is 0.001 ns
        Info: + Shortest clock path from clock "InputMain" to destination register is 2.493 ns
            Info: 1: + IC(0.000 ns) + CELL(0.854 ns) = 0.854 ns; Loc. = PIN_N20; Fanout = 1; CLK Node = 'InputMain'
            Info: 2: + IC(0.343 ns) + CELL(0.000 ns) = 1.197 ns; Loc. = CLKCTRL_G3; Fanout = 20; COMB Node = 'InputMain~clkctrl'
            Info: 3: + IC(0.678 ns) + CELL(0.618 ns) = 2.493 ns; Loc. = LCFF_X34_Y12_N1; Fanout = 18; REG Node = 'Lab2Task2:inst1|lpm_counter1:inst1|lpm_counter:lpm_counter_component|cntr_6ai:auto_generated|safe_q[0]'
            Info: Total cell delay = 1.472 ns ( 59.05 % )
            Info: Total interconnect delay = 1.021 ns ( 40.95 % )
        Info: - Longest clock path from clock "InputMain" to source register is 2.492 ns
            Info: 1: + IC(0.000 ns) + CELL(0.854 ns) = 0.854 ns; Loc. = PIN_N20; Fanout = 1; CLK Node = 'InputMain'
            Info: 2: + IC(0.343 ns) + CELL(0.000 ns) = 1.197 ns; Loc. = CLKCTRL_G3; Fanout = 20; COMB Node = 'InputMain~clkctrl'
            Info: 3: + IC(0.677 ns) + CELL(0.618 ns) = 2.492 ns; Loc. = LCFF_X33_Y12_N1; Fanout = 3; REG Node = 'Lab2Task2:inst1|lpm_counter0:inst|lpm_counter:lpm_counter_component|cntr_8gj:auto_generated|safe_q[0]'
            Info: Total cell delay = 1.472 ns ( 59.07 % )
            Info: Total interconnect delay = 1.020 ns ( 40.93 % )
    Info: + Micro clock to output delay of source is 0.094 ns
    Info: + Micro setup delay of destination is 0.090 ns
Info: tco from clock "InputMain" to destination pin "Out[1]" through register "Lab2Task2:inst1|lpm_counter1:inst1|lpm_counter:lpm_counter_component|cntr_6ai:auto_generated|safe_q[1]" is 8.223 ns
    Info: + Longest clock path from clock "InputMain" to source register is 2.493 ns
        Info: 1: + IC(0.000 ns) + CELL(0.854 ns) = 0.854 ns; Loc. = PIN_N20; Fanout = 1; CLK Node = 'InputMain'
        Info: 2: + IC(0.343 ns) + CELL(0.000 ns) = 1.197 ns; Loc. = CLKCTRL_G3; Fanout = 20; COMB Node = 'InputMain~clkctrl'
        Info: 3: + IC(0.678 ns) + CELL(0.618 ns) = 2.493 ns; Loc. = LCFF_X34_Y12_N3; Fanout = 18; REG Node = 'Lab2Task2:inst1|lpm_counter1:inst1|lpm_counter:lpm_counter_component|cntr_6ai:auto_generated|safe_q[1]'
        Info: Total cell delay = 1.472 ns ( 59.05 % )
        Info: Total interconnect delay = 1.021 ns ( 40.95 % )
    Info: + Micro clock to output delay of source is 0.094 ns
    Info: + Longest register to pin delay is 5.636 ns
        Info: 1: + IC(0.000 ns) + CELL(0.000 ns) = 0.000 ns; Loc. = LCFF_X34_Y12_N3; Fanout = 18; REG Node = 'Lab2Task2:inst1|lpm_counter1:inst1|lpm_counter:lpm_counter_component|cntr_6ai:auto_generated|safe_q[1]'
        Info: 2: + IC(0.819 ns) + CELL(0.228 ns) = 1.047 ns; Loc. = LCCOMB_X35_Y11_N20; Fanout = 1; COMB Node = 'Lab2Task2:inst1|lpm_decode0:inst2|lpm_decode:lpm_decode_component|decode_e9f:auto_generated|w_anode21w[3]~0'
        Info: 3: + IC(2.445 ns) + CELL(2.144 ns) = 5.636 ns; Loc. = PIN_N21; Fanout = 0; PIN Node = 'Out[1]'
        Info: Total cell delay = 2.372 ns ( 42.09 % )
        Info: Total interconnect delay = 3.264 ns ( 57.91 % )
Info: Quartus II Classic Timing Analyzer was successful. 0 errors, 2 warnings
    Info: Peak virtual memory: 176 megabytes
    Info: Processing ended: Sat Nov 15 17:00:08 2025
    Info: Elapsed time: 00:00:00
    Info: Total CPU time (on all processors): 00:00:00


