Classic Timing Analyzer report for Lab2Task2
Sat Nov 15 11:29:45 2025
Quartus II Version 9.1 Build 222 10/21/2009 SJ Web Edition


---------------------
; Table of Contents ;
---------------------
  1. Legal Notice
  2. Timing Analyzer Summary
  3. Timing Analyzer Settings
  4. Clock Settings Summary
  5. Parallel Compilation
  6. Clock Setup: 'In'
  7. tco
  8. Timing Analyzer Messages



----------------
; Legal Notice ;
----------------
Copyright (C) 1991-2009 Altera Corporation
Your use of Altera Corporation's design tools, logic functions 
and other software and tools, and its AMPP partner logic 
functions, and any output files from any of the foregoing 
(including device programming or simulation files), and any 
associated documentation or information are expressly subject 
to the terms and conditions of the Altera Program License 
Subscription Agreement, Altera MegaCore Function License 
Agreement, or other applicable license agreement, including, 
without limitation, that your use is for the sole purpose of 
programming logic devices manufactured by Altera and sold by 
Altera or its authorized distributors.  Please refer to the 
applicable agreement for further details.



+------------------------------------------------------------------------------------------------------------------------------------------------------------------------------------------------------------------------------------------------------------------------------------------------------------------+
; Timing Analyzer Summary                                                                                                                                                                                                                                                                                          ;
+------------------------------+-------+---------------+----------------------------------+----------------------------------------------------------------------------------------+----------------------------------------------------------------------------------------+------------+----------+--------------+
; Type                         ; Slack ; Required Time ; Actual Time                      ; From                                                                                   ; To                                                                                     ; From Clock ; To Clock ; Failed Paths ;
+------------------------------+-------+---------------+----------------------------------+----------------------------------------------------------------------------------------+----------------------------------------------------------------------------------------+------------+----------+--------------+
; Worst-case tco               ; N/A   ; None          ; 7.379 ns                         ; lpm_counter1:inst1|lpm_counter:lpm_counter_component|cntr_6ai:auto_generated|safe_q[3] ; Out[11]                                                                                ; In         ; --       ; 0            ;
; Clock Setup: 'In'            ; N/A   ; None          ; 408.16 MHz ( period = 2.450 ns ) ; lpm_counter0:inst|lpm_counter:lpm_counter_component|cntr_8gj:auto_generated|safe_q[0]  ; lpm_counter1:inst1|lpm_counter:lpm_counter_component|cntr_6ai:auto_generated|safe_q[2] ; In         ; In       ; 0            ;
; Total number of failed paths ;       ;               ;                                  ;                                                                                        ;                                                                                        ;            ;          ; 0            ;
+------------------------------+-------+---------------+----------------------------------+----------------------------------------------------------------------------------------+----------------------------------------------------------------------------------------+------------+----------+--------------+


+-----------------------------------------------------------------------------------------------------------------------------------------------------+
; Timing Analyzer Settings                                                                                                                            ;
+------------------------------------------------------------------------------------------------------+--------------------+------+----+-------------+
; Option                                                                                               ; Setting            ; From ; To ; Entity Name ;
+------------------------------------------------------------------------------------------------------+--------------------+------+----+-------------+
; Device Name                                                                                          ; EP2S15F484C3       ;      ;    ;             ;
; Timing Models                                                                                        ; Final              ;      ;    ;             ;
; Default hold multicycle                                                                              ; Same as Multicycle ;      ;    ;             ;
; Cut paths between unrelated clock domains                                                            ; On                 ;      ;    ;             ;
; Cut off read during write signal paths                                                               ; On                 ;      ;    ;             ;
; Cut off feedback from I/O pins                                                                       ; On                 ;      ;    ;             ;
; Report Combined Fast/Slow Timing                                                                     ; Off                ;      ;    ;             ;
; Ignore Clock Settings                                                                                ; Off                ;      ;    ;             ;
; Analyze latches as synchronous elements                                                              ; On                 ;      ;    ;             ;
; Enable Recovery/Removal analysis                                                                     ; Off                ;      ;    ;             ;
; Enable Clock Latency                                                                                 ; Off                ;      ;    ;             ;
; Use TimeQuest Timing Analyzer                                                                        ; Off                ;      ;    ;             ;
; Number of source nodes to report per destination node                                                ; 10                 ;      ;    ;             ;
; Number of destination nodes to report                                                                ; 10                 ;      ;    ;             ;
; Number of paths to report                                                                            ; 200                ;      ;    ;             ;
; Report Minimum Timing Checks                                                                         ; Off                ;      ;    ;             ;
; Use Fast Timing Models                                                                               ; Off                ;      ;    ;             ;
; Report IO Paths Separately                                                                           ; Off                ;      ;    ;             ;
; Perform Multicorner Analysis                                                                         ; On                 ;      ;    ;             ;
; Reports the worst-case path for each clock domain and analysis                                       ; Off                ;      ;    ;             ;
; Reports worst-case timing paths for each clock domain and analysis                                   ; Off                ;      ;    ;             ;
; Specifies the maximum number of worst-case timing paths to report for each clock domain and analysis ; 100                ;      ;    ;             ;
; Removes common clock path pessimism (CCPP) during slack computation                                  ; Off                ;      ;    ;             ;
; Output I/O Timing Endpoint                                                                           ; Near End           ;      ;    ;             ;
+------------------------------------------------------------------------------------------------------+--------------------+------+----+-------------+


+------------------------------------------------------------------------------------------------------------------------------------------------------------------------------------+
; Clock Settings Summary                                                                                                                                                             ;
+-----------------+--------------------+----------+------------------+---------------+--------------+----------+-----------------------+---------------------+--------+--------------+
; Clock Node Name ; Clock Setting Name ; Type     ; Fmax Requirement ; Early Latency ; Late Latency ; Based on ; Multiply Base Fmax by ; Divide Base Fmax by ; Offset ; Phase offset ;
+-----------------+--------------------+----------+------------------+---------------+--------------+----------+-----------------------+---------------------+--------+--------------+
; In              ;                    ; User Pin ; None             ; 0.000 ns      ; 0.000 ns     ; --       ; N/A                   ; N/A                 ; N/A    ;              ;
+-----------------+--------------------+----------+------------------+---------------+--------------+----------+-----------------------+---------------------+--------+--------------+


Parallel compilation was disabled, but you have multiple processors available. Enable parallel compilation to reduce compilation time.
+-------------------------------------+
; Parallel Compilation                ;
+----------------------------+--------+
; Processors                 ; Number ;
+----------------------------+--------+
; Number detected on machine ; 12     ;
; Maximum allowed            ; 1      ;
+----------------------------+--------+


+------------------------------------------------------------------------------------------------------------------------------------------------------------------------------------------------------------------------------------------------------------------------------------------------------------------------------------------------------+
; Clock Setup: 'In'                                                                                                                                                                                                                                                                                                                                    ;
+-------+------------------------------------------------+----------------------------------------------------------------------------------------+----------------------------------------------------------------------------------------+------------+----------+-----------------------------+---------------------------+-------------------------+
; Slack ; Actual fmax (period)                           ; From                                                                                   ; To                                                                                     ; From Clock ; To Clock ; Required Setup Relationship ; Required Longest P2P Time ; Actual Longest P2P Time ;
+-------+------------------------------------------------+----------------------------------------------------------------------------------------+----------------------------------------------------------------------------------------+------------+----------+-----------------------------+---------------------------+-------------------------+
; N/A   ; 408.16 MHz ( period = 2.450 ns )               ; lpm_counter0:inst|lpm_counter:lpm_counter_component|cntr_8gj:auto_generated|safe_q[0]  ; lpm_counter1:inst1|lpm_counter:lpm_counter_component|cntr_6ai:auto_generated|safe_q[0] ; In         ; In       ; None                        ; None                      ; 2.266 ns                ;
; N/A   ; 408.16 MHz ( period = 2.450 ns )               ; lpm_counter0:inst|lpm_counter:lpm_counter_component|cntr_8gj:auto_generated|safe_q[0]  ; lpm_counter1:inst1|lpm_counter:lpm_counter_component|cntr_6ai:auto_generated|safe_q[1] ; In         ; In       ; None                        ; None                      ; 2.266 ns                ;
; N/A   ; 408.16 MHz ( period = 2.450 ns )               ; lpm_counter0:inst|lpm_counter:lpm_counter_component|cntr_8gj:auto_generated|safe_q[0]  ; lpm_counter1:inst1|lpm_counter:lpm_counter_component|cntr_6ai:auto_generated|safe_q[3] ; In         ; In       ; None                        ; None                      ; 2.266 ns                ;
; N/A   ; 408.16 MHz ( period = 2.450 ns )               ; lpm_counter0:inst|lpm_counter:lpm_counter_component|cntr_8gj:auto_generated|safe_q[0]  ; lpm_counter1:inst1|lpm_counter:lpm_counter_component|cntr_6ai:auto_generated|safe_q[2] ; In         ; In       ; None                        ; None                      ; 2.266 ns                ;
; N/A   ; 414.08 MHz ( period = 2.415 ns )               ; lpm_counter0:inst|lpm_counter:lpm_counter_component|cntr_8gj:auto_generated|safe_q[1]  ; lpm_counter1:inst1|lpm_counter:lpm_counter_component|cntr_6ai:auto_generated|safe_q[0] ; In         ; In       ; None                        ; None                      ; 2.231 ns                ;
; N/A   ; 414.08 MHz ( period = 2.415 ns )               ; lpm_counter0:inst|lpm_counter:lpm_counter_component|cntr_8gj:auto_generated|safe_q[1]  ; lpm_counter1:inst1|lpm_counter:lpm_counter_component|cntr_6ai:auto_generated|safe_q[1] ; In         ; In       ; None                        ; None                      ; 2.231 ns                ;
; N/A   ; 414.08 MHz ( period = 2.415 ns )               ; lpm_counter0:inst|lpm_counter:lpm_counter_component|cntr_8gj:auto_generated|safe_q[1]  ; lpm_counter1:inst1|lpm_counter:lpm_counter_component|cntr_6ai:auto_generated|safe_q[3] ; In         ; In       ; None                        ; None                      ; 2.231 ns                ;
; N/A   ; 414.08 MHz ( period = 2.415 ns )               ; lpm_counter0:inst|lpm_counter:lpm_counter_component|cntr_8gj:auto_generated|safe_q[1]  ; lpm_counter1:inst1|lpm_counter:lpm_counter_component|cntr_6ai:auto_generated|safe_q[2] ; In         ; In       ; None                        ; None                      ; 2.231 ns                ;
; N/A   ; 417.89 MHz ( period = 2.393 ns )               ; lpm_counter0:inst|lpm_counter:lpm_counter_component|cntr_8gj:auto_generated|safe_q[4]  ; lpm_counter1:inst1|lpm_counter:lpm_counter_component|cntr_6ai:auto_generated|safe_q[0] ; In         ; In       ; None                        ; None                      ; 2.209 ns                ;
; N/A   ; 417.89 MHz ( period = 2.393 ns )               ; lpm_counter0:inst|lpm_counter:lpm_counter_component|cntr_8gj:auto_generated|safe_q[4]  ; lpm_counter1:inst1|lpm_counter:lpm_counter_component|cntr_6ai:auto_generated|safe_q[1] ; In         ; In       ; None                        ; None                      ; 2.209 ns                ;
; N/A   ; 417.89 MHz ( period = 2.393 ns )               ; lpm_counter0:inst|lpm_counter:lpm_counter_component|cntr_8gj:auto_generated|safe_q[4]  ; lpm_counter1:inst1|lpm_counter:lpm_counter_component|cntr_6ai:auto_generated|safe_q[3] ; In         ; In       ; None                        ; None                      ; 2.209 ns                ;
; N/A   ; 417.89 MHz ( period = 2.393 ns )               ; lpm_counter0:inst|lpm_counter:lpm_counter_component|cntr_8gj:auto_generated|safe_q[4]  ; lpm_counter1:inst1|lpm_counter:lpm_counter_component|cntr_6ai:auto_generated|safe_q[2] ; In         ; In       ; None                        ; None                      ; 2.209 ns                ;
; N/A   ; 420.17 MHz ( period = 2.380 ns )               ; lpm_counter0:inst|lpm_counter:lpm_counter_component|cntr_8gj:auto_generated|safe_q[2]  ; lpm_counter1:inst1|lpm_counter:lpm_counter_component|cntr_6ai:auto_generated|safe_q[0] ; In         ; In       ; None                        ; None                      ; 2.196 ns                ;
; N/A   ; 420.17 MHz ( period = 2.380 ns )               ; lpm_counter0:inst|lpm_counter:lpm_counter_component|cntr_8gj:auto_generated|safe_q[2]  ; lpm_counter1:inst1|lpm_counter:lpm_counter_component|cntr_6ai:auto_generated|safe_q[1] ; In         ; In       ; None                        ; None                      ; 2.196 ns                ;
; N/A   ; 420.17 MHz ( period = 2.380 ns )               ; lpm_counter0:inst|lpm_counter:lpm_counter_component|cntr_8gj:auto_generated|safe_q[2]  ; lpm_counter1:inst1|lpm_counter:lpm_counter_component|cntr_6ai:auto_generated|safe_q[3] ; In         ; In       ; None                        ; None                      ; 2.196 ns                ;
; N/A   ; 420.17 MHz ( period = 2.380 ns )               ; lpm_counter0:inst|lpm_counter:lpm_counter_component|cntr_8gj:auto_generated|safe_q[2]  ; lpm_counter1:inst1|lpm_counter:lpm_counter_component|cntr_6ai:auto_generated|safe_q[2] ; In         ; In       ; None                        ; None                      ; 2.196 ns                ;
; N/A   ; 426.44 MHz ( period = 2.345 ns )               ; lpm_counter0:inst|lpm_counter:lpm_counter_component|cntr_8gj:auto_generated|safe_q[3]  ; lpm_counter1:inst1|lpm_counter:lpm_counter_component|cntr_6ai:auto_generated|safe_q[0] ; In         ; In       ; None                        ; None                      ; 2.161 ns                ;
; N/A   ; 426.44 MHz ( period = 2.345 ns )               ; lpm_counter0:inst|lpm_counter:lpm_counter_component|cntr_8gj:auto_generated|safe_q[3]  ; lpm_counter1:inst1|lpm_counter:lpm_counter_component|cntr_6ai:auto_generated|safe_q[1] ; In         ; In       ; None                        ; None                      ; 2.161 ns                ;
; N/A   ; 426.44 MHz ( period = 2.345 ns )               ; lpm_counter0:inst|lpm_counter:lpm_counter_component|cntr_8gj:auto_generated|safe_q[3]  ; lpm_counter1:inst1|lpm_counter:lpm_counter_component|cntr_6ai:auto_generated|safe_q[3] ; In         ; In       ; None                        ; None                      ; 2.161 ns                ;
; N/A   ; 426.44 MHz ( period = 2.345 ns )               ; lpm_counter0:inst|lpm_counter:lpm_counter_component|cntr_8gj:auto_generated|safe_q[3]  ; lpm_counter1:inst1|lpm_counter:lpm_counter_component|cntr_6ai:auto_generated|safe_q[2] ; In         ; In       ; None                        ; None                      ; 2.161 ns                ;
; N/A   ; 434.97 MHz ( period = 2.299 ns )               ; lpm_counter0:inst|lpm_counter:lpm_counter_component|cntr_8gj:auto_generated|safe_q[5]  ; lpm_counter1:inst1|lpm_counter:lpm_counter_component|cntr_6ai:auto_generated|safe_q[0] ; In         ; In       ; None                        ; None                      ; 2.115 ns                ;
; N/A   ; 434.97 MHz ( period = 2.299 ns )               ; lpm_counter0:inst|lpm_counter:lpm_counter_component|cntr_8gj:auto_generated|safe_q[5]  ; lpm_counter1:inst1|lpm_counter:lpm_counter_component|cntr_6ai:auto_generated|safe_q[1] ; In         ; In       ; None                        ; None                      ; 2.115 ns                ;
; N/A   ; 434.97 MHz ( period = 2.299 ns )               ; lpm_counter0:inst|lpm_counter:lpm_counter_component|cntr_8gj:auto_generated|safe_q[5]  ; lpm_counter1:inst1|lpm_counter:lpm_counter_component|cntr_6ai:auto_generated|safe_q[3] ; In         ; In       ; None                        ; None                      ; 2.115 ns                ;
; N/A   ; 434.97 MHz ( period = 2.299 ns )               ; lpm_counter0:inst|lpm_counter:lpm_counter_component|cntr_8gj:auto_generated|safe_q[5]  ; lpm_counter1:inst1|lpm_counter:lpm_counter_component|cntr_6ai:auto_generated|safe_q[2] ; In         ; In       ; None                        ; None                      ; 2.115 ns                ;
; N/A   ; 435.35 MHz ( period = 2.297 ns )               ; lpm_counter0:inst|lpm_counter:lpm_counter_component|cntr_8gj:auto_generated|safe_q[6]  ; lpm_counter1:inst1|lpm_counter:lpm_counter_component|cntr_6ai:auto_generated|safe_q[0] ; In         ; In       ; None                        ; None                      ; 2.113 ns                ;
; N/A   ; 435.35 MHz ( period = 2.297 ns )               ; lpm_counter0:inst|lpm_counter:lpm_counter_component|cntr_8gj:auto_generated|safe_q[6]  ; lpm_counter1:inst1|lpm_counter:lpm_counter_component|cntr_6ai:auto_generated|safe_q[1] ; In         ; In       ; None                        ; None                      ; 2.113 ns                ;
; N/A   ; 435.35 MHz ( period = 2.297 ns )               ; lpm_counter0:inst|lpm_counter:lpm_counter_component|cntr_8gj:auto_generated|safe_q[6]  ; lpm_counter1:inst1|lpm_counter:lpm_counter_component|cntr_6ai:auto_generated|safe_q[3] ; In         ; In       ; None                        ; None                      ; 2.113 ns                ;
; N/A   ; 435.35 MHz ( period = 2.297 ns )               ; lpm_counter0:inst|lpm_counter:lpm_counter_component|cntr_8gj:auto_generated|safe_q[6]  ; lpm_counter1:inst1|lpm_counter:lpm_counter_component|cntr_6ai:auto_generated|safe_q[2] ; In         ; In       ; None                        ; None                      ; 2.113 ns                ;
; N/A   ; 438.02 MHz ( period = 2.283 ns )               ; lpm_counter0:inst|lpm_counter:lpm_counter_component|cntr_8gj:auto_generated|safe_q[0]  ; lpm_counter0:inst|lpm_counter:lpm_counter_component|cntr_8gj:auto_generated|safe_q[2]  ; In         ; In       ; None                        ; None                      ; 2.099 ns                ;
; N/A   ; 438.02 MHz ( period = 2.283 ns )               ; lpm_counter0:inst|lpm_counter:lpm_counter_component|cntr_8gj:auto_generated|safe_q[0]  ; lpm_counter0:inst|lpm_counter:lpm_counter_component|cntr_8gj:auto_generated|safe_q[0]  ; In         ; In       ; None                        ; None                      ; 2.099 ns                ;
; N/A   ; 438.02 MHz ( period = 2.283 ns )               ; lpm_counter0:inst|lpm_counter:lpm_counter_component|cntr_8gj:auto_generated|safe_q[0]  ; lpm_counter0:inst|lpm_counter:lpm_counter_component|cntr_8gj:auto_generated|safe_q[1]  ; In         ; In       ; None                        ; None                      ; 2.099 ns                ;
; N/A   ; 438.02 MHz ( period = 2.283 ns )               ; lpm_counter0:inst|lpm_counter:lpm_counter_component|cntr_8gj:auto_generated|safe_q[0]  ; lpm_counter0:inst|lpm_counter:lpm_counter_component|cntr_8gj:auto_generated|safe_q[4]  ; In         ; In       ; None                        ; None                      ; 2.099 ns                ;
; N/A   ; 438.02 MHz ( period = 2.283 ns )               ; lpm_counter0:inst|lpm_counter:lpm_counter_component|cntr_8gj:auto_generated|safe_q[0]  ; lpm_counter0:inst|lpm_counter:lpm_counter_component|cntr_8gj:auto_generated|safe_q[5]  ; In         ; In       ; None                        ; None                      ; 2.099 ns                ;
; N/A   ; 438.02 MHz ( period = 2.283 ns )               ; lpm_counter0:inst|lpm_counter:lpm_counter_component|cntr_8gj:auto_generated|safe_q[0]  ; lpm_counter0:inst|lpm_counter:lpm_counter_component|cntr_8gj:auto_generated|safe_q[6]  ; In         ; In       ; None                        ; None                      ; 2.099 ns                ;
; N/A   ; 438.02 MHz ( period = 2.283 ns )               ; lpm_counter0:inst|lpm_counter:lpm_counter_component|cntr_8gj:auto_generated|safe_q[0]  ; lpm_counter0:inst|lpm_counter:lpm_counter_component|cntr_8gj:auto_generated|safe_q[3]  ; In         ; In       ; None                        ; None                      ; 2.099 ns                ;
; N/A   ; 438.02 MHz ( period = 2.283 ns )               ; lpm_counter0:inst|lpm_counter:lpm_counter_component|cntr_8gj:auto_generated|safe_q[0]  ; lpm_counter0:inst|lpm_counter:lpm_counter_component|cntr_8gj:auto_generated|safe_q[7]  ; In         ; In       ; None                        ; None                      ; 2.099 ns                ;
; N/A   ; 444.84 MHz ( period = 2.248 ns )               ; lpm_counter0:inst|lpm_counter:lpm_counter_component|cntr_8gj:auto_generated|safe_q[1]  ; lpm_counter0:inst|lpm_counter:lpm_counter_component|cntr_8gj:auto_generated|safe_q[2]  ; In         ; In       ; None                        ; None                      ; 2.064 ns                ;
; N/A   ; 444.84 MHz ( period = 2.248 ns )               ; lpm_counter0:inst|lpm_counter:lpm_counter_component|cntr_8gj:auto_generated|safe_q[1]  ; lpm_counter0:inst|lpm_counter:lpm_counter_component|cntr_8gj:auto_generated|safe_q[0]  ; In         ; In       ; None                        ; None                      ; 2.064 ns                ;
; N/A   ; 444.84 MHz ( period = 2.248 ns )               ; lpm_counter0:inst|lpm_counter:lpm_counter_component|cntr_8gj:auto_generated|safe_q[1]  ; lpm_counter0:inst|lpm_counter:lpm_counter_component|cntr_8gj:auto_generated|safe_q[1]  ; In         ; In       ; None                        ; None                      ; 2.064 ns                ;
; N/A   ; 444.84 MHz ( period = 2.248 ns )               ; lpm_counter0:inst|lpm_counter:lpm_counter_component|cntr_8gj:auto_generated|safe_q[1]  ; lpm_counter0:inst|lpm_counter:lpm_counter_component|cntr_8gj:auto_generated|safe_q[4]  ; In         ; In       ; None                        ; None                      ; 2.064 ns                ;
; N/A   ; 444.84 MHz ( period = 2.248 ns )               ; lpm_counter0:inst|lpm_counter:lpm_counter_component|cntr_8gj:auto_generated|safe_q[1]  ; lpm_counter0:inst|lpm_counter:lpm_counter_component|cntr_8gj:auto_generated|safe_q[5]  ; In         ; In       ; None                        ; None                      ; 2.064 ns                ;
; N/A   ; 444.84 MHz ( period = 2.248 ns )               ; lpm_counter0:inst|lpm_counter:lpm_counter_component|cntr_8gj:auto_generated|safe_q[1]  ; lpm_counter0:inst|lpm_counter:lpm_counter_component|cntr_8gj:auto_generated|safe_q[6]  ; In         ; In       ; None                        ; None                      ; 2.064 ns                ;
; N/A   ; 444.84 MHz ( period = 2.248 ns )               ; lpm_counter0:inst|lpm_counter:lpm_counter_component|cntr_8gj:auto_generated|safe_q[1]  ; lpm_counter0:inst|lpm_counter:lpm_counter_component|cntr_8gj:auto_generated|safe_q[3]  ; In         ; In       ; None                        ; None                      ; 2.064 ns                ;
; N/A   ; 444.84 MHz ( period = 2.248 ns )               ; lpm_counter0:inst|lpm_counter:lpm_counter_component|cntr_8gj:auto_generated|safe_q[1]  ; lpm_counter0:inst|lpm_counter:lpm_counter_component|cntr_8gj:auto_generated|safe_q[7]  ; In         ; In       ; None                        ; None                      ; 2.064 ns                ;
; N/A   ; 449.24 MHz ( period = 2.226 ns )               ; lpm_counter0:inst|lpm_counter:lpm_counter_component|cntr_8gj:auto_generated|safe_q[4]  ; lpm_counter0:inst|lpm_counter:lpm_counter_component|cntr_8gj:auto_generated|safe_q[2]  ; In         ; In       ; None                        ; None                      ; 2.042 ns                ;
; N/A   ; 449.24 MHz ( period = 2.226 ns )               ; lpm_counter0:inst|lpm_counter:lpm_counter_component|cntr_8gj:auto_generated|safe_q[4]  ; lpm_counter0:inst|lpm_counter:lpm_counter_component|cntr_8gj:auto_generated|safe_q[0]  ; In         ; In       ; None                        ; None                      ; 2.042 ns                ;
; N/A   ; 449.24 MHz ( period = 2.226 ns )               ; lpm_counter0:inst|lpm_counter:lpm_counter_component|cntr_8gj:auto_generated|safe_q[4]  ; lpm_counter0:inst|lpm_counter:lpm_counter_component|cntr_8gj:auto_generated|safe_q[1]  ; In         ; In       ; None                        ; None                      ; 2.042 ns                ;
; N/A   ; 449.24 MHz ( period = 2.226 ns )               ; lpm_counter0:inst|lpm_counter:lpm_counter_component|cntr_8gj:auto_generated|safe_q[4]  ; lpm_counter0:inst|lpm_counter:lpm_counter_component|cntr_8gj:auto_generated|safe_q[4]  ; In         ; In       ; None                        ; None                      ; 2.042 ns                ;
; N/A   ; 449.24 MHz ( period = 2.226 ns )               ; lpm_counter0:inst|lpm_counter:lpm_counter_component|cntr_8gj:auto_generated|safe_q[4]  ; lpm_counter0:inst|lpm_counter:lpm_counter_component|cntr_8gj:auto_generated|safe_q[5]  ; In         ; In       ; None                        ; None                      ; 2.042 ns                ;
; N/A   ; 449.24 MHz ( period = 2.226 ns )               ; lpm_counter0:inst|lpm_counter:lpm_counter_component|cntr_8gj:auto_generated|safe_q[4]  ; lpm_counter0:inst|lpm_counter:lpm_counter_component|cntr_8gj:auto_generated|safe_q[6]  ; In         ; In       ; None                        ; None                      ; 2.042 ns                ;
; N/A   ; 449.24 MHz ( period = 2.226 ns )               ; lpm_counter0:inst|lpm_counter:lpm_counter_component|cntr_8gj:auto_generated|safe_q[4]  ; lpm_counter0:inst|lpm_counter:lpm_counter_component|cntr_8gj:auto_generated|safe_q[3]  ; In         ; In       ; None                        ; None                      ; 2.042 ns                ;
; N/A   ; 449.24 MHz ( period = 2.226 ns )               ; lpm_counter0:inst|lpm_counter:lpm_counter_component|cntr_8gj:auto_generated|safe_q[4]  ; lpm_counter0:inst|lpm_counter:lpm_counter_component|cntr_8gj:auto_generated|safe_q[7]  ; In         ; In       ; None                        ; None                      ; 2.042 ns                ;
; N/A   ; 451.88 MHz ( period = 2.213 ns )               ; lpm_counter0:inst|lpm_counter:lpm_counter_component|cntr_8gj:auto_generated|safe_q[2]  ; lpm_counter0:inst|lpm_counter:lpm_counter_component|cntr_8gj:auto_generated|safe_q[2]  ; In         ; In       ; None                        ; None                      ; 2.029 ns                ;
; N/A   ; 451.88 MHz ( period = 2.213 ns )               ; lpm_counter0:inst|lpm_counter:lpm_counter_component|cntr_8gj:auto_generated|safe_q[2]  ; lpm_counter0:inst|lpm_counter:lpm_counter_component|cntr_8gj:auto_generated|safe_q[0]  ; In         ; In       ; None                        ; None                      ; 2.029 ns                ;
; N/A   ; 451.88 MHz ( period = 2.213 ns )               ; lpm_counter0:inst|lpm_counter:lpm_counter_component|cntr_8gj:auto_generated|safe_q[2]  ; lpm_counter0:inst|lpm_counter:lpm_counter_component|cntr_8gj:auto_generated|safe_q[1]  ; In         ; In       ; None                        ; None                      ; 2.029 ns                ;
; N/A   ; 451.88 MHz ( period = 2.213 ns )               ; lpm_counter0:inst|lpm_counter:lpm_counter_component|cntr_8gj:auto_generated|safe_q[2]  ; lpm_counter0:inst|lpm_counter:lpm_counter_component|cntr_8gj:auto_generated|safe_q[4]  ; In         ; In       ; None                        ; None                      ; 2.029 ns                ;
; N/A   ; 451.88 MHz ( period = 2.213 ns )               ; lpm_counter0:inst|lpm_counter:lpm_counter_component|cntr_8gj:auto_generated|safe_q[2]  ; lpm_counter0:inst|lpm_counter:lpm_counter_component|cntr_8gj:auto_generated|safe_q[5]  ; In         ; In       ; None                        ; None                      ; 2.029 ns                ;
; N/A   ; 451.88 MHz ( period = 2.213 ns )               ; lpm_counter0:inst|lpm_counter:lpm_counter_component|cntr_8gj:auto_generated|safe_q[2]  ; lpm_counter0:inst|lpm_counter:lpm_counter_component|cntr_8gj:auto_generated|safe_q[6]  ; In         ; In       ; None                        ; None                      ; 2.029 ns                ;
; N/A   ; 451.88 MHz ( period = 2.213 ns )               ; lpm_counter0:inst|lpm_counter:lpm_counter_component|cntr_8gj:auto_generated|safe_q[2]  ; lpm_counter0:inst|lpm_counter:lpm_counter_component|cntr_8gj:auto_generated|safe_q[3]  ; In         ; In       ; None                        ; None                      ; 2.029 ns                ;
; N/A   ; 451.88 MHz ( period = 2.213 ns )               ; lpm_counter0:inst|lpm_counter:lpm_counter_component|cntr_8gj:auto_generated|safe_q[2]  ; lpm_counter0:inst|lpm_counter:lpm_counter_component|cntr_8gj:auto_generated|safe_q[7]  ; In         ; In       ; None                        ; None                      ; 2.029 ns                ;
; N/A   ; 459.14 MHz ( period = 2.178 ns )               ; lpm_counter0:inst|lpm_counter:lpm_counter_component|cntr_8gj:auto_generated|safe_q[7]  ; lpm_counter1:inst1|lpm_counter:lpm_counter_component|cntr_6ai:auto_generated|safe_q[0] ; In         ; In       ; None                        ; None                      ; 1.994 ns                ;
; N/A   ; 459.14 MHz ( period = 2.178 ns )               ; lpm_counter0:inst|lpm_counter:lpm_counter_component|cntr_8gj:auto_generated|safe_q[3]  ; lpm_counter0:inst|lpm_counter:lpm_counter_component|cntr_8gj:auto_generated|safe_q[2]  ; In         ; In       ; None                        ; None                      ; 1.994 ns                ;
; N/A   ; 459.14 MHz ( period = 2.178 ns )               ; lpm_counter0:inst|lpm_counter:lpm_counter_component|cntr_8gj:auto_generated|safe_q[3]  ; lpm_counter0:inst|lpm_counter:lpm_counter_component|cntr_8gj:auto_generated|safe_q[0]  ; In         ; In       ; None                        ; None                      ; 1.994 ns                ;
; N/A   ; 459.14 MHz ( period = 2.178 ns )               ; lpm_counter0:inst|lpm_counter:lpm_counter_component|cntr_8gj:auto_generated|safe_q[3]  ; lpm_counter0:inst|lpm_counter:lpm_counter_component|cntr_8gj:auto_generated|safe_q[1]  ; In         ; In       ; None                        ; None                      ; 1.994 ns                ;
; N/A   ; 459.14 MHz ( period = 2.178 ns )               ; lpm_counter0:inst|lpm_counter:lpm_counter_component|cntr_8gj:auto_generated|safe_q[3]  ; lpm_counter0:inst|lpm_counter:lpm_counter_component|cntr_8gj:auto_generated|safe_q[4]  ; In         ; In       ; None                        ; None                      ; 1.994 ns                ;
; N/A   ; 459.14 MHz ( period = 2.178 ns )               ; lpm_counter0:inst|lpm_counter:lpm_counter_component|cntr_8gj:auto_generated|safe_q[3]  ; lpm_counter0:inst|lpm_counter:lpm_counter_component|cntr_8gj:auto_generated|safe_q[5]  ; In         ; In       ; None                        ; None                      ; 1.994 ns                ;
; N/A   ; 459.14 MHz ( period = 2.178 ns )               ; lpm_counter0:inst|lpm_counter:lpm_counter_component|cntr_8gj:auto_generated|safe_q[3]  ; lpm_counter0:inst|lpm_counter:lpm_counter_component|cntr_8gj:auto_generated|safe_q[6]  ; In         ; In       ; None                        ; None                      ; 1.994 ns                ;
; N/A   ; 459.14 MHz ( period = 2.178 ns )               ; lpm_counter0:inst|lpm_counter:lpm_counter_component|cntr_8gj:auto_generated|safe_q[3]  ; lpm_counter0:inst|lpm_counter:lpm_counter_component|cntr_8gj:auto_generated|safe_q[3]  ; In         ; In       ; None                        ; None                      ; 1.994 ns                ;
; N/A   ; 459.14 MHz ( period = 2.178 ns )               ; lpm_counter0:inst|lpm_counter:lpm_counter_component|cntr_8gj:auto_generated|safe_q[3]  ; lpm_counter0:inst|lpm_counter:lpm_counter_component|cntr_8gj:auto_generated|safe_q[7]  ; In         ; In       ; None                        ; None                      ; 1.994 ns                ;
; N/A   ; 459.14 MHz ( period = 2.178 ns )               ; lpm_counter0:inst|lpm_counter:lpm_counter_component|cntr_8gj:auto_generated|safe_q[7]  ; lpm_counter1:inst1|lpm_counter:lpm_counter_component|cntr_6ai:auto_generated|safe_q[1] ; In         ; In       ; None                        ; None                      ; 1.994 ns                ;
; N/A   ; 459.14 MHz ( period = 2.178 ns )               ; lpm_counter0:inst|lpm_counter:lpm_counter_component|cntr_8gj:auto_generated|safe_q[7]  ; lpm_counter1:inst1|lpm_counter:lpm_counter_component|cntr_6ai:auto_generated|safe_q[3] ; In         ; In       ; None                        ; None                      ; 1.994 ns                ;
; N/A   ; 459.14 MHz ( period = 2.178 ns )               ; lpm_counter0:inst|lpm_counter:lpm_counter_component|cntr_8gj:auto_generated|safe_q[7]  ; lpm_counter1:inst1|lpm_counter:lpm_counter_component|cntr_6ai:auto_generated|safe_q[2] ; In         ; In       ; None                        ; None                      ; 1.994 ns                ;
; N/A   ; 469.04 MHz ( period = 2.132 ns )               ; lpm_counter0:inst|lpm_counter:lpm_counter_component|cntr_8gj:auto_generated|safe_q[5]  ; lpm_counter0:inst|lpm_counter:lpm_counter_component|cntr_8gj:auto_generated|safe_q[2]  ; In         ; In       ; None                        ; None                      ; 1.948 ns                ;
; N/A   ; 469.04 MHz ( period = 2.132 ns )               ; lpm_counter0:inst|lpm_counter:lpm_counter_component|cntr_8gj:auto_generated|safe_q[5]  ; lpm_counter0:inst|lpm_counter:lpm_counter_component|cntr_8gj:auto_generated|safe_q[0]  ; In         ; In       ; None                        ; None                      ; 1.948 ns                ;
; N/A   ; 469.04 MHz ( period = 2.132 ns )               ; lpm_counter0:inst|lpm_counter:lpm_counter_component|cntr_8gj:auto_generated|safe_q[5]  ; lpm_counter0:inst|lpm_counter:lpm_counter_component|cntr_8gj:auto_generated|safe_q[1]  ; In         ; In       ; None                        ; None                      ; 1.948 ns                ;
; N/A   ; 469.04 MHz ( period = 2.132 ns )               ; lpm_counter0:inst|lpm_counter:lpm_counter_component|cntr_8gj:auto_generated|safe_q[5]  ; lpm_counter0:inst|lpm_counter:lpm_counter_component|cntr_8gj:auto_generated|safe_q[4]  ; In         ; In       ; None                        ; None                      ; 1.948 ns                ;
; N/A   ; 469.04 MHz ( period = 2.132 ns )               ; lpm_counter0:inst|lpm_counter:lpm_counter_component|cntr_8gj:auto_generated|safe_q[5]  ; lpm_counter0:inst|lpm_counter:lpm_counter_component|cntr_8gj:auto_generated|safe_q[5]  ; In         ; In       ; None                        ; None                      ; 1.948 ns                ;
; N/A   ; 469.04 MHz ( period = 2.132 ns )               ; lpm_counter0:inst|lpm_counter:lpm_counter_component|cntr_8gj:auto_generated|safe_q[5]  ; lpm_counter0:inst|lpm_counter:lpm_counter_component|cntr_8gj:auto_generated|safe_q[6]  ; In         ; In       ; None                        ; None                      ; 1.948 ns                ;
; N/A   ; 469.04 MHz ( period = 2.132 ns )               ; lpm_counter0:inst|lpm_counter:lpm_counter_component|cntr_8gj:auto_generated|safe_q[5]  ; lpm_counter0:inst|lpm_counter:lpm_counter_component|cntr_8gj:auto_generated|safe_q[3]  ; In         ; In       ; None                        ; None                      ; 1.948 ns                ;
; N/A   ; 469.04 MHz ( period = 2.132 ns )               ; lpm_counter0:inst|lpm_counter:lpm_counter_component|cntr_8gj:auto_generated|safe_q[5]  ; lpm_counter0:inst|lpm_counter:lpm_counter_component|cntr_8gj:auto_generated|safe_q[7]  ; In         ; In       ; None                        ; None                      ; 1.948 ns                ;
; N/A   ; 469.48 MHz ( period = 2.130 ns )               ; lpm_counter0:inst|lpm_counter:lpm_counter_component|cntr_8gj:auto_generated|safe_q[6]  ; lpm_counter0:inst|lpm_counter:lpm_counter_component|cntr_8gj:auto_generated|safe_q[2]  ; In         ; In       ; None                        ; None                      ; 1.946 ns                ;
; N/A   ; 469.48 MHz ( period = 2.130 ns )               ; lpm_counter0:inst|lpm_counter:lpm_counter_component|cntr_8gj:auto_generated|safe_q[6]  ; lpm_counter0:inst|lpm_counter:lpm_counter_component|cntr_8gj:auto_generated|safe_q[0]  ; In         ; In       ; None                        ; None                      ; 1.946 ns                ;
; N/A   ; 469.48 MHz ( period = 2.130 ns )               ; lpm_counter0:inst|lpm_counter:lpm_counter_component|cntr_8gj:auto_generated|safe_q[6]  ; lpm_counter0:inst|lpm_counter:lpm_counter_component|cntr_8gj:auto_generated|safe_q[1]  ; In         ; In       ; None                        ; None                      ; 1.946 ns                ;
; N/A   ; 469.48 MHz ( period = 2.130 ns )               ; lpm_counter0:inst|lpm_counter:lpm_counter_component|cntr_8gj:auto_generated|safe_q[6]  ; lpm_counter0:inst|lpm_counter:lpm_counter_component|cntr_8gj:auto_generated|safe_q[4]  ; In         ; In       ; None                        ; None                      ; 1.946 ns                ;
; N/A   ; 469.48 MHz ( period = 2.130 ns )               ; lpm_counter0:inst|lpm_counter:lpm_counter_component|cntr_8gj:auto_generated|safe_q[6]  ; lpm_counter0:inst|lpm_counter:lpm_counter_component|cntr_8gj:auto_generated|safe_q[5]  ; In         ; In       ; None                        ; None                      ; 1.946 ns                ;
; N/A   ; 469.48 MHz ( period = 2.130 ns )               ; lpm_counter0:inst|lpm_counter:lpm_counter_component|cntr_8gj:auto_generated|safe_q[6]  ; lpm_counter0:inst|lpm_counter:lpm_counter_component|cntr_8gj:auto_generated|safe_q[6]  ; In         ; In       ; None                        ; None                      ; 1.946 ns                ;
; N/A   ; 469.48 MHz ( period = 2.130 ns )               ; lpm_counter0:inst|lpm_counter:lpm_counter_component|cntr_8gj:auto_generated|safe_q[6]  ; lpm_counter0:inst|lpm_counter:lpm_counter_component|cntr_8gj:auto_generated|safe_q[3]  ; In         ; In       ; None                        ; None                      ; 1.946 ns                ;
; N/A   ; 469.48 MHz ( period = 2.130 ns )               ; lpm_counter0:inst|lpm_counter:lpm_counter_component|cntr_8gj:auto_generated|safe_q[6]  ; lpm_counter0:inst|lpm_counter:lpm_counter_component|cntr_8gj:auto_generated|safe_q[7]  ; In         ; In       ; None                        ; None                      ; 1.946 ns                ;
; N/A   ; 497.27 MHz ( period = 2.011 ns )               ; lpm_counter0:inst|lpm_counter:lpm_counter_component|cntr_8gj:auto_generated|safe_q[7]  ; lpm_counter0:inst|lpm_counter:lpm_counter_component|cntr_8gj:auto_generated|safe_q[2]  ; In         ; In       ; None                        ; None                      ; 1.827 ns                ;
; N/A   ; 497.27 MHz ( period = 2.011 ns )               ; lpm_counter0:inst|lpm_counter:lpm_counter_component|cntr_8gj:auto_generated|safe_q[7]  ; lpm_counter0:inst|lpm_counter:lpm_counter_component|cntr_8gj:auto_generated|safe_q[0]  ; In         ; In       ; None                        ; None                      ; 1.827 ns                ;
; N/A   ; 497.27 MHz ( period = 2.011 ns )               ; lpm_counter0:inst|lpm_counter:lpm_counter_component|cntr_8gj:auto_generated|safe_q[7]  ; lpm_counter0:inst|lpm_counter:lpm_counter_component|cntr_8gj:auto_generated|safe_q[1]  ; In         ; In       ; None                        ; None                      ; 1.827 ns                ;
; N/A   ; 497.27 MHz ( period = 2.011 ns )               ; lpm_counter0:inst|lpm_counter:lpm_counter_component|cntr_8gj:auto_generated|safe_q[7]  ; lpm_counter0:inst|lpm_counter:lpm_counter_component|cntr_8gj:auto_generated|safe_q[4]  ; In         ; In       ; None                        ; None                      ; 1.827 ns                ;
; N/A   ; 497.27 MHz ( period = 2.011 ns )               ; lpm_counter0:inst|lpm_counter:lpm_counter_component|cntr_8gj:auto_generated|safe_q[7]  ; lpm_counter0:inst|lpm_counter:lpm_counter_component|cntr_8gj:auto_generated|safe_q[5]  ; In         ; In       ; None                        ; None                      ; 1.827 ns                ;
; N/A   ; 497.27 MHz ( period = 2.011 ns )               ; lpm_counter0:inst|lpm_counter:lpm_counter_component|cntr_8gj:auto_generated|safe_q[7]  ; lpm_counter0:inst|lpm_counter:lpm_counter_component|cntr_8gj:auto_generated|safe_q[6]  ; In         ; In       ; None                        ; None                      ; 1.827 ns                ;
; N/A   ; 497.27 MHz ( period = 2.011 ns )               ; lpm_counter0:inst|lpm_counter:lpm_counter_component|cntr_8gj:auto_generated|safe_q[7]  ; lpm_counter0:inst|lpm_counter:lpm_counter_component|cntr_8gj:auto_generated|safe_q[3]  ; In         ; In       ; None                        ; None                      ; 1.827 ns                ;
; N/A   ; 497.27 MHz ( period = 2.011 ns )               ; lpm_counter0:inst|lpm_counter:lpm_counter_component|cntr_8gj:auto_generated|safe_q[7]  ; lpm_counter0:inst|lpm_counter:lpm_counter_component|cntr_8gj:auto_generated|safe_q[7]  ; In         ; In       ; None                        ; None                      ; 1.827 ns                ;
; N/A   ; Restricted to 500.00 MHz ( period = 2.000 ns ) ; lpm_counter1:inst1|lpm_counter:lpm_counter_component|cntr_6ai:auto_generated|safe_q[0] ; lpm_counter1:inst1|lpm_counter:lpm_counter_component|cntr_6ai:auto_generated|safe_q[3] ; In         ; In       ; None                        ; None                      ; 0.750 ns                ;
; N/A   ; Restricted to 500.00 MHz ( period = 2.000 ns ) ; lpm_counter1:inst1|lpm_counter:lpm_counter_component|cntr_6ai:auto_generated|safe_q[1] ; lpm_counter1:inst1|lpm_counter:lpm_counter_component|cntr_6ai:auto_generated|safe_q[3] ; In         ; In       ; None                        ; None                      ; 0.715 ns                ;
; N/A   ; Restricted to 500.00 MHz ( period = 2.000 ns ) ; lpm_counter1:inst1|lpm_counter:lpm_counter_component|cntr_6ai:auto_generated|safe_q[0] ; lpm_counter1:inst1|lpm_counter:lpm_counter_component|cntr_6ai:auto_generated|safe_q[2] ; In         ; In       ; None                        ; None                      ; 0.715 ns                ;
; N/A   ; Restricted to 500.00 MHz ( period = 2.000 ns ) ; lpm_counter1:inst1|lpm_counter:lpm_counter_component|cntr_6ai:auto_generated|safe_q[0] ; lpm_counter1:inst1|lpm_counter:lpm_counter_component|cntr_6ai:auto_generated|safe_q[1] ; In         ; In       ; None                        ; None                      ; 0.680 ns                ;
; N/A   ; Restricted to 500.00 MHz ( period = 2.000 ns ) ; lpm_counter1:inst1|lpm_counter:lpm_counter_component|cntr_6ai:auto_generated|safe_q[2] ; lpm_counter1:inst1|lpm_counter:lpm_counter_component|cntr_6ai:auto_generated|safe_q[3] ; In         ; In       ; None                        ; None                      ; 0.680 ns                ;
; N/A   ; Restricted to 500.00 MHz ( period = 2.000 ns ) ; lpm_counter1:inst1|lpm_counter:lpm_counter_component|cntr_6ai:auto_generated|safe_q[1] ; lpm_counter1:inst1|lpm_counter:lpm_counter_component|cntr_6ai:auto_generated|safe_q[2] ; In         ; In       ; None                        ; None                      ; 0.680 ns                ;
; N/A   ; Restricted to 500.00 MHz ( period = 2.000 ns ) ; lpm_counter1:inst1|lpm_counter:lpm_counter_component|cntr_6ai:auto_generated|safe_q[0] ; lpm_counter1:inst1|lpm_counter:lpm_counter_component|cntr_6ai:auto_generated|safe_q[0] ; In         ; In       ; None                        ; None                      ; 0.609 ns                ;
; N/A   ; Restricted to 500.00 MHz ( period = 2.000 ns ) ; lpm_counter1:inst1|lpm_counter:lpm_counter_component|cntr_6ai:auto_generated|safe_q[1] ; lpm_counter1:inst1|lpm_counter:lpm_counter_component|cntr_6ai:auto_generated|safe_q[1] ; In         ; In       ; None                        ; None                      ; 0.609 ns                ;
; N/A   ; Restricted to 500.00 MHz ( period = 2.000 ns ) ; lpm_counter1:inst1|lpm_counter:lpm_counter_component|cntr_6ai:auto_generated|safe_q[3] ; lpm_counter1:inst1|lpm_counter:lpm_counter_component|cntr_6ai:auto_generated|safe_q[3] ; In         ; In       ; None                        ; None                      ; 0.609 ns                ;
; N/A   ; Restricted to 500.00 MHz ( period = 2.000 ns ) ; lpm_counter1:inst1|lpm_counter:lpm_counter_component|cntr_6ai:auto_generated|safe_q[2] ; lpm_counter1:inst1|lpm_counter:lpm_counter_component|cntr_6ai:auto_generated|safe_q[2] ; In         ; In       ; None                        ; None                      ; 0.609 ns                ;
+-------+------------------------------------------------+----------------------------------------------------------------------------------------+----------------------------------------------------------------------------------------+------------+----------+-----------------------------+---------------------------+-------------------------+


+---------------------------------------------------------------------------------------------------------------------------------------------------+
; tco                                                                                                                                               ;
+-------+--------------+------------+----------------------------------------------------------------------------------------+---------+------------+
; Slack ; Required tco ; Actual tco ; From                                                                                   ; To      ; From Clock ;
+-------+--------------+------------+----------------------------------------------------------------------------------------+---------+------------+
; N/A   ; None         ; 7.379 ns   ; lpm_counter1:inst1|lpm_counter:lpm_counter_component|cntr_6ai:auto_generated|safe_q[3] ; Out[11] ; In         ;
; N/A   ; None         ; 7.353 ns   ; lpm_counter1:inst1|lpm_counter:lpm_counter_component|cntr_6ai:auto_generated|safe_q[2] ; Out[7]  ; In         ;
; N/A   ; None         ; 7.342 ns   ; lpm_counter1:inst1|lpm_counter:lpm_counter_component|cntr_6ai:auto_generated|safe_q[1] ; Out[7]  ; In         ;
; N/A   ; None         ; 7.335 ns   ; lpm_counter1:inst1|lpm_counter:lpm_counter_component|cntr_6ai:auto_generated|safe_q[2] ; Out[11] ; In         ;
; N/A   ; None         ; 7.266 ns   ; lpm_counter1:inst1|lpm_counter:lpm_counter_component|cntr_6ai:auto_generated|safe_q[3] ; Out[7]  ; In         ;
; N/A   ; None         ; 7.210 ns   ; lpm_counter1:inst1|lpm_counter:lpm_counter_component|cntr_6ai:auto_generated|safe_q[1] ; Out[11] ; In         ;
; N/A   ; None         ; 7.136 ns   ; lpm_counter1:inst1|lpm_counter:lpm_counter_component|cntr_6ai:auto_generated|safe_q[1] ; Out[2]  ; In         ;
; N/A   ; None         ; 7.068 ns   ; lpm_counter1:inst1|lpm_counter:lpm_counter_component|cntr_6ai:auto_generated|safe_q[2] ; Out[0]  ; In         ;
; N/A   ; None         ; 7.060 ns   ; lpm_counter1:inst1|lpm_counter:lpm_counter_component|cntr_6ai:auto_generated|safe_q[3] ; Out[2]  ; In         ;
; N/A   ; None         ; 7.056 ns   ; lpm_counter1:inst1|lpm_counter:lpm_counter_component|cntr_6ai:auto_generated|safe_q[1] ; Out[0]  ; In         ;
; N/A   ; None         ; 7.031 ns   ; lpm_counter1:inst1|lpm_counter:lpm_counter_component|cntr_6ai:auto_generated|safe_q[0] ; Out[11] ; In         ;
; N/A   ; None         ; 6.994 ns   ; lpm_counter1:inst1|lpm_counter:lpm_counter_component|cntr_6ai:auto_generated|safe_q[1] ; Out[3]  ; In         ;
; N/A   ; None         ; 6.982 ns   ; lpm_counter1:inst1|lpm_counter:lpm_counter_component|cntr_6ai:auto_generated|safe_q[3] ; Out[0]  ; In         ;
; N/A   ; None         ; 6.954 ns   ; lpm_counter1:inst1|lpm_counter:lpm_counter_component|cntr_6ai:auto_generated|safe_q[0] ; Out[7]  ; In         ;
; N/A   ; None         ; 6.943 ns   ; lpm_counter1:inst1|lpm_counter:lpm_counter_component|cntr_6ai:auto_generated|safe_q[2] ; Out[14] ; In         ;
; N/A   ; None         ; 6.932 ns   ; lpm_counter1:inst1|lpm_counter:lpm_counter_component|cntr_6ai:auto_generated|safe_q[2] ; Out[2]  ; In         ;
; N/A   ; None         ; 6.917 ns   ; lpm_counter1:inst1|lpm_counter:lpm_counter_component|cntr_6ai:auto_generated|safe_q[3] ; Out[3]  ; In         ;
; N/A   ; None         ; 6.829 ns   ; lpm_counter1:inst1|lpm_counter:lpm_counter_component|cntr_6ai:auto_generated|safe_q[3] ; Out[14] ; In         ;
; N/A   ; None         ; 6.816 ns   ; lpm_counter1:inst1|lpm_counter:lpm_counter_component|cntr_6ai:auto_generated|safe_q[1] ; Out[14] ; In         ;
; N/A   ; None         ; 6.790 ns   ; lpm_counter1:inst1|lpm_counter:lpm_counter_component|cntr_6ai:auto_generated|safe_q[2] ; Out[3]  ; In         ;
; N/A   ; None         ; 6.747 ns   ; lpm_counter1:inst1|lpm_counter:lpm_counter_component|cntr_6ai:auto_generated|safe_q[0] ; Out[2]  ; In         ;
; N/A   ; None         ; 6.669 ns   ; lpm_counter1:inst1|lpm_counter:lpm_counter_component|cntr_6ai:auto_generated|safe_q[0] ; Out[0]  ; In         ;
; N/A   ; None         ; 6.640 ns   ; lpm_counter1:inst1|lpm_counter:lpm_counter_component|cntr_6ai:auto_generated|safe_q[0] ; Out[14] ; In         ;
; N/A   ; None         ; 6.605 ns   ; lpm_counter1:inst1|lpm_counter:lpm_counter_component|cntr_6ai:auto_generated|safe_q[0] ; Out[3]  ; In         ;
; N/A   ; None         ; 6.531 ns   ; lpm_counter1:inst1|lpm_counter:lpm_counter_component|cntr_6ai:auto_generated|safe_q[2] ; Out[4]  ; In         ;
; N/A   ; None         ; 6.520 ns   ; lpm_counter1:inst1|lpm_counter:lpm_counter_component|cntr_6ai:auto_generated|safe_q[1] ; Out[4]  ; In         ;
; N/A   ; None         ; 6.443 ns   ; lpm_counter1:inst1|lpm_counter:lpm_counter_component|cntr_6ai:auto_generated|safe_q[3] ; Out[4]  ; In         ;
; N/A   ; None         ; 6.341 ns   ; lpm_counter1:inst1|lpm_counter:lpm_counter_component|cntr_6ai:auto_generated|safe_q[1] ; Out[1]  ; In         ;
; N/A   ; None         ; 6.334 ns   ; lpm_counter1:inst1|lpm_counter:lpm_counter_component|cntr_6ai:auto_generated|safe_q[1] ; Out[5]  ; In         ;
; N/A   ; None         ; 6.319 ns   ; lpm_counter1:inst1|lpm_counter:lpm_counter_component|cntr_6ai:auto_generated|safe_q[2] ; Out[6]  ; In         ;
; N/A   ; None         ; 6.317 ns   ; lpm_counter1:inst1|lpm_counter:lpm_counter_component|cntr_6ai:auto_generated|safe_q[2] ; Out[1]  ; In         ;
; N/A   ; None         ; 6.308 ns   ; lpm_counter1:inst1|lpm_counter:lpm_counter_component|cntr_6ai:auto_generated|safe_q[1] ; Out[6]  ; In         ;
; N/A   ; None         ; 6.258 ns   ; lpm_counter1:inst1|lpm_counter:lpm_counter_component|cntr_6ai:auto_generated|safe_q[3] ; Out[5]  ; In         ;
; N/A   ; None         ; 6.232 ns   ; lpm_counter1:inst1|lpm_counter:lpm_counter_component|cntr_6ai:auto_generated|safe_q[3] ; Out[6]  ; In         ;
; N/A   ; None         ; 6.135 ns   ; lpm_counter1:inst1|lpm_counter:lpm_counter_component|cntr_6ai:auto_generated|safe_q[3] ; Out[1]  ; In         ;
; N/A   ; None         ; 6.132 ns   ; lpm_counter1:inst1|lpm_counter:lpm_counter_component|cntr_6ai:auto_generated|safe_q[0] ; Out[4]  ; In         ;
; N/A   ; None         ; 6.130 ns   ; lpm_counter1:inst1|lpm_counter:lpm_counter_component|cntr_6ai:auto_generated|safe_q[2] ; Out[5]  ; In         ;
; N/A   ; None         ; 5.981 ns   ; lpm_counter1:inst1|lpm_counter:lpm_counter_component|cntr_6ai:auto_generated|safe_q[3] ; Out[13] ; In         ;
; N/A   ; None         ; 5.953 ns   ; lpm_counter1:inst1|lpm_counter:lpm_counter_component|cntr_6ai:auto_generated|safe_q[0] ; Out[1]  ; In         ;
; N/A   ; None         ; 5.945 ns   ; lpm_counter1:inst1|lpm_counter:lpm_counter_component|cntr_6ai:auto_generated|safe_q[0] ; Out[5]  ; In         ;
; N/A   ; None         ; 5.938 ns   ; lpm_counter1:inst1|lpm_counter:lpm_counter_component|cntr_6ai:auto_generated|safe_q[2] ; Out[13] ; In         ;
; N/A   ; None         ; 5.920 ns   ; lpm_counter1:inst1|lpm_counter:lpm_counter_component|cntr_6ai:auto_generated|safe_q[0] ; Out[6]  ; In         ;
; N/A   ; None         ; 5.822 ns   ; lpm_counter1:inst1|lpm_counter:lpm_counter_component|cntr_6ai:auto_generated|safe_q[3] ; Out[12] ; In         ;
; N/A   ; None         ; 5.810 ns   ; lpm_counter1:inst1|lpm_counter:lpm_counter_component|cntr_6ai:auto_generated|safe_q[1] ; Out[13] ; In         ;
; N/A   ; None         ; 5.804 ns   ; lpm_counter1:inst1|lpm_counter:lpm_counter_component|cntr_6ai:auto_generated|safe_q[3] ; Out[15] ; In         ;
; N/A   ; None         ; 5.800 ns   ; lpm_counter1:inst1|lpm_counter:lpm_counter_component|cntr_6ai:auto_generated|safe_q[3] ; Out[9]  ; In         ;
; N/A   ; None         ; 5.799 ns   ; lpm_counter1:inst1|lpm_counter:lpm_counter_component|cntr_6ai:auto_generated|safe_q[3] ; Out[8]  ; In         ;
; N/A   ; None         ; 5.797 ns   ; lpm_counter1:inst1|lpm_counter:lpm_counter_component|cntr_6ai:auto_generated|safe_q[3] ; Out[10] ; In         ;
; N/A   ; None         ; 5.779 ns   ; lpm_counter1:inst1|lpm_counter:lpm_counter_component|cntr_6ai:auto_generated|safe_q[2] ; Out[12] ; In         ;
; N/A   ; None         ; 5.760 ns   ; lpm_counter1:inst1|lpm_counter:lpm_counter_component|cntr_6ai:auto_generated|safe_q[2] ; Out[15] ; In         ;
; N/A   ; None         ; 5.756 ns   ; lpm_counter1:inst1|lpm_counter:lpm_counter_component|cntr_6ai:auto_generated|safe_q[2] ; Out[9]  ; In         ;
; N/A   ; None         ; 5.755 ns   ; lpm_counter1:inst1|lpm_counter:lpm_counter_component|cntr_6ai:auto_generated|safe_q[2] ; Out[8]  ; In         ;
; N/A   ; None         ; 5.753 ns   ; lpm_counter1:inst1|lpm_counter:lpm_counter_component|cntr_6ai:auto_generated|safe_q[2] ; Out[10] ; In         ;
; N/A   ; None         ; 5.664 ns   ; lpm_counter1:inst1|lpm_counter:lpm_counter_component|cntr_6ai:auto_generated|safe_q[1] ; Out[10] ; In         ;
; N/A   ; None         ; 5.650 ns   ; lpm_counter1:inst1|lpm_counter:lpm_counter_component|cntr_6ai:auto_generated|safe_q[1] ; Out[12] ; In         ;
; N/A   ; None         ; 5.634 ns   ; lpm_counter1:inst1|lpm_counter:lpm_counter_component|cntr_6ai:auto_generated|safe_q[1] ; Out[15] ; In         ;
; N/A   ; None         ; 5.632 ns   ; lpm_counter1:inst1|lpm_counter:lpm_counter_component|cntr_6ai:auto_generated|safe_q[0] ; Out[13] ; In         ;
; N/A   ; None         ; 5.631 ns   ; lpm_counter1:inst1|lpm_counter:lpm_counter_component|cntr_6ai:auto_generated|safe_q[1] ; Out[9]  ; In         ;
; N/A   ; None         ; 5.629 ns   ; lpm_counter1:inst1|lpm_counter:lpm_counter_component|cntr_6ai:auto_generated|safe_q[1] ; Out[8]  ; In         ;
; N/A   ; None         ; 5.474 ns   ; lpm_counter1:inst1|lpm_counter:lpm_counter_component|cntr_6ai:auto_generated|safe_q[0] ; Out[12] ; In         ;
; N/A   ; None         ; 5.455 ns   ; lpm_counter1:inst1|lpm_counter:lpm_counter_component|cntr_6ai:auto_generated|safe_q[0] ; Out[15] ; In         ;
; N/A   ; None         ; 5.453 ns   ; lpm_counter1:inst1|lpm_counter:lpm_counter_component|cntr_6ai:auto_generated|safe_q[0] ; Out[8]  ; In         ;
; N/A   ; None         ; 5.452 ns   ; lpm_counter1:inst1|lpm_counter:lpm_counter_component|cntr_6ai:auto_generated|safe_q[0] ; Out[9]  ; In         ;
; N/A   ; None         ; 5.451 ns   ; lpm_counter1:inst1|lpm_counter:lpm_counter_component|cntr_6ai:auto_generated|safe_q[0] ; Out[10] ; In         ;
+-------+--------------+------------+----------------------------------------------------------------------------------------+---------+------------+


+--------------------------+
; Timing Analyzer Messages ;
+--------------------------+
Info: *******************************************************************
Info: Running Quartus II Classic Timing Analyzer
    Info: Version 9.1 Build 222 10/21/2009 SJ Web Edition
    Info: Processing started: Sat Nov 15 11:29:45 2025
Info: Command: quartus_tan --read_settings_files=off --write_settings_files=off Lab2Task2 -c Lab2Task2 --timing_analysis_only
Warning: Found pins functioning as undefined clocks and/or memory enables
    Info: Assuming node "In" is an undefined clock
Warning: Clock Setting "CLC1" is unassigned
Info: Clock "In" has Internal fmax of 408.16 MHz between source register "lpm_counter0:inst|lpm_counter:lpm_counter_component|cntr_8gj:auto_generated|safe_q[0]" and destination register "lpm_counter1:inst1|lpm_counter:lpm_counter_component|cntr_6ai:auto_generated|safe_q[0]" (period= 2.45 ns)
    Info: + Longest register to register delay is 2.266 ns
        Info: 1: + IC(0.000 ns) + CELL(0.000 ns) = 0.000 ns; Loc. = LCFF_X11_Y3_N1; Fanout = 3; REG Node = 'lpm_counter0:inst|lpm_counter:lpm_counter_component|cntr_8gj:auto_generated|safe_q[0]'
        Info: 2: + IC(0.000 ns) + CELL(0.458 ns) = 0.458 ns; Loc. = LCCOMB_X11_Y3_N0; Fanout = 2; COMB Node = 'lpm_counter0:inst|lpm_counter:lpm_counter_component|cntr_8gj:auto_generated|counter_comb_bita0~COUT'
        Info: 3: + IC(0.000 ns) + CELL(0.035 ns) = 0.493 ns; Loc. = LCCOMB_X11_Y3_N2; Fanout = 2; COMB Node = 'lpm_counter0:inst|lpm_counter:lpm_counter_component|cntr_8gj:auto_generated|counter_comb_bita1~COUT'
        Info: 4: + IC(0.000 ns) + CELL(0.035 ns) = 0.528 ns; Loc. = LCCOMB_X11_Y3_N4; Fanout = 2; COMB Node = 'lpm_counter0:inst|lpm_counter:lpm_counter_component|cntr_8gj:auto_generated|counter_comb_bita2~COUT'
        Info: 5: + IC(0.000 ns) + CELL(0.035 ns) = 0.563 ns; Loc. = LCCOMB_X11_Y3_N6; Fanout = 2; COMB Node = 'lpm_counter0:inst|lpm_counter:lpm_counter_component|cntr_8gj:auto_generated|counter_comb_bita3~COUT'
        Info: 6: + IC(0.000 ns) + CELL(0.035 ns) = 0.598 ns; Loc. = LCCOMB_X11_Y3_N8; Fanout = 2; COMB Node = 'lpm_counter0:inst|lpm_counter:lpm_counter_component|cntr_8gj:auto_generated|counter_comb_bita4~COUT'
        Info: 7: + IC(0.000 ns) + CELL(0.035 ns) = 0.633 ns; Loc. = LCCOMB_X11_Y3_N10; Fanout = 2; COMB Node = 'lpm_counter0:inst|lpm_counter:lpm_counter_component|cntr_8gj:auto_generated|counter_comb_bita5~COUT'
        Info: 8: + IC(0.000 ns) + CELL(0.035 ns) = 0.668 ns; Loc. = LCCOMB_X11_Y3_N12; Fanout = 2; COMB Node = 'lpm_counter0:inst|lpm_counter:lpm_counter_component|cntr_8gj:auto_generated|counter_comb_bita6~COUT'
        Info: 9: + IC(0.000 ns) + CELL(0.096 ns) = 0.764 ns; Loc. = LCCOMB_X11_Y3_N14; Fanout = 1; COMB Node = 'lpm_counter0:inst|lpm_counter:lpm_counter_component|cntr_8gj:auto_generated|counter_comb_bita7~COUT'
        Info: 10: + IC(0.000 ns) + CELL(0.125 ns) = 0.889 ns; Loc. = LCCOMB_X11_Y3_N16; Fanout = 1; COMB Node = 'lpm_counter0:inst|lpm_counter:lpm_counter_component|cntr_8gj:auto_generated|counter_comb_bita7~1'
        Info: 11: + IC(0.339 ns) + CELL(0.053 ns) = 1.281 ns; Loc. = LCCOMB_X10_Y3_N12; Fanout = 12; COMB Node = 'lpm_counter0:inst|lpm_counter:lpm_counter_component|cntr_8gj:auto_generated|cout_actual'
        Info: 12: + IC(0.239 ns) + CELL(0.746 ns) = 2.266 ns; Loc. = LCFF_X10_Y3_N1; Fanout = 18; REG Node = 'lpm_counter1:inst1|lpm_counter:lpm_counter_component|cntr_6ai:auto_generated|safe_q[0]'
        Info: Total cell delay = 1.688 ns ( 74.49 % )
        Info: Total interconnect delay = 0.578 ns ( 25.51 % )
    Info: - Smallest clock skew is 0.000 ns
        Info: + Shortest clock path from clock "In" to destination register is 2.494 ns
            Info: 1: + IC(0.000 ns) + CELL(0.854 ns) = 0.854 ns; Loc. = PIN_N20; Fanout = 1; CLK Node = 'In'
            Info: 2: + IC(0.343 ns) + CELL(0.000 ns) = 1.197 ns; Loc. = CLKCTRL_G3; Fanout = 12; COMB Node = 'In~clkctrl'
            Info: 3: + IC(0.679 ns) + CELL(0.618 ns) = 2.494 ns; Loc. = LCFF_X10_Y3_N1; Fanout = 18; REG Node = 'lpm_counter1:inst1|lpm_counter:lpm_counter_component|cntr_6ai:auto_generated|safe_q[0]'
            Info: Total cell delay = 1.472 ns ( 59.02 % )
            Info: Total interconnect delay = 1.022 ns ( 40.98 % )
        Info: - Longest clock path from clock "In" to source register is 2.494 ns
            Info: 1: + IC(0.000 ns) + CELL(0.854 ns) = 0.854 ns; Loc. = PIN_N20; Fanout = 1; CLK Node = 'In'
            Info: 2: + IC(0.343 ns) + CELL(0.000 ns) = 1.197 ns; Loc. = CLKCTRL_G3; Fanout = 12; COMB Node = 'In~clkctrl'
            Info: 3: + IC(0.679 ns) + CELL(0.618 ns) = 2.494 ns; Loc. = LCFF_X11_Y3_N1; Fanout = 3; REG Node = 'lpm_counter0:inst|lpm_counter:lpm_counter_component|cntr_8gj:auto_generated|safe_q[0]'
            Info: Total cell delay = 1.472 ns ( 59.02 % )
            Info: Total interconnect delay = 1.022 ns ( 40.98 % )
    Info: + Micro clock to output delay of source is 0.094 ns
    Info: + Micro setup delay of destination is 0.090 ns
Info: tco from clock "In" to destination pin "Out[11]" through register "lpm_counter1:inst1|lpm_counter:lpm_counter_component|cntr_6ai:auto_generated|safe_q[3]" is 7.379 ns
    Info: + Longest clock path from clock "In" to source register is 2.494 ns
        Info: 1: + IC(0.000 ns) + CELL(0.854 ns) = 0.854 ns; Loc. = PIN_N20; Fanout = 1; CLK Node = 'In'
        Info: 2: + IC(0.343 ns) + CELL(0.000 ns) = 1.197 ns; Loc. = CLKCTRL_G3; Fanout = 12; COMB Node = 'In~clkctrl'
        Info: 3: + IC(0.679 ns) + CELL(0.618 ns) = 2.494 ns; Loc. = LCFF_X10_Y3_N7; Fanout = 17; REG Node = 'lpm_counter1:inst1|lpm_counter:lpm_counter_component|cntr_6ai:auto_generated|safe_q[3]'
        Info: Total cell delay = 1.472 ns ( 59.02 % )
        Info: Total interconnect delay = 1.022 ns ( 40.98 % )
    Info: + Micro clock to output delay of source is 0.094 ns
    Info: + Longest register to pin delay is 4.791 ns
        Info: 1: + IC(0.000 ns) + CELL(0.000 ns) = 0.000 ns; Loc. = LCFF_X10_Y3_N7; Fanout = 17; REG Node = 'lpm_counter1:inst1|lpm_counter:lpm_counter_component|cntr_6ai:auto_generated|safe_q[3]'
        Info: 2: + IC(0.320 ns) + CELL(0.366 ns) = 0.686 ns; Loc. = LCCOMB_X10_Y3_N18; Fanout = 1; COMB Node = 'lpm_decode0:inst2|lpm_decode:lpm_decode_component|decode_e9f:auto_generated|w_anode122w[3]~0'
        Info: 3: + IC(2.143 ns) + CELL(1.962 ns) = 4.791 ns; Loc. = PIN_D14; Fanout = 0; PIN Node = 'Out[11]'
        Info: Total cell delay = 2.328 ns ( 48.59 % )
        Info: Total interconnect delay = 2.463 ns ( 51.41 % )
Info: Quartus II Classic Timing Analyzer was successful. 0 errors, 2 warnings
    Info: Peak virtual memory: 176 megabytes
    Info: Processing ended: Sat Nov 15 11:29:45 2025
    Info: Elapsed time: 00:00:00
    Info: Total CPU time (on all processors): 00:00:00


