Simulator report for Lab2Task2
Sat Nov 15 11:31:09 2025
Quartus II Version 9.1 Build 222 10/21/2009 SJ Web Edition


---------------------
; Table of Contents ;
---------------------
  1. Legal Notice
  2. Simulator Summary
  3. Simulator Settings
  4. Simulation Waveforms
  5. Coverage Summary
  6. Complete 1/0-Value Coverage
  7. Missing 1-Value Coverage
  8. Missing 0-Value Coverage
  9. Simulator INI Usage
 10. Simulator Messages



----------------
; Legal Notice ;
----------------
Copyright (C) 1991-2009 Altera Corporation
Your use of Altera Corporation's design tools, logic functions 
and other software and tools, and its AMPP partner logic 
functions, and any output files from any of the foregoing 
(including device programming or simulation files), and any 
associated documentation or information are expressly subject 
to the terms and conditions of the Altera Program License 
Subscription Agreement, Altera MegaCore Function License 
Agreement, or other applicable license agreement, including, 
without limitation, that your use is for the sole purpose of 
programming logic devices manufactured by Altera and sold by 
Altera or its authorized distributors.  Please refer to the 
applicable agreement for further details.



+--------------------------------------------+
; Simulator Summary                          ;
+-----------------------------+--------------+
; Type                        ; Value        ;
+-----------------------------+--------------+
; Simulation Start Time       ; 0 ps         ;
; Simulation End Time         ; 1.0 us       ;
; Simulation Netlist Size     ; 62 nodes     ;
; Simulation Coverage         ;      42.47 % ;
; Total Number of Transitions ; 584          ;
; Simulation Breakpoints      ; 0            ;
; Family                      ; Stratix II   ;
; Device                      ; EP2S15F484C3 ;
+-----------------------------+--------------+


+------------------------------------------------------------------------------------------------------------------------------+
; Simulator Settings                                                                                                           ;
+--------------------------------------------------------------------------------------------+-----------------+---------------+
; Option                                                                                     ; Setting         ; Default Value ;
+--------------------------------------------------------------------------------------------+-----------------+---------------+
; Simulation mode                                                                            ; Timing          ; Timing        ;
; Start time                                                                                 ; 0 ns            ; 0 ns          ;
; Simulation results format                                                                  ; CVWF            ;               ;
; Vector input source                                                                        ; WFLab2Task2.vwf ;               ;
; Add pins automatically to simulation output waveforms                                      ; On              ; On            ;
; Check outputs                                                                              ; Off             ; Off           ;
; Report simulation coverage                                                                 ; On              ; On            ;
; Display complete 1/0 value coverage report                                                 ; On              ; On            ;
; Display missing 1-value coverage report                                                    ; On              ; On            ;
; Display missing 0-value coverage report                                                    ; On              ; On            ;
; Detect setup and hold time violations                                                      ; Off             ; Off           ;
; Detect glitches                                                                            ; Off             ; Off           ;
; Disable timing delays in Timing Simulation                                                 ; Off             ; Off           ;
; Generate Signal Activity File                                                              ; Off             ; Off           ;
; Generate VCD File for PowerPlay Power Analyzer                                             ; Off             ; Off           ;
; Group bus channels in simulation results                                                   ; Off             ; Off           ;
; Preserve fewer signal transitions to reduce memory requirements                            ; On              ; On            ;
; Trigger vector comparison with the specified mode                                          ; INPUT_EDGE      ; INPUT_EDGE    ;
; Disable setup and hold time violations detection in input registers of bi-directional pins ; Off             ; Off           ;
; Overwrite Waveform Inputs With Simulation Outputs                                          ; Off             ;               ;
; Perform Glitch Filtering in Timing Simulation                                              ; Auto            ; Auto          ;
+--------------------------------------------------------------------------------------------+-----------------+---------------+


+----------------------+
; Simulation Waveforms ;
+----------------------+
Waveform report data cannot be output to ASCII.
Please use Quartus II to view the waveform report data.


+--------------------------------------------------------------------+
; Coverage Summary                                                   ;
+-----------------------------------------------------+--------------+
; Type                                                ; Value        ;
+-----------------------------------------------------+--------------+
; Total coverage as a percentage                      ;      42.47 % ;
; Total nodes checked                                 ; 62           ;
; Total output ports checked                          ; 73           ;
; Total output ports with complete 1/0-value coverage ; 31           ;
; Total output ports with no 1/0-value coverage       ; 38           ;
; Total output ports with no 1-value coverage         ; 38           ;
; Total output ports with no 0-value coverage         ; 42           ;
+-----------------------------------------------------+--------------+


The following table displays output ports that toggle between 1 and 0 during simulation.
+------------------------------------------------------------------------------------------------------------------------------------------------------------------------------------------------------------------------------------------------------------------------------+
; Complete 1/0-Value Coverage                                                                                                                                                                                                                                                  ;
+-----------------------------------------------------------------------------------------------------------------------------+-----------------------------------------------------------------------------------------------------------------------------+------------------+
; Node Name                                                                                                                   ; Output Port Name                                                                                                            ; Output Port Type ;
+-----------------------------------------------------------------------------------------------------------------------------+-----------------------------------------------------------------------------------------------------------------------------+------------------+
; |Lab2Task2|lpm_counter1:inst1|lpm_counter:lpm_counter_component|cntr_6ai:auto_generated|counter_reg_bit1a[0]                ; |Lab2Task2|lpm_counter1:inst1|lpm_counter:lpm_counter_component|cntr_6ai:auto_generated|safe_q[0]                           ; regout           ;
; |Lab2Task2|lpm_counter1:inst1|lpm_counter:lpm_counter_component|cntr_6ai:auto_generated|counter_reg_bit1a[1]                ; |Lab2Task2|lpm_counter1:inst1|lpm_counter:lpm_counter_component|cntr_6ai:auto_generated|safe_q[1]                           ; regout           ;
; |Lab2Task2|lpm_counter1:inst1|lpm_counter:lpm_counter_component|cntr_6ai:auto_generated|counter_comb_bita0                  ; |Lab2Task2|lpm_counter1:inst1|lpm_counter:lpm_counter_component|cntr_6ai:auto_generated|counter_comb_bita0                  ; sumout           ;
; |Lab2Task2|lpm_counter1:inst1|lpm_counter:lpm_counter_component|cntr_6ai:auto_generated|counter_comb_bita0                  ; |Lab2Task2|lpm_counter1:inst1|lpm_counter:lpm_counter_component|cntr_6ai:auto_generated|counter_comb_bita0~COUT             ; cout             ;
; |Lab2Task2|lpm_counter0:inst|lpm_counter:lpm_counter_component|cntr_8gj:auto_generated|counter_reg_bit1a[2]                 ; |Lab2Task2|lpm_counter0:inst|lpm_counter:lpm_counter_component|cntr_8gj:auto_generated|safe_q[2]                            ; regout           ;
; |Lab2Task2|lpm_counter0:inst|lpm_counter:lpm_counter_component|cntr_8gj:auto_generated|counter_reg_bit1a[1]                 ; |Lab2Task2|lpm_counter0:inst|lpm_counter:lpm_counter_component|cntr_8gj:auto_generated|safe_q[1]                            ; regout           ;
; |Lab2Task2|lpm_counter0:inst|lpm_counter:lpm_counter_component|cntr_8gj:auto_generated|counter_reg_bit1a[0]                 ; |Lab2Task2|lpm_counter0:inst|lpm_counter:lpm_counter_component|cntr_8gj:auto_generated|safe_q[0]                            ; regout           ;
; |Lab2Task2|lpm_counter0:inst|lpm_counter:lpm_counter_component|cntr_8gj:auto_generated|counter_reg_bit1a[3]                 ; |Lab2Task2|lpm_counter0:inst|lpm_counter:lpm_counter_component|cntr_8gj:auto_generated|safe_q[3]                            ; regout           ;
; |Lab2Task2|lpm_counter0:inst|lpm_counter:lpm_counter_component|cntr_8gj:auto_generated|counter_comb_bita0                   ; |Lab2Task2|lpm_counter0:inst|lpm_counter:lpm_counter_component|cntr_8gj:auto_generated|counter_comb_bita0                   ; sumout           ;
; |Lab2Task2|lpm_counter0:inst|lpm_counter:lpm_counter_component|cntr_8gj:auto_generated|counter_comb_bita0                   ; |Lab2Task2|lpm_counter0:inst|lpm_counter:lpm_counter_component|cntr_8gj:auto_generated|counter_comb_bita0~COUT              ; cout             ;
; |Lab2Task2|lpm_counter0:inst|lpm_counter:lpm_counter_component|cntr_8gj:auto_generated|counter_comb_bita1                   ; |Lab2Task2|lpm_counter0:inst|lpm_counter:lpm_counter_component|cntr_8gj:auto_generated|counter_comb_bita1                   ; sumout           ;
; |Lab2Task2|lpm_counter0:inst|lpm_counter:lpm_counter_component|cntr_8gj:auto_generated|counter_comb_bita1                   ; |Lab2Task2|lpm_counter0:inst|lpm_counter:lpm_counter_component|cntr_8gj:auto_generated|counter_comb_bita1~COUT              ; cout             ;
; |Lab2Task2|lpm_counter0:inst|lpm_counter:lpm_counter_component|cntr_8gj:auto_generated|counter_comb_bita2                   ; |Lab2Task2|lpm_counter0:inst|lpm_counter:lpm_counter_component|cntr_8gj:auto_generated|counter_comb_bita2                   ; sumout           ;
; |Lab2Task2|lpm_counter0:inst|lpm_counter:lpm_counter_component|cntr_8gj:auto_generated|counter_comb_bita2                   ; |Lab2Task2|lpm_counter0:inst|lpm_counter:lpm_counter_component|cntr_8gj:auto_generated|counter_comb_bita2~COUT              ; cout             ;
; |Lab2Task2|lpm_counter0:inst|lpm_counter:lpm_counter_component|cntr_8gj:auto_generated|counter_comb_bita3                   ; |Lab2Task2|lpm_counter0:inst|lpm_counter:lpm_counter_component|cntr_8gj:auto_generated|counter_comb_bita3                   ; sumout           ;
; |Lab2Task2|lpm_counter0:inst|lpm_counter:lpm_counter_component|cntr_8gj:auto_generated|counter_comb_bita3                   ; |Lab2Task2|lpm_counter0:inst|lpm_counter:lpm_counter_component|cntr_8gj:auto_generated|counter_comb_bita3~COUT              ; cout             ;
; |Lab2Task2|lpm_counter1:inst1|lpm_counter:lpm_counter_component|cntr_6ai:auto_generated|counter_comb_bita1                  ; |Lab2Task2|lpm_counter1:inst1|lpm_counter:lpm_counter_component|cntr_6ai:auto_generated|counter_comb_bita1                  ; sumout           ;
; |Lab2Task2|lpm_counter1:inst1|lpm_counter:lpm_counter_component|cntr_6ai:auto_generated|counter_comb_bita1                  ; |Lab2Task2|lpm_counter1:inst1|lpm_counter:lpm_counter_component|cntr_6ai:auto_generated|counter_comb_bita1~COUT             ; cout             ;
; |Lab2Task2|lpm_counter1:inst1|lpm_counter:lpm_counter_component|cntr_6ai:auto_generated|counter_comb_bita2                  ; |Lab2Task2|lpm_counter1:inst1|lpm_counter:lpm_counter_component|cntr_6ai:auto_generated|counter_comb_bita2~COUT             ; cout             ;
; |Lab2Task2|lpm_decode0:inst2|lpm_decode:lpm_decode_component|decode_e9f:auto_generated|w_anode41w[3]~0                      ; |Lab2Task2|lpm_decode0:inst2|lpm_decode:lpm_decode_component|decode_e9f:auto_generated|w_anode41w[3]~0                      ; combout          ;
; |Lab2Task2|lpm_decode0:inst2|lpm_decode:lpm_decode_component|decode_e9f:auto_generated|w_anode31w[3]~0                      ; |Lab2Task2|lpm_decode0:inst2|lpm_decode:lpm_decode_component|decode_e9f:auto_generated|w_anode31w[3]~0                      ; combout          ;
; |Lab2Task2|lpm_decode0:inst2|lpm_decode:lpm_decode_component|decode_e9f:auto_generated|w_anode21w[3]~0                      ; |Lab2Task2|lpm_decode0:inst2|lpm_decode:lpm_decode_component|decode_e9f:auto_generated|w_anode21w[3]~0                      ; combout          ;
; |Lab2Task2|lpm_decode0:inst2|lpm_decode:lpm_decode_component|decode_e9f:auto_generated|w_anode4w[3]                         ; |Lab2Task2|lpm_decode0:inst2|lpm_decode:lpm_decode_component|decode_e9f:auto_generated|w_anode4w[3]                         ; combout          ;
; |Lab2Task2|lpm_counter0:inst|lpm_counter:lpm_counter_component|cntr_8gj:auto_generated|cmpr_edc:cmpr2|aneb_result_wire[0]~0 ; |Lab2Task2|lpm_counter0:inst|lpm_counter:lpm_counter_component|cntr_8gj:auto_generated|cmpr_edc:cmpr2|aneb_result_wire[0]~0 ; combout          ;
; |Lab2Task2|lpm_counter0:inst|lpm_counter:lpm_counter_component|cntr_8gj:auto_generated|cout_actual                          ; |Lab2Task2|lpm_counter0:inst|lpm_counter:lpm_counter_component|cntr_8gj:auto_generated|cout_actual                          ; combout          ;
; |Lab2Task2|Out[3]                                                                                                           ; |Lab2Task2|Out[3]                                                                                                           ; padio            ;
; |Lab2Task2|Out[2]                                                                                                           ; |Lab2Task2|Out[2]                                                                                                           ; padio            ;
; |Lab2Task2|Out[1]                                                                                                           ; |Lab2Task2|Out[1]                                                                                                           ; padio            ;
; |Lab2Task2|Out[0]                                                                                                           ; |Lab2Task2|Out[0]                                                                                                           ; padio            ;
; |Lab2Task2|In                                                                                                               ; |Lab2Task2|In~corein                                                                                                        ; combout          ;
; |Lab2Task2|In~clkctrl                                                                                                       ; |Lab2Task2|In~clkctrl                                                                                                       ; outclk           ;
+-----------------------------------------------------------------------------------------------------------------------------+-----------------------------------------------------------------------------------------------------------------------------+------------------+


The following table displays output ports that do not toggle to 1 during simulation.
+--------------------------------------------------------------------------------------------------------------------------------------------------------------------------------------------------------------------------------------------------+
; Missing 1-Value Coverage                                                                                                                                                                                                                         ;
+--------------------------------------------------------------------------------------------------------------+----------------------------------------------------------------------------------------------------------------+------------------+
; Node Name                                                                                                    ; Output Port Name                                                                                               ; Output Port Type ;
+--------------------------------------------------------------------------------------------------------------+----------------------------------------------------------------------------------------------------------------+------------------+
; |Lab2Task2|lpm_counter1:inst1|lpm_counter:lpm_counter_component|cntr_6ai:auto_generated|counter_reg_bit1a[3] ; |Lab2Task2|lpm_counter1:inst1|lpm_counter:lpm_counter_component|cntr_6ai:auto_generated|safe_q[3]              ; regout           ;
; |Lab2Task2|lpm_counter0:inst|lpm_counter:lpm_counter_component|cntr_8gj:auto_generated|counter_reg_bit1a[7]  ; |Lab2Task2|lpm_counter0:inst|lpm_counter:lpm_counter_component|cntr_8gj:auto_generated|safe_q[7]               ; regout           ;
; |Lab2Task2|lpm_counter0:inst|lpm_counter:lpm_counter_component|cntr_8gj:auto_generated|counter_reg_bit1a[6]  ; |Lab2Task2|lpm_counter0:inst|lpm_counter:lpm_counter_component|cntr_8gj:auto_generated|safe_q[6]               ; regout           ;
; |Lab2Task2|lpm_counter0:inst|lpm_counter:lpm_counter_component|cntr_8gj:auto_generated|counter_reg_bit1a[5]  ; |Lab2Task2|lpm_counter0:inst|lpm_counter:lpm_counter_component|cntr_8gj:auto_generated|safe_q[5]               ; regout           ;
; |Lab2Task2|lpm_counter0:inst|lpm_counter:lpm_counter_component|cntr_8gj:auto_generated|counter_reg_bit1a[4]  ; |Lab2Task2|lpm_counter0:inst|lpm_counter:lpm_counter_component|cntr_8gj:auto_generated|safe_q[4]               ; regout           ;
; |Lab2Task2|lpm_counter0:inst|lpm_counter:lpm_counter_component|cntr_8gj:auto_generated|counter_comb_bita4    ; |Lab2Task2|lpm_counter0:inst|lpm_counter:lpm_counter_component|cntr_8gj:auto_generated|counter_comb_bita4      ; sumout           ;
; |Lab2Task2|lpm_counter0:inst|lpm_counter:lpm_counter_component|cntr_8gj:auto_generated|counter_comb_bita4    ; |Lab2Task2|lpm_counter0:inst|lpm_counter:lpm_counter_component|cntr_8gj:auto_generated|counter_comb_bita4~COUT ; cout             ;
; |Lab2Task2|lpm_counter0:inst|lpm_counter:lpm_counter_component|cntr_8gj:auto_generated|counter_comb_bita5    ; |Lab2Task2|lpm_counter0:inst|lpm_counter:lpm_counter_component|cntr_8gj:auto_generated|counter_comb_bita5      ; sumout           ;
; |Lab2Task2|lpm_counter0:inst|lpm_counter:lpm_counter_component|cntr_8gj:auto_generated|counter_comb_bita5    ; |Lab2Task2|lpm_counter0:inst|lpm_counter:lpm_counter_component|cntr_8gj:auto_generated|counter_comb_bita5~COUT ; cout             ;
; |Lab2Task2|lpm_counter0:inst|lpm_counter:lpm_counter_component|cntr_8gj:auto_generated|counter_comb_bita6    ; |Lab2Task2|lpm_counter0:inst|lpm_counter:lpm_counter_component|cntr_8gj:auto_generated|counter_comb_bita6      ; sumout           ;
; |Lab2Task2|lpm_counter0:inst|lpm_counter:lpm_counter_component|cntr_8gj:auto_generated|counter_comb_bita6    ; |Lab2Task2|lpm_counter0:inst|lpm_counter:lpm_counter_component|cntr_8gj:auto_generated|counter_comb_bita6~COUT ; cout             ;
; |Lab2Task2|lpm_counter0:inst|lpm_counter:lpm_counter_component|cntr_8gj:auto_generated|counter_comb_bita7    ; |Lab2Task2|lpm_counter0:inst|lpm_counter:lpm_counter_component|cntr_8gj:auto_generated|counter_comb_bita7      ; sumout           ;
; |Lab2Task2|lpm_counter0:inst|lpm_counter:lpm_counter_component|cntr_8gj:auto_generated|counter_comb_bita7    ; |Lab2Task2|lpm_counter0:inst|lpm_counter:lpm_counter_component|cntr_8gj:auto_generated|counter_comb_bita7~COUT ; cout             ;
; |Lab2Task2|lpm_counter0:inst|lpm_counter:lpm_counter_component|cntr_8gj:auto_generated|counter_comb_bita7~1  ; |Lab2Task2|lpm_counter0:inst|lpm_counter:lpm_counter_component|cntr_8gj:auto_generated|counter_comb_bita7~1    ; sumout           ;
; |Lab2Task2|lpm_counter1:inst1|lpm_counter:lpm_counter_component|cntr_6ai:auto_generated|counter_comb_bita3   ; |Lab2Task2|lpm_counter1:inst1|lpm_counter:lpm_counter_component|cntr_6ai:auto_generated|counter_comb_bita3     ; sumout           ;
; |Lab2Task2|lpm_decode0:inst2|lpm_decode:lpm_decode_component|decode_e9f:auto_generated|w_anode162w[3]~0      ; |Lab2Task2|lpm_decode0:inst2|lpm_decode:lpm_decode_component|decode_e9f:auto_generated|w_anode162w[3]~0        ; combout          ;
; |Lab2Task2|lpm_decode0:inst2|lpm_decode:lpm_decode_component|decode_e9f:auto_generated|w_anode152w[3]~0      ; |Lab2Task2|lpm_decode0:inst2|lpm_decode:lpm_decode_component|decode_e9f:auto_generated|w_anode152w[3]~0        ; combout          ;
; |Lab2Task2|lpm_decode0:inst2|lpm_decode:lpm_decode_component|decode_e9f:auto_generated|w_anode142w[3]~0      ; |Lab2Task2|lpm_decode0:inst2|lpm_decode:lpm_decode_component|decode_e9f:auto_generated|w_anode142w[3]~0        ; combout          ;
; |Lab2Task2|lpm_decode0:inst2|lpm_decode:lpm_decode_component|decode_e9f:auto_generated|w_anode132w[3]~0      ; |Lab2Task2|lpm_decode0:inst2|lpm_decode:lpm_decode_component|decode_e9f:auto_generated|w_anode132w[3]~0        ; combout          ;
; |Lab2Task2|lpm_decode0:inst2|lpm_decode:lpm_decode_component|decode_e9f:auto_generated|w_anode122w[3]~0      ; |Lab2Task2|lpm_decode0:inst2|lpm_decode:lpm_decode_component|decode_e9f:auto_generated|w_anode122w[3]~0        ; combout          ;
; |Lab2Task2|lpm_decode0:inst2|lpm_decode:lpm_decode_component|decode_e9f:auto_generated|w_anode112w[3]~0      ; |Lab2Task2|lpm_decode0:inst2|lpm_decode:lpm_decode_component|decode_e9f:auto_generated|w_anode112w[3]~0        ; combout          ;
; |Lab2Task2|lpm_decode0:inst2|lpm_decode:lpm_decode_component|decode_e9f:auto_generated|w_anode102w[3]~0      ; |Lab2Task2|lpm_decode0:inst2|lpm_decode:lpm_decode_component|decode_e9f:auto_generated|w_anode102w[3]~0        ; combout          ;
; |Lab2Task2|lpm_decode0:inst2|lpm_decode:lpm_decode_component|decode_e9f:auto_generated|w_anode91w[3]~0       ; |Lab2Task2|lpm_decode0:inst2|lpm_decode:lpm_decode_component|decode_e9f:auto_generated|w_anode91w[3]~0         ; combout          ;
; |Lab2Task2|lpm_decode0:inst2|lpm_decode:lpm_decode_component|decode_e9f:auto_generated|w_anode81w[3]~0       ; |Lab2Task2|lpm_decode0:inst2|lpm_decode:lpm_decode_component|decode_e9f:auto_generated|w_anode81w[3]~0         ; combout          ;
; |Lab2Task2|lpm_decode0:inst2|lpm_decode:lpm_decode_component|decode_e9f:auto_generated|w_anode71w[3]~0       ; |Lab2Task2|lpm_decode0:inst2|lpm_decode:lpm_decode_component|decode_e9f:auto_generated|w_anode71w[3]~0         ; combout          ;
; |Lab2Task2|lpm_decode0:inst2|lpm_decode:lpm_decode_component|decode_e9f:auto_generated|w_anode61w[3]~0       ; |Lab2Task2|lpm_decode0:inst2|lpm_decode:lpm_decode_component|decode_e9f:auto_generated|w_anode61w[3]~0         ; combout          ;
; |Lab2Task2|~GND                                                                                              ; |Lab2Task2|~GND                                                                                                ; combout          ;
; |Lab2Task2|Out[15]                                                                                           ; |Lab2Task2|Out[15]                                                                                             ; padio            ;
; |Lab2Task2|Out[14]                                                                                           ; |Lab2Task2|Out[14]                                                                                             ; padio            ;
; |Lab2Task2|Out[13]                                                                                           ; |Lab2Task2|Out[13]                                                                                             ; padio            ;
; |Lab2Task2|Out[12]                                                                                           ; |Lab2Task2|Out[12]                                                                                             ; padio            ;
; |Lab2Task2|Out[11]                                                                                           ; |Lab2Task2|Out[11]                                                                                             ; padio            ;
; |Lab2Task2|Out[10]                                                                                           ; |Lab2Task2|Out[10]                                                                                             ; padio            ;
; |Lab2Task2|Out[9]                                                                                            ; |Lab2Task2|Out[9]                                                                                              ; padio            ;
; |Lab2Task2|Out[8]                                                                                            ; |Lab2Task2|Out[8]                                                                                              ; padio            ;
; |Lab2Task2|Out[7]                                                                                            ; |Lab2Task2|Out[7]                                                                                              ; padio            ;
; |Lab2Task2|Out[6]                                                                                            ; |Lab2Task2|Out[6]                                                                                              ; padio            ;
; |Lab2Task2|Out[5]                                                                                            ; |Lab2Task2|Out[5]                                                                                              ; padio            ;
+--------------------------------------------------------------------------------------------------------------+----------------------------------------------------------------------------------------------------------------+------------------+


The following table displays output ports that do not toggle to 0 during simulation.
+--------------------------------------------------------------------------------------------------------------------------------------------------------------------------------------------------------------------------------------------------+
; Missing 0-Value Coverage                                                                                                                                                                                                                         ;
+--------------------------------------------------------------------------------------------------------------+----------------------------------------------------------------------------------------------------------------+------------------+
; Node Name                                                                                                    ; Output Port Name                                                                                               ; Output Port Type ;
+--------------------------------------------------------------------------------------------------------------+----------------------------------------------------------------------------------------------------------------+------------------+
; |Lab2Task2|lpm_counter1:inst1|lpm_counter:lpm_counter_component|cntr_6ai:auto_generated|counter_reg_bit1a[3] ; |Lab2Task2|lpm_counter1:inst1|lpm_counter:lpm_counter_component|cntr_6ai:auto_generated|safe_q[3]              ; regout           ;
; |Lab2Task2|lpm_counter1:inst1|lpm_counter:lpm_counter_component|cntr_6ai:auto_generated|counter_reg_bit1a[2] ; |Lab2Task2|lpm_counter1:inst1|lpm_counter:lpm_counter_component|cntr_6ai:auto_generated|safe_q[2]              ; regout           ;
; |Lab2Task2|lpm_counter0:inst|lpm_counter:lpm_counter_component|cntr_8gj:auto_generated|counter_reg_bit1a[7]  ; |Lab2Task2|lpm_counter0:inst|lpm_counter:lpm_counter_component|cntr_8gj:auto_generated|safe_q[7]               ; regout           ;
; |Lab2Task2|lpm_counter0:inst|lpm_counter:lpm_counter_component|cntr_8gj:auto_generated|counter_reg_bit1a[6]  ; |Lab2Task2|lpm_counter0:inst|lpm_counter:lpm_counter_component|cntr_8gj:auto_generated|safe_q[6]               ; regout           ;
; |Lab2Task2|lpm_counter0:inst|lpm_counter:lpm_counter_component|cntr_8gj:auto_generated|counter_reg_bit1a[5]  ; |Lab2Task2|lpm_counter0:inst|lpm_counter:lpm_counter_component|cntr_8gj:auto_generated|safe_q[5]               ; regout           ;
; |Lab2Task2|lpm_counter0:inst|lpm_counter:lpm_counter_component|cntr_8gj:auto_generated|counter_reg_bit1a[4]  ; |Lab2Task2|lpm_counter0:inst|lpm_counter:lpm_counter_component|cntr_8gj:auto_generated|safe_q[4]               ; regout           ;
; |Lab2Task2|lpm_counter0:inst|lpm_counter:lpm_counter_component|cntr_8gj:auto_generated|counter_comb_bita4    ; |Lab2Task2|lpm_counter0:inst|lpm_counter:lpm_counter_component|cntr_8gj:auto_generated|counter_comb_bita4      ; sumout           ;
; |Lab2Task2|lpm_counter0:inst|lpm_counter:lpm_counter_component|cntr_8gj:auto_generated|counter_comb_bita4    ; |Lab2Task2|lpm_counter0:inst|lpm_counter:lpm_counter_component|cntr_8gj:auto_generated|counter_comb_bita4~COUT ; cout             ;
; |Lab2Task2|lpm_counter0:inst|lpm_counter:lpm_counter_component|cntr_8gj:auto_generated|counter_comb_bita5    ; |Lab2Task2|lpm_counter0:inst|lpm_counter:lpm_counter_component|cntr_8gj:auto_generated|counter_comb_bita5      ; sumout           ;
; |Lab2Task2|lpm_counter0:inst|lpm_counter:lpm_counter_component|cntr_8gj:auto_generated|counter_comb_bita5    ; |Lab2Task2|lpm_counter0:inst|lpm_counter:lpm_counter_component|cntr_8gj:auto_generated|counter_comb_bita5~COUT ; cout             ;
; |Lab2Task2|lpm_counter0:inst|lpm_counter:lpm_counter_component|cntr_8gj:auto_generated|counter_comb_bita6    ; |Lab2Task2|lpm_counter0:inst|lpm_counter:lpm_counter_component|cntr_8gj:auto_generated|counter_comb_bita6      ; sumout           ;
; |Lab2Task2|lpm_counter0:inst|lpm_counter:lpm_counter_component|cntr_8gj:auto_generated|counter_comb_bita6    ; |Lab2Task2|lpm_counter0:inst|lpm_counter:lpm_counter_component|cntr_8gj:auto_generated|counter_comb_bita6~COUT ; cout             ;
; |Lab2Task2|lpm_counter0:inst|lpm_counter:lpm_counter_component|cntr_8gj:auto_generated|counter_comb_bita7    ; |Lab2Task2|lpm_counter0:inst|lpm_counter:lpm_counter_component|cntr_8gj:auto_generated|counter_comb_bita7      ; sumout           ;
; |Lab2Task2|lpm_counter0:inst|lpm_counter:lpm_counter_component|cntr_8gj:auto_generated|counter_comb_bita7    ; |Lab2Task2|lpm_counter0:inst|lpm_counter:lpm_counter_component|cntr_8gj:auto_generated|counter_comb_bita7~COUT ; cout             ;
; |Lab2Task2|lpm_counter0:inst|lpm_counter:lpm_counter_component|cntr_8gj:auto_generated|counter_comb_bita7~1  ; |Lab2Task2|lpm_counter0:inst|lpm_counter:lpm_counter_component|cntr_8gj:auto_generated|counter_comb_bita7~1    ; sumout           ;
; |Lab2Task2|lpm_counter1:inst1|lpm_counter:lpm_counter_component|cntr_6ai:auto_generated|counter_comb_bita2   ; |Lab2Task2|lpm_counter1:inst1|lpm_counter:lpm_counter_component|cntr_6ai:auto_generated|counter_comb_bita2     ; sumout           ;
; |Lab2Task2|lpm_counter1:inst1|lpm_counter:lpm_counter_component|cntr_6ai:auto_generated|counter_comb_bita3   ; |Lab2Task2|lpm_counter1:inst1|lpm_counter:lpm_counter_component|cntr_6ai:auto_generated|counter_comb_bita3     ; sumout           ;
; |Lab2Task2|lpm_decode0:inst2|lpm_decode:lpm_decode_component|decode_e9f:auto_generated|w_anode162w[3]~0      ; |Lab2Task2|lpm_decode0:inst2|lpm_decode:lpm_decode_component|decode_e9f:auto_generated|w_anode162w[3]~0        ; combout          ;
; |Lab2Task2|lpm_decode0:inst2|lpm_decode:lpm_decode_component|decode_e9f:auto_generated|w_anode152w[3]~0      ; |Lab2Task2|lpm_decode0:inst2|lpm_decode:lpm_decode_component|decode_e9f:auto_generated|w_anode152w[3]~0        ; combout          ;
; |Lab2Task2|lpm_decode0:inst2|lpm_decode:lpm_decode_component|decode_e9f:auto_generated|w_anode142w[3]~0      ; |Lab2Task2|lpm_decode0:inst2|lpm_decode:lpm_decode_component|decode_e9f:auto_generated|w_anode142w[3]~0        ; combout          ;
; |Lab2Task2|lpm_decode0:inst2|lpm_decode:lpm_decode_component|decode_e9f:auto_generated|w_anode132w[3]~0      ; |Lab2Task2|lpm_decode0:inst2|lpm_decode:lpm_decode_component|decode_e9f:auto_generated|w_anode132w[3]~0        ; combout          ;
; |Lab2Task2|lpm_decode0:inst2|lpm_decode:lpm_decode_component|decode_e9f:auto_generated|w_anode122w[3]~0      ; |Lab2Task2|lpm_decode0:inst2|lpm_decode:lpm_decode_component|decode_e9f:auto_generated|w_anode122w[3]~0        ; combout          ;
; |Lab2Task2|lpm_decode0:inst2|lpm_decode:lpm_decode_component|decode_e9f:auto_generated|w_anode112w[3]~0      ; |Lab2Task2|lpm_decode0:inst2|lpm_decode:lpm_decode_component|decode_e9f:auto_generated|w_anode112w[3]~0        ; combout          ;
; |Lab2Task2|lpm_decode0:inst2|lpm_decode:lpm_decode_component|decode_e9f:auto_generated|w_anode102w[3]~0      ; |Lab2Task2|lpm_decode0:inst2|lpm_decode:lpm_decode_component|decode_e9f:auto_generated|w_anode102w[3]~0        ; combout          ;
; |Lab2Task2|lpm_decode0:inst2|lpm_decode:lpm_decode_component|decode_e9f:auto_generated|w_anode91w[3]~0       ; |Lab2Task2|lpm_decode0:inst2|lpm_decode:lpm_decode_component|decode_e9f:auto_generated|w_anode91w[3]~0         ; combout          ;
; |Lab2Task2|lpm_decode0:inst2|lpm_decode:lpm_decode_component|decode_e9f:auto_generated|w_anode81w[3]~0       ; |Lab2Task2|lpm_decode0:inst2|lpm_decode:lpm_decode_component|decode_e9f:auto_generated|w_anode81w[3]~0         ; combout          ;
; |Lab2Task2|lpm_decode0:inst2|lpm_decode:lpm_decode_component|decode_e9f:auto_generated|w_anode71w[3]~0       ; |Lab2Task2|lpm_decode0:inst2|lpm_decode:lpm_decode_component|decode_e9f:auto_generated|w_anode71w[3]~0         ; combout          ;
; |Lab2Task2|lpm_decode0:inst2|lpm_decode:lpm_decode_component|decode_e9f:auto_generated|w_anode61w[3]~0       ; |Lab2Task2|lpm_decode0:inst2|lpm_decode:lpm_decode_component|decode_e9f:auto_generated|w_anode61w[3]~0         ; combout          ;
; |Lab2Task2|lpm_decode0:inst2|lpm_decode:lpm_decode_component|decode_e9f:auto_generated|w_anode51w[3]~0       ; |Lab2Task2|lpm_decode0:inst2|lpm_decode:lpm_decode_component|decode_e9f:auto_generated|w_anode51w[3]~0         ; combout          ;
; |Lab2Task2|~GND                                                                                              ; |Lab2Task2|~GND                                                                                                ; combout          ;
; |Lab2Task2|Out[15]                                                                                           ; |Lab2Task2|Out[15]                                                                                             ; padio            ;
; |Lab2Task2|Out[14]                                                                                           ; |Lab2Task2|Out[14]                                                                                             ; padio            ;
; |Lab2Task2|Out[13]                                                                                           ; |Lab2Task2|Out[13]                                                                                             ; padio            ;
; |Lab2Task2|Out[12]                                                                                           ; |Lab2Task2|Out[12]                                                                                             ; padio            ;
; |Lab2Task2|Out[11]                                                                                           ; |Lab2Task2|Out[11]                                                                                             ; padio            ;
; |Lab2Task2|Out[10]                                                                                           ; |Lab2Task2|Out[10]                                                                                             ; padio            ;
; |Lab2Task2|Out[9]                                                                                            ; |Lab2Task2|Out[9]                                                                                              ; padio            ;
; |Lab2Task2|Out[8]                                                                                            ; |Lab2Task2|Out[8]                                                                                              ; padio            ;
; |Lab2Task2|Out[7]                                                                                            ; |Lab2Task2|Out[7]                                                                                              ; padio            ;
; |Lab2Task2|Out[6]                                                                                            ; |Lab2Task2|Out[6]                                                                                              ; padio            ;
; |Lab2Task2|Out[5]                                                                                            ; |Lab2Task2|Out[5]                                                                                              ; padio            ;
; |Lab2Task2|Out[4]                                                                                            ; |Lab2Task2|Out[4]                                                                                              ; padio            ;
+--------------------------------------------------------------------------------------------------------------+----------------------------------------------------------------------------------------------------------------+------------------+


+---------------------+
; Simulator INI Usage ;
+--------+------------+
; Option ; Usage      ;
+--------+------------+


+--------------------+
; Simulator Messages ;
+--------------------+
Info: *******************************************************************
Info: Running Quartus II Simulator
    Info: Version 9.1 Build 222 10/21/2009 SJ Web Edition
    Info: Processing started: Sat Nov 15 11:31:09 2025
Info: Command: quartus_sim --read_settings_files=on --write_settings_files=off Lab2Task2 -c Lab2Task2
Info: Using vector source file "C:/Users/user/Desktop/ÑÈÔÎÂÌ/WFLab2Task2.vwf"
Info: Option to preserve fewer signal transitions to reduce memory requirements is enabled
    Info: Simulation has been partitioned into sub-simulations according to the maximum transition count determined by the engine. Transitions from memory will be flushed out to disk at the end of each sub-simulation to reduce memory requirements.
Info: Simulation partitioned into 1 sub-simulations
Info: Simulation coverage is      42.47 %
Info: Number of transitions in simulation is 584
Info: Quartus II Simulator was successful. 0 errors, 0 warnings
    Info: Peak virtual memory: 151 megabytes
    Info: Processing ended: Sat Nov 15 11:31:09 2025
    Info: Elapsed time: 00:00:00
    Info: Total CPU time (on all processors): 00:00:00


