Classic Timing Analyzer report for lab22
Sat Nov 15 11:33:51 2025
Quartus II Version 9.1 Build 222 10/21/2009 SJ Web Edition


---------------------
; Table of Contents ;
---------------------
  1. Legal Notice
  2. Timing Analyzer Summary
  3. Timing Analyzer Settings
  4. Clock Settings Summary
  5. Parallel Compilation
  6. Clock Setup: 'pin_name1'
  7. tco
  8. Timing Analyzer Messages



----------------
; Legal Notice ;
----------------
Copyright (C) 1991-2009 Altera Corporation
Your use of Altera Corporation's design tools, logic functions 
and other software and tools, and its AMPP partner logic 
functions, and any output files from any of the foregoing 
(including device programming or simulation files), and any 
associated documentation or information are expressly subject 
to the terms and conditions of the Altera Program License 
Subscription Agreement, Altera MegaCore Function License 
Agreement, or other applicable license agreement, including, 
without limitation, that your use is for the sole purpose of 
programming logic devices manufactured by Altera and sold by 
Altera or its authorized distributors.  Please refer to the 
applicable agreement for further details.



+-----------------------------------------------------------------------------------------------------------------------------------------------------------------------------------------------------------------------------------------------------------------------------------------------------------------+
; Timing Analyzer Summary                                                                                                                                                                                                                                                                                         ;
+------------------------------+-------+---------------+----------------------------------+---------------------------------------------------------------------------------------+---------------------------------------------------------------------------------------+------------+-----------+--------------+
; Type                         ; Slack ; Required Time ; Actual Time                      ; From                                                                                  ; To                                                                                    ; From Clock ; To Clock  ; Failed Paths ;
+------------------------------+-------+---------------+----------------------------------+---------------------------------------------------------------------------------------+---------------------------------------------------------------------------------------+------------+-----------+--------------+
; Worst-case tco               ; N/A   ; None          ; 5.994 ns                         ; lpm_counter7:inst|lpm_counter:lpm_counter_component|cntr_40j:auto_generated|safe_q[3] ; pin_name4                                                                             ; pin_name1  ; --        ; 0            ;
; Clock Setup: 'pin_name1'     ; N/A   ; None          ; 466.42 MHz ( period = 2.144 ns ) ; lpm_counter7:inst|lpm_counter:lpm_counter_component|cntr_40j:auto_generated|safe_q[0] ; lpm_counter7:inst|lpm_counter:lpm_counter_component|cntr_40j:auto_generated|safe_q[5] ; pin_name1  ; pin_name1 ; 0            ;
; Total number of failed paths ;       ;               ;                                  ;                                                                                       ;                                                                                       ;            ;           ; 0            ;
+------------------------------+-------+---------------+----------------------------------+---------------------------------------------------------------------------------------+---------------------------------------------------------------------------------------+------------+-----------+--------------+


+-----------------------------------------------------------------------------------------------------------------------------------------------------+
; Timing Analyzer Settings                                                                                                                            ;
+------------------------------------------------------------------------------------------------------+--------------------+------+----+-------------+
; Option                                                                                               ; Setting            ; From ; To ; Entity Name ;
+------------------------------------------------------------------------------------------------------+--------------------+------+----+-------------+
; Device Name                                                                                          ; EP2S15F484C3       ;      ;    ;             ;
; Timing Models                                                                                        ; Final              ;      ;    ;             ;
; Default hold multicycle                                                                              ; Same as Multicycle ;      ;    ;             ;
; Cut paths between unrelated clock domains                                                            ; On                 ;      ;    ;             ;
; Cut off read during write signal paths                                                               ; On                 ;      ;    ;             ;
; Cut off feedback from I/O pins                                                                       ; On                 ;      ;    ;             ;
; Report Combined Fast/Slow Timing                                                                     ; Off                ;      ;    ;             ;
; Ignore Clock Settings                                                                                ; Off                ;      ;    ;             ;
; Analyze latches as synchronous elements                                                              ; On                 ;      ;    ;             ;
; Enable Recovery/Removal analysis                                                                     ; Off                ;      ;    ;             ;
; Enable Clock Latency                                                                                 ; Off                ;      ;    ;             ;
; Use TimeQuest Timing Analyzer                                                                        ; Off                ;      ;    ;             ;
; Number of source nodes to report per destination node                                                ; 10                 ;      ;    ;             ;
; Number of destination nodes to report                                                                ; 10                 ;      ;    ;             ;
; Number of paths to report                                                                            ; 200                ;      ;    ;             ;
; Report Minimum Timing Checks                                                                         ; Off                ;      ;    ;             ;
; Use Fast Timing Models                                                                               ; Off                ;      ;    ;             ;
; Report IO Paths Separately                                                                           ; Off                ;      ;    ;             ;
; Perform Multicorner Analysis                                                                         ; On                 ;      ;    ;             ;
; Reports the worst-case path for each clock domain and analysis                                       ; Off                ;      ;    ;             ;
; Reports worst-case timing paths for each clock domain and analysis                                   ; Off                ;      ;    ;             ;
; Specifies the maximum number of worst-case timing paths to report for each clock domain and analysis ; 100                ;      ;    ;             ;
; Removes common clock path pessimism (CCPP) during slack computation                                  ; Off                ;      ;    ;             ;
; Output I/O Timing Endpoint                                                                           ; Near End           ;      ;    ;             ;
+------------------------------------------------------------------------------------------------------+--------------------+------+----+-------------+


+------------------------------------------------------------------------------------------------------------------------------------------------------------------------------------+
; Clock Settings Summary                                                                                                                                                             ;
+-----------------+--------------------+----------+------------------+---------------+--------------+----------+-----------------------+---------------------+--------+--------------+
; Clock Node Name ; Clock Setting Name ; Type     ; Fmax Requirement ; Early Latency ; Late Latency ; Based on ; Multiply Base Fmax by ; Divide Base Fmax by ; Offset ; Phase offset ;
+-----------------+--------------------+----------+------------------+---------------+--------------+----------+-----------------------+---------------------+--------+--------------+
; pin_name1       ;                    ; User Pin ; None             ; 0.000 ns      ; 0.000 ns     ; --       ; N/A                   ; N/A                 ; N/A    ;              ;
+-----------------+--------------------+----------+------------------+---------------+--------------+----------+-----------------------+---------------------+--------+--------------+


Parallel compilation was disabled, but you have multiple processors available. Enable parallel compilation to reduce compilation time.
+-------------------------------------+
; Parallel Compilation                ;
+----------------------------+--------+
; Processors                 ; Number ;
+----------------------------+--------+
; Number detected on machine ; 12     ;
; Maximum allowed            ; 1      ;
+----------------------------+--------+


+-----------------------------------------------------------------------------------------------------------------------------------------------------------------------------------------------------------------------------------------------------------------------------------------------------------------------------------------------------+
; Clock Setup: 'pin_name1'                                                                                                                                                                                                                                                                                                                            ;
+-------+------------------------------------------------+---------------------------------------------------------------------------------------+---------------------------------------------------------------------------------------+------------+-----------+-----------------------------+---------------------------+-------------------------+
; Slack ; Actual fmax (period)                           ; From                                                                                  ; To                                                                                    ; From Clock ; To Clock  ; Required Setup Relationship ; Required Longest P2P Time ; Actual Longest P2P Time ;
+-------+------------------------------------------------+---------------------------------------------------------------------------------------+---------------------------------------------------------------------------------------+------------+-----------+-----------------------------+---------------------------+-------------------------+
; N/A   ; 466.42 MHz ( period = 2.144 ns )               ; lpm_counter7:inst|lpm_counter:lpm_counter_component|cntr_40j:auto_generated|safe_q[0] ; lpm_counter7:inst|lpm_counter:lpm_counter_component|cntr_40j:auto_generated|safe_q[3] ; pin_name1  ; pin_name1 ; None                        ; None                      ; 1.960 ns                ;
; N/A   ; 466.42 MHz ( period = 2.144 ns )               ; lpm_counter7:inst|lpm_counter:lpm_counter_component|cntr_40j:auto_generated|safe_q[0] ; lpm_counter7:inst|lpm_counter:lpm_counter_component|cntr_40j:auto_generated|safe_q[1] ; pin_name1  ; pin_name1 ; None                        ; None                      ; 1.960 ns                ;
; N/A   ; 466.42 MHz ( period = 2.144 ns )               ; lpm_counter7:inst|lpm_counter:lpm_counter_component|cntr_40j:auto_generated|safe_q[0] ; lpm_counter7:inst|lpm_counter:lpm_counter_component|cntr_40j:auto_generated|safe_q[0] ; pin_name1  ; pin_name1 ; None                        ; None                      ; 1.960 ns                ;
; N/A   ; 466.42 MHz ( period = 2.144 ns )               ; lpm_counter7:inst|lpm_counter:lpm_counter_component|cntr_40j:auto_generated|safe_q[0] ; lpm_counter7:inst|lpm_counter:lpm_counter_component|cntr_40j:auto_generated|safe_q[2] ; pin_name1  ; pin_name1 ; None                        ; None                      ; 1.960 ns                ;
; N/A   ; 466.42 MHz ( period = 2.144 ns )               ; lpm_counter7:inst|lpm_counter:lpm_counter_component|cntr_40j:auto_generated|safe_q[0] ; lpm_counter7:inst|lpm_counter:lpm_counter_component|cntr_40j:auto_generated|safe_q[4] ; pin_name1  ; pin_name1 ; None                        ; None                      ; 1.960 ns                ;
; N/A   ; 466.42 MHz ( period = 2.144 ns )               ; lpm_counter7:inst|lpm_counter:lpm_counter_component|cntr_40j:auto_generated|safe_q[0] ; lpm_counter7:inst|lpm_counter:lpm_counter_component|cntr_40j:auto_generated|safe_q[7] ; pin_name1  ; pin_name1 ; None                        ; None                      ; 1.960 ns                ;
; N/A   ; 466.42 MHz ( period = 2.144 ns )               ; lpm_counter7:inst|lpm_counter:lpm_counter_component|cntr_40j:auto_generated|safe_q[0] ; lpm_counter7:inst|lpm_counter:lpm_counter_component|cntr_40j:auto_generated|safe_q[6] ; pin_name1  ; pin_name1 ; None                        ; None                      ; 1.960 ns                ;
; N/A   ; 466.42 MHz ( period = 2.144 ns )               ; lpm_counter7:inst|lpm_counter:lpm_counter_component|cntr_40j:auto_generated|safe_q[0] ; lpm_counter7:inst|lpm_counter:lpm_counter_component|cntr_40j:auto_generated|safe_q[5] ; pin_name1  ; pin_name1 ; None                        ; None                      ; 1.960 ns                ;
; N/A   ; 474.16 MHz ( period = 2.109 ns )               ; lpm_counter7:inst|lpm_counter:lpm_counter_component|cntr_40j:auto_generated|safe_q[1] ; lpm_counter7:inst|lpm_counter:lpm_counter_component|cntr_40j:auto_generated|safe_q[3] ; pin_name1  ; pin_name1 ; None                        ; None                      ; 1.925 ns                ;
; N/A   ; 474.16 MHz ( period = 2.109 ns )               ; lpm_counter7:inst|lpm_counter:lpm_counter_component|cntr_40j:auto_generated|safe_q[1] ; lpm_counter7:inst|lpm_counter:lpm_counter_component|cntr_40j:auto_generated|safe_q[1] ; pin_name1  ; pin_name1 ; None                        ; None                      ; 1.925 ns                ;
; N/A   ; 474.16 MHz ( period = 2.109 ns )               ; lpm_counter7:inst|lpm_counter:lpm_counter_component|cntr_40j:auto_generated|safe_q[1] ; lpm_counter7:inst|lpm_counter:lpm_counter_component|cntr_40j:auto_generated|safe_q[0] ; pin_name1  ; pin_name1 ; None                        ; None                      ; 1.925 ns                ;
; N/A   ; 474.16 MHz ( period = 2.109 ns )               ; lpm_counter7:inst|lpm_counter:lpm_counter_component|cntr_40j:auto_generated|safe_q[1] ; lpm_counter7:inst|lpm_counter:lpm_counter_component|cntr_40j:auto_generated|safe_q[2] ; pin_name1  ; pin_name1 ; None                        ; None                      ; 1.925 ns                ;
; N/A   ; 474.16 MHz ( period = 2.109 ns )               ; lpm_counter7:inst|lpm_counter:lpm_counter_component|cntr_40j:auto_generated|safe_q[1] ; lpm_counter7:inst|lpm_counter:lpm_counter_component|cntr_40j:auto_generated|safe_q[4] ; pin_name1  ; pin_name1 ; None                        ; None                      ; 1.925 ns                ;
; N/A   ; 474.16 MHz ( period = 2.109 ns )               ; lpm_counter7:inst|lpm_counter:lpm_counter_component|cntr_40j:auto_generated|safe_q[1] ; lpm_counter7:inst|lpm_counter:lpm_counter_component|cntr_40j:auto_generated|safe_q[7] ; pin_name1  ; pin_name1 ; None                        ; None                      ; 1.925 ns                ;
; N/A   ; 474.16 MHz ( period = 2.109 ns )               ; lpm_counter7:inst|lpm_counter:lpm_counter_component|cntr_40j:auto_generated|safe_q[1] ; lpm_counter7:inst|lpm_counter:lpm_counter_component|cntr_40j:auto_generated|safe_q[6] ; pin_name1  ; pin_name1 ; None                        ; None                      ; 1.925 ns                ;
; N/A   ; 474.16 MHz ( period = 2.109 ns )               ; lpm_counter7:inst|lpm_counter:lpm_counter_component|cntr_40j:auto_generated|safe_q[1] ; lpm_counter7:inst|lpm_counter:lpm_counter_component|cntr_40j:auto_generated|safe_q[5] ; pin_name1  ; pin_name1 ; None                        ; None                      ; 1.925 ns                ;
; N/A   ; 478.24 MHz ( period = 2.091 ns )               ; lpm_counter7:inst|lpm_counter:lpm_counter_component|cntr_40j:auto_generated|safe_q[3] ; lpm_counter7:inst|lpm_counter:lpm_counter_component|cntr_40j:auto_generated|safe_q[3] ; pin_name1  ; pin_name1 ; None                        ; None                      ; 1.907 ns                ;
; N/A   ; 478.24 MHz ( period = 2.091 ns )               ; lpm_counter7:inst|lpm_counter:lpm_counter_component|cntr_40j:auto_generated|safe_q[3] ; lpm_counter7:inst|lpm_counter:lpm_counter_component|cntr_40j:auto_generated|safe_q[1] ; pin_name1  ; pin_name1 ; None                        ; None                      ; 1.907 ns                ;
; N/A   ; 478.24 MHz ( period = 2.091 ns )               ; lpm_counter7:inst|lpm_counter:lpm_counter_component|cntr_40j:auto_generated|safe_q[3] ; lpm_counter7:inst|lpm_counter:lpm_counter_component|cntr_40j:auto_generated|safe_q[0] ; pin_name1  ; pin_name1 ; None                        ; None                      ; 1.907 ns                ;
; N/A   ; 478.24 MHz ( period = 2.091 ns )               ; lpm_counter7:inst|lpm_counter:lpm_counter_component|cntr_40j:auto_generated|safe_q[3] ; lpm_counter7:inst|lpm_counter:lpm_counter_component|cntr_40j:auto_generated|safe_q[2] ; pin_name1  ; pin_name1 ; None                        ; None                      ; 1.907 ns                ;
; N/A   ; 478.24 MHz ( period = 2.091 ns )               ; lpm_counter7:inst|lpm_counter:lpm_counter_component|cntr_40j:auto_generated|safe_q[3] ; lpm_counter7:inst|lpm_counter:lpm_counter_component|cntr_40j:auto_generated|safe_q[4] ; pin_name1  ; pin_name1 ; None                        ; None                      ; 1.907 ns                ;
; N/A   ; 478.24 MHz ( period = 2.091 ns )               ; lpm_counter7:inst|lpm_counter:lpm_counter_component|cntr_40j:auto_generated|safe_q[3] ; lpm_counter7:inst|lpm_counter:lpm_counter_component|cntr_40j:auto_generated|safe_q[7] ; pin_name1  ; pin_name1 ; None                        ; None                      ; 1.907 ns                ;
; N/A   ; 478.24 MHz ( period = 2.091 ns )               ; lpm_counter7:inst|lpm_counter:lpm_counter_component|cntr_40j:auto_generated|safe_q[3] ; lpm_counter7:inst|lpm_counter:lpm_counter_component|cntr_40j:auto_generated|safe_q[6] ; pin_name1  ; pin_name1 ; None                        ; None                      ; 1.907 ns                ;
; N/A   ; 478.24 MHz ( period = 2.091 ns )               ; lpm_counter7:inst|lpm_counter:lpm_counter_component|cntr_40j:auto_generated|safe_q[3] ; lpm_counter7:inst|lpm_counter:lpm_counter_component|cntr_40j:auto_generated|safe_q[5] ; pin_name1  ; pin_name1 ; None                        ; None                      ; 1.907 ns                ;
; N/A   ; 482.16 MHz ( period = 2.074 ns )               ; lpm_counter7:inst|lpm_counter:lpm_counter_component|cntr_40j:auto_generated|safe_q[2] ; lpm_counter7:inst|lpm_counter:lpm_counter_component|cntr_40j:auto_generated|safe_q[3] ; pin_name1  ; pin_name1 ; None                        ; None                      ; 1.890 ns                ;
; N/A   ; 482.16 MHz ( period = 2.074 ns )               ; lpm_counter7:inst|lpm_counter:lpm_counter_component|cntr_40j:auto_generated|safe_q[2] ; lpm_counter7:inst|lpm_counter:lpm_counter_component|cntr_40j:auto_generated|safe_q[1] ; pin_name1  ; pin_name1 ; None                        ; None                      ; 1.890 ns                ;
; N/A   ; 482.16 MHz ( period = 2.074 ns )               ; lpm_counter7:inst|lpm_counter:lpm_counter_component|cntr_40j:auto_generated|safe_q[2] ; lpm_counter7:inst|lpm_counter:lpm_counter_component|cntr_40j:auto_generated|safe_q[0] ; pin_name1  ; pin_name1 ; None                        ; None                      ; 1.890 ns                ;
; N/A   ; 482.16 MHz ( period = 2.074 ns )               ; lpm_counter7:inst|lpm_counter:lpm_counter_component|cntr_40j:auto_generated|safe_q[2] ; lpm_counter7:inst|lpm_counter:lpm_counter_component|cntr_40j:auto_generated|safe_q[2] ; pin_name1  ; pin_name1 ; None                        ; None                      ; 1.890 ns                ;
; N/A   ; 482.16 MHz ( period = 2.074 ns )               ; lpm_counter7:inst|lpm_counter:lpm_counter_component|cntr_40j:auto_generated|safe_q[2] ; lpm_counter7:inst|lpm_counter:lpm_counter_component|cntr_40j:auto_generated|safe_q[4] ; pin_name1  ; pin_name1 ; None                        ; None                      ; 1.890 ns                ;
; N/A   ; 482.16 MHz ( period = 2.074 ns )               ; lpm_counter7:inst|lpm_counter:lpm_counter_component|cntr_40j:auto_generated|safe_q[2] ; lpm_counter7:inst|lpm_counter:lpm_counter_component|cntr_40j:auto_generated|safe_q[7] ; pin_name1  ; pin_name1 ; None                        ; None                      ; 1.890 ns                ;
; N/A   ; 482.16 MHz ( period = 2.074 ns )               ; lpm_counter7:inst|lpm_counter:lpm_counter_component|cntr_40j:auto_generated|safe_q[2] ; lpm_counter7:inst|lpm_counter:lpm_counter_component|cntr_40j:auto_generated|safe_q[6] ; pin_name1  ; pin_name1 ; None                        ; None                      ; 1.890 ns                ;
; N/A   ; 482.16 MHz ( period = 2.074 ns )               ; lpm_counter7:inst|lpm_counter:lpm_counter_component|cntr_40j:auto_generated|safe_q[2] ; lpm_counter7:inst|lpm_counter:lpm_counter_component|cntr_40j:auto_generated|safe_q[5] ; pin_name1  ; pin_name1 ; None                        ; None                      ; 1.890 ns                ;
; N/A   ; 499.00 MHz ( period = 2.004 ns )               ; lpm_counter7:inst|lpm_counter:lpm_counter_component|cntr_40j:auto_generated|safe_q[4] ; lpm_counter7:inst|lpm_counter:lpm_counter_component|cntr_40j:auto_generated|safe_q[3] ; pin_name1  ; pin_name1 ; None                        ; None                      ; 1.820 ns                ;
; N/A   ; 499.00 MHz ( period = 2.004 ns )               ; lpm_counter7:inst|lpm_counter:lpm_counter_component|cntr_40j:auto_generated|safe_q[4] ; lpm_counter7:inst|lpm_counter:lpm_counter_component|cntr_40j:auto_generated|safe_q[1] ; pin_name1  ; pin_name1 ; None                        ; None                      ; 1.820 ns                ;
; N/A   ; 499.00 MHz ( period = 2.004 ns )               ; lpm_counter7:inst|lpm_counter:lpm_counter_component|cntr_40j:auto_generated|safe_q[4] ; lpm_counter7:inst|lpm_counter:lpm_counter_component|cntr_40j:auto_generated|safe_q[0] ; pin_name1  ; pin_name1 ; None                        ; None                      ; 1.820 ns                ;
; N/A   ; 499.00 MHz ( period = 2.004 ns )               ; lpm_counter7:inst|lpm_counter:lpm_counter_component|cntr_40j:auto_generated|safe_q[4] ; lpm_counter7:inst|lpm_counter:lpm_counter_component|cntr_40j:auto_generated|safe_q[2] ; pin_name1  ; pin_name1 ; None                        ; None                      ; 1.820 ns                ;
; N/A   ; 499.00 MHz ( period = 2.004 ns )               ; lpm_counter7:inst|lpm_counter:lpm_counter_component|cntr_40j:auto_generated|safe_q[4] ; lpm_counter7:inst|lpm_counter:lpm_counter_component|cntr_40j:auto_generated|safe_q[4] ; pin_name1  ; pin_name1 ; None                        ; None                      ; 1.820 ns                ;
; N/A   ; 499.00 MHz ( period = 2.004 ns )               ; lpm_counter7:inst|lpm_counter:lpm_counter_component|cntr_40j:auto_generated|safe_q[4] ; lpm_counter7:inst|lpm_counter:lpm_counter_component|cntr_40j:auto_generated|safe_q[7] ; pin_name1  ; pin_name1 ; None                        ; None                      ; 1.820 ns                ;
; N/A   ; 499.00 MHz ( period = 2.004 ns )               ; lpm_counter7:inst|lpm_counter:lpm_counter_component|cntr_40j:auto_generated|safe_q[4] ; lpm_counter7:inst|lpm_counter:lpm_counter_component|cntr_40j:auto_generated|safe_q[6] ; pin_name1  ; pin_name1 ; None                        ; None                      ; 1.820 ns                ;
; N/A   ; 499.00 MHz ( period = 2.004 ns )               ; lpm_counter7:inst|lpm_counter:lpm_counter_component|cntr_40j:auto_generated|safe_q[4] ; lpm_counter7:inst|lpm_counter:lpm_counter_component|cntr_40j:auto_generated|safe_q[5] ; pin_name1  ; pin_name1 ; None                        ; None                      ; 1.820 ns                ;
; N/A   ; Restricted to 500.00 MHz ( period = 2.000 ns ) ; lpm_counter7:inst|lpm_counter:lpm_counter_component|cntr_40j:auto_generated|safe_q[5] ; lpm_counter7:inst|lpm_counter:lpm_counter_component|cntr_40j:auto_generated|safe_q[3] ; pin_name1  ; pin_name1 ; None                        ; None                      ; 1.785 ns                ;
; N/A   ; Restricted to 500.00 MHz ( period = 2.000 ns ) ; lpm_counter7:inst|lpm_counter:lpm_counter_component|cntr_40j:auto_generated|safe_q[5] ; lpm_counter7:inst|lpm_counter:lpm_counter_component|cntr_40j:auto_generated|safe_q[1] ; pin_name1  ; pin_name1 ; None                        ; None                      ; 1.785 ns                ;
; N/A   ; Restricted to 500.00 MHz ( period = 2.000 ns ) ; lpm_counter7:inst|lpm_counter:lpm_counter_component|cntr_40j:auto_generated|safe_q[5] ; lpm_counter7:inst|lpm_counter:lpm_counter_component|cntr_40j:auto_generated|safe_q[0] ; pin_name1  ; pin_name1 ; None                        ; None                      ; 1.785 ns                ;
; N/A   ; Restricted to 500.00 MHz ( period = 2.000 ns ) ; lpm_counter7:inst|lpm_counter:lpm_counter_component|cntr_40j:auto_generated|safe_q[5] ; lpm_counter7:inst|lpm_counter:lpm_counter_component|cntr_40j:auto_generated|safe_q[2] ; pin_name1  ; pin_name1 ; None                        ; None                      ; 1.785 ns                ;
; N/A   ; Restricted to 500.00 MHz ( period = 2.000 ns ) ; lpm_counter7:inst|lpm_counter:lpm_counter_component|cntr_40j:auto_generated|safe_q[5] ; lpm_counter7:inst|lpm_counter:lpm_counter_component|cntr_40j:auto_generated|safe_q[4] ; pin_name1  ; pin_name1 ; None                        ; None                      ; 1.785 ns                ;
; N/A   ; Restricted to 500.00 MHz ( period = 2.000 ns ) ; lpm_counter7:inst|lpm_counter:lpm_counter_component|cntr_40j:auto_generated|safe_q[5] ; lpm_counter7:inst|lpm_counter:lpm_counter_component|cntr_40j:auto_generated|safe_q[7] ; pin_name1  ; pin_name1 ; None                        ; None                      ; 1.785 ns                ;
; N/A   ; Restricted to 500.00 MHz ( period = 2.000 ns ) ; lpm_counter7:inst|lpm_counter:lpm_counter_component|cntr_40j:auto_generated|safe_q[5] ; lpm_counter7:inst|lpm_counter:lpm_counter_component|cntr_40j:auto_generated|safe_q[6] ; pin_name1  ; pin_name1 ; None                        ; None                      ; 1.785 ns                ;
; N/A   ; Restricted to 500.00 MHz ( period = 2.000 ns ) ; lpm_counter7:inst|lpm_counter:lpm_counter_component|cntr_40j:auto_generated|safe_q[5] ; lpm_counter7:inst|lpm_counter:lpm_counter_component|cntr_40j:auto_generated|safe_q[5] ; pin_name1  ; pin_name1 ; None                        ; None                      ; 1.785 ns                ;
; N/A   ; Restricted to 500.00 MHz ( period = 2.000 ns ) ; lpm_counter7:inst|lpm_counter:lpm_counter_component|cntr_40j:auto_generated|safe_q[7] ; lpm_counter7:inst|lpm_counter:lpm_counter_component|cntr_40j:auto_generated|safe_q[3] ; pin_name1  ; pin_name1 ; None                        ; None                      ; 1.769 ns                ;
; N/A   ; Restricted to 500.00 MHz ( period = 2.000 ns ) ; lpm_counter7:inst|lpm_counter:lpm_counter_component|cntr_40j:auto_generated|safe_q[7] ; lpm_counter7:inst|lpm_counter:lpm_counter_component|cntr_40j:auto_generated|safe_q[1] ; pin_name1  ; pin_name1 ; None                        ; None                      ; 1.769 ns                ;
; N/A   ; Restricted to 500.00 MHz ( period = 2.000 ns ) ; lpm_counter7:inst|lpm_counter:lpm_counter_component|cntr_40j:auto_generated|safe_q[7] ; lpm_counter7:inst|lpm_counter:lpm_counter_component|cntr_40j:auto_generated|safe_q[0] ; pin_name1  ; pin_name1 ; None                        ; None                      ; 1.769 ns                ;
; N/A   ; Restricted to 500.00 MHz ( period = 2.000 ns ) ; lpm_counter7:inst|lpm_counter:lpm_counter_component|cntr_40j:auto_generated|safe_q[7] ; lpm_counter7:inst|lpm_counter:lpm_counter_component|cntr_40j:auto_generated|safe_q[2] ; pin_name1  ; pin_name1 ; None                        ; None                      ; 1.769 ns                ;
; N/A   ; Restricted to 500.00 MHz ( period = 2.000 ns ) ; lpm_counter7:inst|lpm_counter:lpm_counter_component|cntr_40j:auto_generated|safe_q[7] ; lpm_counter7:inst|lpm_counter:lpm_counter_component|cntr_40j:auto_generated|safe_q[4] ; pin_name1  ; pin_name1 ; None                        ; None                      ; 1.769 ns                ;
; N/A   ; Restricted to 500.00 MHz ( period = 2.000 ns ) ; lpm_counter7:inst|lpm_counter:lpm_counter_component|cntr_40j:auto_generated|safe_q[7] ; lpm_counter7:inst|lpm_counter:lpm_counter_component|cntr_40j:auto_generated|safe_q[7] ; pin_name1  ; pin_name1 ; None                        ; None                      ; 1.769 ns                ;
; N/A   ; Restricted to 500.00 MHz ( period = 2.000 ns ) ; lpm_counter7:inst|lpm_counter:lpm_counter_component|cntr_40j:auto_generated|safe_q[7] ; lpm_counter7:inst|lpm_counter:lpm_counter_component|cntr_40j:auto_generated|safe_q[6] ; pin_name1  ; pin_name1 ; None                        ; None                      ; 1.769 ns                ;
; N/A   ; Restricted to 500.00 MHz ( period = 2.000 ns ) ; lpm_counter7:inst|lpm_counter:lpm_counter_component|cntr_40j:auto_generated|safe_q[7] ; lpm_counter7:inst|lpm_counter:lpm_counter_component|cntr_40j:auto_generated|safe_q[5] ; pin_name1  ; pin_name1 ; None                        ; None                      ; 1.769 ns                ;
; N/A   ; Restricted to 500.00 MHz ( period = 2.000 ns ) ; lpm_counter7:inst|lpm_counter:lpm_counter_component|cntr_40j:auto_generated|safe_q[6] ; lpm_counter7:inst|lpm_counter:lpm_counter_component|cntr_40j:auto_generated|safe_q[3] ; pin_name1  ; pin_name1 ; None                        ; None                      ; 1.750 ns                ;
; N/A   ; Restricted to 500.00 MHz ( period = 2.000 ns ) ; lpm_counter7:inst|lpm_counter:lpm_counter_component|cntr_40j:auto_generated|safe_q[6] ; lpm_counter7:inst|lpm_counter:lpm_counter_component|cntr_40j:auto_generated|safe_q[1] ; pin_name1  ; pin_name1 ; None                        ; None                      ; 1.750 ns                ;
; N/A   ; Restricted to 500.00 MHz ( period = 2.000 ns ) ; lpm_counter7:inst|lpm_counter:lpm_counter_component|cntr_40j:auto_generated|safe_q[6] ; lpm_counter7:inst|lpm_counter:lpm_counter_component|cntr_40j:auto_generated|safe_q[0] ; pin_name1  ; pin_name1 ; None                        ; None                      ; 1.750 ns                ;
; N/A   ; Restricted to 500.00 MHz ( period = 2.000 ns ) ; lpm_counter7:inst|lpm_counter:lpm_counter_component|cntr_40j:auto_generated|safe_q[6] ; lpm_counter7:inst|lpm_counter:lpm_counter_component|cntr_40j:auto_generated|safe_q[2] ; pin_name1  ; pin_name1 ; None                        ; None                      ; 1.750 ns                ;
; N/A   ; Restricted to 500.00 MHz ( period = 2.000 ns ) ; lpm_counter7:inst|lpm_counter:lpm_counter_component|cntr_40j:auto_generated|safe_q[6] ; lpm_counter7:inst|lpm_counter:lpm_counter_component|cntr_40j:auto_generated|safe_q[4] ; pin_name1  ; pin_name1 ; None                        ; None                      ; 1.750 ns                ;
; N/A   ; Restricted to 500.00 MHz ( period = 2.000 ns ) ; lpm_counter7:inst|lpm_counter:lpm_counter_component|cntr_40j:auto_generated|safe_q[6] ; lpm_counter7:inst|lpm_counter:lpm_counter_component|cntr_40j:auto_generated|safe_q[7] ; pin_name1  ; pin_name1 ; None                        ; None                      ; 1.750 ns                ;
; N/A   ; Restricted to 500.00 MHz ( period = 2.000 ns ) ; lpm_counter7:inst|lpm_counter:lpm_counter_component|cntr_40j:auto_generated|safe_q[6] ; lpm_counter7:inst|lpm_counter:lpm_counter_component|cntr_40j:auto_generated|safe_q[6] ; pin_name1  ; pin_name1 ; None                        ; None                      ; 1.750 ns                ;
; N/A   ; Restricted to 500.00 MHz ( period = 2.000 ns ) ; lpm_counter7:inst|lpm_counter:lpm_counter_component|cntr_40j:auto_generated|safe_q[6] ; lpm_counter7:inst|lpm_counter:lpm_counter_component|cntr_40j:auto_generated|safe_q[5] ; pin_name1  ; pin_name1 ; None                        ; None                      ; 1.750 ns                ;
+-------+------------------------------------------------+---------------------------------------------------------------------------------------+---------------------------------------------------------------------------------------+------------+-----------+-----------------------------+---------------------------+-------------------------+


+----------------------------------------------------------------------------------------------------------------------------------------------------+
; tco                                                                                                                                                ;
+-------+--------------+------------+---------------------------------------------------------------------------------------+-----------+------------+
; Slack ; Required tco ; Actual tco ; From                                                                                  ; To        ; From Clock ;
+-------+--------------+------------+---------------------------------------------------------------------------------------+-----------+------------+
; N/A   ; None         ; 5.994 ns   ; lpm_counter7:inst|lpm_counter:lpm_counter_component|cntr_40j:auto_generated|safe_q[3] ; pin_name4 ; pin_name1  ;
; N/A   ; None         ; 5.865 ns   ; lpm_counter7:inst|lpm_counter:lpm_counter_component|cntr_40j:auto_generated|safe_q[4] ; pin_name4 ; pin_name1  ;
; N/A   ; None         ; 5.856 ns   ; lpm_counter7:inst|lpm_counter:lpm_counter_component|cntr_40j:auto_generated|safe_q[7] ; pin_name4 ; pin_name1  ;
; N/A   ; None         ; 5.819 ns   ; lpm_counter7:inst|lpm_counter:lpm_counter_component|cntr_40j:auto_generated|safe_q[2] ; pin_name4 ; pin_name1  ;
; N/A   ; None         ; 5.711 ns   ; lpm_counter7:inst|lpm_counter:lpm_counter_component|cntr_40j:auto_generated|safe_q[6] ; pin_name4 ; pin_name1  ;
; N/A   ; None         ; 5.602 ns   ; lpm_counter7:inst|lpm_counter:lpm_counter_component|cntr_40j:auto_generated|safe_q[5] ; pin_name4 ; pin_name1  ;
; N/A   ; None         ; 5.566 ns   ; lpm_counter7:inst|lpm_counter:lpm_counter_component|cntr_40j:auto_generated|safe_q[0] ; pin_name4 ; pin_name1  ;
; N/A   ; None         ; 5.535 ns   ; lpm_counter7:inst|lpm_counter:lpm_counter_component|cntr_40j:auto_generated|safe_q[1] ; pin_name4 ; pin_name1  ;
+-------+--------------+------------+---------------------------------------------------------------------------------------+-----------+------------+


+--------------------------+
; Timing Analyzer Messages ;
+--------------------------+
Info: *******************************************************************
Info: Running Quartus II Classic Timing Analyzer
    Info: Version 9.1 Build 222 10/21/2009 SJ Web Edition
    Info: Processing started: Sat Nov 15 11:33:51 2025
Info: Command: quartus_tan --read_settings_files=off --write_settings_files=off lab22 -c lab22 --timing_analysis_only
Warning: Found pins functioning as undefined clocks and/or memory enables
    Info: Assuming node "pin_name1" is an undefined clock
Warning: Clock Setting "Clocnk1" is unassigned
Info: Clock "pin_name1" has Internal fmax of 466.42 MHz between source register "lpm_counter7:inst|lpm_counter:lpm_counter_component|cntr_40j:auto_generated|safe_q[0]" and destination register "lpm_counter7:inst|lpm_counter:lpm_counter_component|cntr_40j:auto_generated|safe_q[3]" (period= 2.144 ns)
    Info: + Longest register to register delay is 1.960 ns
        Info: 1: + IC(0.000 ns) + CELL(0.000 ns) = 0.000 ns; Loc. = LCFF_X26_Y25_N1; Fanout = 4; REG Node = 'lpm_counter7:inst|lpm_counter:lpm_counter_component|cntr_40j:auto_generated|safe_q[0]'
        Info: 2: + IC(0.000 ns) + CELL(0.458 ns) = 0.458 ns; Loc. = LCCOMB_X26_Y25_N0; Fanout = 2; COMB Node = 'lpm_counter7:inst|lpm_counter:lpm_counter_component|cntr_40j:auto_generated|counter_comb_bita0~COUT'
        Info: 3: + IC(0.000 ns) + CELL(0.035 ns) = 0.493 ns; Loc. = LCCOMB_X26_Y25_N2; Fanout = 2; COMB Node = 'lpm_counter7:inst|lpm_counter:lpm_counter_component|cntr_40j:auto_generated|counter_comb_bita1~COUT'
        Info: 4: + IC(0.000 ns) + CELL(0.035 ns) = 0.528 ns; Loc. = LCCOMB_X26_Y25_N4; Fanout = 2; COMB Node = 'lpm_counter7:inst|lpm_counter:lpm_counter_component|cntr_40j:auto_generated|counter_comb_bita2~COUT'
        Info: 5: + IC(0.000 ns) + CELL(0.035 ns) = 0.563 ns; Loc. = LCCOMB_X26_Y25_N6; Fanout = 2; COMB Node = 'lpm_counter7:inst|lpm_counter:lpm_counter_component|cntr_40j:auto_generated|counter_comb_bita3~COUT'
        Info: 6: + IC(0.000 ns) + CELL(0.035 ns) = 0.598 ns; Loc. = LCCOMB_X26_Y25_N8; Fanout = 2; COMB Node = 'lpm_counter7:inst|lpm_counter:lpm_counter_component|cntr_40j:auto_generated|counter_comb_bita4~COUT'
        Info: 7: + IC(0.000 ns) + CELL(0.035 ns) = 0.633 ns; Loc. = LCCOMB_X26_Y25_N10; Fanout = 2; COMB Node = 'lpm_counter7:inst|lpm_counter:lpm_counter_component|cntr_40j:auto_generated|counter_comb_bita5~COUT'
        Info: 8: + IC(0.000 ns) + CELL(0.035 ns) = 0.668 ns; Loc. = LCCOMB_X26_Y25_N12; Fanout = 2; COMB Node = 'lpm_counter7:inst|lpm_counter:lpm_counter_component|cntr_40j:auto_generated|counter_comb_bita6~COUT'
        Info: 9: + IC(0.000 ns) + CELL(0.124 ns) = 0.792 ns; Loc. = LCCOMB_X26_Y25_N14; Fanout = 1; COMB Node = 'lpm_counter7:inst|lpm_counter:lpm_counter_component|cntr_40j:auto_generated|counter_comb_bita7~COUT'
        Info: 10: + IC(0.000 ns) + CELL(0.125 ns) = 0.917 ns; Loc. = LCCOMB_X26_Y25_N16; Fanout = 1; COMB Node = 'lpm_counter7:inst|lpm_counter:lpm_counter_component|cntr_40j:auto_generated|counter_comb_bita7~1'
        Info: 11: + IC(0.248 ns) + CELL(0.053 ns) = 1.218 ns; Loc. = LCCOMB_X26_Y25_N24; Fanout = 8; COMB Node = 'lpm_counter7:inst|lpm_counter:lpm_counter_component|cntr_40j:auto_generated|cout_actual'
        Info: 12: + IC(0.239 ns) + CELL(0.503 ns) = 1.960 ns; Loc. = LCFF_X26_Y25_N7; Fanout = 3; REG Node = 'lpm_counter7:inst|lpm_counter:lpm_counter_component|cntr_40j:auto_generated|safe_q[3]'
        Info: Total cell delay = 1.473 ns ( 75.15 % )
        Info: Total interconnect delay = 0.487 ns ( 24.85 % )
    Info: - Smallest clock skew is 0.000 ns
        Info: + Shortest clock path from clock "pin_name1" to destination register is 2.497 ns
            Info: 1: + IC(0.000 ns) + CELL(0.854 ns) = 0.854 ns; Loc. = PIN_N20; Fanout = 1; CLK Node = 'pin_name1'
            Info: 2: + IC(0.343 ns) + CELL(0.000 ns) = 1.197 ns; Loc. = CLKCTRL_G3; Fanout = 8; COMB Node = 'pin_name1~clkctrl'
            Info: 3: + IC(0.682 ns) + CELL(0.618 ns) = 2.497 ns; Loc. = LCFF_X26_Y25_N7; Fanout = 3; REG Node = 'lpm_counter7:inst|lpm_counter:lpm_counter_component|cntr_40j:auto_generated|safe_q[3]'
            Info: Total cell delay = 1.472 ns ( 58.95 % )
            Info: Total interconnect delay = 1.025 ns ( 41.05 % )
        Info: - Longest clock path from clock "pin_name1" to source register is 2.497 ns
            Info: 1: + IC(0.000 ns) + CELL(0.854 ns) = 0.854 ns; Loc. = PIN_N20; Fanout = 1; CLK Node = 'pin_name1'
            Info: 2: + IC(0.343 ns) + CELL(0.000 ns) = 1.197 ns; Loc. = CLKCTRL_G3; Fanout = 8; COMB Node = 'pin_name1~clkctrl'
            Info: 3: + IC(0.682 ns) + CELL(0.618 ns) = 2.497 ns; Loc. = LCFF_X26_Y25_N1; Fanout = 4; REG Node = 'lpm_counter7:inst|lpm_counter:lpm_counter_component|cntr_40j:auto_generated|safe_q[0]'
            Info: Total cell delay = 1.472 ns ( 58.95 % )
            Info: Total interconnect delay = 1.025 ns ( 41.05 % )
    Info: + Micro clock to output delay of source is 0.094 ns
    Info: + Micro setup delay of destination is 0.090 ns
Info: tco from clock "pin_name1" to destination pin "pin_name4" through register "lpm_counter7:inst|lpm_counter:lpm_counter_component|cntr_40j:auto_generated|safe_q[3]" is 5.994 ns
    Info: + Longest clock path from clock "pin_name1" to source register is 2.497 ns
        Info: 1: + IC(0.000 ns) + CELL(0.854 ns) = 0.854 ns; Loc. = PIN_N20; Fanout = 1; CLK Node = 'pin_name1'
        Info: 2: + IC(0.343 ns) + CELL(0.000 ns) = 1.197 ns; Loc. = CLKCTRL_G3; Fanout = 8; COMB Node = 'pin_name1~clkctrl'
        Info: 3: + IC(0.682 ns) + CELL(0.618 ns) = 2.497 ns; Loc. = LCFF_X26_Y25_N7; Fanout = 3; REG Node = 'lpm_counter7:inst|lpm_counter:lpm_counter_component|cntr_40j:auto_generated|safe_q[3]'
        Info: Total cell delay = 1.472 ns ( 58.95 % )
        Info: Total interconnect delay = 1.025 ns ( 41.05 % )
    Info: + Micro clock to output delay of source is 0.094 ns
    Info: + Longest register to pin delay is 3.403 ns
        Info: 1: + IC(0.000 ns) + CELL(0.000 ns) = 0.000 ns; Loc. = LCFF_X26_Y25_N7; Fanout = 3; REG Node = 'lpm_counter7:inst|lpm_counter:lpm_counter_component|cntr_40j:auto_generated|safe_q[3]'
        Info: 2: + IC(0.273 ns) + CELL(0.378 ns) = 0.651 ns; Loc. = LCCOMB_X26_Y25_N20; Fanout = 2; COMB Node = 'lpm_counter7:inst|lpm_counter:lpm_counter_component|cntr_40j:auto_generated|cmpr_edc:cmpr2|aneb_result_wire[0]~0'
        Info: 3: + IC(0.202 ns) + CELL(0.053 ns) = 0.906 ns; Loc. = LCCOMB_X26_Y25_N18; Fanout = 1; COMB Node = 'lpm_compare1:inst4|lpm_compare:lpm_compare_component|cmpr_2cj:auto_generated|aleb~0'
        Info: 4: + IC(0.515 ns) + CELL(1.982 ns) = 3.403 ns; Loc. = PIN_A8; Fanout = 0; PIN Node = 'pin_name4'
        Info: Total cell delay = 2.413 ns ( 70.91 % )
        Info: Total interconnect delay = 0.990 ns ( 29.09 % )
Info: Quartus II Classic Timing Analyzer was successful. 0 errors, 2 warnings
    Info: Peak virtual memory: 176 megabytes
    Info: Processing ended: Sat Nov 15 11:33:51 2025
    Info: Elapsed time: 00:00:00
    Info: Total CPU time (on all processors): 00:00:00


