--------------------------------------------------------------------------------------
Timing Analyzer Summary
--------------------------------------------------------------------------------------

Type           : Worst-case tco
Slack          : N/A
Required Time  : None
Actual Time    : 5.994 ns
From           : lpm_counter7:inst|lpm_counter:lpm_counter_component|cntr_40j:auto_generated|safe_q[3]
To             : pin_name4
From Clock     : pin_name1
To Clock       : --
Failed Paths   : 0

Type           : Clock Setup: 'pin_name1'
Slack          : N/A
Required Time  : None
Actual Time    : 466.42 MHz ( period = 2.144 ns )
From           : lpm_counter7:inst|lpm_counter:lpm_counter_component|cntr_40j:auto_generated|safe_q[0]
To             : lpm_counter7:inst|lpm_counter:lpm_counter_component|cntr_40j:auto_generated|safe_q[5]
From Clock     : pin_name1
To Clock       : pin_name1
Failed Paths   : 0

Type           : Total number of failed paths
Slack          : 
Required Time  : 
Actual Time    : 
From           : 
To             : 
From Clock     : 
To Clock       : 
Failed Paths   : 0

--------------------------------------------------------------------------------------

