Restore Archived Project report for lab1
Mon Nov 10 16:07:50 2025
Quartus II Version 9.1 Build 222 10/21/2009 SJ Web Edition


---------------------
; Table of Contents ;
---------------------
  1. Legal Notice
  2. Restore Archived Project Summary
  3. Restore Archived Project Messages
  4. Files Restored
  5. Files Not Restored



----------------
; Legal Notice ;
----------------
Copyright (C) 1991-2009 Altera Corporation
Your use of Altera Corporation's design tools, logic functions 
and other software and tools, and its AMPP partner logic 
functions, and any output files from any of the foregoing 
(including device programming or simulation files), and any 
associated documentation or information are expressly subject 
to the terms and conditions of the Altera Program License 
Subscription Agreement, Altera MegaCore Function License 
Agreement, or other applicable license agreement, including, 
without limitation, that your use is for the sole purpose of 
programming logic devices manufactured by Altera and sold by 
Altera or its authorized distributors.  Please refer to the 
applicable agreement for further details.



+-------------------------------------------------------------------------+
; Restore Archived Project Summary                                        ;
+---------------------------------+---------------------------------------+
; Restore Archived Project Status ; Successful - Mon Nov 10 16:07:50 2025 ;
; Revision Name                   ; lab1                                  ;
; Top-level Entity Name           ; lab1                                  ;
; Family                          ; Stratix II                            ;
+---------------------------------+---------------------------------------+


+-----------------------------------+
; Restore Archived Project Messages ;
+-----------------------------------+
Info: Successfully restored 'C:/altera/91/quartus/lab1_tmp_archive.qar' into the 'D:/ýýýýýýýýýýýýýýýý' directory
Info: Generated report 'lab1.restore.rpt'


+-----------------------------+
; Files Restored              ;
+-----------------------------+
; File Name                   ;
+-----------------------------+
; db/lab1.sim.cvwf            ;
; lab1.bdf                    ;
; lab1.qpf                    ;
; lab1.qsf                    ;
; lab1.vwf                    ;
; bin/assignment_defaults.qdf ;
+-----------------------------+


+--------------------+
; Files Not Restored ;
+--------------------+
; File Name          ;
+--------------------+


