Classic Timing Analyzer report for lab1
Tue Nov 11 19:12:18 2025
Quartus II Version 9.1 Build 222 10/21/2009 SJ Web Edition


---------------------
; Table of Contents ;
---------------------
  1. Legal Notice
  2. Timing Analyzer Summary
  3. Timing Analyzer Settings
  4. Clock Settings Summary
  5. Parallel Compilation
  6. Clock Setup: 'C'
  7. tsu
  8. tco
  9. th
 10. Timing Analyzer Messages



----------------
; Legal Notice ;
----------------
Copyright (C) 1991-2009 Altera Corporation
Your use of Altera Corporation's design tools, logic functions 
and other software and tools, and its AMPP partner logic 
functions, and any output files from any of the foregoing 
(including device programming or simulation files), and any 
associated documentation or information are expressly subject 
to the terms and conditions of the Altera Program License 
Subscription Agreement, Altera MegaCore Function License 
Agreement, or other applicable license agreement, including, 
without limitation, that your use is for the sole purpose of 
programming logic devices manufactured by Altera and sold by 
Altera or its authorized distributors.  Please refer to the 
applicable agreement for further details.



+--------------------------------------------------------------------------------------------------------------------------------------------------------------+
; Timing Analyzer Summary                                                                                                                                      ;
+------------------------------+-------+---------------+------------------------------------------------+-------+-------+------------+----------+--------------+
; Type                         ; Slack ; Required Time ; Actual Time                                    ; From  ; To    ; From Clock ; To Clock ; Failed Paths ;
+------------------------------+-------+---------------+------------------------------------------------+-------+-------+------------+----------+--------------+
; Worst-case tsu               ; N/A   ; None          ; 3.264 ns                                       ; D0    ; inst  ; --         ; C        ; 0            ;
; Worst-case tco               ; N/A   ; None          ; 6.971 ns                                       ; inst2 ; Q2    ; C          ; --       ; 0            ;
; Worst-case th                ; N/A   ; None          ; -3.025 ns                                      ; D0    ; inst  ; --         ; C        ; 0            ;
; Clock Setup: 'C'             ; N/A   ; None          ; Restricted to 500.00 MHz ( period = 2.000 ns ) ; inst7 ; inst6 ; C          ; C        ; 0            ;
; Total number of failed paths ;       ;               ;                                                ;       ;       ;            ;          ; 0            ;
+------------------------------+-------+---------------+------------------------------------------------+-------+-------+------------+----------+--------------+


+-----------------------------------------------------------------------------------------------------------------------------------------------------+
; Timing Analyzer Settings                                                                                                                            ;
+------------------------------------------------------------------------------------------------------+--------------------+------+----+-------------+
; Option                                                                                               ; Setting            ; From ; To ; Entity Name ;
+------------------------------------------------------------------------------------------------------+--------------------+------+----+-------------+
; Device Name                                                                                          ; EP2S15F484C3       ;      ;    ;             ;
; Timing Models                                                                                        ; Final              ;      ;    ;             ;
; Default hold multicycle                                                                              ; Same as Multicycle ;      ;    ;             ;
; Cut paths between unrelated clock domains                                                            ; On                 ;      ;    ;             ;
; Cut off read during write signal paths                                                               ; On                 ;      ;    ;             ;
; Cut off feedback from I/O pins                                                                       ; On                 ;      ;    ;             ;
; Report Combined Fast/Slow Timing                                                                     ; Off                ;      ;    ;             ;
; Ignore Clock Settings                                                                                ; Off                ;      ;    ;             ;
; Analyze latches as synchronous elements                                                              ; On                 ;      ;    ;             ;
; Enable Recovery/Removal analysis                                                                     ; Off                ;      ;    ;             ;
; Enable Clock Latency                                                                                 ; Off                ;      ;    ;             ;
; Use TimeQuest Timing Analyzer                                                                        ; Off                ;      ;    ;             ;
; Number of source nodes to report per destination node                                                ; 10                 ;      ;    ;             ;
; Number of destination nodes to report                                                                ; 10                 ;      ;    ;             ;
; Number of paths to report                                                                            ; 200                ;      ;    ;             ;
; Report Minimum Timing Checks                                                                         ; Off                ;      ;    ;             ;
; Use Fast Timing Models                                                                               ; Off                ;      ;    ;             ;
; Report IO Paths Separately                                                                           ; Off                ;      ;    ;             ;
; Perform Multicorner Analysis                                                                         ; On                 ;      ;    ;             ;
; Reports the worst-case path for each clock domain and analysis                                       ; Off                ;      ;    ;             ;
; Reports worst-case timing paths for each clock domain and analysis                                   ; Off                ;      ;    ;             ;
; Specifies the maximum number of worst-case timing paths to report for each clock domain and analysis ; 100                ;      ;    ;             ;
; Removes common clock path pessimism (CCPP) during slack computation                                  ; Off                ;      ;    ;             ;
; Output I/O Timing Endpoint                                                                           ; Near End           ;      ;    ;             ;
+------------------------------------------------------------------------------------------------------+--------------------+------+----+-------------+


+------------------------------------------------------------------------------------------------------------------------------------------------------------------------------------+
; Clock Settings Summary                                                                                                                                                             ;
+-----------------+--------------------+----------+------------------+---------------+--------------+----------+-----------------------+---------------------+--------+--------------+
; Clock Node Name ; Clock Setting Name ; Type     ; Fmax Requirement ; Early Latency ; Late Latency ; Based on ; Multiply Base Fmax by ; Divide Base Fmax by ; Offset ; Phase offset ;
+-----------------+--------------------+----------+------------------+---------------+--------------+----------+-----------------------+---------------------+--------+--------------+
; C               ;                    ; User Pin ; None             ; 0.000 ns      ; 0.000 ns     ; --       ; N/A                   ; N/A                 ; N/A    ;              ;
+-----------------+--------------------+----------+------------------+---------------+--------------+----------+-----------------------+---------------------+--------+--------------+


Parallel compilation was disabled, but you have multiple processors available. Enable parallel compilation to reduce compilation time.
+-------------------------------------+
; Parallel Compilation                ;
+----------------------------+--------+
; Processors                 ; Number ;
+----------------------------+--------+
; Number detected on machine ; 12     ;
; Maximum allowed            ; 1      ;
+----------------------------+--------+


+------------------------------------------------------------------------------------------------------------------------------------------------------------------------------------+
; Clock Setup: 'C'                                                                                                                                                                   ;
+-------+------------------------------------------------+-------+-------+------------+----------+-----------------------------+---------------------------+-------------------------+
; Slack ; Actual fmax (period)                           ; From  ; To    ; From Clock ; To Clock ; Required Setup Relationship ; Required Longest P2P Time ; Actual Longest P2P Time ;
+-------+------------------------------------------------+-------+-------+------------+----------+-----------------------------+---------------------------+-------------------------+
; N/A   ; Restricted to 500.00 MHz ( period = 2.000 ns ) ; inst7 ; inst6 ; C          ; C        ; None                        ; None                      ; 0.575 ns                ;
; N/A   ; Restricted to 500.00 MHz ( period = 2.000 ns ) ; inst1 ; inst2 ; C          ; C        ; None                        ; None                      ; 0.572 ns                ;
; N/A   ; Restricted to 500.00 MHz ( period = 2.000 ns ) ; inst2 ; inst5 ; C          ; C        ; None                        ; None                      ; 0.510 ns                ;
; N/A   ; Restricted to 500.00 MHz ( period = 2.000 ns ) ; inst5 ; inst4 ; C          ; C        ; None                        ; None                      ; 0.422 ns                ;
; N/A   ; Restricted to 500.00 MHz ( period = 2.000 ns ) ; inst6 ; inst3 ; C          ; C        ; None                        ; None                      ; 0.419 ns                ;
; N/A   ; Restricted to 500.00 MHz ( period = 2.000 ns ) ; inst4 ; inst7 ; C          ; C        ; None                        ; None                      ; 0.416 ns                ;
; N/A   ; Restricted to 500.00 MHz ( period = 2.000 ns ) ; inst  ; inst1 ; C          ; C        ; None                        ; None                      ; 0.414 ns                ;
+-------+------------------------------------------------+-------+-------+------------+----------+-----------------------------+---------------------------+-------------------------+


+------------------------------------------------------------+
; tsu                                                        ;
+-------+--------------+------------+------+------+----------+
; Slack ; Required tsu ; Actual tsu ; From ; To   ; To Clock ;
+-------+--------------+------------+------+------+----------+
; N/A   ; None         ; 3.264 ns   ; D0   ; inst ; C        ;
+-------+--------------+------------+------+------+----------+


+-------------------------------------------------------------+
; tco                                                         ;
+-------+--------------+------------+-------+----+------------+
; Slack ; Required tco ; Actual tco ; From  ; To ; From Clock ;
+-------+--------------+------------+-------+----+------------+
; N/A   ; None         ; 6.971 ns   ; inst2 ; Q2 ; C          ;
; N/A   ; None         ; 6.049 ns   ; inst1 ; Q1 ; C          ;
; N/A   ; None         ; 5.181 ns   ; inst6 ; Q6 ; C          ;
; N/A   ; None         ; 5.165 ns   ; inst7 ; Q5 ; C          ;
; N/A   ; None         ; 5.132 ns   ; inst  ; Q0 ; C          ;
; N/A   ; None         ; 5.119 ns   ; inst5 ; Q3 ; C          ;
; N/A   ; None         ; 5.111 ns   ; inst3 ; Q7 ; C          ;
; N/A   ; None         ; 5.062 ns   ; inst4 ; Q4 ; C          ;
+-------+--------------+------------+-------+----+------------+


+------------------------------------------------------------------+
; th                                                               ;
+---------------+-------------+-----------+------+------+----------+
; Minimum Slack ; Required th ; Actual th ; From ; To   ; To Clock ;
+---------------+-------------+-----------+------+------+----------+
; N/A           ; None        ; -3.025 ns ; D0   ; inst ; C        ;
+---------------+-------------+-----------+------+------+----------+


+--------------------------+
; Timing Analyzer Messages ;
+--------------------------+
Info: *******************************************************************
Info: Running Quartus II Classic Timing Analyzer
    Info: Version 9.1 Build 222 10/21/2009 SJ Web Edition
    Info: Processing started: Tue Nov 11 19:12:18 2025
Info: Command: quartus_tan --read_settings_files=off --write_settings_files=off lab1 -c lab1 --timing_analysis_only
Warning: Found pins functioning as undefined clocks and/or memory enables
    Info: Assuming node "C" is an undefined clock
Info: Clock "C" Internal fmax is restricted to 500.0 MHz between source register "inst7" and destination register "inst6"
    Info: fmax restricted to clock pin edge rate 2.0 ns. Expand message to see actual delay path.
        Info: + Longest register to register delay is 0.575 ns
            Info: 1: + IC(0.000 ns) + CELL(0.000 ns) = 0.000 ns; Loc. = LCFF_X26_Y1_N29; Fanout = 2; REG Node = 'inst7'
            Info: 2: + IC(0.367 ns) + CELL(0.053 ns) = 0.420 ns; Loc. = LCCOMB_X26_Y1_N10; Fanout = 1; COMB Node = 'inst6~feeder'
            Info: 3: + IC(0.000 ns) + CELL(0.155 ns) = 0.575 ns; Loc. = LCFF_X26_Y1_N11; Fanout = 2; REG Node = 'inst6'
            Info: Total cell delay = 0.208 ns ( 36.17 % )
            Info: Total interconnect delay = 0.367 ns ( 63.83 % )
        Info: - Smallest clock skew is 0.000 ns
            Info: + Shortest clock path from clock "C" to destination register is 2.497 ns
                Info: 1: + IC(0.000 ns) + CELL(0.854 ns) = 0.854 ns; Loc. = PIN_N20; Fanout = 1; CLK Node = 'C'
                Info: 2: + IC(0.343 ns) + CELL(0.000 ns) = 1.197 ns; Loc. = CLKCTRL_G3; Fanout = 8; COMB Node = 'C~clkctrl'
                Info: 3: + IC(0.682 ns) + CELL(0.618 ns) = 2.497 ns; Loc. = LCFF_X26_Y1_N11; Fanout = 2; REG Node = 'inst6'
                Info: Total cell delay = 1.472 ns ( 58.95 % )
                Info: Total interconnect delay = 1.025 ns ( 41.05 % )
            Info: - Longest clock path from clock "C" to source register is 2.497 ns
                Info: 1: + IC(0.000 ns) + CELL(0.854 ns) = 0.854 ns; Loc. = PIN_N20; Fanout = 1; CLK Node = 'C'
                Info: 2: + IC(0.343 ns) + CELL(0.000 ns) = 1.197 ns; Loc. = CLKCTRL_G3; Fanout = 8; COMB Node = 'C~clkctrl'
                Info: 3: + IC(0.682 ns) + CELL(0.618 ns) = 2.497 ns; Loc. = LCFF_X26_Y1_N29; Fanout = 2; REG Node = 'inst7'
                Info: Total cell delay = 1.472 ns ( 58.95 % )
                Info: Total interconnect delay = 1.025 ns ( 41.05 % )
        Info: + Micro clock to output delay of source is 0.094 ns
        Info: + Micro setup delay of destination is 0.090 ns
Info: tsu for register "inst" (data pin = "D0", clock pin = "C") is 3.264 ns
    Info: + Longest pin to register delay is 5.671 ns
        Info: 1: + IC(0.000 ns) + CELL(0.809 ns) = 0.809 ns; Loc. = PIN_B9; Fanout = 1; PIN Node = 'D0'
        Info: 2: + IC(4.553 ns) + CELL(0.309 ns) = 5.671 ns; Loc. = LCFF_X26_Y1_N1; Fanout = 2; REG Node = 'inst'
        Info: Total cell delay = 1.118 ns ( 19.71 % )
        Info: Total interconnect delay = 4.553 ns ( 80.29 % )
    Info: + Micro setup delay of destination is 0.090 ns
    Info: - Shortest clock path from clock "C" to destination register is 2.497 ns
        Info: 1: + IC(0.000 ns) + CELL(0.854 ns) = 0.854 ns; Loc. = PIN_N20; Fanout = 1; CLK Node = 'C'
        Info: 2: + IC(0.343 ns) + CELL(0.000 ns) = 1.197 ns; Loc. = CLKCTRL_G3; Fanout = 8; COMB Node = 'C~clkctrl'
        Info: 3: + IC(0.682 ns) + CELL(0.618 ns) = 2.497 ns; Loc. = LCFF_X26_Y1_N1; Fanout = 2; REG Node = 'inst'
        Info: Total cell delay = 1.472 ns ( 58.95 % )
        Info: Total interconnect delay = 1.025 ns ( 41.05 % )
Info: tco from clock "C" to destination pin "Q2" through register "inst2" is 6.971 ns
    Info: + Longest clock path from clock "C" to source register is 2.497 ns
        Info: 1: + IC(0.000 ns) + CELL(0.854 ns) = 0.854 ns; Loc. = PIN_N20; Fanout = 1; CLK Node = 'C'
        Info: 2: + IC(0.343 ns) + CELL(0.000 ns) = 1.197 ns; Loc. = CLKCTRL_G3; Fanout = 8; COMB Node = 'C~clkctrl'
        Info: 3: + IC(0.682 ns) + CELL(0.618 ns) = 2.497 ns; Loc. = LCFF_X26_Y1_N7; Fanout = 2; REG Node = 'inst2'
        Info: Total cell delay = 1.472 ns ( 58.95 % )
        Info: Total interconnect delay = 1.025 ns ( 41.05 % )
    Info: + Micro clock to output delay of source is 0.094 ns
    Info: + Longest register to pin delay is 4.380 ns
        Info: 1: + IC(0.000 ns) + CELL(0.000 ns) = 0.000 ns; Loc. = LCFF_X26_Y1_N7; Fanout = 2; REG Node = 'inst2'
        Info: 2: + IC(2.334 ns) + CELL(2.046 ns) = 4.380 ns; Loc. = PIN_C9; Fanout = 0; PIN Node = 'Q2'
        Info: Total cell delay = 2.046 ns ( 46.71 % )
        Info: Total interconnect delay = 2.334 ns ( 53.29 % )
Info: th for register "inst" (data pin = "D0", clock pin = "C") is -3.025 ns
    Info: + Longest clock path from clock "C" to destination register is 2.497 ns
        Info: 1: + IC(0.000 ns) + CELL(0.854 ns) = 0.854 ns; Loc. = PIN_N20; Fanout = 1; CLK Node = 'C'
        Info: 2: + IC(0.343 ns) + CELL(0.000 ns) = 1.197 ns; Loc. = CLKCTRL_G3; Fanout = 8; COMB Node = 'C~clkctrl'
        Info: 3: + IC(0.682 ns) + CELL(0.618 ns) = 2.497 ns; Loc. = LCFF_X26_Y1_N1; Fanout = 2; REG Node = 'inst'
        Info: Total cell delay = 1.472 ns ( 58.95 % )
        Info: Total interconnect delay = 1.025 ns ( 41.05 % )
    Info: + Micro hold delay of destination is 0.149 ns
    Info: - Shortest pin to register delay is 5.671 ns
        Info: 1: + IC(0.000 ns) + CELL(0.809 ns) = 0.809 ns; Loc. = PIN_B9; Fanout = 1; PIN Node = 'D0'
        Info: 2: + IC(4.553 ns) + CELL(0.309 ns) = 5.671 ns; Loc. = LCFF_X26_Y1_N1; Fanout = 2; REG Node = 'inst'
        Info: Total cell delay = 1.118 ns ( 19.71 % )
        Info: Total interconnect delay = 4.553 ns ( 80.29 % )
Info: Quartus II Classic Timing Analyzer was successful. 0 errors, 1 warning
    Info: Peak virtual memory: 176 megabytes
    Info: Processing ended: Tue Nov 11 19:12:18 2025
    Info: Elapsed time: 00:00:00
    Info: Total CPU time (on all processors): 00:00:00


