Flow report for lab2
Fri Sep 17 12:40:57 2021
Quartus II Version 9.1 Build 222 10/21/2009 SJ Web Edition


---------------------
; Table of Contents ;
---------------------
  1. Legal Notice
  2. Flow Summary
  3. Flow Settings
  4. Flow Non-Default Global Settings
  5. Flow Elapsed Time
  6. Flow OS Summary
  7. Flow Log



----------------
; Legal Notice ;
----------------
Copyright (C) 1991-2009 Altera Corporation
Your use of Altera Corporation's design tools, logic functions 
and other software and tools, and its AMPP partner logic 
functions, and any output files from any of the foregoing 
(including device programming or simulation files), and any 
associated documentation or information are expressly subject 
to the terms and conditions of the Altera Program License 
Subscription Agreement, Altera MegaCore Function License 
Agreement, or other applicable license agreement, including, 
without limitation, that your use is for the sole purpose of 
programming logic devices manufactured by Altera and sold by 
Altera or its authorized distributors.  Please refer to the 
applicable agreement for further details.



+-------------------------------------------------------------------------+
; Flow Summary                                                            ;
+-------------------------------+-----------------------------------------+
; Flow Status                   ; Successful - Fri Sep 17 12:40:57 2021   ;
; Quartus II Version            ; 9.1 Build 222 10/21/2009 SJ Web Edition ;
; Revision Name                 ; lab2                                    ;
; Top-level Entity Name         ; main                                    ;
; Family                        ; Stratix II                              ;
; Met timing requirements       ; No                                      ;
; Logic utilization             ; < 1 %                                   ;
;     Combinational ALUTs       ; 61 / 12,480 ( < 1 % )                   ;
;     Dedicated logic registers ; 26 / 12,480 ( < 1 % )                   ;
; Total registers               ; 26                                      ;
; Total pins                    ; 36 / 343 ( 10 % )                       ;
; Total virtual pins            ; 0                                       ;
; Total block memory bits       ; 0 / 419,328 ( 0 % )                     ;
; DSP block 9-bit elements      ; 0 / 96 ( 0 % )                          ;
; Total PLLs                    ; 0 / 6 ( 0 % )                           ;
; Total DLLs                    ; 0 / 2 ( 0 % )                           ;
; Device                        ; EP2S15F484C3                            ;
; Timing Models                 ; Final                                   ;
+-------------------------------+-----------------------------------------+


+-----------------------------------------+
; Flow Settings                           ;
+-------------------+---------------------+
; Option            ; Setting             ;
+-------------------+---------------------+
; Start date & time ; 09/17/2021 12:40:50 ;
; Main task         ; Compilation         ;
; Revision Name     ; lab2                ;
+-------------------+---------------------+


+---------------------------------------------------------------------------------------------------------------------+
; Flow Non-Default Global Settings                                                                                    ;
+------------------------------------+---------------------------------+---------------+-------------+----------------+
; Assignment Name                    ; Value                           ; Default Value ; Entity Name ; Section Id     ;
+------------------------------------+---------------------------------+---------------+-------------+----------------+
; COMPILER_SIGNATURE_ID              ; 110352848026011.163187165013536 ; --            ; --          ; --             ;
; IP_TOOL_NAME                       ; LPM_COUNTER                     ; --            ; --          ; --             ;
; IP_TOOL_NAME                       ; LPM_COMPARE                     ; --            ; --          ; --             ;
; IP_TOOL_NAME                       ; LPM_COUNTER                     ; --            ; --          ; --             ;
; IP_TOOL_NAME                       ; LPM_COMPARE                     ; --            ; --          ; --             ;
; IP_TOOL_NAME                       ; LPM_COUNTER                     ; --            ; --          ; --             ;
; IP_TOOL_NAME                       ; LPM_DECODE                      ; --            ; --          ; --             ;
; IP_TOOL_NAME                       ; LPM_COUNTER                     ; --            ; --          ; --             ;
; IP_TOOL_NAME                       ; LPM_COMPARE                     ; --            ; --          ; --             ;
; IP_TOOL_NAME                       ; LPM_ADD_SUB                     ; --            ; --          ; --             ;
; IP_TOOL_NAME                       ; LPM_ADD_SUB                     ; --            ; --          ; --             ;
; IP_TOOL_NAME                       ; LPM_COMPARE                     ; --            ; --          ; --             ;
; IP_TOOL_VERSION                    ; 9.1                             ; --            ; --          ; --             ;
; IP_TOOL_VERSION                    ; 9.1                             ; --            ; --          ; --             ;
; IP_TOOL_VERSION                    ; 9.1                             ; --            ; --          ; --             ;
; IP_TOOL_VERSION                    ; 9.1                             ; --            ; --          ; --             ;
; IP_TOOL_VERSION                    ; 9.1                             ; --            ; --          ; --             ;
; IP_TOOL_VERSION                    ; 9.1                             ; --            ; --          ; --             ;
; IP_TOOL_VERSION                    ; 9.1                             ; --            ; --          ; --             ;
; IP_TOOL_VERSION                    ; 9.1                             ; --            ; --          ; --             ;
; IP_TOOL_VERSION                    ; 9.1                             ; --            ; --          ; --             ;
; IP_TOOL_VERSION                    ; 9.1                             ; --            ; --          ; --             ;
; IP_TOOL_VERSION                    ; 9.1                             ; --            ; --          ; --             ;
; MISC_FILE                          ; lpm_counter1.tdf                ; --            ; --          ; --             ;
; MISC_FILE                          ; lpm_counter1.bsf                ; --            ; --          ; --             ;
; MISC_FILE                          ; lpm_counter1.inc                ; --            ; --          ; --             ;
; MISC_FILE                          ; lpm_compare0.tdf                ; --            ; --          ; --             ;
; MISC_FILE                          ; lpm_compare0.bsf                ; --            ; --          ; --             ;
; MISC_FILE                          ; lpm_compare0.inc                ; --            ; --          ; --             ;
; MISC_FILE                          ; lpm_counter2.tdf                ; --            ; --          ; --             ;
; MISC_FILE                          ; lpm_counter2.bsf                ; --            ; --          ; --             ;
; MISC_FILE                          ; lpm_counter2.inc                ; --            ; --          ; --             ;
; MISC_FILE                          ; lpm_compare1.tdf                ; --            ; --          ; --             ;
; MISC_FILE                          ; lpm_compare1.bsf                ; --            ; --          ; --             ;
; MISC_FILE                          ; lpm_compare1.inc                ; --            ; --          ; --             ;
; MISC_FILE                          ; lpm_counter3.tdf                ; --            ; --          ; --             ;
; MISC_FILE                          ; lpm_counter3.bsf                ; --            ; --          ; --             ;
; MISC_FILE                          ; lpm_counter3.inc                ; --            ; --          ; --             ;
; MISC_FILE                          ; lpm_decode0.tdf                 ; --            ; --          ; --             ;
; MISC_FILE                          ; lpm_decode0.bsf                 ; --            ; --          ; --             ;
; MISC_FILE                          ; lpm_decode0.inc                 ; --            ; --          ; --             ;
; MISC_FILE                          ; lpm_counter4.tdf                ; --            ; --          ; --             ;
; MISC_FILE                          ; lpm_counter4.bsf                ; --            ; --          ; --             ;
; MISC_FILE                          ; lpm_counter4.inc                ; --            ; --          ; --             ;
; MISC_FILE                          ; lpm_compare2.tdf                ; --            ; --          ; --             ;
; MISC_FILE                          ; lpm_compare2.bsf                ; --            ; --          ; --             ;
; MISC_FILE                          ; lpm_compare2.inc                ; --            ; --          ; --             ;
; MISC_FILE                          ; lpm_add_sub1.tdf                ; --            ; --          ; --             ;
; MISC_FILE                          ; lpm_add_sub1.bsf                ; --            ; --          ; --             ;
; MISC_FILE                          ; lpm_add_sub1.inc                ; --            ; --          ; --             ;
; MISC_FILE                          ; lpm_add_sub2.tdf                ; --            ; --          ; --             ;
; MISC_FILE                          ; lpm_add_sub2.bsf                ; --            ; --          ; --             ;
; MISC_FILE                          ; lpm_add_sub2.inc                ; --            ; --          ; --             ;
; MISC_FILE                          ; lpm_compare3.tdf                ; --            ; --          ; --             ;
; MISC_FILE                          ; lpm_compare3.bsf                ; --            ; --          ; --             ;
; MISC_FILE                          ; lpm_compare3.inc                ; --            ; --          ; --             ;
; PARTITION_COLOR                    ; 16764057                        ; --            ; main        ; Top            ;
; PARTITION_NETLIST_TYPE             ; SOURCE                          ; --            ; main        ; Top            ;
; TOP_LEVEL_ENTITY                   ; main                            ; lab2          ; --          ; --             ;
; USE_GENERATED_PHYSICAL_CONSTRAINTS ; Off                             ; --            ; --          ; eda_blast_fpga ;
+------------------------------------+---------------------------------+---------------+-------------+----------------+


+-----------------------------------------------------------------------------------------------------------------------------+
; Flow Elapsed Time                                                                                                           ;
+-------------------------+--------------+-------------------------+---------------------+------------------------------------+
; Module Name             ; Elapsed Time ; Average Processors Used ; Peak Virtual Memory ; Total CPU Time (on all processors) ;
+-------------------------+--------------+-------------------------+---------------------+------------------------------------+
; Analysis & Synthesis    ; 00:00:02     ; 1.0                     ; 236 MB              ; 00:00:02                           ;
; Fitter                  ; 00:00:02     ; 1.0                     ; 293 MB              ; 00:00:03                           ;
; Assembler               ; 00:00:01     ; 1.0                     ; 243 MB              ; 00:00:01                           ;
; Classic Timing Analyzer ; 00:00:01     ; 1.0                     ; 174 MB              ; 00:00:00                           ;
; Total                   ; 00:00:06     ; --                      ; --                  ; 00:00:06                           ;
+-------------------------+--------------+-------------------------+---------------------+------------------------------------+


+------------------------------------------------------------------------------------------+
; Flow OS Summary                                                                          ;
+-------------------------+------------------+---------------+------------+----------------+
; Module Name             ; Machine Hostname ; OS Name       ; OS Version ; Processor type ;
+-------------------------+------------------+---------------+------------+----------------+
; Analysis & Synthesis    ; DESKTOP-DJR5M81  ; Windows Vista ; 6.2        ; x86_64         ;
; Fitter                  ; DESKTOP-DJR5M81  ; Windows Vista ; 6.2        ; x86_64         ;
; Assembler               ; DESKTOP-DJR5M81  ; Windows Vista ; 6.2        ; x86_64         ;
; Classic Timing Analyzer ; DESKTOP-DJR5M81  ; Windows Vista ; 6.2        ; x86_64         ;
+-------------------------+------------------+---------------+------------+----------------+


------------
; Flow Log ;
------------
quartus_map --read_settings_files=on --write_settings_files=off lab2 -c lab2
quartus_fit --read_settings_files=off --write_settings_files=off lab2 -c lab2
quartus_asm --read_settings_files=off --write_settings_files=off lab2 -c lab2
quartus_tan --read_settings_files=off --write_settings_files=off lab2 -c lab2 --timing_analysis_only



